I/        ( 1407): [AWB Calibration] fail to read /data/awb_cal, try another file
I/        ( 1407): [AWB Calibration] read from file OK: /sys/android_camera_awb_cal/awb_cal
I/        ( 1407): [AWB Calibration] nandflash data: 0xc1b, 0x2d8, 0x288, 0x0, 0x0, 0x1, 0x1f8bb6, 0xca6f672d
I/        ( 1407): [AWB Calibration] check sum=ca6f672d, OK
I/        ( 1407): [AWB Calibration] valid bit and fuseID pass, use new white points
I/        ( 1407): [AWB Calibration] use light version: v3
I/mm-camera-aec( 1407): Touch AEC  == numRegions:256
I/mm-camera-aec( 1407): Touch AEC aecCtrl->aec_state.aec_algo:1
I/QualcommCameraHardware( 1407): startCamera: camsensor name s5k4e1gx, flash 1
D/QualcommCameraHardware( 1407): startCamera X
D/QualcommCameraHardware( 1407): initDefaultParameters E
D/QualcommCameraHardware( 1407): product 12
D/QualcommCameraHardware( 1407): native_access_parm: fd 14, type 1, length 32
E/QualcommCameraHardware( 1407): native_access_parm: error (No such file or directory): fd 14, type 1, length 32, status 0
D/QualcommCameraHardware( 1407): native_access_parm: fd 14, type 59, length 4
D/QualcommCameraHardware( 1407): native_access_parm: fd 14, type 60, length 4
D/QualcommCameraHardware( 1407): native_access_parm: fd 14, type 61, length 4
D/QualcommCameraHardware( 1407): requested preview size 768 x 432
D/QualcommCameraHardware( 1407): requested picture size 1024 x 768
D/QualcommCameraHardware( 1407): value:20620, country value:206, country code:206
D/QualcommCameraHardware( 1407): native_access_parm: fd 14, type 21, length 4
D/QualcommCameraHardware( 1407): native_access_parm: fd 14, type 14, length 4
D/QualcommCameraHardware( 1407): setFlash 0
D/QualcommCameraHardware( 1407): native_access_parm: fd 14, type 49, length 4
D/mm-camera-ctrlcmd( 1407): In config_proc_CAMERA_SET_PARM_LED_MODE: 0
I/QualcommCameraHardware( 1407): Set zoom=0 40
D/QualcommCameraHardware( 1407): native_access_parm: fd 14, type 2, length 4
I/QualcommCameraHardware( 1407): Setting Contrast is 5
D/QualcommCameraHardware( 1407): native_access_parm: fd 14, type 6, length 4
I/QualcommCameraHardware( 1407): Setting Brightness is 3
D/QualcommCameraHardware( 1407): native_access_parm: fd 14, type 7, length 4
D/QualcommCameraHardware( 1407): native_access_parm: fd 14, type 12, length 4
I/mm-camera-ctrlcmd( 1407): md.d.aec_mode.aec_mode:1
I/mm-camera-aec( 1407): Touch AEC  == numRegions:256
I/mm-camera-aec( 1407): Touch AEC aecCtrl->aec_state.aec_algo:1
D/QualcommCameraHardware( 1407): not defined touch-focus yet, or AP without touch-focus function
I/QualcommCameraHardware( 1407): Before Setting coordinate x:384 y:216
I/QualcommCameraHardware( 1407): Setting coordinate x:2 y:2
D/QualcommCameraHardware( 1407): native_access_parm: fd 14, type 55, length 28
I/mm-camera 7x-vfe( 1407): vfe_set_coordinate x:2 y:2
D/QualcommCameraHardware( 1407): native_access_parm: fd 14, type 26, length 4
D/mm-camera-ctrlcmd( 1407): md.d.aec_iso_mode = 0
D/QualcommCameraHardware( 1407): native_access_parm: fd 14, type 57, length 4
D/QualcommCameraHardware( 1407): native_access_parm: fd 14, type 8, length 4
D/QualcommCameraHardware( 1407): virtual android::status_t android::QualcommCameraHardware::setParameters(const android::CameraParameters&), final_rc=0
D/QualcommCameraHardware( 1407): initDefaultParameters X
D/QualcommCameraHardware( 1407): createInstance: X created hardware=0x358f0
I/CameraHAL( 1407): camera_device_open---ok rv 0
I/AwesomePlayer( 1407): setDataSource_l('/system/media/audio/ui/camera_click.ogg')
E/OMXCodec( 1407): Attempting to allocate OMX node 'OMX.google.vorbis.decoder'
D/memalloc(  552): /dev/pmem: Unmapping buffer base:0x51088000 size:7061504 offset:6447104
E/OMXCodec( 1407): Successfully allocated OMX node 'OMX.google.vorbis.decoder'
I/AwesomePlayer( 1407): setDataSource_l('/system/media/audio/ui/VideoRecord.ogg')
E/OMXCodec( 1407): Attempting to allocate OMX node 'OMX.google.vorbis.decoder'
E/OMXCodec( 1407): Successfully allocated OMX node 'OMX.google.vorbis.decoder'
D/memalloc(   82): /dev/pmem: Freeing buffer base:0x41b26000 size:614400 offset:6447104 fd:86
D/Camera  ( 1595): app passed NULL surface
D/OpenGLRenderer(  552): Flushing caches (mode 0)
D/QualcommCameraHardware( 1407): requested preview size 384 x 288
D/QualcommCameraHardware( 1407): requested picture size 2560 x 1920
D/QualcommCameraHardware( 1407): value:20620, country value:206, country code:206
D/QualcommCameraHardware( 1407): native_access_parm: fd 14, type 21, length 4
D/QualcommCameraHardware( 1407): native_access_parm: fd 14, type 14, length 4
D/QualcommCameraHardware( 1407): setFlash 0
D/QualcommCameraHardware( 1407): native_access_parm: fd 14, type 49, length 4
D/mm-camera-ctrlcmd( 1407): In config_proc_CAMERA_SET_PARM_LED_MODE: 0
I/QualcommCameraHardware( 1407): Set zoom=0 40
D/QualcommCameraHardware( 1407): native_access_parm: fd 14, type 2, length 4
I/QualcommCameraHardware( 1407): Setting Contrast is 5
D/QualcommCameraHardware( 1407): native_access_parm: fd 14, type 6, length 4
I/QualcommCameraHardware( 1407): Setting Brightness is 3
D/QualcommCameraHardware( 1407): native_access_parm: fd 14, type 7, length 4
D/QualcommCameraHardware( 1407): native_access_parm: fd 14, type 12, length 4
I/mm-camera-ctrlcmd( 1407): md.d.aec_mode.aec_mode:1
I/mm-camera-aec( 1407): Touch AEC  == numRegions:256
I/mm-camera-aec( 1407): Touch AEC aecCtrl->aec_state.aec_algo:1
D/QualcommCameraHardware( 1407): not defined touch-focus yet, or AP without touch-focus function
I/QualcommCameraHardware( 1407): Before Setting coordinate x:192 y:144
I/QualcommCameraHardware( 1407): Setting coordinate x:2 y:2
D/QualcommCameraHardware( 1407): native_access_parm: fd 14, type 55, length 28
I/mm-camera 7x-vfe( 1407): vfe_set_coordinate x:2 y:2
D/QualcommCameraHardware( 1407): native_access_parm: fd 14, type 26, length 4
D/mm-camera-ctrlcmd( 1407): md.d.aec_iso_mode = 0
D/QualcommCameraHardware( 1407): native_access_parm: fd 14, type 57, length 4
D/QualcommCameraHardware( 1407): native_access_parm: fd 14, type 8, length 4
D/QualcommCameraHardware( 1407): virtual android::status_t android::QualcommCameraHardware::setParameters(const android::CameraParameters&), final_rc=0
V/camera  ( 1595): Preview size is 384x288
V/MediaProfilesJNI( 1595): native_get_num_image_encoding_quality_levels
V/MediaProfilesJNI( 1595): native_get_image_encoding_quality_level
V/MediaProfilesJNI( 1595): native_get_image_encoding_quality_level
V/MediaProfilesJNI( 1595): native_get_image_encoding_quality_level
D/CameraSettings( 1595): Parameters: [antibanding-values=off,50hz,60hz,auto, antibanding=auto, brightness-def=3, brightness-max=6, brightness-min=0, brightness=3, cam-mode=0, contrast-def=5, contrast-max=10, contrast-min=0, contrast=5, effect-values=none,mono,negative,solarize,sepia,posterize,aqua, effect=none, exposure-compensation-step=0.5, exposure-compensation=0, flash-mode-values=off,auto,on,torch, flash-mode=auto, focal-length=3.53, focus-mode-values=auto,infinity, focus-mode=auto, front-camera-mode-values=mirror,reverse, front-camera-mode=mirror, horizontal-view-angle=54.8, iso-values=auto,deblur,100,200,400,800,1250, iso=auto, jpeg-quality=90, jpeg-thumbnail-height=480, jpeg-thumbnail-quality=75, jpeg-thumbnail-size-values=768x576,640x480,512x384,0x0, jpeg-thumbnail-width=640, max-exposure-compensation=4, max-zoom=5, meter-mode-values=meter-average,meter-center,meter-spot, meter-mode=meter-center, min-exposure-compensation=-4, orientation=landscape, picture-format-values=jpeg, picture-format=jpeg, picture-size-values=2592x1952,2592x1728,2560x1920,2560x1712,2048x1536,2048x1360,2016x1344,1600x1200,1584x1056,1280x960,1280x848,1248x832,1024x768,640x480,640x416,624x416,512x384,400x400,272x272, picture-size=2560x1920, preview-format-values=yuv420sp, preview-format=yuv420sp, preview-frame-rate-values=15, preview-frame-rate=15, preview-size-values=1280x720,800x480,768x432,720x480,640x480,576x432,480x320,400x240,384x288,352x288,320x240,272x272,240x240,240x160,176x144, preview-size=384x288, saturation-def=5, saturation-max=10, saturation-min=1, saturation=5, sharpness-def=10, sharpness-max=30, sharpness-min=0, sharpness=10, smart-contrast=off, taking-picture-zoom-max=40, taking-picture-zoom-min=0, taking-picture-zoom=0, vertical-view-angle=42.5, whitebalance-values=auto,incandescent,fluorescent,daylight,cloudy-daylight, whitebalance=auto, zoom-ratios=100,114,131,151,174,200, zoom-supported=true, zoom=0]
D/QualcommCameraHardware( 1407): requested preview size 384 x 288
D/QualcommCameraHardware( 1407): requested picture size 2560 x 1920
D/QualcommCameraHardware( 1407): value:20620, country value:206, country code:206
D/QualcommCameraHardware( 1407): native_access_parm: fd 14, type 21, length 4
D/QualcommCameraHardware( 1407): native_access_parm: fd 14, type 14, length 4
D/QualcommCameraHardware( 1407): setFlash 1
D/QualcommCameraHardware( 1407): native_access_parm: fd 14, type 49, length 4
D/mm-camera-ctrlcmd( 1407): In config_proc_CAMERA_SET_PARM_LED_MODE: 1
I/QualcommCameraHardware( 1407): Set zoom=0 40
D/QualcommCameraHardware( 1407): native_access_parm: fd 14, type 2, length 4
I/QualcommCameraHardware( 1407): Setting Contrast is 5
D/QualcommCameraHardware( 1407): native_access_parm: fd 14, type 6, length 4
I/QualcommCameraHardware( 1407): Setting Brightness is 3
D/QualcommCameraHardware( 1407): native_access_parm: fd 14, type 7, length 4
D/QualcommCameraHardware( 1407): native_access_parm: fd 14, type 12, length 4
I/mm-camera-ctrlcmd( 1407): md.d.aec_mode.aec_mode:1
I/mm-camera-aec( 1407): Touch AEC  == numRegions:256
I/mm-camera-aec( 1407): Touch AEC aecCtrl->aec_state.aec_algo:1
D/QualcommCameraHardware( 1407): not defined touch-focus yet, or AP without touch-focus function
I/QualcommCameraHardware( 1407): Before Setting coordinate x:192 y:144
I/QualcommCameraHardware( 1407): Setting coordinate x:2 y:2
D/QualcommCameraHardware( 1407): native_access_parm: fd 14, type 55, length 28
I/mm-camera 7x-vfe( 1407): vfe_set_coordinate x:2 y:2
D/QualcommCameraHardware( 1407): native_access_parm: fd 14, type 26, length 4
D/mm-camera-ctrlcmd( 1407): md.d.aec_iso_mode = 0
D/QualcommCameraHardware( 1407): native_access_parm: fd 14, type 57, length 4
D/QualcommCameraHardware( 1407): native_access_parm: fd 14, type 8, length 4
D/QualcommCameraHardware( 1407): virtual android::status_t android::QualcommCameraHardware::setParameters(const android::CameraParameters&), final_rc=0
V/camera  ( 1595): startPreview
D/QualcommCameraHardware( 1407): startPreview E
D/QualcommCameraHardware( 1407): initPreview E: preview size=384x288
D/QualcommCameraHardware( 1407): initPreview E: preview size=384x288 videosize = 384 x 288
I/QualcommCameraHardware( 1407): pmem pool /dev/pmem_adsp ioctl(fd = 36, PMEM_GET_SIZE) is 1048576
D/QualcommCameraHardware( 1407): mBufferSize=165888, mAlignedBufferSize=262144
I/QualcommCameraHardware( 1407): register_buf: camfd = 34, reg = 0 buffer = 0x41cf8000
I/QualcommCameraHardware( 1407): register_buf: camfd = 34, reg = 0 buffer = 0x41d38000
I/QualcommCameraHardware( 1407): register_buf: camfd = 34, reg = 0 buffer = 0x41d78000
I/QualcommCameraHardware( 1407): register_buf: camfd = 34, reg = 0 buffer = 0x41db8000
D/QualcommCameraHardware( 1407): native_access_parm: fd 14, type 1, length 32
D/QualcommCameraHardware( 1407): initPreview X: 1
D/QualcommCameraHardware( 1407): frame_thread E
I/mm-camera( 1407): Open Device node : /dev/msm_camera/frame0 
D/memalloc(  552): /dev/pmem: Unmapping buffer base:0x50d88000 size:614400 offset:0
D/memalloc(  552): /dev/pmem: Unmapping buffer base:0x51744000 size:7675904 offset:7061504
D/memalloc(  552): /dev/pmem: Unmapping buffer base:0x52e50000 size:8495104 offset:7880704
D/memalloc(   82): /dev/pmem: Freeing buffer base:0x41500000 size:614400 offset:0 fd:83
D/memalloc(   82): /dev/pmem: Freeing buffer base:0x41bbc000 size:614400 offset:7061504 fd:89
D/memalloc(   82): /dev/pmem: Freeing buffer base:0x41c84000 size:614400 offset:7880704 fd:95
E/mm-camera 7x-vfe( 1407): Received VFE start ACK!!! This is a user preview start.
D/QualcommCameraHardware( 1407): startPreview X
D/QualcommCameraHardware( 1407): requested preview size 384 x 288
D/QualcommCameraHardware( 1407): requested picture size 2560 x 1920
D/QualcommCameraHardware( 1407): value:20620, country value:206, country code:206
D/QualcommCameraHardware( 1407): native_access_parm: fd 14, type 21, length 4
D/QualcommCameraHardware( 1407): native_access_parm: fd 14, type 15, length 4
D/QualcommCameraHardware( 1407): native_access_parm: fd 14, type 14, length 4
D/QualcommCameraHardware( 1407): setFlash 1
D/QualcommCameraHardware( 1407): native_access_parm: fd 14, type 49, length 4
D/mm-camera-ctrlcmd( 1407): In config_proc_CAMERA_SET_PARM_LED_MODE: 1
I/QualcommCameraHardware( 1407): Set zoom=0 40
D/QualcommCameraHardware( 1407): native_access_parm: fd 14, type 2, length 4
I/QualcommCameraHardware( 1407): Setting Contrast is 5
D/QualcommCameraHardware( 1407): native_access_parm: fd 14, type 6, length 4
I/QualcommCameraHardware( 1407): Setting Brightness is 3
D/QualcommCameraHardware( 1407): native_access_parm: fd 14, type 7, length 4
I/QualcommCameraHardware( 1407): Setting Saturation is 5
D/QualcommCameraHardware( 1407): native_access_parm: fd 14, type 11, length 4
I/QualcommCameraHardware( 1407): Setting Sharpness is 10
D/QualcommCameraHardware( 1407): native_access_parm: fd 14, type 9, length 4
D/QualcommCameraHardware( 1407): native_access_parm: fd 14, type 12, length 4
I/mm-camera-ctrlcmd( 1407): md.d.aec_mode.aec_mode:1
I/mm-camera-aec( 1407): Touch AEC  == numRegions:256
I/mm-camera-aec( 1407): Touch AEC aecCtrl->aec_state.aec_algo:1
D/QualcommCameraHardware( 1407): not defined touch-focus yet, or AP without touch-focus function
I/QualcommCameraHardware( 1407): Before Setting coordinate x:192 y:144
I/QualcommCameraHardware( 1407): Setting coordinate x:2 y:2
D/QualcommCameraHardware( 1407): native_access_parm: fd 14, type 55, length 28
I/mm-camera 7x-vfe( 1407): vfe_set_coordinate x:2 y:2
D/QualcommCameraHardware( 1407): native_access_parm: fd 14, type 26, length 4
D/mm-camera-ctrlcmd( 1407): md.d.aec_iso_mode = 0
D/QualcommCameraHardware( 1407): native_access_parm: fd 14, type 57, length 4
D/QualcommCameraHardware( 1407): native_access_parm: fd 14, type 8, length 4
D/QualcommCameraHardware( 1407): virtual android::status_t android::QualcommCameraHardware::setParameters(const android::CameraParameters&), final_rc=0
V/PhoneStatusBar(  380): setLightsOn(true)
D/libEGL  ( 1595): loaded /system/lib/egl/libGLES_android.so
D/libEGL  ( 1595): loaded /system/lib/egl/libEGL_adreno200.so
D/libEGL  ( 1595): loaded /system/lib/egl/libGLESv1_CM_adreno200.so
D/libEGL  ( 1595): loaded /system/lib/egl/libGLESv2_adreno200.so
D/memalloc(   82): /dev/pmem: Allocated buffer base:0x41500000 size:614400 offset:0 fd:38
D/memalloc( 1595): /dev/pmem: Mapped buffer base:0x506c4000 size:614400 offset:0 fd:55
D/OpenGLRenderer( 1595): Enabling debug mode 0
V/PhoneStatusBar(  380): setLightsOn(true)
V/camera  ( 1595): surfaceChanged. w=320. h=427
V/camera  ( 1595): stopPreview
D/QualcommCameraHardware( 1407): cancelAutoFocusInternal E
D/QualcommCameraHardware( 1407): cancelAutoFocusInternal X: 0
D/QualcommCameraHardware( 1407): stopPreview: E
D/QualcommCameraHardware( 1407): stopPreviewInternal E: 1
D/QualcommCameraHardware( 1407): cancelAutoFocusInternal E
D/QualcommCameraHardware( 1407): cancelAutoFocusInternal X: 0
I/QualcommCameraHardware( 1407): deinitPreview E
D/QualcommCameraHardware( 1407): launch_watchdog_thread:
D/QualcommCameraHardware( 1407): watchdog_thread_id = 264480
I/QualcommCameraHardware( 1407): deinitPreview X
D/QualcommCameraHardware( 1407): stopPreviewInternal X: 0
D/QualcommCameraHardware( 1407): stopPreview: X
I/QualcommCameraHardware( 1407): register_buf: camfd = 34, reg = 1 buffer = 0x41cf8000
I/QualcommCameraHardware( 1407): register_buf: camfd = 34, reg = 1 buffer = 0x41d38000
I/QualcommCameraHardware( 1407): register_buf: camfd = 34, reg = 1 buffer = 0x41d78000
I/QualcommCameraHardware( 1407): register_buf: camfd = 34, reg = 1 buffer = 0x41db8000
D/QualcommCameraHardware( 1407): frame_thread X
D/QualcommCameraHardware( 1407): watchdog_thread_id = 264480
D/QualcommCameraHardware( 1407): release_watchdog_thread: frame_thread_released = 1
I/mm-camera 7x-vfe( 1407): vfe_process_QDSP_VFETASK_MSG_VFE_STOP_ACK: call mmcamera_vfe_stop_ack_callback()
I/QualcommCameraHardware( 1407): receive_vfe_stop_ack_callback: E
I/QualcommCameraHardware( 1407): receive_vfe_stop_ack: E
I/QualcommCameraHardware( 1407): receive_vfe_stop_ack: X mVfeStopped = 1
I/QualcommCameraHardware( 1407): receive_vfe_stop_ack_callback: X
V/camera  ( 1595): Preview size is 384x288
D/CameraSettings( 1595): Parameters: [antibanding-values=off,50hz,60hz,auto, antibanding=auto, brightness-def=3, brightness-max=6, brightness-min=0, brightness=3, cam-mode=0, contrast-def=5, contrast-max=10, contrast-min=0, contrast=5, effect-values=none,mono,negative,solarize,sepia,posterize,aqua, effect=none, exposure-compensation-step=0.5, exposure-compensation=0, flash-mode-values=off,auto,on,torch, flash-mode=auto, focal-length=3.53, focus-mode-values=auto,infinity, focus-mode=auto, front-camera-mode-values=mirror,reverse, front-camera-mode=mirror, horizontal-view-angle=54.8, iso-values=auto,deblur,100,200,400,800,1250, iso=auto, jpeg-quality=90, jpeg-thumbnail-height=480, jpeg-thumbnail-quality=75, jpeg-thumbnail-size-values=768x576,640x480,512x384,0x0, jpeg-thumbnail-width=640, max-exposure-compensation=4, max-zoom=5, meter-mode-values=meter-average,meter-center,meter-spot, meter-mode=meter-center, min-exposure-compensation=-4, orientation=landscape, picture-format-values=jpeg, picture-format=jpeg, picture-size-values=2592x1952,2592x1728,2560x1920,2560x1712,2048x1536,2048x1360,2016x1344,1600x1200,1584x1056,1280x960,1280x848,1248x832,1024x768,640x480,640x416,624x416,512x384,400x400,272x272, picture-size=2560x1920, preview-format-values=yuv420sp, preview-format=yuv420sp, preview-frame-rate-values=15, preview-frame-rate=15, preview-size-values=1280x720,800x480,768x432,720x480,640x480,576x432,480x320,400x240,384x288,352x288,320x240,272x272,240x240,240x160,176x144, preview-size=384x288, recording-hint=false, saturation-def=5, saturation-max=10, saturation-min=1, saturation=5, sharpness-def=10, sharpness-max=30, sharpness-min=0, sharpness=10, smart-contrast=off, taking-picture-zoom-max=40, taking-picture-zoom-min=0, taking-picture-zoom=0, vertical-view-angle=42.5, whitebalance-values=auto,incandescent,fluorescent,daylight,cloudy-daylight, whitebalance=auto, zoom-ratios=100,114,131,151,174,200, zoom-supported=true, zoom=0]
D/QualcommCameraHardware( 1407): requested preview size 384 x 288
D/QualcommCameraHardware( 1407): requested picture size 2560 x 1920
D/QualcommCameraHardware( 1407): value:20620, country value:206, country code:206
D/QualcommCameraHardware( 1407): native_access_parm: fd 14, type 21, length 4
D/QualcommCameraHardware( 1407): native_access_parm: fd 14, type 14, length 4
D/QualcommCameraHardware( 1407): setFlash 1
D/QualcommCameraHardware( 1407): native_access_parm: fd 14, type 49, length 4
D/mm-camera-ctrlcmd( 1407): In config_proc_CAMERA_SET_PARM_LED_MODE: 1
I/QualcommCameraHardware( 1407): Set zoom=0 40
D/QualcommCameraHardware( 1407): native_access_parm: fd 14, type 2, length 4
I/QualcommCameraHardware( 1407): Setting Contrast is 5
D/QualcommCameraHardware( 1407): native_access_parm: fd 14, type 6, length 4
I/QualcommCameraHardware( 1407): Setting Brightness is 3
D/QualcommCameraHardware( 1407): native_access_parm: fd 14, type 7, length 4
D/QualcommCameraHardware( 1407): native_access_parm: fd 14, type 12, length 4
I/mm-camera-ctrlcmd( 1407): md.d.aec_mode.aec_mode:1
I/mm-camera-aec( 1407): Touch AEC  == numRegions:256
I/mm-camera-aec( 1407): Touch AEC aecCtrl->aec_state.aec_algo:1
D/QualcommCameraHardware( 1407): not defined touch-focus yet, or AP without touch-focus function
I/QualcommCameraHardware( 1407): Before Setting coordinate x:192 y:144
I/QualcommCameraHardware( 1407): Setting coordinate x:2 y:2
D/QualcommCameraHardware( 1407): native_access_parm: fd 14, type 55, length 28
I/mm-camera 7x-vfe( 1407): vfe_set_coordinate x:2 y:2
D/QualcommCameraHardware( 1407): native_access_parm: fd 14, type 26, length 4
D/mm-camera-ctrlcmd( 1407): md.d.aec_iso_mode = 0
D/QualcommCameraHardware( 1407): native_access_parm: fd 14, type 57, length 4
D/QualcommCameraHardware( 1407): native_access_parm: fd 14, type 8, length 4
D/QualcommCameraHardware( 1407): virtual android::status_t android::QualcommCameraHardware::setParameters(const android::CameraParameters&), final_rc=0
V/camera  ( 1595): startPreview
I/CameraHAL( 1407): camera_set_preview_window: setting buffer count to 4
I/CameraHAL( 1407): camera_set_preview_window: preview format yuv420sp
D/QualcommCameraHardware( 1407): startPreview E
D/QualcommCameraHardware( 1407): initPreview E: preview size=384x288
D/QualcommCameraHardware( 1407): initPreview E: preview size=384x288 videosize = 384 x 288
I/QualcommCameraHardware( 1407): pmem pool /dev/pmem_adsp ioctl(fd = 36, PMEM_GET_SIZE) is 1048576
D/QualcommCameraHardware( 1407): mBufferSize=165888, mAlignedBufferSize=262144
I/QualcommCameraHardware( 1407): register_buf: camfd = 34, reg = 0 buffer = 0x41cf8000
I/QualcommCameraHardware( 1407): register_buf: camfd = 34, reg = 0 buffer = 0x41d38000
I/QualcommCameraHardware( 1407): register_buf: camfd = 34, reg = 0 buffer = 0x41d78000
I/QualcommCameraHardware( 1407): register_buf: camfd = 34, reg = 0 buffer = 0x41db8000
D/QualcommCameraHardware( 1407): native_access_parm: fd 14, type 1, length 32
D/QualcommCameraHardware( 1407): initPreview X: 1
D/QualcommCameraHardware( 1407): frame_thread E
I/mm-camera( 1407): Open Device node : /dev/msm_camera/frame0 
D/QualcommCameraHardware( 1407): void* watchdog(void*), frame_thread_released = 1, cnt = 0
D/QualcommCameraHardware( 1407): void* watchdog(void*), exit, frame_thread_released=1
D/QualcommCameraHardware( 1407): void release_watchdog_thread(): pthread_join succeeded on watchdog.
E/mm-camera 7x-vfe( 1407): Received VFE start ACK!!! This is a user preview start.
D/QualcommCameraHardware( 1407): startPreview X
D/QualcommCameraHardware( 1407): requested preview size 384 x 288
D/QualcommCameraHardware( 1407): requested picture size 2560 x 1920
D/QualcommCameraHardware( 1407): value:20620, country value:206, country code:206
D/QualcommCameraHardware( 1407): native_access_parm: fd 14, type 21, length 4
D/QualcommCameraHardware( 1407): native_access_parm: fd 14, type 15, length 4
D/QualcommCameraHardware( 1407): native_access_parm: fd 14, type 14, length 4
D/QualcommCameraHardware( 1407): setFlash 1
D/QualcommCameraHardware( 1407): native_access_parm: fd 14, type 49, length 4
D/mm-camera-ctrlcmd( 1407): In config_proc_CAMERA_SET_PARM_LED_MODE: 1
I/QualcommCameraHardware( 1407): Set zoom=0 40
D/QualcommCameraHardware( 1407): native_access_parm: fd 14, type 2, length 4
I/QualcommCameraHardware( 1407): Setting Contrast is 5
D/QualcommCameraHardware( 1407): native_access_parm: fd 14, type 6, length 4
I/QualcommCameraHardware( 1407): Setting Brightness is 3
D/QualcommCameraHardware( 1407): native_access_parm: fd 14, type 7, length 4
I/QualcommCameraHardware( 1407): Setting Saturation is 5
D/QualcommCameraHardware( 1407): native_access_parm: fd 14, type 11, length 4
I/QualcommCameraHardware( 1407): Setting Sharpness is 10
D/QualcommCameraHardware( 1407): native_access_parm: fd 14, type 9, length 4
D/QualcommCameraHardware( 1407): native_access_parm: fd 14, type 12, length 4
I/mm-camera-ctrlcmd( 1407): md.d.aec_mode.aec_mode:1
I/mm-camera-aec( 1407): Touch AEC  == numRegions:256
I/mm-camera-aec( 1407): Touch AEC aecCtrl->aec_state.aec_algo:1
D/QualcommCameraHardware( 1407): not defined touch-focus yet, or AP without touch-focus function
I/QualcommCameraHardware( 1407): Before Setting coordinate x:192 y:144
I/QualcommCameraHardware( 1407): Setting coordinate x:2 y:2
D/QualcommCameraHardware( 1407): native_access_parm: fd 14, type 55, length 28
I/mm-camera 7x-vfe( 1407): vfe_set_coordinate x:2 y:2
D/QualcommCameraHardware( 1407): native_access_parm: fd 14, type 26, length 4
D/mm-camera-ctrlcmd( 1407): md.d.aec_iso_mode = 0
D/QualcommCameraHardware( 1407): native_access_parm: fd 14, type 57, length 4
D/QualcommCameraHardware( 1407): native_access_parm: fd 14, type 8, length 4
D/QualcommCameraHardware( 1407): virtual android::status_t android::QualcommCameraHardware::setParameters(const android::CameraParameters&), final_rc=0
D/memalloc(   82): /dev/pmem_adsp: Allocated buffer base:0x42740000 size:442368 fd:44
E/memalloc( 1407): /dev/pmem_adsp: Failed to map memory in the client: Invalid argument
E/msm7x27.gralloc( 1407): Could not mmap handle 0x40920, fd=40 (Invalid argument)
E/msm7x27.gralloc( 1407): gralloc_register_buffer: gralloc_map failed
W/GraphicBufferMapper( 1407): registerBuffer(0x40920) failed -22 (Invalid argument)
D/memalloc(   82): /dev/pmem_adsp: Allocated buffer base:0x42818000 size:442368 fd:50
E/memalloc( 1407): /dev/pmem_adsp: Failed to map memory in the client: Invalid argument
E/msm7x27.gralloc( 1407): Could not mmap handle 0x268b0, fd=42 (Invalid argument)
E/msm7x27.gralloc( 1407): gralloc_register_buffer: gralloc_map failed
W/GraphicBufferMapper( 1407): registerBuffer(0x268b0) failed -22 (Invalid argument)
D/memalloc(   82): /dev/pmem_adsp: Allocated buffer base:0x42884000 size:442368 fd:62
E/memalloc( 1407): /dev/pmem_adsp: Failed to map memory in the client: Invalid argument
E/msm7x27.gralloc( 1407): Could not mmap handle 0x26978, fd=44 (Invalid argument)
E/msm7x27.gralloc( 1407): gralloc_register_buffer: gralloc_map failed
W/GraphicBufferMapper( 1407): registerBuffer(0x26978) failed -22 (Invalid argument)
D/memalloc(   82): /dev/pmem_adsp: Allocated buffer base:0x428f0000 size:442368 fd:74
E/memalloc( 1407): /dev/pmem_adsp: Failed to map memory in the client: Invalid argument
E/msm7x27.gralloc( 1407): Could not mmap handle 0x26a40, fd=46 (Invalid argument)
E/msm7x27.gralloc( 1407): gralloc_register_buffer: gralloc_map failed
W/GraphicBufferMapper( 1407): registerBuffer(0x26a40) failed -22 (Invalid argument)
D/memalloc(   82): /dev/pmem: Allocated buffer base:0x41500000 size:614400 offset:2269184 fd:80
D/memalloc( 1595): /dev/pmem: Mapped buffer base:0x50804000 size:2883584 offset:2269184 fd:58
I/ActivityManager(  159): Displayed com.android.camera/.Camera: +2s331ms
W/InputManagerService(  159): Starting input on non-focused client com.android.internal.view.IInputMethodClient$Stub$Proxy@412251e8 (uid=10019 pid=552)
I/dalvikvm( 1595): Could not find method android.os.Environment.getExternalStorageState, referenced from method com.android.camera.Storage.getAvailableSpace
W/dalvikvm( 1595): VFY: unable to resolve static method 363: Landroid/os/Environment;.getExternalStorageState (Ljava/lang/String;)Ljava/lang/String;
D/dalvikvm( 1595): VFY: replacing opcode 0x71 at 0x0002
D/AndroidRuntime( 1595): Shutting down VM
W/dalvikvm( 1595): threadid=1: thread exiting with uncaught exception (group=0x40a6a1f8)
E/AndroidRuntime( 1595): FATAL EXCEPTION: main
E/AndroidRuntime( 1595): java.lang.NoSuchMethodError: android.os.Environment.getExternalStorageState
E/AndroidRuntime( 1595): 	at com.android.camera.Storage.getAvailableSpace(Storage.java:110)
E/AndroidRuntime( 1595): 	at com.android.camera.Camera.checkStorage(Camera.java:1387)
E/AndroidRuntime( 1595): 	at com.android.camera.Camera.initializeFirstTime(Camera.java:399)
E/AndroidRuntime( 1595): 	at com.android.camera.Camera.access$600(Camera.java:86)
E/AndroidRuntime( 1595): 	at com.android.camera.Camera$MainHandler.handleMessage(Camera.java:305)
E/AndroidRuntime( 1595): 	at android.os.Handler.dispatchMessage(Handler.java:99)
E/AndroidRuntime( 1595): 	at android.os.Looper.loop(Looper.java:137)
E/AndroidRuntime( 1595): 	at android.app.ActivityThread.main(ActivityThread.java:4429)
E/AndroidRuntime( 1595): 	at java.lang.reflect.Method.invokeNative(Native Method)
E/AndroidRuntime( 1595): 	at java.lang.reflect.Method.invoke(Method.java:511)
E/AndroidRuntime( 1595): 	at com.android.internal.os.ZygoteInit$MethodAndArgsCaller.run(ZygoteInit.java:784)
E/AndroidRuntime( 1595): 	at com.android.internal.os.ZygoteInit.main(ZygoteInit.java:551)
E/AndroidRuntime( 1595): 	at dalvik.system.NativeStart.main(Native Method)
W/ActivityManager(  159):   Force finishing activity com.android.camera/.Camera
D/memalloc(  159): /dev/pmem: Unmapping buffer base:0x5365c000 size:1228800 offset:614400
D/memalloc(   82): /dev/pmem: Freeing buffer base:0x41596000 size:614400 offset:614400 fd:39
V/PhoneStatusBar(  380): setLightsOn(true)
D/memalloc(   82): /dev/pmem: Allocated buffer base:0x41500000 size:204800 offset:1720320 fd:39
D/memalloc(  159): /dev/pmem: Mapped buffer base:0x5365c000 size:1925120 offset:1720320 fd:271
W/ActivityManager(  159): Activity pause timeout for ActivityRecord{41311de0 com.android.camera/.Camera}
D/memalloc(   82): /dev/pmem: Allocated buffer base:0x41500000 size:614400 offset:614400 fd:83
D/memalloc(  552): /dev/pmem: Mapped buffer base:0x508d0000 size:1228800 offset:614400 fd:52
D/PhoneStatusBar(  380): disable: < expand icons alerts ticker system_info back home recent clock >
D/memalloc(   82): /dev/pmem: Allocated buffer base:0x41500000 size:614400 offset:6447104 fd:86
D/memalloc(  552): /dev/pmem: Mapped buffer base:0x51088000 size:7061504 offset:6447104 fd:60
D/memalloc(   82): /dev/pmem: Allocated buffer base:0x41500000 size:614400 offset:7061504 fd:89
D/memalloc(  552): /dev/pmem: Mapped buffer base:0x51744000 size:7675904 offset:7061504 fd:63
D/memalloc(   82): /dev/pmem: Allocated buffer base:0x41500000 size:204800 offset:7675904 fd:92
D/memalloc(  159): /dev/pmem: Mapped buffer base:0x55aa8000 size:7880704 offset:7675904 fd:280
