I/DEBUG   (   80): signal 4 (SIGILL), code 1 (ILL_ILLOPC), fault addr 413f9a48
I/DEBUG   (   80):  r0 be8d5970  r1 be8d597c  r2 be8d5978  r3 be8d5974
I/DEBUG   (   80):  r4 be8d5a0c  r5 40c4b004  r6 0001a380  r7 413f9a49
I/DEBUG   (   80):  r8 00000000  r9 00000000  10 00000000  fp 00000000
I/DEBUG   (   80):  ip 4012d0f0  sp be8d5938  lr 40b7ae8d  pc 413f9a48  cpsr 80000030
I/DEBUG   (   80):  d0  3ff43d16aee00482  d1  3ff0000000000000
I/DEBUG   (   80):  d2  bebbb370fb6f0b05  d3  3f11504c209ef562
I/DEBUG   (   80):  d4  3fcce748f8ed8687  d5  4000000000000000
I/DEBUG   (   80):  d6  3ffc6316e0e24f2f  d7  3fd43d16aee00482
I/DEBUG   (   80):  d8  0000000000000000  d9  0000000000000000
I/DEBUG   (   80):  d10 0000000000000000  d11 0000000000000000
I/DEBUG   (   80):  d12 0000000000000000  d13 0000000000000000
I/DEBUG   (   80):  d14 0000000000000000  d15 0000000000000000
I/DEBUG   (   80):  scr 20000010
I/DEBUG   (   80): 
I/DEBUG   (   80):          #00  pc 0004ba48  /system/lib/libmmparser.so (_ZN7android8Sniff3G2ERKNS_2spINS_10DataSourceEEEPNS_7String8EPfPNS0_INS_8AMessageEEE)
I/DEBUG   (   80):          #01  lr 40b7ae8d  /system/lib/libstagefright.so
I/DEBUG   (   80): 
I/DEBUG   (   80): code around pc:
I/DEBUG   (   80): 413f9a28 3f4ccccd 00049360 fffffd6c 0003ab73  ..L?`...l...s...
I/DEBUG   (   80): 413f9a38 0003ab86 ffffff08 0003ab3f 0003ab87  ........?.......
I/DEBUG   (   80): 413f9a48 4ff0e92d b08d4c71 c1c4f8df af02447c  -..OqL......|D..
I/DEBUG   (   80): 413f9a58 b08a4606 60ba2320 f8544688 a902200c  .F.. #.`.FT.. ..
I/DEBUG   (   80): 413f9a68 6139623b 62786810 68026830 23009301  ;b9a.hxb0h.h...#
I/DEBUG   (   80): 
I/DEBUG   (   80): code around lr:
I/DEBUG   (   80): 40b7ae6c 2b009107 1c18d003 f7eba90e 466febe0  ...+..........oF
I/DEBUG   (   80): 40b7ae7c 97063738 99051c38 aa109f07 47b8ab0f  87..8..........G
I/DEBUG   (   80): 40b7ae8c 980e1c07 d0022800 f7eb9906 2f00ebca  .....(........./
I/DEBUG   (   80): 40b7ae9c e08ad100 98109b03 f7ec6819 2800ea46  .........h..F..(
I/DEBUG   (   80): 40b7aeac e082d100 99059801 e87cf7ec 98109903  ..........|.....
I/DEBUG   (   80): 
I/DEBUG   (   80): memory map around addr 413f9a48:
I/DEBUG   (   80): 412af000-413ae000 
I/DEBUG   (   80): 413ae000-41440000 /system/lib/libmmparser.so
I/DEBUG   (   80): 41440000-41444000 /system/lib/libmmparser.so
I/DEBUG   (   80): 
I/DEBUG   (   80): stack:
I/DEBUG   (   80):     be8d58f8  be8d597c  [stack]
I/DEBUG   (   80):     be8d58fc  00019010  [heap]
I/DEBUG   (   80):     be8d5900  0001afd8  [heap]
I/DEBUG   (   80):     be8d5904  00018ff0  [heap]
I/DEBUG   (   80):     be8d5908  be8d5970  [stack]
I/DEBUG   (   80):     be8d590c  401165fd  /system/lib/libutils.so
I/DEBUG   (   80):     be8d5910  0000a008  [heap]
I/DEBUG   (   80):     be8d5914  00000000  
I/DEBUG   (   80):     be8d5918  0001afd8  [heap]
I/DEBUG   (   80):     be8d591c  40c4b004  /system/lib/libstagefright.so
I/DEBUG   (   80):     be8d5920  0001afd8  [heap]
I/DEBUG   (   80):     be8d5924  40c4b004  /system/lib/libstagefright.so
I/DEBUG   (   80):     be8d5928  0001a380  [heap]
I/DEBUG   (   80):     be8d592c  401165d5  /system/lib/libutils.so
I/DEBUG   (   80):     be8d5930  df0027ad  
I/DEBUG   (   80):     be8d5934  00000000  
I/DEBUG   (   80): #00 be8d5938  400ad474  
I/DEBUG   (   80):     be8d593c  be8d5a08  [stack]
I/DEBUG   (   80):     be8d5940  00000000  
I/DEBUG   (   80):     be8d5944  be8d5a04  [stack]
I/DEBUG   (   80):     be8d5948  00018ff0  [heap]
I/DEBUG   (   80):     be8d594c  be8d597c  [stack]
I/DEBUG   (   80):     be8d5950  be8d5970  [stack]
I/DEBUG   (   80):     be8d5954  413f9a49  /system/lib/libmmparser.so
I/DEBUG   (   80):     be8d5958  40c51c54  /system/lib/libstagefright.so
I/DEBUG   (   80):     be8d595c  fffff984  
I/DEBUG   (   80):     be8d5960  0001afd8  [heap]
I/DEBUG   (   80):     be8d5964  00000003  
I/DEBUG   (   80):     be8d5968  00000023  
I/DEBUG   (   80):     be8d596c  000001b4  
I/DEBUG   (   80):     be8d5970  00018ff0  [heap]
I/DEBUG   (   80):     be8d5974  00000000  
I/DEBUG   (   80):     be8d5978  3e4ccccd  
I/DEBUG   (   80):     be8d597c  0000a018  [heap]
W/AudioSystem(  160): AudioFlinger server died!
W/AudioSystem(  160): AudioPolicyService server died!
I/ServiceManager(   77): service 'media.audio_flinger' died
I/ServiceManager(   77): service 'media.player' died
I/ServiceManager(   77): service 'media.camera' died
I/ServiceManager(   77): service 'media.audio_policy' died
W/MediaMetadataRetriever(  715): MediaMetadataRetriever server died!
I/ServiceManager(  715): Waiting for service media.player...
I/ServiceManager(  715): Waiting for service media.player...
E/AudioService(  160): Media server died.
I/ServiceManager(  160): Waiting for service media.audio_flinger...
I/ServiceManager(  715): Waiting for service media.player...
I/        ( 2456): ServiceManager: 0xf958
I/HTC Acoustic( 2456): libhtc_acoustic.so version 2.0.0.6.
I/HTC Acoustic( 2456): deonvvv gingerbread test.
I/HTC Acoustic( 2456): open /system/etc/AudioPara4_WB.csv success.
I/HTC Acoustic( 2456): acoustic table version: MAL_WB_20110217
I/HTC Acoustic( 2456): read_audio_para_from_file success.
E/HTC Acoustic( 2456): Fail to open /system/etc/AudioPara_HTC-WWE.csv -1.
I/HTC Acoustic( 2456): open /system/etc/AudioPara4.csv success.
I/HTC Acoustic( 2456): acoustic table version: MAL_Gerenic_20110509
I/HTC Acoustic( 2456): read_audio_para_from_file success.
I/HTC Acoustic( 2456): get_audpp_filter
I/HTC Acoustic( 2456): open /system/etc/AudioFilter.csv success.
I/HTC Acoustic( 2456): MBADRC Filter MBADRC FLAG = ffff.
E/HTC Acoustic( 2456): set mbadrc filter error.
I/HTC Acoustic( 2456): failed to set audpp parameters, exiting.
I/HTC Acoustic( 2456): get_audpre_filter
I/HTC Acoustic( 2456): open /system/etc/AudioPreProcess.csv success.
D/AudioHardwareMSM72XX( 2456): mNumSndEndpoints = 151
V/AudioHardwareMSM72XX( 2456): constructed 151 SND endpoints)
D/AudioHardwareMSM72XX( 2456): BT MATCH HANDSET
D/AudioHardwareMSM72XX( 2456): BT MATCH SPEAKER
D/AudioHardwareMSM72XX( 2456): BT MATCH HEADSET
D/AudioHardwareMSM72XX( 2456): BT MATCH BT
D/AudioHardwareMSM72XX( 2456): BT MATCH CARKIT
D/AudioHardwareMSM72XX( 2456): BT MATCH TTY_FULL
D/AudioHardwareMSM72XX( 2456): BT MATCH TTY_VCO
D/AudioHardwareMSM72XX( 2456): BT MATCH TTY_HCO
D/AudioHardwareMSM72XX( 2456): BT MATCH NO_MIC_HEADSET
D/AudioHardwareMSM72XX( 2456): BT MATCH FM_HEADSET
D/AudioHardwareMSM72XX( 2456): BT MATCH HEADSET_AND_SPEAKER
D/AudioHardwareMSM72XX( 2456): BT MATCH FM_SPEAKER
D/AudioHardwareMSM72XX( 2456): BT MATCH BT_EC_OFF
D/AudioHardwareMSM72XX( 2456): BT MATCH BT_EC_OFF
D/AudioHardwareMSM72XX( 2456): BT MATCH CURRENT
I/AudioFlinger( 2456): Loaded primary audio interface from LEGACY Audio HW HAL (audio)
I/AudioFlinger( 2456): Using 'LEGACY Audio HW HAL' (audio.primary) as the primary audio interface
I/AudioFlinger( 2456): Loaded a2dp audio interface from A2DP Audio HW HAL (audio)
D/AudioHardwareInterface( 2456): setMode(NORMAL)
I/AudioHardwareMSM72XX( 2456): Set master volume to 5.
I/CameraService( 2456): CameraService started (pid=2456)
I/AudioFlinger( 2456): AudioFlinger's thread 0x16f90 ready to run
V/AudioHardwareMSM72XX( 2456): AudioStreamOutMSM72xx::setParameters() routing=2
V/AudioHardwareMSM72XX( 2456): set output routing 2
I/AudioHardwareMSM72XX( 2456): Routing audio to Speakerphone
V/AudioHardwareMSM72XX( 2456): doAudioRouteOrMute() device 1, mMode 0, mMicMute 1
D/AudioHardwareMSM72XX( 2456): setVoiceVolume(1.000000)
I/AudioHardwareMSM72XX( 2456): Setting in-call volume to 5 (available range is 0 to 5)
I/AudioPolicyService( 2456): Loaded audio policy from LEGACY Audio Policy HAL (audio_policy)
E/AudioService(  160): Media server started.
V/AudioHardwareMSM72XX( 2456): setParameters() restarting=true
D/AudioHardwareInterface( 2456): setMode(NORMAL)
W/AudioPolicyManagerBase( 2456): setPhoneState() setting same state 0
W/AudioPolicyManager( 2456): getDeviceForStrategy() unknown strategy: 4
W/AudioPolicyManager( 2456): getDeviceForStrategy() unknown strategy: 4
W/AudioPolicyManager( 2456): getDeviceForStrategy() unknown strategy: 4
W/AudioPolicyManager( 2456): getDeviceForStrategy() unknown strategy: 4
D/AudioHardwareMSM72XX( 2456): setVoiceVolume(0.800000)
I/AudioHardwareMSM72XX( 2456): Setting in-call volume to 4 (available range is 0 to 5)
V/AudioHardwareMSM72XX( 2456): setParameters() restarting=false
F/libc    ( 2456): Fatal signal 4 (SIGILL) at 0x413f9a48 (code=1)
I/DEBUG   (   80): *** *** *** *** *** *** *** *** *** *** *** *** *** *** *** ***
I/DEBUG   (   80): Build fingerprint: 'cyanogenmod/htc_marvel/marvel:4.0.4/ASN01/0.1:user/release-keys'
I/DEBUG   (   80): pid: 2456, tid: 2461  >>> /system/bin/mediaserver <<<
I/DEBUG   (   80): signal 4 (SIGILL), code 1 (ILL_ILLOPC), fault addr 413f9a48
I/DEBUG   (   80):  r0 413adc08  r1 413adc14  r2 413adc10  r3 413adc0c
I/DEBUG   (   80):  r4 413adca4  r5 40c4b004  r6 0001a280  r7 413f9a49
I/DEBUG   (   80):  r8 412ae000  r9 4011df3d  10 00100000  fp 00019d20
I/DEBUG   (   80):  ip 4012d0f0  sp 413adbd0  lr 40b7ae8d  pc 413f9a48  cpsr 00000030
I/DEBUG   (   80):  d0  3ff43d16aee00482  d1  3ff0000000000000
I/DEBUG   (   80):  d2  bebbb370fb6f0b05  d3  3f11504c209ef562
I/DEBUG   (   80):  d4  3fcce748f8ed8687  d5  4000000000000000
I/DEBUG   (   80):  d6  3ffc6316e0e24f2f  d7  3fd43d16aee00482
I/DEBUG   (   80):  d8  0000000000000000  d9  0000000000000000
I/DEBUG   (   80):  d10 0000000000000000  d11 0000000000000000
I/DEBUG   (   80):  d12 0000000000000000  d13 0000000000000000
I/DEBUG   (   80):  d14 0000000000000000  d15 0000000000000000
I/DEBUG   (   80):  scr 20000010
I/DEBUG   (   80): 
I/DEBUG   (   80):          #00  pc 0004ba48  /system/lib/libmmparser.so (_ZN7android8Sniff3G2ERKNS_2spINS_10DataSourceEEEPNS_7String8EPfPNS0_INS_8AMessageEEE)
I/DEBUG   (   80):          #01  lr 40b7ae8d  /system/lib/libstagefright.so
I/DEBUG   (   80): 
I/DEBUG   (   80): code around pc:
I/DEBUG   (   80): 413f9a28 3f4ccccd 00049360 fffffd6c 0003ab73  ..L?`...l...s...
I/DEBUG   (   80): 413f9a38 0003ab86 ffffff08 0003ab3f 0003ab87  ........?.......
I/DEBUG   (   80): 413f9a48 4ff0e92d b08d4c71 c1c4f8df af02447c  -..OqL......|D..
I/DEBUG   (   80): 413f9a58 b08a4606 60ba2320 f8544688 a902200c  .F.. #.`.FT.. ..
I/DEBUG   (   80): 413f9a68 6139623b 62786810 68026830 23009301  ;b9a.hxb0h.h...#
I/DEBUG   (   80): 
I/DEBUG   (   80): code around lr:
I/DEBUG   (   80): 40b7ae6c 2b009107 1c18d003 f7eba90e 466febe0  ...+..........oF
I/DEBUG   (   80): 40b7ae7c 97063738 99051c38 aa109f07 47b8ab0f  87..8..........G
I/DEBUG   (   80): 40b7ae8c 980e1c07 d0022800 f7eb9906 2f00ebca  .....(........./
I/DEBUG   (   80): 40b7ae9c e08ad100 98109b03 f7ec6819 2800ea46  .........h..F..(
I/DEBUG   (   80): 40b7aeac e082d100 99059801 e87cf7ec 98109903  ..........|.....
I/DEBUG   (   80): 
I/DEBUG   (   80): memory map around addr 413f9a48:
I/DEBUG   (   80): 412af000-413ae000 
I/DEBUG   (   80): 413ae000-41440000 /system/lib/libmmparser.so
I/DEBUG   (   80): 41440000-41444000 /system/lib/libmmparser.so
I/DEBUG   (   80): 
I/DEBUG   (   80): stack:
I/DEBUG   (   80):     413adb90  413adc14  
I/DEBUG   (   80):     413adb94  0001afc8  [heap]
I/DEBUG   (   80):     413adb98  0001ac98  [heap]
I/DEBUG   (   80):     413adb9c  0001afa8  [heap]
I/DEBUG   (   80):     413adba0  413adc08  
I/DEBUG   (   80):     413adba4  401165fd  /system/lib/libutils.so
I/DEBUG   (   80):     413adba8  0000a008  [heap]
I/DEBUG   (   80):     413adbac  00000000  
I/DEBUG   (   80):     413adbb0  0001ac98  [heap]
I/DEBUG   (   80):     413adbb4  40c4b004  /system/lib/libstagefright.so
I/DEBUG   (   80):     413adbb8  0001ac98  [heap]
I/DEBUG   (   80):     413adbbc  40c4b004  /system/lib/libstagefright.so
I/DEBUG   (   80):     413adbc0  0001a280  [heap]
I/DEBUG   (   80):     413adbc4  401165d5  /system/lib/libutils.so
I/DEBUG   (   80):     413adbc8  df0027ad  
I/DEBUG   (   80):     413adbcc  00000000  
I/DEBUG   (   80): #00 413adbd0  400ad474  
I/DEBUG   (   80):     413adbd4  413adca0  
I/DEBUG   (   80):     413adbd8  412ae000  
I/DEBUG   (   80):     413adbdc  413adc9c  
I/DEBUG   (   80):     413adbe0  0001afa8  [heap]
I/DEBUG   (   80):     413adbe4  413adc14  
I/DEBUG   (   80):     413adbe8  413adc08  
I/DEBUG   (   80):     413adbec  413f9a49  /system/lib/libmmparser.so
I/DEBUG   (   80):     413adbf0  40c51c54  /system/lib/libstagefright.so
I/DEBUG   (   80):     413adbf4  fffff984  
I/DEBUG   (   80):     413adbf8  0001ac98  [heap]
I/DEBUG   (   80):     413adbfc  00000003  
I/DEBUG   (   80):     413adc00  400ad474  
I/DEBUG   (   80):     413adc04  000001b4  
I/DEBUG   (   80):     413adc08  0001afa8  [heap]
I/DEBUG   (   80):     413adc0c  00000000  
I/DEBUG   (   80):     413adc10  3e4ccccd  
I/DEBUG   (   80):     413adc14  0000a018  [heap]
W/AudioSystem(  160): AudioFlinger server died!
W/AudioSystem(  160): AudioPolicyService server died!
I/ServiceManager(   77): service 'media.audio_flinger' died
I/ServiceManager(   77): service 'media.player' died
I/ServiceManager(   77): service 'media.camera' died
I/ServiceManager(   77): service 'media.audio_policy' died
W/MediaMetadataRetriever(  715): MediaMetadataRetriever server died!
I/ServiceManager(  715): Waiting for service media.player...
I/ServiceManager(  715): Waiting for service media.player...
E/AudioService(  160): Media server died.
I/ServiceManager(  160): Waiting for service media.audio_flinger...
I/ServiceManager(  715): Waiting for service media.player...
I/        ( 2462): ServiceManager: 0xf958
I/HTC Acoustic( 2462): libhtc_acoustic.so version 2.0.0.6.
I/HTC Acoustic( 2462): deonvvv gingerbread test.
I/HTC Acoustic( 2462): open /system/etc/AudioPara4_WB.csv success.
I/HTC Acoustic( 2462): acoustic table version: MAL_WB_20110217
I/HTC Acoustic( 2462): read_audio_para_from_file success.
E/HTC Acoustic( 2462): Fail to open /system/etc/AudioPara_HTC-WWE.csv -1.
I/HTC Acoustic( 2462): open /system/etc/AudioPara4.csv success.
I/HTC Acoustic( 2462): acoustic table version: MAL_Gerenic_20110509
I/HTC Acoustic( 2462): read_audio_para_from_file success.
I/HTC Acoustic( 2462): get_audpp_filter
I/HTC Acoustic( 2462): open /system/etc/AudioFilter.csv success.
I/HTC Acoustic( 2462): MBADRC Filter MBADRC FLAG = ffff.
E/HTC Acoustic( 2462): set mbadrc filter error.
I/HTC Acoustic( 2462): failed to set audpp parameters, exiting.
I/HTC Acoustic( 2462): get_audpre_filter
I/HTC Acoustic( 2462): open /system/etc/AudioPreProcess.csv success.
D/AudioHardwareMSM72XX( 2462): mNumSndEndpoints = 151
V/AudioHardwareMSM72XX( 2462): constructed 151 SND endpoints)
D/AudioHardwareMSM72XX( 2462): BT MATCH HANDSET
D/AudioHardwareMSM72XX( 2462): BT MATCH SPEAKER
D/AudioHardwareMSM72XX( 2462): BT MATCH HEADSET
D/AudioHardwareMSM72XX( 2462): BT MATCH BT
D/AudioHardwareMSM72XX( 2462): BT MATCH CARKIT
D/AudioHardwareMSM72XX( 2462): BT MATCH TTY_FULL
D/AudioHardwareMSM72XX( 2462): BT MATCH TTY_VCO
D/AudioHardwareMSM72XX( 2462): BT MATCH TTY_HCO
D/AudioHardwareMSM72XX( 2462): BT MATCH NO_MIC_HEADSET
D/AudioHardwareMSM72XX( 2462): BT MATCH FM_HEADSET
D/AudioHardwareMSM72XX( 2462): BT MATCH HEADSET_AND_SPEAKER
D/AudioHardwareMSM72XX( 2462): BT MATCH FM_SPEAKER
D/AudioHardwareMSM72XX( 2462): BT MATCH BT_EC_OFF
D/AudioHardwareMSM72XX( 2462): BT MATCH BT_EC_OFF
D/AudioHardwareMSM72XX( 2462): BT MATCH CURRENT
I/AudioFlinger( 2462): Loaded primary audio interface from LEGACY Audio HW HAL (audio)
I/AudioFlinger( 2462): Using 'LEGACY Audio HW HAL' (audio.primary) as the primary audio interface
I/AudioFlinger( 2462): Loaded a2dp audio interface from A2DP Audio HW HAL (audio)
D/AudioHardwareInterface( 2462): setMode(NORMAL)
I/AudioHardwareMSM72XX( 2462): Set master volume to 5.
I/CameraService( 2462): CameraService started (pid=2462)
I/AudioFlinger( 2462): AudioFlinger's thread 0x16f90 ready to run
V/AudioHardwareMSM72XX( 2462): AudioStreamOutMSM72xx::setParameters() routing=2
V/AudioHardwareMSM72XX( 2462): set output routing 2
I/AudioHardwareMSM72XX( 2462): Routing audio to Speakerphone
V/AudioHardwareMSM72XX( 2462): doAudioRouteOrMute() device 1, mMode 0, mMicMute 1
D/AudioHardwareMSM72XX( 2462): setVoiceVolume(1.000000)
I/AudioHardwareMSM72XX( 2462): Setting in-call volume to 5 (available range is 0 to 5)
I/AudioPolicyService( 2462): Loaded audio policy from LEGACY Audio Policy HAL (audio_policy)
E/AudioService(  160): Media server started.
V/AudioHardwareMSM72XX( 2462): setParameters() restarting=true
D/AudioHardwareInterface( 2462): setMode(NORMAL)
W/AudioPolicyManagerBase( 2462): setPhoneState() setting same state 0
W/AudioPolicyManager( 2462): getDeviceForStrategy() unknown strategy: 4
W/AudioPolicyManager( 2462): getDeviceForStrategy() unknown strategy: 4
W/AudioPolicyManager( 2462): getDeviceForStrategy() unknown strategy: 4
W/AudioPolicyManager( 2462): getDeviceForStrategy() unknown strategy: 4
D/AudioHardwareMSM72XX( 2462): setVoiceVolume(0.800000)
I/AudioHardwareMSM72XX( 2462): Setting in-call volume to 4 (available range is 0 to 5)
V/AudioHardwareMSM72XX( 2462): setParameters() restarting=false
F/libc    ( 2462): Fatal signal 4 (SIGILL) at 0x413f9a48 (code=1)
I/DEBUG   (   80): *** *** *** *** *** *** *** *** *** *** *** *** *** *** *** ***
I/DEBUG   (   80): Build fingerprint: 'cyanogenmod/htc_marvel/marvel:4.0.4/ASN01/0.1:user/release-keys'
I/DEBUG   (   80): pid: 2462, tid: 2467  >>> /system/bin/mediaserver <<<
I/DEBUG   (   80): signal 4 (SIGILL), code 1 (ILL_ILLOPC), fault addr 413f9a48
I/DEBUG   (   80):  r0 413adc08  r1 413adc14  r2 413adc10  r3 413adc0c
I/DEBUG   (   80):  r4 413adca4  r5 40c4b004  r6 0001a280  r7 413f9a49
I/DEBUG   (   80):  r8 412ae000  r9 4011df3d  10 00100000  fp 00019d20
I/DEBUG   (   80):  ip 4012d0f0  sp 413adbd0  lr 40b7ae8d  pc 413f9a48  cpsr 00000030
I/DEBUG   (   80):  d0  0000000000000000  d1  0000000000000000
I/DEBUG   (   80):  d2  7e37e43c8800759c  d3  0000000000000000
I/DEBUG   (   80):  d4  0000000000000000  d5  7e37e43c8800759c
I/DEBUG   (   80):  d6  3ff0000000000000  d7  3ff0000000000000
I/DEBUG   (   80):  d8  0000000000000000  d9  0000000000000000
I/DEBUG   (   80):  d10 0000000000000000  d11 0000000000000000
I/DEBUG   (   80):  d12 0000000000000000  d13 0000000000000000
I/DEBUG   (   80):  d14 0000000000000000  d15 0000000000000000
I/DEBUG   (   80):  scr 20000000
I/DEBUG   (   80): 
I/DEBUG   (   80):          #00  pc 0004ba48  /system/lib/libmmparser.so (_ZN7android8Sniff3G2ERKNS_2spINS_10DataSourceEEEPNS_7String8EPfPNS0_INS_8AMessageEEE)
I/DEBUG   (   80):          #01  lr 40b7ae8d  /system/lib/libstagefright.so
I/DEBUG   (   80): 
I/DEBUG   (   80): code around pc:
I/DEBUG   (   80): 413f9a28 3f4ccccd 00049360 fffffd6c 0003ab73  ..L?`...l...s...
I/DEBUG   (   80): 413f9a38 0003ab86 ffffff08 0003ab3f 0003ab87  ........?.......
I/DEBUG   (   80): 413f9a48 4ff0e92d b08d4c71 c1c4f8df af02447c  -..OqL......|D..
I/DEBUG   (   80): 413f9a58 b08a4606 60ba2320 f8544688 a902200c  .F.. #.`.FT.. ..
I/DEBUG   (   80): 413f9a68 6139623b 62786810 68026830 23009301  ;b9a.hxb0h.h...#
I/DEBUG   (   80): 
I/DEBUG   (   80): code around lr:
I/DEBUG   (   80): 40b7ae6c 2b009107 1c18d003 f7eba90e 466febe0  ...+..........oF
I/DEBUG   (   80): 40b7ae7c 97063738 99051c38 aa109f07 47b8ab0f  87..8..........G
I/DEBUG   (   80): 40b7ae8c 980e1c07 d0022800 f7eb9906 2f00ebca  .....(........./
I/DEBUG   (   80): 40b7ae9c e08ad100 98109b03 f7ec6819 2800ea46  .........h..F..(
I/DEBUG   (   80): 40b7aeac e082d100 99059801 e87cf7ec 98109903  ..........|.....
I/DEBUG   (   80): 
I/DEBUG   (   80): memory map around addr 413f9a48:
I/DEBUG   (   80): 412af000-413ae000 
I/DEBUG   (   80): 413ae000-41440000 /system/lib/libmmparser.so
I/DEBUG   (   80): 41440000-41444000 /system/lib/libmmparser.so
I/DEBUG   (   80): 
I/DEBUG   (   80): stack:
I/DEBUG   (   80):     413adb90  413adc14  
I/DEBUG   (   80):     413adb94  0001afc8  [heap]
I/DEBUG   (   80):     413adb98  0001ac98  [heap]
I/DEBUG   (   80):     413adb9c  0001afa8  [heap]
I/DEBUG   (   80):     413adba0  413adc08  
I/DEBUG   (   80):     413adba4  401165fd  /system/lib/libutils.so
I/DEBUG   (   80):     413adba8  0000a008  [heap]
I/DEBUG   (   80):     413adbac  00000000  
I/DEBUG   (   80):     413adbb0  0001ac98  [heap]
I/DEBUG   (   80):     413adbb4  40c4b004  /system/lib/libstagefright.so
I/DEBUG   (   80):     413adbb8  0001ac98  [heap]
I/DEBUG   (   80):     413adbbc  40c4b004  /system/lib/libstagefright.so
I/DEBUG   (   80):     413adbc0  0001a280  [heap]
I/DEBUG   (   80):     413adbc4  401165d5  /system/lib/libutils.so
I/DEBUG   (   80):     413adbc8  df0027ad  
I/DEBUG   (   80):     413adbcc  00000000  
I/DEBUG   (   80): #00 413adbd0  400ad474  
I/DEBUG   (   80):     413adbd4  413adca0  
I/DEBUG   (   80):     413adbd8  412ae000  
I/DEBUG   (   80):     413adbdc  413adc9c  
I/DEBUG   (   80):     413adbe0  0001afa8  [heap]
I/DEBUG   (   80):     413adbe4  413adc14  
I/DEBUG   (   80):     413adbe8  413adc08  
I/DEBUG   (   80):     413adbec  413f9a49  /system/lib/libmmparser.so
I/DEBUG   (   80):     413adbf0  40c51c54  /system/lib/libstagefright.so
I/DEBUG   (   80):     413adbf4  fffff984  
I/DEBUG   (   80):     413adbf8  0001ac98  [heap]
I/DEBUG   (   80):     413adbfc  00000003  
I/DEBUG   (   80):     413adc00  400ad474  
I/DEBUG   (   80):     413adc04  000001b4  
I/DEBUG   (   80):     413adc08  0001afa8  [heap]
I/DEBUG   (   80):     413adc0c  00000000  
I/DEBUG   (   80):     413adc10  3e4ccccd  
I/DEBUG   (   80):     413adc14  0000a018  [heap]
W/AudioSystem(  160): AudioFlinger server died!
W/AudioSystem(  160): AudioPolicyService server died!
I/ServiceManager(   77): service 'media.audio_flinger' died
I/ServiceManager(   77): service 'media.player' died
I/ServiceManager(   77): service 'media.camera' died
I/ServiceManager(   77): service 'media.audio_policy' died
W/MediaMetadataRetriever(  715): MediaMetadataRetriever server died!
I/ServiceManager(  715): Waiting for service media.player...
I/ServiceManager(  715): Waiting for service media.player...
E/AudioService(  160): Media server died.
I/ServiceManager(  160): Waiting for service media.audio_flinger...
I/ServiceManager(  715): Waiting for service media.player...
I/        ( 2468): ServiceManager: 0xf958
I/HTC Acoustic( 2468): libhtc_acoustic.so version 2.0.0.6.
I/HTC Acoustic( 2468): deonvvv gingerbread test.
I/HTC Acoustic( 2468): open /system/etc/AudioPara4_WB.csv success.
I/HTC Acoustic( 2468): acoustic table version: MAL_WB_20110217
I/HTC Acoustic( 2468): read_audio_para_from_file success.
E/HTC Acoustic( 2468): Fail to open /system/etc/AudioPara_HTC-WWE.csv -1.
I/HTC Acoustic( 2468): open /system/etc/AudioPara4.csv success.
I/HTC Acoustic( 2468): acoustic table version: MAL_Gerenic_20110509
I/HTC Acoustic( 2468): read_audio_para_from_file success.
I/HTC Acoustic( 2468): get_audpp_filter
I/HTC Acoustic( 2468): open /system/etc/AudioFilter.csv success.
I/HTC Acoustic( 2468): MBADRC Filter MBADRC FLAG = ffff.
E/HTC Acoustic( 2468): set mbadrc filter error.
I/HTC Acoustic( 2468): failed to set audpp parameters, exiting.
I/HTC Acoustic( 2468): get_audpre_filter
I/HTC Acoustic( 2468): open /system/etc/AudioPreProcess.csv success.
D/AudioHardwareMSM72XX( 2468): mNumSndEndpoints = 151
V/AudioHardwareMSM72XX( 2468): constructed 151 SND endpoints)
D/AudioHardwareMSM72XX( 2468): BT MATCH HANDSET
D/AudioHardwareMSM72XX( 2468): BT MATCH SPEAKER
D/AudioHardwareMSM72XX( 2468): BT MATCH HEADSET
D/AudioHardwareMSM72XX( 2468): BT MATCH BT
D/AudioHardwareMSM72XX( 2468): BT MATCH CARKIT
D/AudioHardwareMSM72XX( 2468): BT MATCH TTY_FULL
D/AudioHardwareMSM72XX( 2468): BT MATCH TTY_VCO
D/AudioHardwareMSM72XX( 2468): BT MATCH TTY_HCO
D/AudioHardwareMSM72XX( 2468): BT MATCH NO_MIC_HEADSET
D/AudioHardwareMSM72XX( 2468): BT MATCH FM_HEADSET
D/AudioHardwareMSM72XX( 2468): BT MATCH HEADSET_AND_SPEAKER
D/AudioHardwareMSM72XX( 2468): BT MATCH FM_SPEAKER
D/AudioHardwareMSM72XX( 2468): BT MATCH BT_EC_OFF
D/AudioHardwareMSM72XX( 2468): BT MATCH BT_EC_OFF
D/AudioHardwareMSM72XX( 2468): BT MATCH CURRENT
I/AudioFlinger( 2468): Loaded primary audio interface from LEGACY Audio HW HAL (audio)
I/AudioFlinger( 2468): Using 'LEGACY Audio HW HAL' (audio.primary) as the primary audio interface
I/AudioFlinger( 2468): Loaded a2dp audio interface from A2DP Audio HW HAL (audio)
D/AudioHardwareInterface( 2468): setMode(NORMAL)
I/AudioHardwareMSM72XX( 2468): Set master volume to 5.
I/CameraService( 2468): CameraService started (pid=2468)
I/AudioFlinger( 2468): AudioFlinger's thread 0x16f90 ready to run
V/AudioHardwareMSM72XX( 2468): AudioStreamOutMSM72xx::setParameters() routing=2
V/AudioHardwareMSM72XX( 2468): set output routing 2
I/AudioHardwareMSM72XX( 2468): Routing audio to Speakerphone
V/AudioHardwareMSM72XX( 2468): doAudioRouteOrMute() device 1, mMode 0, mMicMute 1
D/AudioHardwareMSM72XX( 2468): setVoiceVolume(1.000000)
I/AudioHardwareMSM72XX( 2468): Setting in-call volume to 5 (available range is 0 to 5)
I/AudioPolicyService( 2468): Loaded audio policy from LEGACY Audio Policy HAL (audio_policy)
E/AudioService(  160): Media server started.
V/AudioHardwareMSM72XX( 2468): setParameters() restarting=true
D/AudioHardwareInterface( 2468): setMode(NORMAL)
W/AudioPolicyManagerBase( 2468): setPhoneState() setting same state 0
W/AudioPolicyManager( 2468): getDeviceForStrategy() unknown strategy: 4
W/AudioPolicyManager( 2468): getDeviceForStrategy() unknown strategy: 4
W/AudioPolicyManager( 2468): getDeviceForStrategy() unknown strategy: 4
W/AudioPolicyManager( 2468): getDeviceForStrategy() unknown strategy: 4
D/AudioHardwareMSM72XX( 2468): setVoiceVolume(0.800000)
I/AudioHardwareMSM72XX( 2468): Setting in-call volume to 4 (available range is 0 to 5)
V/AudioHardwareMSM72XX( 2468): setParameters() restarting=false
F/libc    ( 2468): Fatal signal 4 (SIGILL) at 0x413f9a48 (code=1)
I/DEBUG   (   80): *** *** *** *** *** *** *** *** *** *** *** *** *** *** *** ***
I/DEBUG   (   80): Build fingerprint: 'cyanogenmod/htc_marvel/marvel:4.0.4/ASN01/0.1:user/release-keys'
I/DEBUG   (   80): pid: 2468, tid: 2473  >>> /system/bin/mediaserver <<<
I/DEBUG   (   80): signal 4 (SIGILL), code 1 (ILL_ILLOPC), fault addr 413f9a48
I/DEBUG   (   80):  r0 413adc08  r1 413adc14  r2 413adc10  r3 413adc0c
I/DEBUG   (   80):  r4 413adca4  r5 40c4b004  r6 0001a2c8  r7 413f9a49
I/DEBUG   (   80):  r8 412ae000  r9 4011df3d  10 00100000  fp 00019e98
I/DEBUG   (   80):  ip 4012d0f0  sp 413adbd0  lr 40b7ae8d  pc 413f9a48  cpsr 00000030
I/DEBUG   (   80):  d0  0000000000000000  d1  0000000000000000
I/DEBUG   (   80):  d2  7e37e43c8800759c  d3  0000000000000000
I/DEBUG   (   80):  d4  0000000000000000  d5  7e37e43c8800759c
I/DEBUG   (   80):  d6  3ff0000000000000  d7  3ff0000000000000
I/DEBUG   (   80):  d8  0000000000000000  d9  0000000000000000
I/DEBUG   (   80):  d10 0000000000000000  d11 0000000000000000
I/DEBUG   (   80):  d12 0000000000000000  d13 0000000000000000
I/DEBUG   (   80):  d14 0000000000000000  d15 0000000000000000
I/DEBUG   (   80):  scr 20000000
I/DEBUG   (   80): 
I/DEBUG   (   80):          #00  pc 0004ba48  /system/lib/libmmparser.so (_ZN7android8Sniff3G2ERKNS_2spINS_10DataSourceEEEPNS_7String8EPfPNS0_INS_8AMessageEEE)
I/DEBUG   (   80):          #01  lr 40b7ae8d  /system/lib/libstagefright.so
I/DEBUG   (   80): 
I/DEBUG   (   80): code around pc:
I/DEBUG   (   80): 413f9a28 3f4ccccd 00049360 fffffd6c 0003ab73  ..L?`...l...s...
I/DEBUG   (   80): 413f9a38 0003ab86 ffffff08 0003ab3f 0003ab87  ........?.......
I/DEBUG   (   80): 413f9a48 4ff0e92d b08d4c71 c1c4f8df af02447c  -..OqL......|D..
I/DEBUG   (   80): 413f9a58 b08a4606 60ba2320 f8544688 a902200c  .F.. #.`.FT.. ..
I/DEBUG   (   80): 413f9a68 6139623b 62786810 68026830 23009301  ;b9a.hxb0h.h...#
I/DEBUG   (   80): 
I/DEBUG   (   80): code around lr:
I/DEBUG   (   80): 40b7ae6c 2b009107 1c18d003 f7eba90e 466febe0  ...+..........oF
I/DEBUG   (   80): 40b7ae7c 97063738 99051c38 aa109f07 47b8ab0f  87..8..........G
I/DEBUG   (   80): 40b7ae8c 980e1c07 d0022800 f7eb9906 2f00ebca  .....(........./
I/DEBUG   (   80): 40b7ae9c e08ad100 98109b03 f7ec6819 2800ea46  .........h..F..(
I/DEBUG   (   80): 40b7aeac e082d100 99059801 e87cf7ec 98109903  ..........|.....
I/DEBUG   (   80): 
I/DEBUG   (   80): memory map around addr 413f9a48:
I/DEBUG   (   80): 412af000-413ae000 
I/DEBUG   (   80): 413ae000-41440000 /system/lib/libmmparser.so
I/DEBUG   (   80): 41440000-41444000 /system/lib/libmmparser.so
I/DEBUG   (   80): 
I/DEBUG   (   80): stack:
I/DEBUG   (   80):     413adb90  413adc14  
I/DEBUG   (   80):     413adb94  0001afd0  [heap]
I/DEBUG   (   80):     413adb98  0001ac58  [heap]
I/DEBUG   (   80):     413adb9c  0001afb0  [heap]
I/DEBUG   (   80):     413adba0  413adc08  
I/DEBUG   (   80):     413adba4  401165fd  /system/lib/libutils.so
I/DEBUG   (   80):     413adba8  0000a008  [heap]
I/DEBUG   (   80):     413adbac  00000000  
I/DEBUG   (   80):     413adbb0  0001ac58  [heap]
I/DEBUG   (   80):     413adbb4  40c4b004  /system/lib/libstagefright.so
I/DEBUG   (   80):     413adbb8  0001ac58  [heap]
I/DEBUG   (   80):     413adbbc  40c4b004  /system/lib/libstagefright.so
I/DEBUG   (   80):     413adbc0  0001a2c8  [heap]
I/DEBUG   (   80):     413adbc4  401165d5  /system/lib/libutils.so
I/DEBUG   (   80):     413adbc8  df0027ad  
I/DEBUG   (   80):     413adbcc  00000000  
I/DEBUG   (   80): #00 413adbd0  400ad474  
I/DEBUG   (   80):     413adbd4  413adca0  
I/DEBUG   (   80):     413adbd8  412ae000  
I/DEBUG   (   80):     413adbdc  413adc9c  
I/DEBUG   (   80):     413adbe0  0001afb0  [heap]
I/DEBUG   (   80):     413adbe4  413adc14  
I/DEBUG   (   80):     413adbe8  413adc08  
I/DEBUG   (   80):     413adbec  413f9a49  /system/lib/libmmparser.so
I/DEBUG   (   80):     413adbf0  40c51c54  /system/lib/libstagefright.so
I/DEBUG   (   80):     413adbf4  fffff984  
I/DEBUG   (   80):     413adbf8  0001ac58  [heap]
I/DEBUG   (   80):     413adbfc  00000003  
I/DEBUG   (   80):     413adc00  400ad474  
I/DEBUG   (   80):     413adc04  000001b4  
I/DEBUG   (   80):     413adc08  0001afb0  [heap]
I/DEBUG   (   80):     413adc0c  00000000  
I/DEBUG   (   80):     413adc10  3e4ccccd  
I/DEBUG   (   80):     413adc14  0000a018  [heap]
W/AudioSystem(  160): AudioFlinger server died!
W/AudioSystem(  160): AudioPolicyService server died!
I/ServiceManager(   77): service 'media.audio_flinger' died
I/ServiceManager(   77): service 'media.player' died
I/ServiceManager(   77): service 'media.camera' died
I/ServiceManager(   77): service 'media.audio_policy' died
W/MediaMetadataRetriever(  715): MediaMetadataRetriever server died!
I/ServiceManager(  715): Waiting for service media.player...
I/ServiceManager(  715): Waiting for service media.player...
E/AudioService(  160): Media server died.
I/ServiceManager(  160): Waiting for service media.audio_flinger...
I/ServiceManager(  715): Waiting for service media.player...
I/        ( 2474): ServiceManager: 0xf958
I/HTC Acoustic( 2474): libhtc_acoustic.so version 2.0.0.6.
I/HTC Acoustic( 2474): deonvvv gingerbread test.
I/HTC Acoustic( 2474): open /system/etc/AudioPara4_WB.csv success.
I/HTC Acoustic( 2474): acoustic table version: MAL_WB_20110217
I/HTC Acoustic( 2474): read_audio_para_from_file success.
E/HTC Acoustic( 2474): Fail to open /system/etc/AudioPara_HTC-WWE.csv -1.
I/HTC Acoustic( 2474): open /system/etc/AudioPara4.csv success.
I/HTC Acoustic( 2474): acoustic table version: MAL_Gerenic_20110509
I/HTC Acoustic( 2474): read_audio_para_from_file success.
I/HTC Acoustic( 2474): get_audpp_filter
I/HTC Acoustic( 2474): open /system/etc/AudioFilter.csv success.
I/HTC Acoustic( 2474): MBADRC Filter MBADRC FLAG = ffff.
E/HTC Acoustic( 2474): set mbadrc filter error.
I/HTC Acoustic( 2474): failed to set audpp parameters, exiting.
I/HTC Acoustic( 2474): get_audpre_filter
I/HTC Acoustic( 2474): open /system/etc/AudioPreProcess.csv success.
D/AudioHardwareMSM72XX( 2474): mNumSndEndpoints = 151
V/AudioHardwareMSM72XX( 2474): constructed 151 SND endpoints)
D/AudioHardwareMSM72XX( 2474): BT MATCH HANDSET
D/AudioHardwareMSM72XX( 2474): BT MATCH SPEAKER
D/AudioHardwareMSM72XX( 2474): BT MATCH HEADSET
D/AudioHardwareMSM72XX( 2474): BT MATCH BT
D/AudioHardwareMSM72XX( 2474): BT MATCH CARKIT
D/AudioHardwareMSM72XX( 2474): BT MATCH TTY_FULL
D/AudioHardwareMSM72XX( 2474): BT MATCH TTY_VCO
D/AudioHardwareMSM72XX( 2474): BT MATCH TTY_HCO
D/AudioHardwareMSM72XX( 2474): BT MATCH NO_MIC_HEADSET
D/AudioHardwareMSM72XX( 2474): BT MATCH FM_HEADSET
D/AudioHardwareMSM72XX( 2474): BT MATCH HEADSET_AND_SPEAKER
D/AudioHardwareMSM72XX( 2474): BT MATCH FM_SPEAKER
D/AudioHardwareMSM72XX( 2474): BT MATCH BT_EC_OFF
D/AudioHardwareMSM72XX( 2474): BT MATCH BT_EC_OFF
D/AudioHardwareMSM72XX( 2474): BT MATCH CURRENT
I/AudioFlinger( 2474): Loaded primary audio interface from LEGACY Audio HW HAL (audio)
I/AudioFlinger( 2474): Using 'LEGACY Audio HW HAL' (audio.primary) as the primary audio interface
I/AudioFlinger( 2474): Loaded a2dp audio interface from A2DP Audio HW HAL (audio)
D/AudioHardwareInterface( 2474): setMode(NORMAL)
I/AudioHardwareMSM72XX( 2474): Set master volume to 5.
I/CameraService( 2474): CameraService started (pid=2474)
I/AudioFlinger( 2474): AudioFlinger's thread 0x16f90 ready to run
V/AudioHardwareMSM72XX( 2474): AudioStreamOutMSM72xx::setParameters() routing=2
V/AudioHardwareMSM72XX( 2474): set output routing 2
I/AudioHardwareMSM72XX( 2474): Routing audio to Speakerphone
V/AudioHardwareMSM72XX( 2474): doAudioRouteOrMute() device 1, mMode 0, mMicMute 1
D/AudioHardwareMSM72XX( 2474): setVoiceVolume(1.000000)
I/AudioHardwareMSM72XX( 2474): Setting in-call volume to 5 (available range is 0 to 5)
I/AudioPolicyService( 2474): Loaded audio policy from LEGACY Audio Policy HAL (audio_policy)
E/AudioService(  160): Media server started.
V/AudioHardwareMSM72XX( 2474): setParameters() restarting=true
D/AudioHardwareInterface( 2474): setMode(NORMAL)
W/AudioPolicyManagerBase( 2474): setPhoneState() setting same state 0
W/AudioPolicyManager( 2474): getDeviceForStrategy() unknown strategy: 4
W/AudioPolicyManager( 2474): getDeviceForStrategy() unknown strategy: 4
W/AudioPolicyManager( 2474): getDeviceForStrategy() unknown strategy: 4
W/AudioPolicyManager( 2474): getDeviceForStrategy() unknown strategy: 4
D/AudioHardwareMSM72XX( 2474): setVoiceVolume(0.800000)
I/AudioHardwareMSM72XX( 2474): Setting in-call volume to 4 (available range is 0 to 5)
V/AudioHardwareMSM72XX( 2474): setParameters() restarting=false
F/libc    ( 2474): Fatal signal 4 (SIGILL) at 0x413f9a48 (code=1)
I/DEBUG   (   80): *** *** *** *** *** *** *** *** *** *** *** *** *** *** *** ***
I/DEBUG   (   80): Build fingerprint: 'cyanogenmod/htc_marvel/marvel:4.0.4/ASN01/0.1:user/release-keys'
I/DEBUG   (   80): pid: 2474, tid: 2479  >>> /system/bin/mediaserver <<<
I/DEBUG   (   80): signal 4 (SIGILL), code 1 (ILL_ILLOPC), fault addr 413f9a48
I/DEBUG   (   80):  r0 413adc08  r1 413adc14  r2 413adc10  r3 413adc0c
I/DEBUG   (   80):  r4 413adca4  r5 40c4b004  r6 0001a220  r7 413f9a49
I/DEBUG   (   80):  r8 412ae000  r9 4011df3d  10 00100000  fp 00019d60
I/DEBUG   (   80):  ip 4012d0f0  sp 413adbd0  lr 40b7ae8d  pc 413f9a48  cpsr 00000030
I/DEBUG   (   80):  d0  3ff43d16aee00482  d1  3ff0000000000000
I/DEBUG   (   80):  d2  bebbb370fb6f0b05  d3  3f11504c209ef562
I/DEBUG   (   80):  d4  3fcce748f8ed8687  d5  4000000000000000
I/DEBUG   (   80):  d6  3ffc6316e0e24f2f  d7  3fd43d16aee00482
I/DEBUG   (   80):  d8  0000000000000000  d9  0000000000000000
I/DEBUG   (   80):  d10 0000000000000000  d11 0000000000000000
I/DEBUG   (   80):  d12 0000000000000000  d13 0000000000000000
I/DEBUG   (   80):  d14 0000000000000000  d15 0000000000000000
I/DEBUG   (   80):  scr 20000010
I/DEBUG   (   80): 
I/DEBUG   (   80):          #00  pc 0004ba48  /system/lib/libmmparser.so (_ZN7android8Sniff3G2ERKNS_2spINS_10DataSourceEEEPNS_7String8EPfPNS0_INS_8AMessageEEE)
I/DEBUG   (   80):          #01  lr 40b7ae8d  /system/lib/libstagefright.so
I/DEBUG   (   80): 
I/DEBUG   (   80): code around pc:
I/DEBUG   (   80): 413f9a28 3f4ccccd 00049360 fffffd6c 0003ab73  ..L?`...l...s...
I/DEBUG   (   80): 413f9a38 0003ab86 ffffff08 0003ab3f 0003ab87  ........?.......
I/DEBUG   (   80): 413f9a48 4ff0e92d b08d4c71 c1c4f8df af02447c  -..OqL......|D..
I/DEBUG   (   80): 413f9a58 b08a4606 60ba2320 f8544688 a902200c  .F.. #.`.FT.. ..
I/DEBUG   (   80): 413f9a68 6139623b 62786810 68026830 23009301  ;b9a.hxb0h.h...#
I/DEBUG   (   80): 
I/DEBUG   (   80): code around lr:
I/DEBUG   (   80): 40b7ae6c 2b009107 1c18d003 f7eba90e 466febe0  ...+..........oF
I/DEBUG   (   80): 40b7ae7c 97063738 99051c38 aa109f07 47b8ab0f  87..8..........G
I/DEBUG   (   80): 40b7ae8c 980e1c07 d0022800 f7eb9906 2f00ebca  .....(........./
I/DEBUG   (   80): 40b7ae9c e08ad100 98109b03 f7ec6819 2800ea46  .........h..F..(
I/DEBUG   (   80): 40b7aeac e082d100 99059801 e87cf7ec 98109903  ..........|.....
I/DEBUG   (   80): 
I/DEBUG   (   80): memory map around addr 413f9a48:
I/DEBUG   (   80): 412af000-413ae000 
I/DEBUG   (   80): 413ae000-41440000 /system/lib/libmmparser.so
I/DEBUG   (   80): 41440000-41444000 /system/lib/libmmparser.so
I/DEBUG   (   80): 
I/DEBUG   (   80): stack:
I/DEBUG   (   80):     413adb90  413adc14  
I/DEBUG   (   80):     413adb94  00019820  [heap]
I/DEBUG   (   80):     413adb98  0001aca0  [heap]
I/DEBUG   (   80):     413adb9c  00019800  [heap]
I/DEBUG   (   80):     413adba0  413adc08  
I/DEBUG   (   80):     413adba4  401165fd  /system/lib/libutils.so
I/DEBUG   (   80):     413adba8  0000a008  [heap]
I/DEBUG   (   80):     413adbac  00000000  
I/DEBUG   (   80):     413adbb0  0001aca0  [heap]
I/DEBUG   (   80):     413adbb4  40c4b004  /system/lib/libstagefright.so
I/DEBUG   (   80):     413adbb8  0001aca0  [heap]
I/DEBUG   (   80):     413adbbc  40c4b004  /system/lib/libstagefright.so
I/DEBUG   (   80):     413adbc0  0001a220  [heap]
I/DEBUG   (   80):     413adbc4  401165d5  /system/lib/libutils.so
I/DEBUG   (   80):     413adbc8  df0027ad  
I/DEBUG   (   80):     413adbcc  00000000  
I/DEBUG   (   80): #00 413adbd0  400ad474  
I/DEBUG   (   80):     413adbd4  413adca0  
I/DEBUG   (   80):     413adbd8  412ae000  
I/DEBUG   (   80):     413adbdc  413adc9c  
I/DEBUG   (   80):     413adbe0  00019800  [heap]
I/DEBUG   (   80):     413adbe4  413adc14  
I/DEBUG   (   80):     413adbe8  413adc08  
I/DEBUG   (   80):     413adbec  413f9a49  /system/lib/libmmparser.so
I/DEBUG   (   80):     413adbf0  40c51c54  /system/lib/libstagefright.so
I/DEBUG   (   80):     413adbf4  fffff984  
I/DEBUG   (   80):     413adbf8  0001aca0  [heap]
I/DEBUG   (   80):     413adbfc  00000003  
I/DEBUG   (   80):     413adc00  400ad474  
I/DEBUG   (   80):     413adc04  000001b4  
I/DEBUG   (   80):     413adc08  00019800  [heap]
I/DEBUG   (   80):     413adc0c  00000000  
I/DEBUG   (   80):     413adc10  3e4ccccd  
I/DEBUG   (   80):     413adc14  0000a018  [heap]
I/ServiceManager(   77): service 'media.audio_flinger' died
I/ServiceManager(   77): service 'media.player' died
I/ServiceManager(   77): service 'media.camera' died
I/ServiceManager(   77): service 'media.audio_policy' died
W/MediaMetadataRetriever(  715): MediaMetadataRetriever server died!
W/AudioSystem(  160): AudioFlinger server died!
W/AudioSystem(  160): AudioPolicyService server died!
I/ServiceManager(  715): Waiting for service media.player...
I/ServiceManager(  715): Waiting for service media.player...
E/AudioService(  160): Media server died.
I/ServiceManager(  160): Waiting for service media.audio_flinger...
I/ServiceManager(  715): Waiting for service media.player...
I/        ( 2480): ServiceManager: 0xf958
I/HTC Acoustic( 2480): libhtc_acoustic.so version 2.0.0.6.
I/HTC Acoustic( 2480): deonvvv gingerbread test.
I/HTC Acoustic( 2480): open /system/etc/AudioPara4_WB.csv success.
I/HTC Acoustic( 2480): acoustic table version: MAL_WB_20110217
I/HTC Acoustic( 2480): read_audio_para_from_file success.
E/HTC Acoustic( 2480): Fail to open /system/etc/AudioPara_HTC-WWE.csv -1.
I/HTC Acoustic( 2480): open /system/etc/AudioPara4.csv success.
I/HTC Acoustic( 2480): acoustic table version: MAL_Gerenic_20110509
I/HTC Acoustic( 2480): read_audio_para_from_file success.
I/HTC Acoustic( 2480): get_audpp_filter
I/HTC Acoustic( 2480): open /system/etc/AudioFilter.csv success.
I/HTC Acoustic( 2480): MBADRC Filter MBADRC FLAG = ffff.
E/HTC Acoustic( 2480): set mbadrc filter error.
I/HTC Acoustic( 2480): failed to set audpp parameters, exiting.
I/HTC Acoustic( 2480): get_audpre_filter
I/HTC Acoustic( 2480): open /system/etc/AudioPreProcess.csv success.
D/AudioHardwareMSM72XX( 2480): mNumSndEndpoints = 151
V/AudioHardwareMSM72XX( 2480): constructed 151 SND endpoints)
D/AudioHardwareMSM72XX( 2480): BT MATCH HANDSET
D/AudioHardwareMSM72XX( 2480): BT MATCH SPEAKER
D/AudioHardwareMSM72XX( 2480): BT MATCH HEADSET
D/AudioHardwareMSM72XX( 2480): BT MATCH BT
D/AudioHardwareMSM72XX( 2480): BT MATCH CARKIT
D/AudioHardwareMSM72XX( 2480): BT MATCH TTY_FULL
D/AudioHardwareMSM72XX( 2480): BT MATCH TTY_VCO
D/AudioHardwareMSM72XX( 2480): BT MATCH TTY_HCO
D/AudioHardwareMSM72XX( 2480): BT MATCH NO_MIC_HEADSET
D/AudioHardwareMSM72XX( 2480): BT MATCH FM_HEADSET
D/AudioHardwareMSM72XX( 2480): BT MATCH HEADSET_AND_SPEAKER
D/AudioHardwareMSM72XX( 2480): BT MATCH FM_SPEAKER
D/AudioHardwareMSM72XX( 2480): BT MATCH BT_EC_OFF
D/AudioHardwareMSM72XX( 2480): BT MATCH BT_EC_OFF
D/AudioHardwareMSM72XX( 2480): BT MATCH CURRENT
I/AudioFlinger( 2480): Loaded primary audio interface from LEGACY Audio HW HAL (audio)
I/AudioFlinger( 2480): Using 'LEGACY Audio HW HAL' (audio.primary) as the primary audio interface
I/AudioFlinger( 2480): Loaded a2dp audio interface from A2DP Audio HW HAL (audio)
D/AudioHardwareInterface( 2480): setMode(NORMAL)
I/AudioHardwareMSM72XX( 2480): Set master volume to 5.
I/CameraService( 2480): CameraService started (pid=2480)
I/AudioFlinger( 2480): AudioFlinger's thread 0x16f90 ready to run
V/AudioHardwareMSM72XX( 2480): AudioStreamOutMSM72xx::setParameters() routing=2
V/AudioHardwareMSM72XX( 2480): set output routing 2
I/AudioHardwareMSM72XX( 2480): Routing audio to Speakerphone
V/AudioHardwareMSM72XX( 2480): doAudioRouteOrMute() device 1, mMode 0, mMicMute 1
D/AudioHardwareMSM72XX( 2480): setVoiceVolume(1.000000)
I/AudioHardwareMSM72XX( 2480): Setting in-call volume to 5 (available range is 0 to 5)
I/AudioPolicyService( 2480): Loaded audio policy from LEGACY Audio Policy HAL (audio_policy)
E/AudioService(  160): Media server started.
V/AudioHardwareMSM72XX( 2480): setParameters() restarting=true
D/AudioHardwareInterface( 2480): setMode(NORMAL)
W/AudioPolicyManagerBase( 2480): setPhoneState() setting same state 0
W/AudioPolicyManager( 2480): getDeviceForStrategy() unknown strategy: 4
W/AudioPolicyManager( 2480): getDeviceForStrategy() unknown strategy: 4
W/AudioPolicyManager( 2480): getDeviceForStrategy() unknown strategy: 4
W/AudioPolicyManager( 2480): getDeviceForStrategy() unknown strategy: 4
D/AudioHardwareMSM72XX( 2480): setVoiceVolume(0.800000)
I/AudioHardwareMSM72XX( 2480): Setting in-call volume to 4 (available range is 0 to 5)
V/AudioHardwareMSM72XX( 2480): setParameters() restarting=false
F/libc    ( 2480): Fatal signal 4 (SIGILL) at 0x413f9a48 (code=1)
I/DEBUG   (   80): *** *** *** *** *** *** *** *** *** *** *** *** *** *** *** ***
I/DEBUG   (   80): Build fingerprint: 'cyanogenmod/htc_marvel/marvel:4.0.4/ASN01/0.1:user/release-keys'
I/DEBUG   (   80): pid: 2480, tid: 2480  >>> /system/bin/mediaserver <<<
I/DEBUG   (   80): signal 4 (SIGILL), code 1 (ILL_ILLOPC), fault addr 413f9a48
I/DEBUG   (   80):  r0 be8a4970  r1 be8a497c  r2 be8a4978  r3 be8a4974
I/DEBUG   (   80):  r4 be8a4a0c  r5 40c4b004  r6 0001a2e0  r7 413f9a49
I/DEBUG   (   80):  r8 00000000  r9 00000000  10 00000000  fp 00000000
I/DEBUG   (   80):  ip 4012d0f0  sp be8a4938  lr 40b7ae8d  pc 413f9a48  cpsr 80000030
I/DEBUG   (   80):  d0  3ff43d16aee00482  d1  3ff0000000000000
I/DEBUG   (   80):  d2  bebbb370fb6f0b05  d3  3f11504c209ef562
I/DEBUG   (   80):  d4  3fcce748f8ed8687  d5  4000000000000000
I/DEBUG   (   80):  d6  3ffc6316e0e24f2f  d7  3fd43d16aee00482
I/DEBUG   (   80):  d8  0000000000000000  d9  0000000000000000
I/DEBUG   (   80):  d10 0000000000000000  d11 0000000000000000
I/DEBUG   (   80):  d12 0000000000000000  d13 0000000000000000
I/DEBUG   (   80):  d14 0000000000000000  d15 0000000000000000
I/DEBUG   (   80):  scr 20000010
I/DEBUG   (   80): 
I/DEBUG   (   80):          #00  pc 0004ba48  /system/lib/libmmparser.so (_ZN7android8Sniff3G2ERKNS_2spINS_10DataSourceEEEPNS_7String8EPfPNS0_INS_8AMessageEEE)
I/DEBUG   (   80):          #01  lr 40b7ae8d  /system/lib/libstagefright.so
I/DEBUG   (   80): 
I/DEBUG   (   80): code around pc:
I/DEBUG   (   80): 413f9a28 3f4ccccd 00049360 fffffd6c 0003ab73  ..L?`...l...s...
I/DEBUG   (   80): 413f9a38 0003ab86 ffffff08 0003ab3f 0003ab87  ........?.......
I/DEBUG   (   80): 413f9a48 4ff0e92d b08d4c71 c1c4f8df af02447c  -..OqL......|D..
I/DEBUG   (   80): 413f9a58 b08a4606 60ba2320 f8544688 a902200c  .F.. #.`.FT.. ..
I/DEBUG   (   80): 413f9a68 6139623b 62786810 68026830 23009301  ;b9a.hxb0h.h...#
I/DEBUG   (   80): 
I/DEBUG   (   80): code around lr:
I/DEBUG   (   80): 40b7ae6c 2b009107 1c18d003 f7eba90e 466febe0  ...+..........oF
I/DEBUG   (   80): 40b7ae7c 97063738 99051c38 aa109f07 47b8ab0f  87..8..........G
I/DEBUG   (   80): 40b7ae8c 980e1c07 d0022800 f7eb9906 2f00ebca  .....(........./
I/DEBUG   (   80): 40b7ae9c e08ad100 98109b03 f7ec6819 2800ea46  .........h..F..(
I/DEBUG   (   80): 40b7aeac e082d100 99059801 e87cf7ec 98109903  ..........|.....
I/DEBUG   (   80): 
I/DEBUG   (   80): memory map around addr 413f9a48:
I/DEBUG   (   80): 412af000-413ae000 
I/DEBUG   (   80): 413ae000-41440000 /system/lib/libmmparser.so
I/DEBUG   (   80): 41440000-41444000 /system/lib/libmmparser.so
I/DEBUG   (   80): 
I/DEBUG   (   80): stack:
I/DEBUG   (   80):     be8a48f8  be8a497c  [stack]
I/DEBUG   (   80):     be8a48fc  0001afd0  [heap]
I/DEBUG   (   80):     be8a4900  0001a4c8  [heap]
I/DEBUG   (   80):     be8a4904  0001afb0  [heap]
I/DEBUG   (   80):     be8a4908  be8a4970  [stack]
I/DEBUG   (   80):     be8a490c  401165fd  /system/lib/libutils.so
I/DEBUG   (   80):     be8a4910  0000a008  [heap]
I/DEBUG   (   80):     be8a4914  00000000  
I/DEBUG   (   80):     be8a4918  0001a4c8  [heap]
I/DEBUG   (   80):     be8a491c  40c4b004  /system/lib/libstagefright.so
I/DEBUG   (   80):     be8a4920  0001a4c8  [heap]
I/DEBUG   (   80):     be8a4924  40c4b004  /system/lib/libstagefright.so
I/DEBUG   (   80):     be8a4928  0001a2e0  [heap]
I/DEBUG   (   80):     be8a492c  401165d5  /system/lib/libutils.so
I/DEBUG   (   80):     be8a4930  df0027ad  
I/DEBUG   (   80):     be8a4934  00000000  
I/DEBUG   (   80): #00 be8a4938  400ad474  
I/DEBUG   (   80):     be8a493c  be8a4a08  [stack]
I/DEBUG   (   80):     be8a4940  00000000  
I/DEBUG   (   80):     be8a4944  be8a4a04  [stack]
I/DEBUG   (   80):     be8a4948  0001afb0  [heap]
I/DEBUG   (   80):     be8a494c  be8a497c  [stack]
I/DEBUG   (   80):     be8a4950  be8a4970  [stack]
I/DEBUG   (   80):     be8a4954  413f9a49  /system/lib/libmmparser.so
I/DEBUG   (   80):     be8a4958  40c51c54  /system/lib/libstagefright.so
I/DEBUG   (   80):     be8a495c  fffff984  
I/DEBUG   (   80):     be8a4960  0001a4c8  [heap]
I/DEBUG   (   80):     be8a4964  00000003  
I/DEBUG   (   80):     be8a4968  0001a4c0  [heap]
I/DEBUG   (   80):     be8a496c  000001b4  
I/DEBUG   (   80):     be8a4970  0001afb0  [heap]
I/DEBUG   (   80):     be8a4974  00000000  
I/DEBUG   (   80):     be8a4978  3e4ccccd  
I/DEBUG   (   80):     be8a497c  0000a018  [heap]
W/AudioSystem(  160): AudioFlinger server died!
W/AudioSystem(  160): AudioPolicyService server died!
I/ServiceManager(   77): service 'media.audio_flinger' died
I/ServiceManager(   77): service 'media.player' died
I/ServiceManager(   77): service 'media.camera' died
I/ServiceManager(   77): service 'media.audio_policy' died
W/MediaMetadataRetriever(  715): MediaMetadataRetriever server died!
I/ServiceManager(  715): Waiting for service media.player...
I/ServiceManager(  715): Waiting for service media.player...
I/        ( 2490): ServiceManager: 0xf958
I/HTC Acoustic( 2490): libhtc_acoustic.so version 2.0.0.6.
I/HTC Acoustic( 2490): deonvvv gingerbread test.
I/HTC Acoustic( 2490): open /system/etc/AudioPara4_WB.csv success.
I/HTC Acoustic( 2490): acoustic table version: MAL_WB_20110217
I/HTC Acoustic( 2490): read_audio_para_from_file success.
E/HTC Acoustic( 2490): Fail to open /system/etc/AudioPara_HTC-WWE.csv -1.
I/HTC Acoustic( 2490): open /system/etc/AudioPara4.csv success.
I/HTC Acoustic( 2490): acoustic table version: MAL_Gerenic_20110509
I/HTC Acoustic( 2490): read_audio_para_from_file success.
I/HTC Acoustic( 2490): get_audpp_filter
I/HTC Acoustic( 2490): open /system/etc/AudioFilter.csv success.
I/HTC Acoustic( 2490): MBADRC Filter MBADRC FLAG = ffff.
E/HTC Acoustic( 2490): set mbadrc filter error.
I/HTC Acoustic( 2490): failed to set audpp parameters, exiting.
I/HTC Acoustic( 2490): get_audpre_filter
I/HTC Acoustic( 2490): open /system/etc/AudioPreProcess.csv success.
D/AudioHardwareMSM72XX( 2490): mNumSndEndpoints = 151
V/AudioHardwareMSM72XX( 2490): constructed 151 SND endpoints)
D/AudioHardwareMSM72XX( 2490): BT MATCH HANDSET
D/AudioHardwareMSM72XX( 2490): BT MATCH SPEAKER
D/AudioHardwareMSM72XX( 2490): BT MATCH HEADSET
D/AudioHardwareMSM72XX( 2490): BT MATCH BT
D/AudioHardwareMSM72XX( 2490): BT MATCH CARKIT
D/AudioHardwareMSM72XX( 2490): BT MATCH TTY_FULL
D/AudioHardwareMSM72XX( 2490): BT MATCH TTY_VCO
D/AudioHardwareMSM72XX( 2490): BT MATCH TTY_HCO
D/AudioHardwareMSM72XX( 2490): BT MATCH NO_MIC_HEADSET
D/AudioHardwareMSM72XX( 2490): BT MATCH FM_HEADSET
D/AudioHardwareMSM72XX( 2490): BT MATCH HEADSET_AND_SPEAKER
D/AudioHardwareMSM72XX( 2490): BT MATCH FM_SPEAKER
D/AudioHardwareMSM72XX( 2490): BT MATCH BT_EC_OFF
D/AudioHardwareMSM72XX( 2490): BT MATCH BT_EC_OFF
