--------- beginning of /dev/log/main
I/cm      (   79): Welcome to Android 4.0.4 / CyanogenMod-9.0.0-RC0-marvel-UNOFFICIAL 
I/cm      (   80):                                                 _  
I/cm      (   81):  __ __ _ ___  _ _  __  ___  __ _ _  _  _  __  __)) 
I/cm      (   82): ((_ \(/'((_( ((\( ((_)((_( (('((\( ((`1( ((_)((_(  
I/cm      (   83):      ))                 _)) 
I/cm      (   84):   
I/DEBUG   (   89): debuggerd: Jun  1 2012 20:39:36
D/AK8975  (   98): AK8975 daemon 1.1.0 Start
D/AK8975  (   98): (Library version : 1.2.1.1125)
--------- beginning of /dev/log/system
I/Vold    (   87): Vold 2.1 (the revenge) firing up
D/Vold    (   87): Volume sdcard state changing -1 (Initializing) -> 0 (No-Media)
I/Netd    (   88): Netd 1.0 starting
D/Vold    (   87): Volume sdcard state changing 0 (No-Media) -> 2 (Pending)
D/DirectVolume(   87): DirectVolume::handlePartitionAdded -> MAJOR 179, MINOR 1, PARTN 1
D/Vold    (   87): Volume sdcard state changing 2 (Pending) -> 1 (Idle-Unmounted)
I/        (   93): ServiceManager: 0x18910
D/AndroidRuntime(   92): 
D/AndroidRuntime(   92): >>>>>> AndroidRuntime START com.android.internal.os.ZygoteInit <<<<<<
D/AndroidRuntime(   92): CheckJNI is OFF
I/SurfaceFlinger(   91): SurfaceFlinger is starting
I/SurfaceFlinger(   91): SurfaceFlinger's main thread ready to run. Initializing graphics H/W...
E/msm7x27.gralloc(   91): We support 3 buffers
I/msm7x27.gralloc(   91): using (fd=12)
I/msm7x27.gralloc(   91): id           = msmfb
I/msm7x27.gralloc(   91): xres         = 320 px
I/msm7x27.gralloc(   91): yres         = 480 px
I/msm7x27.gralloc(   91): xres_virtual = 320 px
I/msm7x27.gralloc(   91): yres_virtual = 1440 px
I/msm7x27.gralloc(   91): bpp          = 32
I/msm7x27.gralloc(   91): r            =  0:8
I/msm7x27.gralloc(   91): g            =  8:8
I/msm7x27.gralloc(   91): b            = 16:8
I/msm7x27.gralloc(   91): width        = 51 mm (159.372543 dpi)
I/msm7x27.gralloc(   91): height       = 76 mm (160.421051 dpi)
I/msm7x27.gralloc(   91): refresh rate = 0.00 Hz
D/CALCFPS (   91): DEBUG_CALC_FPS: 0
D/CALCFPS (   91): period: 10
D/CALCFPS (   91): ignorethresh_us: 500000
D/CALCFPS (   91): DEBUG_CALC_FPS: 0
D/CALCFPS (   91): period: 10
D/CALCFPS (   91): ignorethresh_us: 500000
D/FramebufferNativeWindow(   91): mNumBuffers = 3
D/libEGL  (   91): loaded /system/lib/egl/libGLES_android.so
D/libEGL  (   91): loaded /system/lib/egl/libEGL_adreno200.so
D/libEGL  (   91): loaded /system/lib/egl/libGLESv1_CM_adreno200.so
D/libEGL  (   91): loaded /system/lib/egl/libGLESv2_adreno200.so
I/SurfaceFlinger(   91): EGL informations:
I/SurfaceFlinger(   91): # of configs : 44
I/SurfaceFlinger(   91): vendor    : Android
I/SurfaceFlinger(   91): version   : 1.4 Android META-EGL
I/SurfaceFlinger(   91): extensions: EGL_KHR_image EGL_KHR_image_base EGL_KHR_image_base EGL_KHR_fence_sync EGL_ANDROID_image_native_buffer EGL_ANDROID_image_native_buffer EGL_ANDROID_get_render_buffer 
I/SurfaceFlinger(   91): Client API: OpenGL ES
I/SurfaceFlinger(   91): EGLSurface: 8-8-8-8, config=0x3
I/SurfaceFlinger(   91): OpenGL informations:
I/SurfaceFlinger(   91): vendor    : Qualcomm
I/SurfaceFlinger(   91): renderer  : Adreno (TM) 200
I/SurfaceFlinger(   91): version   : OpenGL ES-CM 1.1
I/SurfaceFlinger(   91): extensions: GL_AMD_compressed_ATC_texture GL_AMD_performance_monitor GL_APPLE_texture_2D_limited_npot GL_ARB_vertex_buffer_object GL_EXT_texture_filter_anisotropic GL_EXT_texture_format_BGRA8888 GL_EXT_texture_type_2_10_10_10_REV GL_OES_blend_equation_separate GL_OES_blend_func_separate GL_OES_blend_subtract GL_OES_compressed_ETC1_RGB8_texture GL_OES_compressed_paletted_texture GL_OES_depth_texture GL_OES_depth24 GL_OES_draw_texture GL_OES_EGL_image GL_OES_EGL_image_external GL_OES_framebuffer_object GL_OES_matrix_palette GL_OES_packed_depth_stencil GL_OES_point_size_array GL_OES_point_sprite GL_OES_read_format GL_OES_rgb8_rgba8 GL_OES_stencil_wrap GL_OES_texture_cube_map GL_OES_texture_env_crossbar GL_OES_texture_float GL_OES_texture_half_float GL_OES_texture_half_float_linear GL_OES_texture_npot GL_OES_texture_mirrored_repeat GL_QCOM_binning_control GL_QCOM_extended_get GL_QCOM_tiled_rendering GL_AMD_compressed_3DC_texture 
I/SurfaceFlinger(   91): GL_MAX_TEXTURE_SIZE = 4096
I/SurfaceFlinger(   91): GL_MAX_VIEWPORT_DIMS = 4096 x 4096
I/SurfaceFlinger(   91): flags = 00000000
D/CALCFPS (   91): DEBUG_CALC_FPS: 0
D/CALCFPS (   91): period: 10
D/CALCFPS (   91): ignorethresh_us: 500000
I/        (   94): ServiceManager: 0xf958
I/HTC Acoustic(   94): libhtc_acoustic.so version 2.0.0.6.
I/HTC Acoustic(   94): deonvvv gingerbread test.
I/HTC Acoustic(   94): open /system/etc/AudioPara4_WB.csv success.
I/HTC Acoustic(   94): acoustic table version: MAL_WB_20110217
I/HTC Acoustic(   94): read_audio_para_from_file success.
E/HTC Acoustic(   94): Fail to open /system/etc/AudioPara_ALL.csv -1.
I/HTC Acoustic(   94): open /system/etc/AudioPara4.csv success.
I/HTC Acoustic(   94): acoustic table version: MAL_Gerenic_20110509
D/libEGL  (  142): loaded /system/lib/egl/libGLES_android.so
D/libEGL  (  142): loaded /system/lib/egl/libEGL_adreno200.so
I/HTC Acoustic(   94): read_audio_para_from_file success.
D/libEGL  (  142): loaded /system/lib/egl/libGLESv1_CM_adreno200.so
D/libEGL  (  142): loaded /system/lib/egl/libGLESv2_adreno200.so
D/memalloc(   91): init_pmem_area: Initializing pmem area
D/memalloc(   91): init_pmem_area_locked: Opening master pmem FD
D/memalloc(   91): init_pmem_area_locked: Total pmem size: 16777216
D/memalloc(   91): /dev/pmem: Allocated buffer base:0x41504000 size:614400 offset:0 fd:26
D/memalloc(  142): /dev/pmem: Mapped buffer base:0x408f0000 size:614400 offset:0 fd:16
I/HTC Acoustic(   94): get_audpp_filter
I/HTC Acoustic(   94): open /system/etc/AudioFilter.csv success.
I/HTC Acoustic(   94): MBADRC Filter MBADRC FLAG = ffff.
E/HTC Acoustic(   94): set mbadrc filter error.
I/HTC Acoustic(   94): failed to set audpp parameters, exiting.
I/HTC Acoustic(   94): get_audpre_filter
I/HTC Acoustic(   94): open /system/etc/AudioPreProcess.csv success.
D/AudioHardwareMSM72XX(   94): mNumSndEndpoints = 151
V/AudioHardwareMSM72XX(   94): constructed 151 SND endpoints)
D/AudioHardwareMSM72XX(   94): BT MATCH HANDSET
D/AudioHardwareMSM72XX(   94): BT MATCH SPEAKER
D/AudioHardwareMSM72XX(   94): BT MATCH HEADSET
D/AudioHardwareMSM72XX(   94): BT MATCH BT
D/AudioHardwareMSM72XX(   94): BT MATCH CARKIT
D/AudioHardwareMSM72XX(   94): BT MATCH TTY_FULL
D/AudioHardwareMSM72XX(   94): BT MATCH TTY_VCO
D/AudioHardwareMSM72XX(   94): BT MATCH TTY_HCO
D/AudioHardwareMSM72XX(   94): BT MATCH NO_MIC_HEADSET
D/AudioHardwareMSM72XX(   94): BT MATCH FM_HEADSET
D/AudioHardwareMSM72XX(   94): BT MATCH HEADSET_AND_SPEAKER
D/AudioHardwareMSM72XX(   94): BT MATCH FM_SPEAKER
D/AudioHardwareMSM72XX(   94): BT MATCH BT_EC_OFF
D/AudioHardwareMSM72XX(   94): BT MATCH BT_EC_OFF
D/AudioHardwareMSM72XX(   94): BT MATCH CURRENT
I/AudioFlinger(   94): Loaded primary audio interface from LEGACY Audio HW HAL (audio)
I/AudioFlinger(   94): Using 'LEGACY Audio HW HAL' (audio.primary) as the primary audio interface
I/AudioFlinger(   94): Loaded a2dp audio interface from A2DP Audio HW HAL (audio)
D/AudioHardwareInterface(   94): setMode(NORMAL)
I/AudioHardwareMSM72XX(   94): Set master volume to 5.
I/CameraService(   94): CameraService started (pid=94)
I/AudioFlinger(   94): AudioFlinger's thread 0x16fd8 ready to run
W/AudioFlinger(   94): Thread AudioOut_1 cannot connect to the power manager service
V/AudioHardwareMSM72XX(   94): AudioStreamOutMSM72xx::setParameters() routing=2
V/AudioHardwareMSM72XX(   94): set output routing 2
I/AudioHardwareMSM72XX(   94): Routing audio to Speakerphone
V/AudioHardwareMSM72XX(   94): doAudioRouteOrMute() device 1, mMode 0, mMicMute 1
D/AudioHardwareMSM72XX(   94): setVoiceVolume(1.000000)
I/AudioHardwareMSM72XX(   94): Setting in-call volume to 5 (available range is 0 to 5)
I/AudioPolicyService(   94): Loaded audio policy from LEGACY Audio Policy HAL (audio_policy)
D/memalloc(   91): /dev/pmem: Allocated buffer base:0x41504000 size:614400 offset:614400 fd:29
D/memalloc(  142): /dev/pmem: Mapped buffer base:0x40ef8000 size:1228800 offset:614400 fd:20
D/memalloc(   91): /dev/pmem: Allocated buffer base:0x41504000 size:614400 offset:1228800 fd:32
D/memalloc(  142): /dev/pmem: Mapped buffer base:0x411e0000 size:1843200 offset:1228800 fd:23
D/dalvikvm(   92): DexOpt: --- BEGIN 'core.jar' (bootstrap=1) ---
D/dalvikvm(  155): Ignoring duplicate verify attempt on Ljava/lang/Object;
D/dalvikvm(  155): Ignoring duplicate verify attempt on Ljava/lang/Class;
D/dalvikvm(  155): Ignoring duplicate verify attempt on Ljava/lang/ref/Reference;
D/dalvikvm(  155): Ignoring duplicate verify attempt on Ljava/lang/ref/ReferenceQueue;
D/dalvikvm(  155): Ignoring duplicate verify attempt on Ljava/lang/ref/FinalizerReference;
D/dalvikvm(  155): DexOpt: load 441ms, verify+opt 5280ms
D/dalvikvm(   92): DexOpt: --- END 'core.jar' (success) ---
D/dalvikvm(   92): DEX prep '/system/framework/core.jar': unzip in 1502ms, rewrite 7147ms
D/dalvikvm(   92): DexOpt: --- BEGIN 'core-junit.jar' (bootstrap=1) ---
D/dalvikvm(  156): DexOpt: load 10ms, verify+opt 64ms
D/dalvikvm(   92): DexOpt: --- END 'core-junit.jar' (success) ---
D/dalvikvm(   92): DEX prep '/system/framework/core-junit.jar': unzip in 5ms, rewrite 242ms
D/dalvikvm(   92): DexOpt: --- BEGIN 'bouncycastle.jar' (bootstrap=1) ---
D/dalvikvm(  157): DexOpt: load 130ms, verify+opt 1712ms
D/dalvikvm(   92): DexOpt: --- END 'bouncycastle.jar' (success) ---
D/dalvikvm(   92): DEX prep '/system/framework/bouncycastle.jar': unzip in 284ms, rewrite 2477ms
D/dalvikvm(   92): DexOpt: --- BEGIN 'ext.jar' (bootstrap=1) ---
D/dalvikvm(  158): DexOpt: load 247ms, verify+opt 2816ms
D/dalvikvm(   92): DexOpt: --- END 'ext.jar' (success) ---
D/dalvikvm(   92): DEX prep '/system/framework/ext.jar': unzip in 491ms, rewrite 3857ms
D/dalvikvm(   92): DexOpt: --- BEGIN 'framework.jar' (bootstrap=1) ---
D/dalvikvm(  159): Note: class Landroid/opengl/GLWrapperBase; has 250 unimplemented (abstract) methods
D/dalvikvm(  159): DexOpt: load 1140ms, verify+opt 10547ms
D/dalvikvm(   92): DexOpt: --- END 'framework.jar' (success) ---
D/dalvikvm(   92): DEX prep '/system/framework/framework.jar': unzip in 3327ms, rewrite 14255ms
D/dalvikvm(   92): DexOpt: --- BEGIN 'android.policy.jar' (bootstrap=1) ---
D/dalvikvm(  160): DexOpt: load 122ms, verify+opt 760ms
D/dalvikvm(   92): DexOpt: --- END 'android.policy.jar' (success) ---
D/dalvikvm(   92): DEX prep '/system/framework/android.policy.jar': unzip in 139ms, rewrite 1159ms
D/dalvikvm(   92): DexOpt: --- BEGIN 'services.jar' (bootstrap=1) ---
D/dalvikvm(  161): DexOpt: load 131ms, verify+opt 2968ms
D/dalvikvm(   92): DexOpt: --- END 'services.jar' (success) ---
D/dalvikvm(   92): DEX prep '/system/framework/services.jar': unzip in 500ms, rewrite 3602ms
D/dalvikvm(   92): DexOpt: --- BEGIN 'apache-xml.jar' (bootstrap=1) ---
D/dalvikvm(  162): DexOpt: load 141ms, verify+opt 1239ms
D/dalvikvm(   92): DexOpt: --- END 'apache-xml.jar' (success) ---
D/dalvikvm(   92): DEX prep '/system/framework/apache-xml.jar': unzip in 329ms, rewrite 1833ms
D/dalvikvm(   92): DexOpt: --- BEGIN 'filterfw.jar' (bootstrap=1) ---
D/dalvikvm(  163): DexOpt: load 39ms, verify+opt 279ms
D/dalvikvm(   92): DexOpt: --- END 'filterfw.jar' (success) ---
D/dalvikvm(   92): DEX prep '/system/framework/filterfw.jar': unzip in 66ms, rewrite 497ms
E/dalvikvm(   92): ERROR: couldn't find native method
E/dalvikvm(   92): Requested: Landroid/content/res/AssetManager;.splitThemePackage:(Ljava/lang/String;Ljava/lang/String;[Ljava/lang/String;)I
E/JNIHelp (   92): RegisterNatives failed for 'android/content/res/AssetManager', aborting
F/libc    (   92): Fatal signal 11 (SIGSEGV) at 0xdeadbaad (code=1)
I/DEBUG   (   89): *** *** *** *** *** *** *** *** *** *** *** *** *** *** *** ***
I/DEBUG   (   89): Build fingerprint: 'cyanogenmod/htc_marvel/marvel:4.0.4/ASN01/0.1:user/release-keys'
I/DEBUG   (   89): pid: 92, tid: 92  >>> zygote <<<
I/DEBUG   (   89): signal 11 (SIGSEGV), code 1 (SEGV_MAPERR), fault addr deadbaad
I/DEBUG   (   89):  r0 deadbaad  r1 0000000c  r2 00000027  r3 a0000000
I/DEBUG   (   89):  r4 00000000  r5 00000080  r6 401bc6f3  r7 bee57a68
I/DEBUG   (   89):  r8 00000000  r9 00000000  10 00000000  fp 00000000
I/DEBUG   (   89):  ip ffffffff  sp bee57a30  lr 4003ff0f  pc 4003c6c6  cpsr 00000030
I/DEBUG   (   89):  d0  3f4000003f400000  d1  0000000000000000
I/DEBUG   (   89):  d2  0000000000000000  d3  0000000000000000
I/DEBUG   (   89):  d4  0000000000000000  d5  0000000000000000
I/DEBUG   (   89):  d6  0000000000000000  d7  0000000000000000
I/DEBUG   (   89):  d8  0000000000000000  d9  0000000000000000
I/DEBUG   (   89):  d10 0000000000000000  d11 0000000000000000
I/DEBUG   (   89):  d12 0000000000000000  d13 0000000000000000
I/DEBUG   (   89):  d14 0000000000000000  d15 0000000000000000
I/DEBUG   (   89):  scr 60000000
I/DEBUG   (   89): 
I/DEBUG   (   89):          #00  pc 000176c6  /system/lib/libc.so
I/DEBUG   (   89):          #01  pc 0000c658  /system/lib/libnativehelper.so (jniRegisterNativeMethods)
I/DEBUG   (   89): 
I/DEBUG   (   89): code around pc:
I/DEBUG   (   89): 4003c6a4 1c2bd00c 2d00682d e027d1fb 2a0068da  ..+.-h.-..'..h.*
I/DEBUG   (   89): 4003c6b4 4b16d004 447b2001 47906018 22274814  ...K. {D.`.G.H'"
I/DEBUG   (   89): 4003c6c4 70022580 ef74f7f4 f7f62106 aa01e812  .%.p..t..!......
I/DEBUG   (   89): 4003c6d4 05692400 60546091 20061c11 f7f59401  .$i..`T`... ....
I/DEBUG   (   89): 4003c6e4 a905ebce 20022200 ebd6f7f5 ef60f7f4  .....". ......`.
I/DEBUG   (   89): 
I/DEBUG   (   89): code around lr:
I/DEBUG   (   89): 4003feec 4b0db5f0 447bb083 681c2600 68a59001  ...K..{D.&.h...h
I/DEBUG   (   89): 4003fefc e0086867 5ea8220c dd032800 99011c28  gh...".^.(..(...
I/DEBUG   (   89): 4003ff0c 43064788 3f013554 6824d5f4 d1ee2c00  .G.CT5.?..$h.,..
I/DEBUG   (   89): 4003ff1c 1c30b003 46c0bdf0 000285f2 1c0fb5f0  ..0....F........
I/DEBUG   (   89): 4003ff2c b0891c3d a9064355 604d9103 90064914  =...UC....M`.I..
I/DEBUG   (   89): 
I/DEBUG   (   89): memory map around addr deadbaad:
I/DEBUG   (   89): bee37000-bee58000 [stack]
I/DEBUG   (   89): (no map for address)
I/DEBUG   (   89): (no map above)
I/DEBUG   (   89): 
I/DEBUG   (   89): stack:
I/DEBUG   (   89):     bee579f0  00000000  
I/DEBUG   (   89):     bee579f4  f5ca68f7  
I/DEBUG   (   89):     bee579f8  40068720  /system/lib/libc.so
I/DEBUG   (   89):     bee579fc  400686b0  /system/lib/libc.so
I/DEBUG   (   89):     bee57a00  00000000  
I/DEBUG   (   89):     bee57a04  4003ff0f  /system/lib/libc.so
I/DEBUG   (   89):     bee57a08  401bce09  /system/lib/libandroid_runtime.so
I/DEBUG   (   89):     bee57a0c  4003ec75  /system/lib/libc.so
I/DEBUG   (   89):     bee57a10  ffffffff  
I/DEBUG   (   89):     bee57a14  00000000  
I/DEBUG   (   89):     bee57a18  00000000  
I/DEBUG   (   89):     bee57a1c  401bc6f3  /system/lib/libandroid_runtime.so
I/DEBUG   (   89):     bee57a20  bee57a68  [stack]
I/DEBUG   (   89):     bee57a24  4003f08d  /system/lib/libc.so
I/DEBUG   (   89):     bee57a28  df0027ad  
I/DEBUG   (   89):     bee57a2c  00000000  
I/DEBUG   (   89): #00 bee57a30  0000002d  
I/DEBUG   (   89):     bee57a34  00000100  
I/DEBUG   (   89):     bee57a38  4019180d  /system/lib/libandroid_runtime.so
I/DEBUG   (   89):     bee57a3c  f5ca68f7  
I/DEBUG   (   89):     bee57a40  bee57a74  [stack]
I/DEBUG   (   89):     bee57a44  fffffbdf  
I/DEBUG   (   89):     bee57a48  0000f2c0  [heap]
I/DEBUG   (   89):     bee57a4c  40868ffd  /system/lib/libdvm.so
I/DEBUG   (   89):     bee57a50  0000f2c0  [heap]
I/DEBUG   (   89):     bee57a54  401f865b  /system/lib/libnativehelper.so
I/DEBUG   (   89): #01 bee57a58  40868ffd  /system/lib/libdvm.so
I/DEBUG   (   89):     bee57a5c  401f865b  /system/lib/libnativehelper.so
I/DEBUG   (   89):     bee57a60  401d2f48  /system/lib/libandroid_runtime.so
I/DEBUG   (   89):     bee57a64  00000036  
I/DEBUG   (   89):     bee57a68  0000f2c0  [heap]
I/DEBUG   (   89):     bee57a6c  1d200031  
I/DEBUG   (   89):     bee57a70  408c3ca8  /system/lib/libdvm.so
I/DEBUG   (   89):     bee57a74  0000f2c0  [heap]
I/DEBUG   (   89):     bee57a78  401bc6f3  /system/lib/libandroid_runtime.so
I/DEBUG   (   89):     bee57a7c  401d5de0  /system/lib/libandroid_runtime.so
I/DEBUG   (   89):     bee57a80  401b8e4b  /system/lib/libandroid_runtime.so
I/DEBUG   (   89):     bee57a84  40175877  /system/lib/libandroid_runtime.so
I/DEBUG   (   89):     bee57a88  0000f2c0  [heap]
I/DEBUG   (   89):     bee57a8c  401904bb  /system/lib/libandroid_runtime.so
I/DEBUG   (   89):     bee57a90  0000f2c0  [heap]
I/DEBUG   (   89):     bee57a94  1d200025  
I/DEBUG   (   89):     bee57a98  00000001  
I/DEBUG   (   89):     bee57a9c  401cc850  /system/lib/libandroid_runtime.so
I/ServiceManager(   86): service 'media.audio_flinger' died
I/ServiceManager(   86): service 'media.player' died
I/ServiceManager(   86): service 'media.camera' died
I/ServiceManager(   86): service 'media.audio_policy' died
I/Netd    (  168): Netd 1.0 starting
D/AndroidRuntime(  167): 
D/AndroidRuntime(  167): >>>>>> AndroidRuntime START com.android.internal.os.ZygoteInit <<<<<<
D/AndroidRuntime(  167): CheckJNI is OFF
I/        (  169): ServiceManager: 0xf958
I/HTC Acoustic(  169): libhtc_acoustic.so version 2.0.0.6.
I/HTC Acoustic(  169): deonvvv gingerbread test.
I/HTC Acoustic(  169): open /system/etc/AudioPara4_WB.csv success.
I/HTC Acoustic(  169): acoustic table version: MAL_WB_20110217
I/HTC Acoustic(  169): read_audio_para_from_file success.
E/HTC Acoustic(  169): Fail to open /system/etc/AudioPara_ALL.csv -1.
I/HTC Acoustic(  169): open /system/etc/AudioPara4.csv success.
I/HTC Acoustic(  169): acoustic table version: MAL_Gerenic_20110509
E/dalvikvm(  167): ERROR: couldn't find native method
E/dalvikvm(  167): Requested: Landroid/content/res/AssetManager;.splitThemePackage:(Ljava/lang/String;Ljava/lang/String;[Ljava/lang/String;)I
E/JNIHelp (  167): RegisterNatives failed for 'android/content/res/AssetManager', aborting
F/libc    (  167): Fatal signal 11 (SIGSEGV) at 0xdeadbaad (code=1)
I/HTC Acoustic(  169): read_audio_para_from_file success.
I/HTC Acoustic(  169): get_audpp_filter
I/HTC Acoustic(  169): open /system/etc/AudioFilter.csv success.
I/HTC Acoustic(  169): MBADRC Filter MBADRC FLAG = ffff.
E/HTC Acoustic(  169): set mbadrc filter error.
I/HTC Acoustic(  169): failed to set audpp parameters, exiting.
I/HTC Acoustic(  169): get_audpre_filter
I/HTC Acoustic(  169): open /system/etc/AudioPreProcess.csv success.
D/AudioHardwareMSM72XX(  169): mNumSndEndpoints = 151
V/AudioHardwareMSM72XX(  169): constructed 151 SND endpoints)
D/AudioHardwareMSM72XX(  169): BT MATCH HANDSET
D/AudioHardwareMSM72XX(  169): BT MATCH SPEAKER
D/AudioHardwareMSM72XX(  169): BT MATCH HEADSET
D/AudioHardwareMSM72XX(  169): BT MATCH BT
D/AudioHardwareMSM72XX(  169): BT MATCH CARKIT
D/AudioHardwareMSM72XX(  169): BT MATCH TTY_FULL
D/AudioHardwareMSM72XX(  169): BT MATCH TTY_VCO
D/AudioHardwareMSM72XX(  169): BT MATCH TTY_HCO
D/AudioHardwareMSM72XX(  169): BT MATCH NO_MIC_HEADSET
D/AudioHardwareMSM72XX(  169): BT MATCH FM_HEADSET
D/AudioHardwareMSM72XX(  169): BT MATCH HEADSET_AND_SPEAKER
D/AudioHardwareMSM72XX(  169): BT MATCH FM_SPEAKER
D/AudioHardwareMSM72XX(  169): BT MATCH BT_EC_OFF
D/AudioHardwareMSM72XX(  169): BT MATCH BT_EC_OFF
D/AudioHardwareMSM72XX(  169): BT MATCH CURRENT
I/AudioFlinger(  169): Loaded primary audio interface from LEGACY Audio HW HAL (audio)
I/AudioFlinger(  169): Using 'LEGACY Audio HW HAL' (audio.primary) as the primary audio interface
I/AudioFlinger(  169): Loaded a2dp audio interface from A2DP Audio HW HAL (audio)
D/AudioHardwareInterface(  169): setMode(NORMAL)
I/AudioHardwareMSM72XX(  169): Set master volume to 5.
I/CameraService(  169): CameraService started (pid=169)
I/AudioFlinger(  169): AudioFlinger's thread 0x16f90 ready to run
W/AudioFlinger(  169): Thread AudioOut_1 cannot connect to the power manager service
V/AudioHardwareMSM72XX(  169): AudioStreamOutMSM72xx::setParameters() routing=2
V/AudioHardwareMSM72XX(  169): set output routing 2
I/AudioHardwareMSM72XX(  169): Routing audio to Speakerphone
V/AudioHardwareMSM72XX(  169): doAudioRouteOrMute() device 1, mMode 0, mMicMute 1
D/AudioHardwareMSM72XX(  169): setVoiceVolume(1.000000)
I/AudioHardwareMSM72XX(  169): Setting in-call volume to 5 (available range is 0 to 5)
I/AudioPolicyService(  169): Loaded audio policy from LEGACY Audio Policy HAL (audio_policy)
I/DEBUG   (   89): *** *** *** *** *** *** *** *** *** *** *** *** *** *** *** ***
I/DEBUG   (   89): Build fingerprint: 'cyanogenmod/htc_marvel/marvel:4.0.4/ASN01/0.1:user/release-keys'
I/DEBUG   (   89): pid: 167, tid: 167  >>> zygote <<<
I/DEBUG   (   89): signal 11 (SIGSEGV), code 1 (SEGV_MAPERR), fault addr deadbaad
I/DEBUG   (   89):  r0 deadbaad  r1 0000000c  r2 00000027  r3 a0000000
I/DEBUG   (   89):  r4 00000000  r5 00000080  r6 401bc6f3  r7 beafca68
I/DEBUG   (   89):  r8 00000000  r9 00000000  10 00000000  fp 00000000
I/DEBUG   (   89):  ip ffffffff  sp beafca30  lr 4003ff0f  pc 4003c6c6  cpsr 00000030
I/DEBUG   (   89):  d0  3f4000003f400000  d1  0000000000000000
I/DEBUG   (   89):  d2  0000000000000000  d3  0000000000000000
I/DEBUG   (   89):  d4  0000000000000000  d5  0000000000000000
I/DEBUG   (   89):  d6  0000000000000000  d7  0000000000000000
I/DEBUG   (   89):  d8  0000000000000000  d9  0000000000000000
I/DEBUG   (   89):  d10 0000000000000000  d11 0000000000000000
I/DEBUG   (   89):  d12 0000000000000000  d13 0000000000000000
I/DEBUG   (   89):  d14 0000000000000000  d15 0000000000000000
I/DEBUG   (   89):  scr 60000000
I/DEBUG   (   89): 
I/DEBUG   (   89):          #00  pc 000176c6  /system/lib/libc.so
I/DEBUG   (   89):          #01  pc 0000c658  /system/lib/libnativehelper.so (jniRegisterNativeMethods)
I/DEBUG   (   89): 
I/DEBUG   (   89): code around pc:
I/DEBUG   (   89): 4003c6a4 1c2bd00c 2d00682d e027d1fb 2a0068da  ..+.-h.-..'..h.*
I/DEBUG   (   89): 4003c6b4 4b16d004 447b2001 47906018 22274814  ...K. {D.`.G.H'"
I/DEBUG   (   89): 4003c6c4 70022580 ef74f7f4 f7f62106 aa01e812  .%.p..t..!......
I/DEBUG   (   89): 4003c6d4 05692400 60546091 20061c11 f7f59401  .$i..`T`... ....
I/DEBUG   (   89): 4003c6e4 a905ebce 20022200 ebd6f7f5 ef60f7f4  .....". ......`.
I/DEBUG   (   89): 
I/DEBUG   (   89): code around lr:
I/DEBUG   (   89): 4003feec 4b0db5f0 447bb083 681c2600 68a59001  ...K..{D.&.h...h
I/DEBUG   (   89): 4003fefc e0086867 5ea8220c dd032800 99011c28  gh...".^.(..(...
I/DEBUG   (   89): 4003ff0c 43064788 3f013554 6824d5f4 d1ee2c00  .G.CT5.?..$h.,..
I/DEBUG   (   89): 4003ff1c 1c30b003 46c0bdf0 000285f2 1c0fb5f0  ..0....F........
I/DEBUG   (   89): 4003ff2c b0891c3d a9064355 604d9103 90064914  =...UC....M`.I..
I/DEBUG   (   89): 
I/DEBUG   (   89): memory map around addr deadbaad:
I/DEBUG   (   89): beadc000-beafd000 [stack]
I/DEBUG   (   89): (no map for address)
I/DEBUG   (   89): (no map above)
I/DEBUG   (   89): 
I/DEBUG   (   89): stack:
I/DEBUG   (   89):     beafc9f0  00000000  
I/DEBUG   (   89):     beafc9f4  c6e26532  
I/DEBUG   (   89):     beafc9f8  40068720  /system/lib/libc.so
I/DEBUG   (   89):     beafc9fc  400686b0  /system/lib/libc.so
I/DEBUG   (   89):     beafca00  00000000  
I/DEBUG   (   89):     beafca04  4003ff0f  /system/lib/libc.so
I/DEBUG   (   89):     beafca08  401bce09  /system/lib/libandroid_runtime.so
I/DEBUG   (   89):     beafca0c  4003ec75  /system/lib/libc.so
I/DEBUG   (   89):     beafca10  ffffffff  
I/DEBUG   (   89):     beafca14  00000000  
I/DEBUG   (   89):     beafca18  00000000  
I/DEBUG   (   89):     beafca1c  401bc6f3  /system/lib/libandroid_runtime.so
I/DEBUG   (   89):     beafca20  beafca68  [stack]
I/DEBUG   (   89):     beafca24  4003f08d  /system/lib/libc.so
I/DEBUG   (   89):     beafca28  df0027ad  
I/DEBUG   (   89):     beafca2c  00000000  
I/DEBUG   (   89): #00 beafca30  0000002d  
I/DEBUG   (   89):     beafca34  00000100  
I/DEBUG   (   89):     beafca38  4019180d  /system/lib/libandroid_runtime.so
I/DEBUG   (   89):     beafca3c  c6e26532  
I/DEBUG   (   89):     beafca40  beafca74  [stack]
I/DEBUG   (   89):     beafca44  fffffbdf  
I/DEBUG   (   89):     beafca48  0000f2c0  [heap]
I/DEBUG   (   89):     beafca4c  40868ffd  /system/lib/libdvm.so
I/DEBUG   (   89):     beafca50  0000f2c0  [heap]
I/DEBUG   (   89):     beafca54  401f865b  /system/lib/libnativehelper.so
I/DEBUG   (   89): #01 beafca58  40868ffd  /system/lib/libdvm.so
I/DEBUG   (   89):     beafca5c  401f865b  /system/lib/libnativehelper.so
I/DEBUG   (   89):     beafca60  401d2f48  /system/lib/libandroid_runtime.so
I/DEBUG   (   89):     beafca64  00000036  
I/DEBUG   (   89):     beafca68  0000f2c0  [heap]
I/DEBUG   (   89):     beafca6c  1d200031  
I/DEBUG   (   89):     beafca70  408c3ca8  /system/lib/libdvm.so
I/DEBUG   (   89):     beafca74  0000f2c0  [heap]
I/DEBUG   (   89):     beafca78  401bc6f3  /system/lib/libandroid_runtime.so
I/DEBUG   (   89):     beafca7c  401d5de0  /system/lib/libandroid_runtime.so
I/DEBUG   (   89):     beafca80  401b8e4b  /system/lib/libandroid_runtime.so
I/DEBUG   (   89):     beafca84  40175877  /system/lib/libandroid_runtime.so
I/DEBUG   (   89):     beafca88  0000f2c0  [heap]
I/DEBUG   (   89):     beafca8c  401904bb  /system/lib/libandroid_runtime.so
I/DEBUG   (   89):     beafca90  0000f2c0  [heap]
I/DEBUG   (   89):     beafca94  1d200025  
I/DEBUG   (   89):     beafca98  00000001  
I/DEBUG   (   89):     beafca9c  401cc850  /system/lib/libandroid_runtime.so
I/ServiceManager(   86): service 'media.audio_flinger' died
I/ServiceManager(   86): service 'media.player' died
I/ServiceManager(   86): service 'media.camera' died
I/ServiceManager(   86): service 'media.audio_policy' died
I/Netd    (  195): Netd 1.0 starting
D/AndroidRuntime(  196): 
D/AndroidRuntime(  196): >>>>>> AndroidRuntime START com.android.internal.os.ZygoteInit <<<<<<
D/AndroidRuntime(  196): CheckJNI is OFF
I/        (  197): ServiceManager: 0xf958
I/HTC Acoustic(  197): libhtc_acoustic.so version 2.0.0.6.
I/HTC Acoustic(  197): deonvvv gingerbread test.
I/HTC Acoustic(  197): open /system/etc/AudioPara4_WB.csv success.
I/HTC Acoustic(  197): acoustic table version: MAL_WB_20110217
I/HTC Acoustic(  197): read_audio_para_from_file success.
E/HTC Acoustic(  197): Fail to open /system/etc/AudioPara_ALL.csv -1.
I/HTC Acoustic(  197): open /system/etc/AudioPara4.csv success.
I/HTC Acoustic(  197): acoustic table version: MAL_Gerenic_20110509
I/HTC Acoustic(  197): read_audio_para_from_file success.
I/HTC Acoustic(  197): get_audpp_filter
I/HTC Acoustic(  197): open /system/etc/AudioFilter.csv success.
I/HTC Acoustic(  197): MBADRC Filter MBADRC FLAG = ffff.
E/HTC Acoustic(  197): set mbadrc filter error.
I/HTC Acoustic(  197): failed to set audpp parameters, exiting.
I/HTC Acoustic(  197): get_audpre_filter
I/HTC Acoustic(  197): open /system/etc/AudioPreProcess.csv success.
D/AudioHardwareMSM72XX(  197): mNumSndEndpoints = 151
V/AudioHardwareMSM72XX(  197): constructed 151 SND endpoints)
D/AudioHardwareMSM72XX(  197): BT MATCH HANDSET
D/AudioHardwareMSM72XX(  197): BT MATCH SPEAKER
D/AudioHardwareMSM72XX(  197): BT MATCH HEADSET
D/AudioHardwareMSM72XX(  197): BT MATCH BT
D/AudioHardwareMSM72XX(  197): BT MATCH CARKIT
D/AudioHardwareMSM72XX(  197): BT MATCH TTY_FULL
D/AudioHardwareMSM72XX(  197): BT MATCH TTY_VCO
D/AudioHardwareMSM72XX(  197): BT MATCH TTY_HCO
D/AudioHardwareMSM72XX(  197): BT MATCH NO_MIC_HEADSET
D/AudioHardwareMSM72XX(  197): BT MATCH FM_HEADSET
D/AudioHardwareMSM72XX(  197): BT MATCH HEADSET_AND_SPEAKER
D/AudioHardwareMSM72XX(  197): BT MATCH FM_SPEAKER
D/AudioHardwareMSM72XX(  197): BT MATCH BT_EC_OFF
D/AudioHardwareMSM72XX(  197): BT MATCH BT_EC_OFF
D/AudioHardwareMSM72XX(  197): BT MATCH CURRENT
I/AudioFlinger(  197): Loaded primary audio interface from LEGACY Audio HW HAL (audio)
I/AudioFlinger(  197): Using 'LEGACY Audio HW HAL' (audio.primary) as the primary audio interface
I/AudioFlinger(  197): Loaded a2dp audio interface from A2DP Audio HW HAL (audio)
D/AudioHardwareInterface(  197): setMode(NORMAL)
I/AudioHardwareMSM72XX(  197): Set master volume to 5.
I/CameraService(  197): CameraService started (pid=197)
E/dalvikvm(  196): ERROR: couldn't find native method
E/dalvikvm(  196): Requested: Landroid/content/res/AssetManager;.splitThemePackage:(Ljava/lang/String;Ljava/lang/String;[Ljava/lang/String;)I
E/JNIHelp (  196): RegisterNatives failed for 'android/content/res/AssetManager', aborting
F/libc    (  196): Fatal signal 11 (SIGSEGV) at 0xdeadbaad (code=1)
I/AudioFlinger(  197): AudioFlinger's thread 0x16f90 ready to run
W/AudioFlinger(  197): Thread AudioOut_1 cannot connect to the power manager service
V/AudioHardwareMSM72XX(  197): AudioStreamOutMSM72xx::setParameters() routing=2
V/AudioHardwareMSM72XX(  197): set output routing 2
I/AudioHardwareMSM72XX(  197): Routing audio to Speakerphone
V/AudioHardwareMSM72XX(  197): doAudioRouteOrMute() device 1, mMode 0, mMicMute 1
D/AudioHardwareMSM72XX(  197): setVoiceVolume(1.000000)
I/AudioHardwareMSM72XX(  197): Setting in-call volume to 5 (available range is 0 to 5)
I/AudioPolicyService(  197): Loaded audio policy from LEGACY Audio Policy HAL (audio_policy)
I/DEBUG   (   89): *** *** *** *** *** *** *** *** *** *** *** *** *** *** *** ***
I/DEBUG   (   89): Build fingerprint: 'cyanogenmod/htc_marvel/marvel:4.0.4/ASN01/0.1:user/release-keys'
I/DEBUG   (   89): pid: 196, tid: 196  >>> zygote <<<
I/DEBUG   (   89): signal 11 (SIGSEGV), code 1 (SEGV_MAPERR), fault addr deadbaad
I/DEBUG   (   89):  r0 deadbaad  r1 0000000c  r2 00000027  r3 a0000000
I/DEBUG   (   89):  r4 00000000  r5 00000080  r6 401bc6f3  r7 be822a68
I/DEBUG   (   89):  r8 00000000  r9 00000000  10 00000000  fp 00000000
I/DEBUG   (   89):  ip ffffffff  sp be822a30  lr 4003ff0f  pc 4003c6c6  cpsr 00000030
I/DEBUG   (   89):  d0  3f4000003f400000  d1  0000000000000000
I/DEBUG   (   89):  d2  0000000000000000  d3  0000000000000000
I/DEBUG   (   89):  d4  0000000000000000  d5  0000000000000000
I/DEBUG   (   89):  d6  0000000000000000  d7  0000000000000000
I/DEBUG   (   89):  d8  0000000000000000  d9  0000000000000000
I/DEBUG   (   89):  d10 0000000000000000  d11 0000000000000000
I/DEBUG   (   89):  d12 0000000000000000  d13 0000000000000000
I/DEBUG   (   89):  d14 0000000000000000  d15 0000000000000000
I/DEBUG   (   89):  scr 60000000
I/DEBUG   (   89): 
I/DEBUG   (   89):          #00  pc 000176c6  /system/lib/libc.so
I/DEBUG   (   89):          #01  pc 0000c658  /system/lib/libnativehelper.so (jniRegisterNativeMethods)
I/DEBUG   (   89): 
I/DEBUG   (   89): code around pc:
I/DEBUG   (   89): 4003c6a4 1c2bd00c 2d00682d e027d1fb 2a0068da  ..+.-h.-..'..h.*
I/DEBUG   (   89): 4003c6b4 4b16d004 447b2001 47906018 22274814  ...K. {D.`.G.H'"
I/DEBUG   (   89): 4003c6c4 70022580 ef74f7f4 f7f62106 aa01e812  .%.p..t..!......
I/DEBUG   (   89): 4003c6d4 05692400 60546091 20061c11 f7f59401  .$i..`T`... ....
I/DEBUG   (   89): 4003c6e4 a905ebce 20022200 ebd6f7f5 ef60f7f4  .....". ......`.
I/DEBUG   (   89): 
I/DEBUG   (   89): code around lr:
I/DEBUG   (   89): 4003feec 4b0db5f0 447bb083 681c2600 68a59001  ...K..{D.&.h...h
I/DEBUG   (   89): 4003fefc e0086867 5ea8220c dd032800 99011c28  gh...".^.(..(...
I/DEBUG   (   89): 4003ff0c 43064788 3f013554 6824d5f4 d1ee2c00  .G.CT5.?..$h.,..
I/DEBUG   (   89): 4003ff1c 1c30b003 46c0bdf0 000285f2 1c0fb5f0  ..0....F........
I/DEBUG   (   89): 4003ff2c b0891c3d a9064355 604d9103 90064914  =...UC....M`.I..
I/DEBUG   (   89): 
I/DEBUG   (   89): memory map around addr deadbaad:
I/DEBUG   (   89): be802000-be823000 [stack]
I/DEBUG   (   89): (no map for address)
I/DEBUG   (   89): (no map above)
I/DEBUG   (   89): 
I/DEBUG   (   89): stack:
I/DEBUG   (   89):     be8229f0  00000000  
I/DEBUG   (   89):     be8229f4  8b8fbc5c  
I/DEBUG   (   89):     be8229f8  40068720  /system/lib/libc.so
I/DEBUG   (   89):     be8229fc  400686b0  /system/lib/libc.so
I/DEBUG   (   89):     be822a00  00000000  
I/DEBUG   (   89):     be822a04  4003ff0f  /system/lib/libc.so
I/DEBUG   (   89):     be822a08  401bce09  /system/lib/libandroid_runtime.so
I/DEBUG   (   89):     be822a0c  4003ec75  /system/lib/libc.so
I/DEBUG   (   89):     be822a10  ffffffff  
I/DEBUG   (   89):     be822a14  00000000  
I/DEBUG   (   89):     be822a18  00000000  
I/DEBUG   (   89):     be822a1c  401bc6f3  /system/lib/libandroid_runtime.so
I/DEBUG   (   89):     be822a20  be822a68  [stack]
I/DEBUG   (   89):     be822a24  4003f08d  /system/lib/libc.so
I/DEBUG   (   89):     be822a28  df0027ad  
I/DEBUG   (   89):     be822a2c  00000000  
I/DEBUG   (   89): #00 be822a30  0000002d  
I/DEBUG   (   89):     be822a34  00000100  
I/DEBUG   (   89):     be822a38  4019180d  /system/lib/libandroid_runtime.so
I/DEBUG   (   89):     be822a3c  8b8fbc5c  
I/DEBUG   (   89):     be822a40  be822a74  [stack]
I/DEBUG   (   89):     be822a44  fffffbdf  
I/DEBUG   (   89):     be822a48  0000f2c0  [heap]
I/DEBUG   (   89):     be822a4c  40868ffd  /system/lib/libdvm.so
I/DEBUG   (   89):     be822a50  0000f2c0  [heap]
I/DEBUG   (   89):     be822a54  401f865b  /system/lib/libnativehelper.so
I/DEBUG   (   89): #01 be822a58  40868ffd  /system/lib/libdvm.so
I/DEBUG   (   89):     be822a5c  401f865b  /system/lib/libnativehelper.so
I/DEBUG   (   89):     be822a60  401d2f48  /system/lib/libandroid_runtime.so
I/DEBUG   (   89):     be822a64  00000036  
I/DEBUG   (   89):     be822a68  0000f2c0  [heap]
I/DEBUG   (   89):     be822a6c  1d200031  
I/DEBUG   (   89):     be822a70  408c3ca8  /system/lib/libdvm.so
I/DEBUG   (   89):     be822a74  0000f2c0  [heap]
I/DEBUG   (   89):     be822a78  401bc6f3  /system/lib/libandroid_runtime.so
I/DEBUG   (   89):     be822a7c  401d5de0  /system/lib/libandroid_runtime.so
I/DEBUG   (   89):     be822a80  401b8e4b  /system/lib/libandroid_runtime.so
I/DEBUG   (   89):     be822a84  40175877  /system/lib/libandroid_runtime.so
I/DEBUG   (   89):     be822a88  0000f2c0  [heap]
I/DEBUG   (   89):     be822a8c  401904bb  /system/lib/libandroid_runtime.so
I/DEBUG   (   89):     be822a90  0000f2c0  [heap]
I/DEBUG   (   89):     be822a94  1d200025  
I/DEBUG   (   89):     be822a98  00000001  
I/DEBUG   (   89):     be822a9c  401cc850  /system/lib/libandroid_runtime.so
I/ServiceManager(   86): service 'media.audio_flinger' died
I/ServiceManager(   86): service 'media.player' died
I/ServiceManager(   86): service 'media.camera' died
I/ServiceManager(   86): service 'media.audio_policy' died
I/Netd    (  223): Netd 1.0 starting
D/AndroidRuntime(  224): 
D/AndroidRuntime(  224): >>>>>> AndroidRuntime START com.android.internal.os.ZygoteInit <<<<<<
D/AndroidRuntime(  224): CheckJNI is OFF
I/        (  225): ServiceManager: 0xf958
I/HTC Acoustic(  225): libhtc_acoustic.so version 2.0.0.6.
I/HTC Acoustic(  225): deonvvv gingerbread test.
I/HTC Acoustic(  225): open /system/etc/AudioPara4_WB.csv success.
I/HTC Acoustic(  225): acoustic table version: MAL_WB_20110217
I/HTC Acoustic(  225): read_audio_para_from_file success.
E/HTC Acoustic(  225): Fail to open /system/etc/AudioPara_ALL.csv -1.
I/HTC Acoustic(  225): open /system/etc/AudioPara4.csv success.
I/HTC Acoustic(  225): acoustic table version: MAL_Gerenic_20110509
I/HTC Acoustic(  225): read_audio_para_from_file success.
E/dalvikvm(  224): ERROR: couldn't find native method
E/dalvikvm(  224): Requested: Landroid/content/res/AssetManager;.splitThemePackage:(Ljava/lang/String;Ljava/lang/String;[Ljava/lang/String;)I
E/JNIHelp (  224): RegisterNatives failed for 'android/content/res/AssetManager', aborting
F/libc    (  224): Fatal signal 11 (SIGSEGV) at 0xdeadbaad (code=1)
I/HTC Acoustic(  225): get_audpp_filter
I/HTC Acoustic(  225): open /system/etc/AudioFilter.csv success.
I/HTC Acoustic(  225): MBADRC Filter MBADRC FLAG = ffff.
E/HTC Acoustic(  225): set mbadrc filter error.
I/HTC Acoustic(  225): failed to set audpp parameters, exiting.
I/HTC Acoustic(  225): get_audpre_filter
I/HTC Acoustic(  225): open /system/etc/AudioPreProcess.csv success.
D/AudioHardwareMSM72XX(  225): mNumSndEndpoints = 151
V/AudioHardwareMSM72XX(  225): constructed 151 SND endpoints)
D/AudioHardwareMSM72XX(  225): BT MATCH HANDSET
D/AudioHardwareMSM72XX(  225): BT MATCH SPEAKER
D/AudioHardwareMSM72XX(  225): BT MATCH HEADSET
D/AudioHardwareMSM72XX(  225): BT MATCH BT
D/AudioHardwareMSM72XX(  225): BT MATCH CARKIT
D/AudioHardwareMSM72XX(  225): BT MATCH TTY_FULL
D/AudioHardwareMSM72XX(  225): BT MATCH TTY_VCO
D/AudioHardwareMSM72XX(  225): BT MATCH TTY_HCO
D/AudioHardwareMSM72XX(  225): BT MATCH NO_MIC_HEADSET
D/AudioHardwareMSM72XX(  225): BT MATCH FM_HEADSET
D/AudioHardwareMSM72XX(  225): BT MATCH HEADSET_AND_SPEAKER
D/AudioHardwareMSM72XX(  225): BT MATCH FM_SPEAKER
D/AudioHardwareMSM72XX(  225): BT MATCH BT_EC_OFF
D/AudioHardwareMSM72XX(  225): BT MATCH BT_EC_OFF
D/AudioHardwareMSM72XX(  225): BT MATCH CURRENT
I/AudioFlinger(  225): Loaded primary audio interface from LEGACY Audio HW HAL (audio)
I/AudioFlinger(  225): Using 'LEGACY Audio HW HAL' (audio.primary) as the primary audio interface
I/AudioFlinger(  225): Loaded a2dp audio interface from A2DP Audio HW HAL (audio)
D/AudioHardwareInterface(  225): setMode(NORMAL)
I/AudioHardwareMSM72XX(  225): Set master volume to 5.
I/CameraService(  225): CameraService started (pid=225)
I/AudioFlinger(  225): AudioFlinger's thread 0x16ff8 ready to run
W/AudioFlinger(  225): Thread AudioOut_1 cannot connect to the power manager service
V/AudioHardwareMSM72XX(  225): AudioStreamOutMSM72xx::setParameters() routing=2
V/AudioHardwareMSM72XX(  225): set output routing 2
I/AudioHardwareMSM72XX(  225): Routing audio to Speakerphone
V/AudioHardwareMSM72XX(  225): doAudioRouteOrMute() device 1, mMode 0, mMicMute 1
D/AudioHardwareMSM72XX(  225): setVoiceVolume(1.000000)
I/AudioHardwareMSM72XX(  225): Setting in-call volume to 5 (available range is 0 to 5)
I/AudioPolicyService(  225): Loaded audio policy from LEGACY Audio Policy HAL (audio_policy)
I/DEBUG   (   89): *** *** *** *** *** *** *** *** *** *** *** *** *** *** *** ***
I/DEBUG   (   89): Build fingerprint: 'cyanogenmod/htc_marvel/marvel:4.0.4/ASN01/0.1:user/release-keys'
I/DEBUG   (   89): pid: 224, tid: 224  >>> zygote <<<
I/DEBUG   (   89): signal 11 (SIGSEGV), code 1 (SEGV_MAPERR), fault addr deadbaad
I/DEBUG   (   89):  r0 deadbaad  r1 0000000c  r2 00000027  r3 a0000000
I/DEBUG   (   89):  r4 00000000  r5 00000080  r6 401bc6f3  r7 beb05a68
I/DEBUG   (   89):  r8 00000000  r9 00000000  10 00000000  fp 00000000
I/DEBUG   (   89):  ip ffffffff  sp beb05a30  lr 4003ff0f  pc 4003c6c6  cpsr 00000030
I/DEBUG   (   89):  d0  3f4000003f400000  d1  0000000000000000
I/DEBUG   (   89):  d2  0000000000000000  d3  0000000000000000
I/DEBUG   (   89):  d4  0000000000000000  d5  0000000000000000
I/DEBUG   (   89):  d6  0000000000000000  d7  0000000000000000
I/DEBUG   (   89):  d8  0000000000000000  d9  0000000000000000
I/DEBUG   (   89):  d10 0000000000000000  d11 0000000000000000
I/DEBUG   (   89):  d12 0000000000000000  d13 0000000000000000
I/DEBUG   (   89):  d14 0000000000000000  d15 0000000000000000
I/DEBUG   (   89):  scr 60000000
I/DEBUG   (   89): 
I/DEBUG   (   89):          #00  pc 000176c6  /system/lib/libc.so
I/DEBUG   (   89):          #01  pc 0000c658  /system/lib/libnativehelper.so (jniRegisterNativeMethods)
I/DEBUG   (   89): 
I/DEBUG   (   89): code around pc:
I/DEBUG   (   89): 4003c6a4 1c2bd00c 2d00682d e027d1fb 2a0068da  ..+.-h.-..'..h.*
I/DEBUG   (   89): 4003c6b4 4b16d004 447b2001 47906018 22274814  ...K. {D.`.G.H'"
I/DEBUG   (   89): 4003c6c4 70022580 ef74f7f4 f7f62106 aa01e812  .%.p..t..!......
I/DEBUG   (   89): 4003c6d4 05692400 60546091 20061c11 f7f59401  .$i..`T`... ....
I/DEBUG   (   89): 4003c6e4 a905ebce 20022200 ebd6f7f5 ef60f7f4  .....". ......`.
I/DEBUG   (   89): 
I/DEBUG   (   89): code around lr:
I/DEBUG   (   89): 4003feec 4b0db5f0 447bb083 681c2600 68a59001  ...K..{D.&.h...h
I/DEBUG   (   89): 4003fefc e0086867 5ea8220c dd032800 99011c28  gh...".^.(..(...
I/DEBUG   (   89): 4003ff0c 43064788 3f013554 6824d5f4 d1ee2c00  .G.CT5.?..$h.,..
I/DEBUG   (   89): 4003ff1c 1c30b003 46c0bdf0 000285f2 1c0fb5f0  ..0....F........
I/DEBUG   (   89): 4003ff2c b0891c3d a9064355 604d9103 90064914  =...UC....M`.I..
I/DEBUG   (   89): 
I/DEBUG   (   89): memory map around addr deadbaad:
I/DEBUG   (   89): beae5000-beb06000 [stack]
I/DEBUG   (   89): (no map for address)
I/DEBUG   (   89): (no map above)
I/DEBUG   (   89): 
I/DEBUG   (   89): stack:
I/DEBUG   (   89):     beb059f0  00000000  
I/DEBUG   (   89):     beb059f4  3b53cf57  
I/DEBUG   (   89):     beb059f8  40068720  /system/lib/libc.so
I/DEBUG   (   89):     beb059fc  400686b0  /system/lib/libc.so
I/DEBUG   (   89):     beb05a00  00000000  
I/DEBUG   (   89):     beb05a04  4003ff0f  /system/lib/libc.so
I/DEBUG   (   89):     beb05a08  401bce09  /system/lib/libandroid_runtime.so
I/DEBUG   (   89):     beb05a0c  4003ec75  /system/lib/libc.so
I/DEBUG   (   89):     beb05a10  ffffffff  
I/DEBUG   (   89):     beb05a14  00000000  
I/DEBUG   (   89):     beb05a18  00000000  
I/DEBUG   (   89):     beb05a1c  401bc6f3  /system/lib/libandroid_runtime.so
I/DEBUG   (   89):     beb05a20  beb05a68  [stack]
I/DEBUG   (   89):     beb05a24  4003f08d  /system/lib/libc.so
I/DEBUG   (   89):     beb05a28  df0027ad  
I/DEBUG   (   89):     beb05a2c  00000000  
I/DEBUG   (   89): #00 beb05a30  0000002d  
I/DEBUG   (   89):     beb05a34  00000100  
I/DEBUG   (   89):     beb05a38  4019180d  /system/lib/libandroid_runtime.so
I/DEBUG   (   89):     beb05a3c  3b53cf57  
I/DEBUG   (   89):     beb05a40  beb05a74  [stack]
I/DEBUG   (   89):     beb05a44  fffffbdf  
I/DEBUG   (   89):     beb05a48  0000f2c0  [heap]
I/DEBUG   (   89):     beb05a4c  40868ffd  /system/lib/libdvm.so
I/DEBUG   (   89):     beb05a50  0000f2c0  [heap]
I/DEBUG   (   89):     beb05a54  401f865b  /system/lib/libnativehelper.so
I/DEBUG   (   89): #01 beb05a58  40868ffd  /system/lib/libdvm.so
I/DEBUG   (   89):     beb05a5c  401f865b  /system/lib/libnativehelper.so
I/DEBUG   (   89):     beb05a60  401d2f48  /system/lib/libandroid_runtime.so
I/DEBUG   (   89):     beb05a64  00000036  
I/DEBUG   (   89):     beb05a68  0000f2c0  [heap]
I/DEBUG   (   89):     beb05a6c  1d200031  
I/DEBUG   (   89):     beb05a70  408c3ca8  /system/lib/libdvm.so
I/DEBUG   (   89):     beb05a74  0000f2c0  [heap]
I/DEBUG   (   89):     beb05a78  401bc6f3  /system/lib/libandroid_runtime.so
I/DEBUG   (   89):     beb05a7c  401d5de0  /system/lib/libandroid_runtime.so
I/DEBUG   (   89):     beb05a80  401b8e4b  /system/lib/libandroid_runtime.so
I/DEBUG   (   89):     beb05a84  40175877  /system/lib/libandroid_runtime.so
I/DEBUG   (   89):     beb05a88  0000f2c0  [heap]
I/DEBUG   (   89):     beb05a8c  401904bb  /system/lib/libandroid_runtime.so
I/DEBUG   (   89):     beb05a90  0000f2c0  [heap]
I/DEBUG   (   89):     beb05a94  1d200025  
I/DEBUG   (   89):     beb05a98  00000001  
I/DEBUG   (   89):     beb05a9c  401cc850  /system/lib/libandroid_runtime.so
I/ServiceManager(   86): service 'media.audio_flinger' died
I/ServiceManager(   86): service 'media.player' died
I/ServiceManager(   86): service 'media.camera' died
I/ServiceManager(   86): service 'media.audio_policy' died
I/Netd    (  251): Netd 1.0 starting
D/AndroidRuntime(  252): 
D/AndroidRuntime(  252): >>>>>> AndroidRuntime START com.android.internal.os.ZygoteInit <<<<<<
D/AndroidRuntime(  252): CheckJNI is OFF
I/        (  253): ServiceManager: 0xf958
I/HTC Acoustic(  253): libhtc_acoustic.so version 2.0.0.6.
I/HTC Acoustic(  253): deonvvv gingerbread test.
I/HTC Acoustic(  253): open /system/etc/AudioPara4_WB.csv success.
I/HTC Acoustic(  253): acoustic table version: MAL_WB_20110217
I/HTC Acoustic(  253): read_audio_para_from_file success.
E/dalvikvm(  252): ERROR: couldn't find native method
E/HTC Acoustic(  253): Fail to open /system/etc/AudioPara_ALL.csv -1.
I/HTC Acoustic(  253): open /system/etc/AudioPara4.csv success.
I/HTC Acoustic(  253): acoustic table version: MAL_Gerenic_20110509
E/dalvikvm(  252): Requested: Landroid/content/res/AssetManager;.splitThemePackage:(Ljava/lang/String;Ljava/lang/String;[Ljava/lang/String;)I
E/JNIHelp (  252): RegisterNatives failed for 'android/content/res/AssetManager', aborting
F/libc    (  252): Fatal signal 11 (SIGSEGV) at 0xdeadbaad (code=1)
I/HTC Acoustic(  253): read_audio_para_from_file success.
I/HTC Acoustic(  253): get_audpp_filter
I/HTC Acoustic(  253): open /system/etc/AudioFilter.csv success.
I/HTC Acoustic(  253): MBADRC Filter MBADRC FLAG = ffff.
E/HTC Acoustic(  253): set mbadrc filter error.
I/HTC Acoustic(  253): failed to set audpp parameters, exiting.
I/HTC Acoustic(  253): get_audpre_filter
I/HTC Acoustic(  253): open /system/etc/AudioPreProcess.csv success.
D/AudioHardwareMSM72XX(  253): mNumSndEndpoints = 151
V/AudioHardwareMSM72XX(  253): constructed 151 SND endpoints)
D/AudioHardwareMSM72XX(  253): BT MATCH HANDSET
D/AudioHardwareMSM72XX(  253): BT MATCH SPEAKER
D/AudioHardwareMSM72XX(  253): BT MATCH HEADSET
D/AudioHardwareMSM72XX(  253): BT MATCH BT
D/AudioHardwareMSM72XX(  253): BT MATCH CARKIT
D/AudioHardwareMSM72XX(  253): BT MATCH TTY_FULL
D/AudioHardwareMSM72XX(  253): BT MATCH TTY_VCO
D/AudioHardwareMSM72XX(  253): BT MATCH TTY_HCO
D/AudioHardwareMSM72XX(  253): BT MATCH NO_MIC_HEADSET
D/AudioHardwareMSM72XX(  253): BT MATCH FM_HEADSET
D/AudioHardwareMSM72XX(  253): BT MATCH HEADSET_AND_SPEAKER
D/AudioHardwareMSM72XX(  253): BT MATCH FM_SPEAKER
D/AudioHardwareMSM72XX(  253): BT MATCH BT_EC_OFF
D/AudioHardwareMSM72XX(  253): BT MATCH BT_EC_OFF
D/AudioHardwareMSM72XX(  253): BT MATCH CURRENT
I/AudioFlinger(  253): Loaded primary audio interface from LEGACY Audio HW HAL (audio)
I/AudioFlinger(  253): Using 'LEGACY Audio HW HAL' (audio.primary) as the primary audio interface
I/AudioFlinger(  253): Loaded a2dp audio interface from A2DP Audio HW HAL (audio)
D/AudioHardwareInterface(  253): setMode(NORMAL)
I/AudioHardwareMSM72XX(  253): Set master volume to 5.
I/CameraService(  253): CameraService started (pid=253)
I/AudioFlinger(  253): AudioFlinger's thread 0x16f90 ready to run
W/AudioFlinger(  253): Thread AudioOut_1 cannot connect to the power manager service
V/AudioHardwareMSM72XX(  253): AudioStreamOutMSM72xx::setParameters() routing=2
V/AudioHardwareMSM72XX(  253): set output routing 2
I/AudioHardwareMSM72XX(  253): Routing audio to Speakerphone
V/AudioHardwareMSM72XX(  253): doAudioRouteOrMute() device 1, mMode 0, mMicMute 1
D/AudioHardwareMSM72XX(  253): setVoiceVolume(1.000000)
I/AudioHardwareMSM72XX(  253): Setting in-call volume to 5 (available range is 0 to 5)
I/AudioPolicyService(  253): Loaded audio policy from LEGACY Audio Policy HAL (audio_policy)
I/DEBUG   (   89): *** *** *** *** *** *** *** *** *** *** *** *** *** *** *** ***
I/DEBUG   (   89): Build fingerprint: 'cyanogenmod/htc_marvel/marvel:4.0.4/ASN01/0.1:user/release-keys'
I/DEBUG   (   89): pid: 252, tid: 252  >>> zygote <<<
I/DEBUG   (   89): signal 11 (SIGSEGV), code 1 (SEGV_MAPERR), fault addr deadbaad
I/DEBUG   (   89):  r0 deadbaad  r1 0000000c  r2 00000027  r3 a0000000
I/DEBUG   (   89):  r4 00000000  r5 00000080  r6 401bc6f3  r7 be8e3a68
I/DEBUG   (   89):  r8 00000000  r9 00000000  10 00000000  fp 00000000
I/DEBUG   (   89):  ip ffffffff  sp be8e3a30  lr 4003ff0f  pc 4003c6c6  cpsr 00000030
I/DEBUG   (   89):  d0  3f4000003f400000  d1  0000000000000000
I/DEBUG   (   89):  d2  0000000000000000  d3  0000000000000000
I/DEBUG   (   89):  d4  0000000000000000  d5  0000000000000000
I/DEBUG   (   89):  d6  0000000000000000  d7  0000000000000000
I/DEBUG   (   89):  d8  0000000000000000  d9  0000000000000000
I/DEBUG   (   89):  d10 0000000000000000  d11 0000000000000000
I/DEBUG   (   89):  d12 0000000000000000  d13 0000000000000000
I/DEBUG   (   89):  d14 0000000000000000  d15 0000000000000000
I/DEBUG   (   89):  scr 60000000
I/DEBUG   (   89): 
I/DEBUG   (   89):          #00  pc 000176c6  /system/lib/libc.so
I/DEBUG   (   89):          #01  pc 0000c658  /system/lib/libnativehelper.so (jniRegisterNativeMethods)
I/DEBUG   (   89): 
I/DEBUG   (   89): code around pc:
I/DEBUG   (   89): 4003c6a4 1c2bd00c 2d00682d e027d1fb 2a0068da  ..+.-h.-..'..h.*
I/DEBUG   (   89): 4003c6b4 4b16d004 447b2001 47906018 22274814  ...K. {D.`.G.H'"
I/DEBUG   (   89): 4003c6c4 70022580 ef74f7f4 f7f62106 aa01e812  .%.p..t..!......
I/DEBUG   (   89): 4003c6d4 05692400 60546091 20061c11 f7f59401  .$i..`T`... ....
I/DEBUG   (   89): 4003c6e4 a905ebce 20022200 ebd6f7f5 ef60f7f4  .....". ......`.
I/DEBUG   (   89): 
I/DEBUG   (   89): code around lr:
I/DEBUG   (   89): 4003feec 4b0db5f0 447bb083 681c2600 68a59001  ...K..{D.&.h...h
I/DEBUG   (   89): 4003fefc e0086867 5ea8220c dd032800 99011c28  gh...".^.(..(...
I/DEBUG   (   89): 4003ff0c 43064788 3f013554 6824d5f4 d1ee2c00  .G.CT5.?..$h.,..
I/DEBUG   (   89): 4003ff1c 1c30b003 46c0bdf0 000285f2 1c0fb5f0  ..0....F........
I/DEBUG   (   89): 4003ff2c b0891c3d a9064355 604d9103 90064914  =...UC....M`.I..
I/DEBUG   (   89): 
I/DEBUG   (   89): memory map around addr deadbaad:
I/DEBUG   (   89): be8c3000-be8e4000 [stack]
I/DEBUG   (   89): (no map for address)
I/DEBUG   (   89): (no map above)
I/DEBUG   (   89): 
I/DEBUG   (   89): stack:
I/DEBUG   (   89):     be8e39f0  00000000  
I/DEBUG   (   89):     be8e39f4  050c9ef7  
I/DEBUG   (   89):     be8e39f8  40068720  /system/lib/libc.so
I/DEBUG   (   89):     be8e39fc  400686b0  /system/lib/libc.so
I/DEBUG   (   89):     be8e3a00  00000000  
I/DEBUG   (   89):     be8e3a04  4003ff0f  /system/lib/libc.so
I/DEBUG   (   89):     be8e3a08  401bce09  /system/lib/libandroid_runtime.so
I/DEBUG   (   89):     be8e3a0c  4003ec75  /system/lib/libc.so
I/DEBUG   (   89):     be8e3a10  ffffffff  
I/DEBUG   (   89):     be8e3a14  00000000  
