I/DEBUG   (   89):     be8f79fc  400686b0  /system/lib/libc.so
I/DEBUG   (   89):     be8f7a00  00000000  
I/DEBUG   (   89):     be8f7a04  4003ff0f  /system/lib/libc.so
I/DEBUG   (   89):     be8f7a08  401bce09  /system/lib/libandroid_runtime.so
I/DEBUG   (   89):     be8f7a0c  4003ec75  /system/lib/libc.so
I/DEBUG   (   89):     be8f7a10  ffffffff  
I/DEBUG   (   89):     be8f7a14  00000000  
I/DEBUG   (   89):     be8f7a18  00000000  
I/DEBUG   (   89):     be8f7a1c  401bc6f3  /system/lib/libandroid_runtime.so
I/DEBUG   (   89):     be8f7a20  be8f7a68  [stack]
I/DEBUG   (   89):     be8f7a24  4003f08d  /system/lib/libc.so
I/DEBUG   (   89):     be8f7a28  df0027ad  
I/DEBUG   (   89):     be8f7a2c  00000000  
I/DEBUG   (   89): #00 be8f7a30  0000002d  
I/DEBUG   (   89):     be8f7a34  00000100  
I/DEBUG   (   89):     be8f7a38  4019180d  /system/lib/libandroid_runtime.so
I/DEBUG   (   89):     be8f7a3c  3bd44c16  
I/DEBUG   (   89):     be8f7a40  be8f7a74  [stack]
I/DEBUG   (   89):     be8f7a44  fffffbdf  
I/DEBUG   (   89):     be8f7a48  0000f2c0  [heap]
I/DEBUG   (   89):     be8f7a4c  40868ffd  /system/lib/libdvm.so
I/DEBUG   (   89):     be8f7a50  0000f2c0  [heap]
I/DEBUG   (   89):     be8f7a54  401f865b  /system/lib/libnativehelper.so
I/DEBUG   (   89): #01 be8f7a58  40868ffd  /system/lib/libdvm.so
I/DEBUG   (   89):     be8f7a5c  401f865b  /system/lib/libnativehelper.so
I/DEBUG   (   89):     be8f7a60  401d2f48  /system/lib/libandroid_runtime.so
I/DEBUG   (   89):     be8f7a64  00000036  
I/DEBUG   (   89):     be8f7a68  0000f2c0  [heap]
I/DEBUG   (   89):     be8f7a6c  1d200031  
I/DEBUG   (   89):     be8f7a70  408c3ca8  /system/lib/libdvm.so
I/DEBUG   (   89):     be8f7a74  0000f2c0  [heap]
I/DEBUG   (   89):     be8f7a78  401bc6f3  /system/lib/libandroid_runtime.so
I/DEBUG   (   89):     be8f7a7c  401d5de0  /system/lib/libandroid_runtime.so
I/DEBUG   (   89):     be8f7a80  401b8e4b  /system/lib/libandroid_runtime.so
I/DEBUG   (   89):     be8f7a84  40175877  /system/lib/libandroid_runtime.so
I/DEBUG   (   89):     be8f7a88  0000f2c0  [heap]
I/DEBUG   (   89):     be8f7a8c  401904bb  /system/lib/libandroid_runtime.so
I/DEBUG   (   89):     be8f7a90  0000f2c0  [heap]
I/DEBUG   (   89):     be8f7a94  1d200025  
I/DEBUG   (   89):     be8f7a98  00000001  
I/DEBUG   (   89):     be8f7a9c  401cc850  /system/lib/libandroid_runtime.so
I/ServiceManager(   86): service 'media.audio_flinger' died
I/ServiceManager(   86): service 'media.player' died
I/ServiceManager(   86): service 'media.camera' died
I/ServiceManager(   86): service 'media.audio_policy' died
I/Netd    (  280): Netd 1.0 starting
D/AndroidRuntime(  281): 
D/AndroidRuntime(  281): >>>>>> AndroidRuntime START com.android.internal.os.ZygoteInit <<<<<<
D/AndroidRuntime(  281): CheckJNI is OFF
I/        (  282): ServiceManager: 0xf958
I/HTC Acoustic(  282): libhtc_acoustic.so version 2.0.0.6.
I/HTC Acoustic(  282): deonvvv gingerbread test.
I/HTC Acoustic(  282): open /system/etc/AudioPara4_WB.csv success.
I/HTC Acoustic(  282): acoustic table version: MAL_WB_20110217
I/HTC Acoustic(  282): read_audio_para_from_file success.
E/HTC Acoustic(  282): Fail to open /system/etc/AudioPara_ALL.csv -1.
I/HTC Acoustic(  282): open /system/etc/AudioPara4.csv success.
I/HTC Acoustic(  282): acoustic table version: MAL_Gerenic_20110509
I/HTC Acoustic(  282): read_audio_para_from_file success.
I/HTC Acoustic(  282): get_audpp_filter
I/HTC Acoustic(  282): open /system/etc/AudioFilter.csv success.
I/HTC Acoustic(  282): MBADRC Filter MBADRC FLAG = ffff.
E/HTC Acoustic(  282): set mbadrc filter error.
I/HTC Acoustic(  282): failed to set audpp parameters, exiting.
I/HTC Acoustic(  282): get_audpre_filter
I/HTC Acoustic(  282): open /system/etc/AudioPreProcess.csv success.
D/AudioHardwareMSM72XX(  282): mNumSndEndpoints = 151
V/AudioHardwareMSM72XX(  282): constructed 151 SND endpoints)
D/AudioHardwareMSM72XX(  282): BT MATCH HANDSET
D/AudioHardwareMSM72XX(  282): BT MATCH SPEAKER
D/AudioHardwareMSM72XX(  282): BT MATCH HEADSET
D/AudioHardwareMSM72XX(  282): BT MATCH BT
D/AudioHardwareMSM72XX(  282): BT MATCH CARKIT
D/AudioHardwareMSM72XX(  282): BT MATCH TTY_FULL
D/AudioHardwareMSM72XX(  282): BT MATCH TTY_VCO
D/AudioHardwareMSM72XX(  282): BT MATCH TTY_HCO
D/AudioHardwareMSM72XX(  282): BT MATCH NO_MIC_HEADSET
D/AudioHardwareMSM72XX(  282): BT MATCH FM_HEADSET
D/AudioHardwareMSM72XX(  282): BT MATCH HEADSET_AND_SPEAKER
D/AudioHardwareMSM72XX(  282): BT MATCH FM_SPEAKER
D/AudioHardwareMSM72XX(  282): BT MATCH BT_EC_OFF
D/AudioHardwareMSM72XX(  282): BT MATCH BT_EC_OFF
D/AudioHardwareMSM72XX(  282): BT MATCH CURRENT
I/AudioFlinger(  282): Loaded primary audio interface from LEGACY Audio HW HAL (audio)
I/AudioFlinger(  282): Using 'LEGACY Audio HW HAL' (audio.primary) as the primary audio interface
I/AudioFlinger(  282): Loaded a2dp audio interface from A2DP Audio HW HAL (audio)
E/dalvikvm(  281): ERROR: couldn't find native method
E/dalvikvm(  281): Requested: Landroid/content/res/AssetManager;.splitThemePackage:(Ljava/lang/String;Ljava/lang/String;[Ljava/lang/String;)I
E/JNIHelp (  281): RegisterNatives failed for 'android/content/res/AssetManager', aborting
D/AudioHardwareInterface(  282): setMode(NORMAL)
I/AudioHardwareMSM72XX(  282): Set master volume to 5.
F/libc    (  281): Fatal signal 11 (SIGSEGV) at 0xdeadbaad (code=1)
I/CameraService(  282): CameraService started (pid=282)
I/AudioFlinger(  282): AudioFlinger's thread 0x16f90 ready to run
W/AudioFlinger(  282): Thread AudioOut_1 cannot connect to the power manager service
V/AudioHardwareMSM72XX(  282): AudioStreamOutMSM72xx::setParameters() routing=2
V/AudioHardwareMSM72XX(  282): set output routing 2
I/AudioHardwareMSM72XX(  282): Routing audio to Speakerphone
V/AudioHardwareMSM72XX(  282): doAudioRouteOrMute() device 1, mMode 0, mMicMute 1
D/AudioHardwareMSM72XX(  282): setVoiceVolume(1.000000)
I/AudioHardwareMSM72XX(  282): Setting in-call volume to 5 (available range is 0 to 5)
I/AudioPolicyService(  282): Loaded audio policy from LEGACY Audio Policy HAL (audio_policy)
I/DEBUG   (   89): *** *** *** *** *** *** *** *** *** *** *** *** *** *** *** ***
I/DEBUG   (   89): Build fingerprint: 'cyanogenmod/htc_marvel/marvel:4.0.4/ASN01/0.1:user/release-keys'
I/DEBUG   (   89): pid: 281, tid: 281  >>> zygote <<<
I/DEBUG   (   89): signal 11 (SIGSEGV), code 1 (SEGV_MAPERR), fault addr deadbaad
I/DEBUG   (   89):  r0 deadbaad  r1 0000000c  r2 00000027  r3 a0000000
I/DEBUG   (   89):  r4 00000000  r5 00000080  r6 401bc6f3  r7 bed31a68
I/DEBUG   (   89):  r8 00000000  r9 00000000  10 00000000  fp 00000000
I/DEBUG   (   89):  ip ffffffff  sp bed31a30  lr 4003ff0f  pc 4003c6c6  cpsr 00000030
I/DEBUG   (   89):  d0  3f4000003f400000  d1  0000000000000000
I/DEBUG   (   89):  d2  0000000000000000  d3  0000000000000000
I/DEBUG   (   89):  d4  0000000000000000  d5  0000000000000000
I/DEBUG   (   89):  d6  0000000000000000  d7  0000000000000000
I/DEBUG   (   89):  d8  0000000000000000  d9  0000000000000000
I/DEBUG   (   89):  d10 0000000000000000  d11 0000000000000000
I/DEBUG   (   89):  d12 0000000000000000  d13 0000000000000000
I/DEBUG   (   89):  d14 0000000000000000  d15 0000000000000000
I/DEBUG   (   89):  scr 60000000
I/DEBUG   (   89): 
I/DEBUG   (   89):          #00  pc 000176c6  /system/lib/libc.so
I/DEBUG   (   89):          #01  pc 0000c658  /system/lib/libnativehelper.so (jniRegisterNativeMethods)
I/DEBUG   (   89): 
I/DEBUG   (   89): code around pc:
I/DEBUG   (   89): 4003c6a4 1c2bd00c 2d00682d e027d1fb 2a0068da  ..+.-h.-..'..h.*
I/DEBUG   (   89): 4003c6b4 4b16d004 447b2001 47906018 22274814  ...K. {D.`.G.H'"
I/DEBUG   (   89): 4003c6c4 70022580 ef74f7f4 f7f62106 aa01e812  .%.p..t..!......
I/DEBUG   (   89): 4003c6d4 05692400 60546091 20061c11 f7f59401  .$i..`T`... ....
I/DEBUG   (   89): 4003c6e4 a905ebce 20022200 ebd6f7f5 ef60f7f4  .....". ......`.
I/DEBUG   (   89): 
I/DEBUG   (   89): code around lr:
I/DEBUG   (   89): 4003feec 4b0db5f0 447bb083 681c2600 68a59001  ...K..{D.&.h...h
I/DEBUG   (   89): 4003fefc e0086867 5ea8220c dd032800 99011c28  gh...".^.(..(...
I/DEBUG   (   89): 4003ff0c 43064788 3f013554 6824d5f4 d1ee2c00  .G.CT5.?..$h.,..
I/DEBUG   (   89): 4003ff1c 1c30b003 46c0bdf0 000285f2 1c0fb5f0  ..0....F........
I/DEBUG   (   89): 4003ff2c b0891c3d a9064355 604d9103 90064914  =...UC....M`.I..
I/DEBUG   (   89): 
I/DEBUG   (   89): memory map around addr deadbaad:
I/DEBUG   (   89): bed11000-bed32000 [stack]
I/DEBUG   (   89): (no map for address)
I/DEBUG   (   89): (no map above)
I/DEBUG   (   89): 
I/DEBUG   (   89): stack:
I/DEBUG   (   89):     bed319f0  00000000  
I/DEBUG   (   89):     bed319f4  f0e26853  
I/DEBUG   (   89):     bed319f8  40068720  /system/lib/libc.so
I/DEBUG   (   89):     bed319fc  400686b0  /system/lib/libc.so
I/DEBUG   (   89):     bed31a00  00000000  
I/DEBUG   (   89):     bed31a04  4003ff0f  /system/lib/libc.so
I/DEBUG   (   89):     bed31a08  401bce09  /system/lib/libandroid_runtime.so
I/DEBUG   (   89):     bed31a0c  4003ec75  /system/lib/libc.so
I/DEBUG   (   89):     bed31a10  ffffffff  
I/DEBUG   (   89):     bed31a14  00000000  
I/DEBUG   (   89):     bed31a18  00000000  
I/DEBUG   (   89):     bed31a1c  401bc6f3  /system/lib/libandroid_runtime.so
I/DEBUG   (   89):     bed31a20  bed31a68  [stack]
I/DEBUG   (   89):     bed31a24  4003f08d  /system/lib/libc.so
I/DEBUG   (   89):     bed31a28  df0027ad  
I/DEBUG   (   89):     bed31a2c  00000000  
I/DEBUG   (   89): #00 bed31a30  0000002d  
I/DEBUG   (   89):     bed31a34  00000100  
I/DEBUG   (   89):     bed31a38  4019180d  /system/lib/libandroid_runtime.so
I/DEBUG   (   89):     bed31a3c  f0e26853  
I/DEBUG   (   89):     bed31a40  bed31a74  [stack]
I/DEBUG   (   89):     bed31a44  fffffbdf  
I/DEBUG   (   89):     bed31a48  0000f2c0  [heap]
I/DEBUG   (   89):     bed31a4c  40868ffd  /system/lib/libdvm.so
I/DEBUG   (   89):     bed31a50  0000f2c0  [heap]
I/DEBUG   (   89):     bed31a54  401f865b  /system/lib/libnativehelper.so
I/DEBUG   (   89): #01 bed31a58  40868ffd  /system/lib/libdvm.so
I/DEBUG   (   89):     bed31a5c  401f865b  /system/lib/libnativehelper.so
I/DEBUG   (   89):     bed31a60  401d2f48  /system/lib/libandroid_runtime.so
I/DEBUG   (   89):     bed31a64  00000036  
I/DEBUG   (   89):     bed31a68  0000f2c0  [heap]
I/DEBUG   (   89):     bed31a6c  1d200031  
I/DEBUG   (   89):     bed31a70  408c3ca8  /system/lib/libdvm.so
I/DEBUG   (   89):     bed31a74  0000f2c0  [heap]
I/DEBUG   (   89):     bed31a78  401bc6f3  /system/lib/libandroid_runtime.so
I/DEBUG   (   89):     bed31a7c  401d5de0  /system/lib/libandroid_runtime.so
I/DEBUG   (   89):     bed31a80  401b8e4b  /system/lib/libandroid_runtime.so
I/DEBUG   (   89):     bed31a84  40175877  /system/lib/libandroid_runtime.so
I/DEBUG   (   89):     bed31a88  0000f2c0  [heap]
I/DEBUG   (   89):     bed31a8c  401904bb  /system/lib/libandroid_runtime.so
I/DEBUG   (   89):     bed31a90  0000f2c0  [heap]
I/DEBUG   (   89):     bed31a94  1d200025  
I/DEBUG   (   89):     bed31a98  00000001  
I/DEBUG   (   89):     bed31a9c  401cc850  /system/lib/libandroid_runtime.so
I/ServiceManager(   86): service 'media.audio_flinger' died
I/ServiceManager(   86): service 'media.player' died
I/ServiceManager(   86): service 'media.camera' died
I/ServiceManager(   86): service 'media.audio_policy' died
I/Netd    (  308): Netd 1.0 starting
D/AndroidRuntime(  309): 
D/AndroidRuntime(  309): >>>>>> AndroidRuntime START com.android.internal.os.ZygoteInit <<<<<<
D/AndroidRuntime(  309): CheckJNI is OFF
I/        (  310): ServiceManager: 0xf958
I/HTC Acoustic(  310): libhtc_acoustic.so version 2.0.0.6.
I/HTC Acoustic(  310): deonvvv gingerbread test.
I/HTC Acoustic(  310): open /system/etc/AudioPara4_WB.csv success.
I/HTC Acoustic(  310): acoustic table version: MAL_WB_20110217
I/HTC Acoustic(  310): read_audio_para_from_file success.
E/HTC Acoustic(  310): Fail to open /system/etc/AudioPara_ALL.csv -1.
I/HTC Acoustic(  310): open /system/etc/AudioPara4.csv success.
I/HTC Acoustic(  310): acoustic table version: MAL_Gerenic_20110509
I/HTC Acoustic(  310): read_audio_para_from_file success.
E/dalvikvm(  309): ERROR: couldn't find native method
E/dalvikvm(  309): Requested: Landroid/content/res/AssetManager;.splitThemePackage:(Ljava/lang/String;Ljava/lang/String;[Ljava/lang/String;)I
E/JNIHelp (  309): RegisterNatives failed for 'android/content/res/AssetManager', aborting
F/libc    (  309): Fatal signal 11 (SIGSEGV) at 0xdeadbaad (code=1)
I/HTC Acoustic(  310): get_audpp_filter
I/HTC Acoustic(  310): open /system/etc/AudioFilter.csv success.
I/HTC Acoustic(  310): MBADRC Filter MBADRC FLAG = ffff.
E/HTC Acoustic(  310): set mbadrc filter error.
I/HTC Acoustic(  310): failed to set audpp parameters, exiting.
I/HTC Acoustic(  310): get_audpre_filter
I/HTC Acoustic(  310): open /system/etc/AudioPreProcess.csv success.
D/AudioHardwareMSM72XX(  310): mNumSndEndpoints = 151
V/AudioHardwareMSM72XX(  310): constructed 151 SND endpoints)
D/AudioHardwareMSM72XX(  310): BT MATCH HANDSET
D/AudioHardwareMSM72XX(  310): BT MATCH SPEAKER
D/AudioHardwareMSM72XX(  310): BT MATCH HEADSET
D/AudioHardwareMSM72XX(  310): BT MATCH BT
D/AudioHardwareMSM72XX(  310): BT MATCH CARKIT
D/AudioHardwareMSM72XX(  310): BT MATCH TTY_FULL
D/AudioHardwareMSM72XX(  310): BT MATCH TTY_VCO
D/AudioHardwareMSM72XX(  310): BT MATCH TTY_HCO
D/AudioHardwareMSM72XX(  310): BT MATCH NO_MIC_HEADSET
D/AudioHardwareMSM72XX(  310): BT MATCH FM_HEADSET
D/AudioHardwareMSM72XX(  310): BT MATCH HEADSET_AND_SPEAKER
D/AudioHardwareMSM72XX(  310): BT MATCH FM_SPEAKER
D/AudioHardwareMSM72XX(  310): BT MATCH BT_EC_OFF
D/AudioHardwareMSM72XX(  310): BT MATCH BT_EC_OFF
D/AudioHardwareMSM72XX(  310): BT MATCH CURRENT
I/AudioFlinger(  310): Loaded primary audio interface from LEGACY Audio HW HAL (audio)
I/AudioFlinger(  310): Using 'LEGACY Audio HW HAL' (audio.primary) as the primary audio interface
I/AudioFlinger(  310): Loaded a2dp audio interface from A2DP Audio HW HAL (audio)
D/AudioHardwareInterface(  310): setMode(NORMAL)
I/AudioHardwareMSM72XX(  310): Set master volume to 5.
I/CameraService(  310): CameraService started (pid=310)
I/AudioFlinger(  310): AudioFlinger's thread 0x16f90 ready to run
W/AudioFlinger(  310): Thread AudioOut_1 cannot connect to the power manager service
V/AudioHardwareMSM72XX(  310): AudioStreamOutMSM72xx::setParameters() routing=2
V/AudioHardwareMSM72XX(  310): set output routing 2
I/AudioHardwareMSM72XX(  310): Routing audio to Speakerphone
V/AudioHardwareMSM72XX(  310): doAudioRouteOrMute() device 1, mMode 0, mMicMute 1
D/AudioHardwareMSM72XX(  310): setVoiceVolume(1.000000)
I/AudioHardwareMSM72XX(  310): Setting in-call volume to 5 (available range is 0 to 5)
I/AudioPolicyService(  310): Loaded audio policy from LEGACY Audio Policy HAL (audio_policy)
I/DEBUG   (   89): *** *** *** *** *** *** *** *** *** *** *** *** *** *** *** ***
I/DEBUG   (   89): Build fingerprint: 'cyanogenmod/htc_marvel/marvel:4.0.4/ASN01/0.1:user/release-keys'
I/DEBUG   (   89): pid: 309, tid: 309  >>> zygote <<<
I/DEBUG   (   89): signal 11 (SIGSEGV), code 1 (SEGV_MAPERR), fault addr deadbaad
I/DEBUG   (   89):  r0 deadbaad  r1 0000000c  r2 00000027  r3 a0000000
I/DEBUG   (   89):  r4 00000000  r5 00000080  r6 401bc6f3  r7 becb9a68
I/DEBUG   (   89):  r8 00000000  r9 00000000  10 00000000  fp 00000000
I/DEBUG   (   89):  ip ffffffff  sp becb9a30  lr 4003ff0f  pc 4003c6c6  cpsr 00000030
I/DEBUG   (   89):  d0  3f4000003f400000  d1  0000000000000000
I/DEBUG   (   89):  d2  0000000000000000  d3  0000000000000000
I/DEBUG   (   89):  d4  0000000000000000  d5  0000000000000000
I/DEBUG   (   89):  d6  0000000000000000  d7  0000000000000000
I/DEBUG   (   89):  d8  0000000000000000  d9  0000000000000000
I/DEBUG   (   89):  d10 0000000000000000  d11 0000000000000000
I/DEBUG   (   89):  d12 0000000000000000  d13 0000000000000000
I/DEBUG   (   89):  d14 0000000000000000  d15 0000000000000000
I/DEBUG   (   89):  scr 60000000
I/DEBUG   (   89): 
I/DEBUG   (   89):          #00  pc 000176c6  /system/lib/libc.so
I/DEBUG   (   89):          #01  pc 0000c658  /system/lib/libnativehelper.so (jniRegisterNativeMethods)
I/DEBUG   (   89): 
I/DEBUG   (   89): code around pc:
I/DEBUG   (   89): 4003c6a4 1c2bd00c 2d00682d e027d1fb 2a0068da  ..+.-h.-..'..h.*
I/DEBUG   (   89): 4003c6b4 4b16d004 447b2001 47906018 22274814  ...K. {D.`.G.H'"
I/DEBUG   (   89): 4003c6c4 70022580 ef74f7f4 f7f62106 aa01e812  .%.p..t..!......
I/DEBUG   (   89): 4003c6d4 05692400 60546091 20061c11 f7f59401  .$i..`T`... ....
I/DEBUG   (   89): 4003c6e4 a905ebce 20022200 ebd6f7f5 ef60f7f4  .....". ......`.
I/DEBUG   (   89): 
I/DEBUG   (   89): code around lr:
I/DEBUG   (   89): 4003feec 4b0db5f0 447bb083 681c2600 68a59001  ...K..{D.&.h...h
I/DEBUG   (   89): 4003fefc e0086867 5ea8220c dd032800 99011c28  gh...".^.(..(...
I/DEBUG   (   89): 4003ff0c 43064788 3f013554 6824d5f4 d1ee2c00  .G.CT5.?..$h.,..
I/DEBUG   (   89): 4003ff1c 1c30b003 46c0bdf0 000285f2 1c0fb5f0  ..0....F........
I/DEBUG   (   89): 4003ff2c b0891c3d a9064355 604d9103 90064914  =...UC....M`.I..
I/DEBUG   (   89): 
I/DEBUG   (   89): memory map around addr deadbaad:
I/DEBUG   (   89): bec99000-becba000 [stack]
I/DEBUG   (   89): (no map for address)
I/DEBUG   (   89): (no map above)
I/DEBUG   (   89): 
I/DEBUG   (   89): stack:
I/DEBUG   (   89):     becb99f0  00000000  
I/DEBUG   (   89):     becb99f4  e9cfe006  
I/DEBUG   (   89):     becb99f8  40068720  /system/lib/libc.so
I/DEBUG   (   89):     becb99fc  400686b0  /system/lib/libc.so
I/DEBUG   (   89):     becb9a00  00000000  
I/DEBUG   (   89):     becb9a04  4003ff0f  /system/lib/libc.so
I/DEBUG   (   89):     becb9a08  401bce09  /system/lib/libandroid_runtime.so
I/DEBUG   (   89):     becb9a0c  4003ec75  /system/lib/libc.so
I/DEBUG   (   89):     becb9a10  ffffffff  
I/DEBUG   (   89):     becb9a14  00000000  
I/DEBUG   (   89):     becb9a18  00000000  
I/DEBUG   (   89):     becb9a1c  401bc6f3  /system/lib/libandroid_runtime.so
I/DEBUG   (   89):     becb9a20  becb9a68  [stack]
I/DEBUG   (   89):     becb9a24  4003f08d  /system/lib/libc.so
I/DEBUG   (   89):     becb9a28  df0027ad  
I/DEBUG   (   89):     becb9a2c  00000000  
I/DEBUG   (   89): #00 becb9a30  0000002d  
I/DEBUG   (   89):     becb9a34  00000100  
I/DEBUG   (   89):     becb9a38  4019180d  /system/lib/libandroid_runtime.so
I/DEBUG   (   89):     becb9a3c  e9cfe006  
I/DEBUG   (   89):     becb9a40  becb9a74  [stack]
I/DEBUG   (   89):     becb9a44  fffffbdf  
I/DEBUG   (   89):     becb9a48  0000f2c0  [heap]
I/DEBUG   (   89):     becb9a4c  40868ffd  /system/lib/libdvm.so
I/DEBUG   (   89):     becb9a50  0000f2c0  [heap]
I/DEBUG   (   89):     becb9a54  401f865b  /system/lib/libnativehelper.so
I/DEBUG   (   89): #01 becb9a58  40868ffd  /system/lib/libdvm.so
I/DEBUG   (   89):     becb9a5c  401f865b  /system/lib/libnativehelper.so
I/DEBUG   (   89):     becb9a60  401d2f48  /system/lib/libandroid_runtime.so
I/DEBUG   (   89):     becb9a64  00000036  
I/DEBUG   (   89):     becb9a68  0000f2c0  [heap]
I/DEBUG   (   89):     becb9a6c  1d200031  
I/DEBUG   (   89):     becb9a70  408c3ca8  /system/lib/libdvm.so
I/DEBUG   (   89):     becb9a74  0000f2c0  [heap]
I/DEBUG   (   89):     becb9a78  401bc6f3  /system/lib/libandroid_runtime.so
I/DEBUG   (   89):     becb9a7c  401d5de0  /system/lib/libandroid_runtime.so
I/DEBUG   (   89):     becb9a80  401b8e4b  /system/lib/libandroid_runtime.so
I/DEBUG   (   89):     becb9a84  40175877  /system/lib/libandroid_runtime.so
I/DEBUG   (   89):     becb9a88  0000f2c0  [heap]
I/DEBUG   (   89):     becb9a8c  401904bb  /system/lib/libandroid_runtime.so
I/DEBUG   (   89):     becb9a90  0000f2c0  [heap]
I/DEBUG   (   89):     becb9a94  1d200025  
I/DEBUG   (   89):     becb9a98  00000001  
I/DEBUG   (   89):     becb9a9c  401cc850  /system/lib/libandroid_runtime.so
I/ServiceManager(   86): service 'media.audio_flinger' died
I/ServiceManager(   86): service 'media.player' died
I/ServiceManager(   86): service 'media.camera' died
I/ServiceManager(   86): service 'media.audio_policy' died
I/Netd    (  336): Netd 1.0 starting
D/AndroidRuntime(  337): 
D/AndroidRuntime(  337): >>>>>> AndroidRuntime START com.android.internal.os.ZygoteInit <<<<<<
D/AndroidRuntime(  337): CheckJNI is OFF
I/        (  338): ServiceManager: 0xf958
I/HTC Acoustic(  338): libhtc_acoustic.so version 2.0.0.6.
I/HTC Acoustic(  338): deonvvv gingerbread test.
I/HTC Acoustic(  338): open /system/etc/AudioPara4_WB.csv success.
I/HTC Acoustic(  338): acoustic table version: MAL_WB_20110217
I/HTC Acoustic(  338): read_audio_para_from_file success.
E/HTC Acoustic(  338): Fail to open /system/etc/AudioPara_ALL.csv -1.
I/HTC Acoustic(  338): open /system/etc/AudioPara4.csv success.
I/HTC Acoustic(  338): acoustic table version: MAL_Gerenic_20110509
I/HTC Acoustic(  338): read_audio_para_from_file success.
E/dalvikvm(  337): ERROR: couldn't find native method
E/dalvikvm(  337): Requested: Landroid/content/res/AssetManager;.splitThemePackage:(Ljava/lang/String;Ljava/lang/String;[Ljava/lang/String;)I
E/JNIHelp (  337): RegisterNatives failed for 'android/content/res/AssetManager', aborting
F/libc    (  337): Fatal signal 11 (SIGSEGV) at 0xdeadbaad (code=1)
I/HTC Acoustic(  338): get_audpp_filter
I/HTC Acoustic(  338): open /system/etc/AudioFilter.csv success.
I/HTC Acoustic(  338): MBADRC Filter MBADRC FLAG = ffff.
E/HTC Acoustic(  338): set mbadrc filter error.
I/HTC Acoustic(  338): failed to set audpp parameters, exiting.
I/HTC Acoustic(  338): get_audpre_filter
I/HTC Acoustic(  338): open /system/etc/AudioPreProcess.csv success.
D/AudioHardwareMSM72XX(  338): mNumSndEndpoints = 151
V/AudioHardwareMSM72XX(  338): constructed 151 SND endpoints)
D/AudioHardwareMSM72XX(  338): BT MATCH HANDSET
D/AudioHardwareMSM72XX(  338): BT MATCH SPEAKER
D/AudioHardwareMSM72XX(  338): BT MATCH HEADSET
D/AudioHardwareMSM72XX(  338): BT MATCH BT
D/AudioHardwareMSM72XX(  338): BT MATCH CARKIT
D/AudioHardwareMSM72XX(  338): BT MATCH TTY_FULL
D/AudioHardwareMSM72XX(  338): BT MATCH TTY_VCO
D/AudioHardwareMSM72XX(  338): BT MATCH TTY_HCO
D/AudioHardwareMSM72XX(  338): BT MATCH NO_MIC_HEADSET
D/AudioHardwareMSM72XX(  338): BT MATCH FM_HEADSET
D/AudioHardwareMSM72XX(  338): BT MATCH HEADSET_AND_SPEAKER
D/AudioHardwareMSM72XX(  338): BT MATCH FM_SPEAKER
D/AudioHardwareMSM72XX(  338): BT MATCH BT_EC_OFF
D/AudioHardwareMSM72XX(  338): BT MATCH BT_EC_OFF
D/AudioHardwareMSM72XX(  338): BT MATCH CURRENT
I/AudioFlinger(  338): Loaded primary audio interface from LEGACY Audio HW HAL (audio)
I/AudioFlinger(  338): Using 'LEGACY Audio HW HAL' (audio.primary) as the primary audio interface
I/AudioFlinger(  338): Loaded a2dp audio interface from A2DP Audio HW HAL (audio)
D/AudioHardwareInterface(  338): setMode(NORMAL)
I/AudioHardwareMSM72XX(  338): Set master volume to 5.
I/CameraService(  338): CameraService started (pid=338)
I/AudioFlinger(  338): AudioFlinger's thread 0x16f90 ready to run
W/AudioFlinger(  338): Thread AudioOut_1 cannot connect to the power manager service
V/AudioHardwareMSM72XX(  338): AudioStreamOutMSM72xx::setParameters() routing=2
V/AudioHardwareMSM72XX(  338): set output routing 2
I/AudioHardwareMSM72XX(  338): Routing audio to Speakerphone
V/AudioHardwareMSM72XX(  338): doAudioRouteOrMute() device 1, mMode 0, mMicMute 1
D/AudioHardwareMSM72XX(  338): setVoiceVolume(1.000000)
I/AudioHardwareMSM72XX(  338): Setting in-call volume to 5 (available range is 0 to 5)
I/AudioPolicyService(  338): Loaded audio policy from LEGACY Audio Policy HAL (audio_policy)
I/DEBUG   (   89): *** *** *** *** *** *** *** *** *** *** *** *** *** *** *** ***
I/DEBUG   (   89): Build fingerprint: 'cyanogenmod/htc_marvel/marvel:4.0.4/ASN01/0.1:user/release-keys'
I/DEBUG   (   89): pid: 337, tid: 337  >>> zygote <<<
I/DEBUG   (   89): signal 11 (SIGSEGV), code 1 (SEGV_MAPERR), fault addr deadbaad
I/DEBUG   (   89):  r0 deadbaad  r1 0000000c  r2 00000027  r3 a0000000
I/DEBUG   (   89):  r4 00000000  r5 00000080  r6 401bc6f3  r7 becefa68
I/DEBUG   (   89):  r8 00000000  r9 00000000  10 00000000  fp 00000000
I/DEBUG   (   89):  ip ffffffff  sp becefa30  lr 4003ff0f  pc 4003c6c6  cpsr 00000030
I/DEBUG   (   89):  d0  3f4000003f400000  d1  0000000000000000
I/DEBUG   (   89):  d2  0000000000000000  d3  0000000000000000
I/DEBUG   (   89):  d4  0000000000000000  d5  0000000000000000
I/DEBUG   (   89):  d6  0000000000000000  d7  0000000000000000
I/DEBUG   (   89):  d8  0000000000000000  d9  0000000000000000
I/DEBUG   (   89):  d10 0000000000000000  d11 0000000000000000
I/DEBUG   (   89):  d12 0000000000000000  d13 0000000000000000
I/DEBUG   (   89):  d14 0000000000000000  d15 0000000000000000
I/DEBUG   (   89):  scr 60000000
I/DEBUG   (   89): 
I/DEBUG   (   89):          #00  pc 000176c6  /system/lib/libc.so
I/DEBUG   (   89):          #01  pc 0000c658  /system/lib/libnativehelper.so (jniRegisterNativeMethods)
I/DEBUG   (   89): 
I/DEBUG   (   89): code around pc:
I/DEBUG   (   89): 4003c6a4 1c2bd00c 2d00682d e027d1fb 2a0068da  ..+.-h.-..'..h.*
I/DEBUG   (   89): 4003c6b4 4b16d004 447b2001 47906018 22274814  ...K. {D.`.G.H'"
I/DEBUG   (   89): 4003c6c4 70022580 ef74f7f4 f7f62106 aa01e812  .%.p..t..!......
I/DEBUG   (   89): 4003c6d4 05692400 60546091 20061c11 f7f59401  .$i..`T`... ....
I/DEBUG   (   89): 4003c6e4 a905ebce 20022200 ebd6f7f5 ef60f7f4  .....". ......`.
I/DEBUG   (   89): 
I/DEBUG   (   89): code around lr:
I/DEBUG   (   89): 4003feec 4b0db5f0 447bb083 681c2600 68a59001  ...K..{D.&.h...h
I/DEBUG   (   89): 4003fefc e0086867 5ea8220c dd032800 99011c28  gh...".^.(..(...
I/DEBUG   (   89): 4003ff0c 43064788 3f013554 6824d5f4 d1ee2c00  .G.CT5.?..$h.,..
I/DEBUG   (   89): 4003ff1c 1c30b003 46c0bdf0 000285f2 1c0fb5f0  ..0....F........
I/DEBUG   (   89): 4003ff2c b0891c3d a9064355 604d9103 90064914  =...UC....M`.I..
I/DEBUG   (   89): 
I/DEBUG   (   89): memory map around addr deadbaad:
I/DEBUG   (   89): beccf000-becf0000 [stack]
I/DEBUG   (   89): (no map for address)
I/DEBUG   (   89): (no map above)
I/DEBUG   (   89): 
I/DEBUG   (   89): stack:
I/DEBUG   (   89):     becef9f0  00000000  
I/DEBUG   (   89):     becef9f4  ff6ec7b5  
I/DEBUG   (   89):     becef9f8  40068720  /system/lib/libc.so
I/DEBUG   (   89):     becef9fc  400686b0  /system/lib/libc.so
I/DEBUG   (   89):     becefa00  00000000  
I/DEBUG   (   89):     becefa04  4003ff0f  /system/lib/libc.so
I/DEBUG   (   89):     becefa08  401bce09  /system/lib/libandroid_runtime.so
I/DEBUG   (   89):     becefa0c  4003ec75  /system/lib/libc.so
I/DEBUG   (   89):     becefa10  ffffffff  
I/DEBUG   (   89):     becefa14  00000000  
I/DEBUG   (   89):     becefa18  00000000  
I/DEBUG   (   89):     becefa1c  401bc6f3  /system/lib/libandroid_runtime.so
I/DEBUG   (   89):     becefa20  becefa68  [stack]
I/DEBUG   (   89):     becefa24  4003f08d  /system/lib/libc.so
I/DEBUG   (   89):     becefa28  df0027ad  
I/DEBUG   (   89):     becefa2c  00000000  
I/DEBUG   (   89): #00 becefa30  0000002d  
I/DEBUG   (   89):     becefa34  00000100  
I/DEBUG   (   89):     becefa38  4019180d  /system/lib/libandroid_runtime.so
I/DEBUG   (   89):     becefa3c  ff6ec7b5  
I/DEBUG   (   89):     becefa40  becefa74  [stack]
I/DEBUG   (   89):     becefa44  fffffbdf  
I/DEBUG   (   89):     becefa48  0000f2c0  [heap]
I/DEBUG   (   89):     becefa4c  40868ffd  /system/lib/libdvm.so
I/DEBUG   (   89):     becefa50  0000f2c0  [heap]
I/DEBUG   (   89):     becefa54  401f865b  /system/lib/libnativehelper.so
I/DEBUG   (   89): #01 becefa58  40868ffd  /system/lib/libdvm.so
I/DEBUG   (   89):     becefa5c  401f865b  /system/lib/libnativehelper.so
I/DEBUG   (   89):     becefa60  401d2f48  /system/lib/libandroid_runtime.so
I/DEBUG   (   89):     becefa64  00000036  
I/DEBUG   (   89):     becefa68  0000f2c0  [heap]
I/DEBUG   (   89):     becefa6c  1d200031  
I/DEBUG   (   89):     becefa70  408c3ca8  /system/lib/libdvm.so
I/DEBUG   (   89):     becefa74  0000f2c0  [heap]
I/DEBUG   (   89):     becefa78  401bc6f3  /system/lib/libandroid_runtime.so
I/DEBUG   (   89):     becefa7c  401d5de0  /system/lib/libandroid_runtime.so
I/DEBUG   (   89):     becefa80  401b8e4b  /system/lib/libandroid_runtime.so
I/DEBUG   (   89):     becefa84  40175877  /system/lib/libandroid_runtime.so
I/DEBUG   (   89):     becefa88  0000f2c0  [heap]
I/DEBUG   (   89):     becefa8c  401904bb  /system/lib/libandroid_runtime.so
I/DEBUG   (   89):     becefa90  0000f2c0  [heap]
I/DEBUG   (   89):     becefa94  1d200025  
I/DEBUG   (   89):     becefa98  00000001  
I/DEBUG   (   89):     becefa9c  401cc850  /system/lib/libandroid_runtime.so
I/ServiceManager(   86): service 'media.audio_flinger' died
I/ServiceManager(   86): service 'media.player' died
I/ServiceManager(   86): service 'media.camera' died
I/ServiceManager(   86): service 'media.audio_policy' died
I/Netd    (  364): Netd 1.0 starting
D/AndroidRuntime(  365): 
D/AndroidRuntime(  365): >>>>>> AndroidRuntime START com.android.internal.os.ZygoteInit <<<<<<
D/AndroidRuntime(  365): CheckJNI is OFF
I/        (  366): ServiceManager: 0xf958
I/HTC Acoustic(  366): libhtc_acoustic.so version 2.0.0.6.
I/HTC Acoustic(  366): deonvvv gingerbread test.
I/HTC Acoustic(  366): open /system/etc/AudioPara4_WB.csv success.
I/HTC Acoustic(  366): acoustic table version: MAL_WB_20110217
I/HTC Acoustic(  366): read_audio_para_from_file success.
E/HTC Acoustic(  366): Fail to open /system/etc/AudioPara_ALL.csv -1.
I/HTC Acoustic(  366): open /system/etc/AudioPara4.csv success.
I/HTC Acoustic(  366): acoustic table version: MAL_Gerenic_20110509
E/dalvikvm(  365): ERROR: couldn't find native method
I/HTC Acoustic(  366): read_audio_para_from_file success.
E/dalvikvm(  365): Requested: Landroid/content/res/AssetManager;.splitThemePackage:(Ljava/lang/String;Ljava/lang/String;[Ljava/lang/String;)I
E/JNIHelp (  365): RegisterNatives failed for 'android/content/res/AssetManager', aborting
F/libc    (  365): Fatal signal 11 (SIGSEGV) at 0xdeadbaad (code=1)
I/HTC Acoustic(  366): get_audpp_filter
I/HTC Acoustic(  366): open /system/etc/AudioFilter.csv success.
I/HTC Acoustic(  366): MBADRC Filter MBADRC FLAG = ffff.
E/HTC Acoustic(  366): set mbadrc filter error.
I/HTC Acoustic(  366): failed to set audpp parameters, exiting.
I/HTC Acoustic(  366): get_audpre_filter
I/HTC Acoustic(  366): open /system/etc/AudioPreProcess.csv success.
D/AudioHardwareMSM72XX(  366): mNumSndEndpoints = 151
V/AudioHardwareMSM72XX(  366): constructed 151 SND endpoints)
D/AudioHardwareMSM72XX(  366): BT MATCH HANDSET
D/AudioHardwareMSM72XX(  366): BT MATCH SPEAKER
D/AudioHardwareMSM72XX(  366): BT MATCH HEADSET
D/AudioHardwareMSM72XX(  366): BT MATCH BT
D/AudioHardwareMSM72XX(  366): BT MATCH CARKIT
D/AudioHardwareMSM72XX(  366): BT MATCH TTY_FULL
D/AudioHardwareMSM72XX(  366): BT MATCH TTY_VCO
D/AudioHardwareMSM72XX(  366): BT MATCH TTY_HCO
D/AudioHardwareMSM72XX(  366): BT MATCH NO_MIC_HEADSET
D/AudioHardwareMSM72XX(  366): BT MATCH FM_HEADSET
D/AudioHardwareMSM72XX(  366): BT MATCH HEADSET_AND_SPEAKER
D/AudioHardwareMSM72XX(  366): BT MATCH FM_SPEAKER
D/AudioHardwareMSM72XX(  366): BT MATCH BT_EC_OFF
D/AudioHardwareMSM72XX(  366): BT MATCH BT_EC_OFF
D/AudioHardwareMSM72XX(  366): BT MATCH CURRENT
I/AudioFlinger(  366): Loaded primary audio interface from LEGACY Audio HW HAL (audio)
I/AudioFlinger(  366): Using 'LEGACY Audio HW HAL' (audio.primary) as the primary audio interface
I/AudioFlinger(  366): Loaded a2dp audio interface from A2DP Audio HW HAL (audio)
D/AudioHardwareInterface(  366): setMode(NORMAL)
I/AudioHardwareMSM72XX(  366): Set master volume to 5.
I/CameraService(  366): CameraService started (pid=366)
I/AudioFlinger(  366): AudioFlinger's thread 0x16f90 ready to run
W/AudioFlinger(  366): Thread AudioOut_1 cannot connect to the power manager service
V/AudioHardwareMSM72XX(  366): AudioStreamOutMSM72xx::setParameters() routing=2
V/AudioHardwareMSM72XX(  366): set output routing 2
I/AudioHardwareMSM72XX(  366): Routing audio to Speakerphone
V/AudioHardwareMSM72XX(  366): doAudioRouteOrMute() device 1, mMode 0, mMicMute 1
D/AudioHardwareMSM72XX(  366): setVoiceVolume(1.000000)
I/AudioHardwareMSM72XX(  366): Setting in-call volume to 5 (available range is 0 to 5)
I/AudioPolicyService(  366): Loaded audio policy from LEGACY Audio Policy HAL (audio_policy)
I/DEBUG   (   89): *** *** *** *** *** *** *** *** *** *** *** *** *** *** *** ***
I/DEBUG   (   89): Build fingerprint: 'cyanogenmod/htc_marvel/marvel:4.0.4/ASN01/0.1:user/release-keys'
I/DEBUG   (   89): pid: 365, tid: 365  >>> zygote <<<
I/DEBUG   (   89): signal 11 (SIGSEGV), code 1 (SEGV_MAPERR), fault addr deadbaad
I/DEBUG   (   89):  r0 deadbaad  r1 0000000c  r2 00000027  r3 a0000000
I/DEBUG   (   89):  r4 00000000  r5 00000080  r6 401bc6f3  r7 becd2a68
I/DEBUG   (   89):  r8 00000000  r9 00000000  10 00000000  fp 00000000
I/DEBUG   (   89):  ip ffffffff  sp becd2a30  lr 4003ff0f  pc 4003c6c6  cpsr 00000030
I/DEBUG   (   89):  d0  3f4000003f400000  d1  0000000000000000
I/DEBUG   (   89):  d2  0000000000000000  d3  0000000000000000
I/DEBUG   (   89):  d4  0000000000000000  d5  0000000000000000
I/DEBUG   (   89):  d6  0000000000000000  d7  0000000000000000
I/DEBUG   (   89):  d8  0000000000000000  d9  0000000000000000
I/DEBUG   (   89):  d10 0000000000000000  d11 0000000000000000
I/DEBUG   (   89):  d12 0000000000000000  d13 0000000000000000
I/DEBUG   (   89):  d14 0000000000000000  d15 0000000000000000
I/DEBUG   (   89):  scr 60000000
I/DEBUG   (   89): 
I/DEBUG   (   89):          #00  pc 000176c6  /system/lib/libc.so
I/DEBUG   (   89):          #01  pc 0000c658  /system/lib/libnativehelper.so (jniRegisterNativeMethods)
I/DEBUG   (   89): 
I/DEBUG   (   89): code around pc:
I/DEBUG   (   89): 4003c6a4 1c2bd00c 2d00682d e027d1fb 2a0068da  ..+.-h.-..'..h.*
I/DEBUG   (   89): 4003c6b4 4b16d004 447b2001 47906018 22274814  ...K. {D.`.G.H'"
I/DEBUG   (   89): 4003c6c4 70022580 ef74f7f4 f7f62106 aa01e812  .%.p..t..!......
I/DEBUG   (   89): 4003c6d4 05692400 60546091 20061c11 f7f59401  .$i..`T`... ....
I/DEBUG   (   89): 4003c6e4 a905ebce 20022200 ebd6f7f5 ef60f7f4  .....". ......`.
I/DEBUG   (   89): 
I/DEBUG   (   89): code around lr:
I/DEBUG   (   89): 4003feec 4b0db5f0 447bb083 681c2600 68a59001  ...K..{D.&.h...h
I/DEBUG   (   89): 4003fefc e0086867 5ea8220c dd032800 99011c28  gh...".^.(..(...
I/DEBUG   (   89): 4003ff0c 43064788 3f013554 6824d5f4 d1ee2c00  .G.CT5.?..$h.,..
I/DEBUG   (   89): 4003ff1c 1c30b003 46c0bdf0 000285f2 1c0fb5f0  ..0....F........
I/DEBUG   (   89): 4003ff2c b0891c3d a9064355 604d9103 90064914  =...UC....M`.I..
I/DEBUG   (   89): 
I/DEBUG   (   89): memory map around addr deadbaad:
I/DEBUG   (   89): becb2000-becd3000 [stack]
I/DEBUG   (   89): (no map for address)
I/DEBUG   (   89): (no map above)
I/DEBUG   (   89): 
I/DEBUG   (   89): stack:
I/DEBUG   (   89):     becd29f0  00000000  
I/DEBUG   (   89):     becd29f4  40e44c96  /dev/ashmem/dalvik-heap (deleted)
I/DEBUG   (   89):     becd29f8  40068720  /system/lib/libc.so
I/DEBUG   (   89):     becd29fc  400686b0  /system/lib/libc.so
I/DEBUG   (   89):     becd2a00  00000000  
I/DEBUG   (   89):     becd2a04  4003ff0f  /system/lib/libc.so
I/DEBUG   (   89):     becd2a08  401bce09  /system/lib/libandroid_runtime.so
I/DEBUG   (   89):     becd2a0c  4003ec75  /system/lib/libc.so
I/DEBUG   (   89):     becd2a10  ffffffff  
I/DEBUG   (   89):     becd2a14  00000000  
I/DEBUG   (   89):     becd2a18  00000000  
I/DEBUG   (   89):     becd2a1c  401bc6f3  /system/lib/libandroid_runtime.so
I/DEBUG   (   89):     becd2a20  becd2a68  [stack]
I/DEBUG   (   89):     becd2a24  4003f08d  /system/lib/libc.so
I/DEBUG   (   89):     becd2a28  df0027ad  
I/DEBUG   (   89):     becd2a2c  00000000  
I/DEBUG   (   89): #00 becd2a30  0000002d  
I/DEBUG   (   89):     becd2a34  00000100  
I/DEBUG   (   89):     becd2a38  4019180d  /system/lib/libandroid_runtime.so
I/DEBUG   (   89):     becd2a3c  40e44c96  /dev/ashmem/dalvik-heap (deleted)
I/DEBUG   (   89):     becd2a40  becd2a74  [stack]
I/DEBUG   (   89):     becd2a44  fffffbdf  
I/DEBUG   (   89):     becd2a48  0000f2c0  [heap]
I/DEBUG   (   89):     becd2a4c  40868ffd  /system/lib/libdvm.so
I/DEBUG   (   89):     becd2a50  0000f2c0  [heap]
I/DEBUG   (   89):     becd2a54  401f865b  /system/lib/libnativehelper.so
I/DEBUG   (   89): #01 becd2a58  40868ffd  /system/lib/libdvm.so
I/DEBUG   (   89):     becd2a5c  401f865b  /system/lib/libnativehelper.so
I/DEBUG   (   89):     becd2a60  401d2f48  /system/lib/libandroid_runtime.so
I/DEBUG   (   89):     becd2a64  00000036  
I/DEBUG   (   89):     becd2a68  0000f2c0  [heap]
I/DEBUG   (   89):     becd2a6c  1d200031  
I/DEBUG   (   89):     becd2a70  408c3ca8  /system/lib/libdvm.so
I/DEBUG   (   89):     becd2a74  0000f2c0  [heap]
I/DEBUG   (   89):     becd2a78  401bc6f3  /system/lib/libandroid_runtime.so
I/DEBUG   (   89):     becd2a7c  401d5de0  /system/lib/libandroid_runtime.so
I/DEBUG   (   89):     becd2a80  401b8e4b  /system/lib/libandroid_runtime.so
I/DEBUG   (   89):     becd2a84  40175877  /system/lib/libandroid_runtime.so
I/DEBUG   (   89):     becd2a88  0000f2c0  [heap]
I/DEBUG   (   89):     becd2a8c  401904bb  /system/lib/libandroid_runtime.so
I/DEBUG   (   89):     becd2a90  0000f2c0  [heap]
I/DEBUG   (   89):     becd2a94  1d200025  
I/DEBUG   (   89):     becd2a98  00000001  
I/DEBUG   (   89):     becd2a9c  401cc850  /system/lib/libandroid_runtime.so
I/ServiceManager(   86): service 'media.audio_flinger' died
I/ServiceManager(   86): service 'media.player' died
I/ServiceManager(   86): service 'media.camera' died
I/ServiceManager(   86): service 'media.audio_policy' died
