W/Zygote  (  225): Class not found for preloading: android.text.method.WordIterator$1
D/dalvikvm(  225): GC_EXPLICIT freed 35K, 38% free 1590K/2560K, paused 3ms+3ms
D/dalvikvm(  225): GC_EXPLICIT freed 32K, 38% free 1612K/2560K, paused 3ms+4ms
I/dalvikvm(  225): threadid=1: recursive native library load attempt (/system/lib/libwebcore.so)
D/dalvikvm(  225): No JNI_OnLoad found in /system/lib/libchromium_net.so 0x0, skipping init
D/dalvikvm(  225): GC_EXPLICIT freed 26K, 36% free 1661K/2560K, paused 3ms+4ms
W/Zygote  (  225): Class not found for preloading: android.widget.EdgeGlow
D/dalvikvm(  225): GC_EXPLICIT freed 25K, 34% free 1690K/2560K, paused 3ms+3ms
D/dalvikvm(  225): GC_EXPLICIT freed 71K, 33% free 1736K/2560K, paused 4ms+3ms
E/PhonePolicy(  225): Could not preload class for phone policy: com.android.internal.policy.impl.PhoneWindow$ContextMenuCallback
D/dalvikvm(  225): GC_EXPLICIT freed 33K, 32% free 1757K/2560K, paused 4ms+3ms
D/dalvikvm(  225): GC_EXPLICIT freed 28K, 31% free 1786K/2560K, paused 3ms+4ms
D/dalvikvm(  225): GC_EXPLICIT freed 26K, 30% free 1817K/2560K, paused 3ms+3ms
D/dalvikvm(  225): GC_EXPLICIT freed 32K, 29% free 1842K/2560K, paused 4ms+3ms
D/dalvikvm(  225): GC_EXPLICIT freed 31K, 27% free 1870K/2560K, paused 3ms+4ms
D/dalvikvm(  225): GC_EXPLICIT freed 71K, 25% free 1926K/2560K, paused 4ms+4ms
D/dalvikvm(  225): GC_EXPLICIT freed 39K, 25% free 1942K/2560K, paused 4ms+7ms
I/System  (  225): Loaded time zone names for  in 1009ms (998ms in ICU)
I/System  (  225): Loaded time zone names for en_US in 764ms (752ms in ICU)
D/dalvikvm(  225): GC_EXPLICIT freed 325K, 20% free 2059K/2560K, paused 4ms+4ms
D/dalvikvm(  225): GC_EXPLICIT freed 41K, 18% free 2120K/2560K, paused 4ms+3ms
D/dalvikvm(  225): GC_EXPLICIT freed 52K, 16% free 2151K/2560K, paused 4ms+4ms
D/dalvikvm(  225): GC_EXPLICIT freed 29K, 15% free 2183K/2560K, paused 3ms+3ms
D/dalvikvm(  225): GC_EXPLICIT freed 37K, 15% free 2200K/2560K, paused 4ms+5ms
D/dalvikvm(  225): GC_EXPLICIT freed 32K, 14% free 2222K/2560K, paused 4ms+4ms
I/Zygote  (  225): ...preloaded 2297 classes in 4943ms.
D/dalvikvm(  225): GC_EXPLICIT freed 22K, 14% free 2226K/2560K, paused 3ms+4ms
I/Zygote  (  225): Preloading resources...
D/dalvikvm(  225): GC_EXPLICIT freed 27K, 13% free 2251K/2560K, paused 4ms+4ms
D/dalvikvm(  225): GC_EXPLICIT freed 47K, 12% free 2271K/2560K, paused 4ms+8ms
D/dalvikvm(  225): GC_EXPLICIT freed 70K, 11% free 2303K/2560K, paused 3ms+4ms
D/dalvikvm(  225): GC_EXPLICIT freed 35K, 10% free 2318K/2560K, paused 4ms+3ms
D/dalvikvm(  225): GC_EXPLICIT freed 34K, 9% free 2333K/2560K, paused 4ms+3ms
D/dalvikvm(  225): GC_EXPLICIT freed 39K, 9% free 2352K/2560K, paused 4ms+4ms
D/dalvikvm(  225): GC_EXPLICIT freed 40K, 10% free 2370K/2627K, paused 8ms+4ms
D/dalvikvm(  225): GC_EXPLICIT freed 37K, 10% free 2386K/2627K, paused 3ms+4ms
D/dalvikvm(  225): GC_EXPLICIT freed 50K, 9% free 2409K/2627K, paused 4ms+4ms
D/dalvikvm(  225): GC_EXPLICIT freed 51K, 10% free 2431K/2691K, paused 4ms+3ms
D/dalvikvm(  225): GC_EXPLICIT freed 40K, 10% free 2449K/2691K, paused 4ms+4ms
D/dalvikvm(  225): GC_EXPLICIT freed 37K, 9% free 2466K/2691K, paused 4ms+4ms
D/dalvikvm(  225): GC_EXPLICIT freed 46K, 8% free 2487K/2691K, paused 4ms+4ms
D/dalvikvm(  225): GC_EXPLICIT freed 44K, 10% free 2506K/2755K, paused 5ms+8ms
D/dalvikvm(  225): GC_EXPLICIT freed 33K, 9% free 2530K/2755K, paused 3ms+4ms
D/dalvikvm(  225): GC_EXPLICIT freed 36K, 8% free 2546K/2755K, paused 4ms+4ms
D/dalvikvm(  225): GC_EXPLICIT freed 36K, 8% free 2563K/2755K, paused 8ms+7ms
D/dalvikvm(  225): GC_EXPLICIT freed 39K, 9% free 2580K/2819K, paused 3ms+4ms
D/dalvikvm(  225): GC_EXPLICIT freed 37K, 8% free 2596K/2819K, paused 4ms+4ms
D/dalvikvm(  225): GC_EXPLICIT freed 37K, 8% free 2613K/2819K, paused 4ms+4ms
D/dalvikvm(  225): GC_EXPLICIT freed 37K, 7% free 2630K/2819K, paused 4ms+4ms
D/dalvikvm(  225): GC_EXPLICIT freed 39K, 9% free 2648K/2883K, paused 7ms+4ms
D/dalvikvm(  225): GC_EXPLICIT freed 51K, 8% free 2673K/2883K, paused 3ms+4ms
D/dalvikvm(  225): GC_EXPLICIT freed 39K, 7% free 2691K/2883K, paused 4ms+4ms
D/dalvikvm(  225): GC_EXPLICIT freed 43K, 9% free 2710K/2947K, paused 3ms+4ms
D/dalvikvm(  225): GC_EXPLICIT freed 36K, 8% free 2726K/2947K, paused 4ms+4ms
D/dalvikvm(  225): GC_EXPLICIT freed 45K, 7% free 2747K/2947K, paused 3ms+4ms
D/dalvikvm(  225): GC_EXPLICIT freed 38K, 9% free 2764K/3011K, paused 4ms+5ms
D/dalvikvm(  225): GC_EXPLICIT freed 62K, 8% free 2798K/3011K, paused 5ms+9ms
D/dalvikvm(  225): GC_EXPLICIT freed 36K, 9% free 2812K/3075K, paused 4ms+4ms
D/dalvikvm(  225): GC_EXPLICIT freed 35K, 9% free 2828K/3075K, paused 3ms+4ms
D/dalvikvm(  225): GC_EXPLICIT freed 35K, 8% free 2844K/3075K, paused 4ms+4ms
D/dalvikvm(  225): GC_EXPLICIT freed 35K, 7% free 2860K/3075K, paused 4ms+4ms
D/dalvikvm(  225): GC_EXPLICIT freed 38K, 7% free 2879K/3075K, paused 3ms+4ms
D/dalvikvm(  225): GC_EXPLICIT freed 39K, 6% free 2896K/3075K, paused 4ms+4ms
D/dalvikvm(  225): GC_EXPLICIT freed 39K, 8% free 2914K/3139K, paused 4ms+4ms
D/dalvikvm(  225): GC_EXPLICIT freed 39K, 7% free 2931K/3139K, paused 3ms+4ms
D/dalvikvm(  225): GC_EXPLICIT freed 39K, 7% free 2949K/3139K, paused 8ms+8ms
D/dalvikvm(  225): GC_EXPLICIT freed 43K, 6% free 2972K/3139K, paused 3ms+4ms
D/dalvikvm(  225): GC_EXPLICIT freed 39K, 7% free 2989K/3203K, paused 4ms+4ms
D/dalvikvm(  225): GC_EXPLICIT freed 32K, 7% free 3008K/3203K, paused 3ms+5ms
D/dalvikvm(  225): GC_EXPLICIT freed 40K, 6% free 3027K/3203K, paused 8ms+7ms
D/dalvikvm(  225): GC_EXPLICIT freed 40K, 5% free 3046K/3203K, paused 4ms+4ms
D/dalvikvm(  225): GC_EXPLICIT freed 39K, 5% free 3065K/3203K, paused 3ms+4ms
D/dalvikvm(  225): GC_EXPLICIT freed 40K, 6% free 3084K/3267K, paused 4ms+4ms
D/dalvikvm(  225): GC_EXPLICIT freed 145K, 7% free 3167K/3395K, paused 3ms+5ms
D/dalvikvm(  225): GC_EXPLICIT freed 86K, 6% free 3202K/3395K, paused 8ms+8ms
D/dalvikvm(  225): GC_EXPLICIT freed 42K, 6% free 3220K/3395K, paused 4ms+4ms
D/dalvikvm(  225): GC_EXPLICIT freed 51K, 7% free 3243K/3459K, paused 3ms+5ms
D/dalvikvm(  225): GC_EXPLICIT freed 38K, 6% free 3261K/3459K, paused 4ms+4ms
D/dalvikvm(  225): GC_EXPLICIT freed 69K, 5% free 3299K/3459K, paused 3ms+4ms
D/dalvikvm(  225): GC_EXPLICIT freed 87K, 6% free 3338K/3523K, paused 4ms+4ms
D/dalvikvm(  225): GC_EXPLICIT freed 38K, 5% free 3363K/3523K, paused 4ms+4ms
W/Zygote  (  225): Preloaded drawable resource #0x10803e3 (res/drawable-hdpi/menu_hardkey_panel_holo_dark.9.png) that varies with configuration!!
D/dalvikvm(  225): GC_EXPLICIT freed 36K, 5% free 3377K/3523K, paused 4ms+5ms
W/Zygote  (  225): Preloaded drawable resource #0x10803e4 (res/drawable-hdpi/menu_hardkey_panel_holo_light.9.png) that varies with configuration!!
D/dalvikvm(  225): GC_EXPLICIT freed 43K, 4% free 3395K/3523K, paused 4ms+4ms
D/dalvikvm(  225): GC_EXPLICIT freed 70K, 5% free 3428K/3587K, paused 3ms+4ms
D/dalvikvm(  225): GC_EXPLICIT freed 80K, 6% free 3464K/3651K, paused 4ms+4ms
D/dalvikvm(  225): GC_EXPLICIT freed 622K, 19% free 3739K/4611K, paused 4ms+4ms
D/dalvikvm(  225): GC_EXPLICIT freed 40K, 19% free 3758K/4611K, paused 4ms+5ms
D/dalvikvm(  225): GC_EXPLICIT freed 37K, 19% free 3776K/4611K, paused 4ms+4ms
D/dalvikvm(  225): GC_EXPLICIT freed 34K, 18% free 3795K/4611K, paused 4ms+4ms
D/dalvikvm(  225): GC_EXPLICIT freed 41K, 18% free 3813K/4611K, paused 4ms+4ms
D/dalvikvm(  225): GC_EXPLICIT freed 45K, 17% free 3833K/4611K, paused 8ms+9ms
D/dalvikvm(  225): GC_EXPLICIT freed 56K, 17% free 3859K/4611K, paused 4ms+4ms
D/dalvikvm(  225): GC_EXPLICIT freed 36K, 16% free 3881K/4611K, paused 4ms+5ms
D/dalvikvm(  225): GC_EXPLICIT freed 423K, 12% free 4070K/4611K, paused 4ms+4ms
D/dalvikvm(  225): GC_EXPLICIT freed 108K, 11% free 4112K/4611K, paused 3ms+4ms
D/dalvikvm(  225): GC_EXPLICIT freed 43K, 11% free 4133K/4611K, paused 4ms+5ms
D/dalvikvm(  225): GC_EXPLICIT freed 15K, 9% free 5649K/6147K, paused 4ms+5ms
D/dalvikvm(  225): GC_EXPLICIT freed 5K, 8% free 7145K/7683K, paused 5ms+5ms
D/dalvikvm(  225): GC_EXPLICIT freed 33K, 7% free 7165K/7683K, paused 9ms+9ms
D/dalvikvm(  225): GC_EXPLICIT freed 45K, 7% free 7185K/7683K, paused 4ms+5ms
D/dalvikvm(  225): GC_EXPLICIT freed 34K, 7% free 7201K/7683K, paused 4ms+5ms
D/dalvikvm(  225): GC_EXPLICIT freed 40K, 6% free 7223K/7683K, paused 4ms+4ms
D/dalvikvm(  225): GC_EXPLICIT freed 38K, 6% free 7239K/7683K, paused 4ms+5ms
D/dalvikvm(  225): GC_EXPLICIT freed 34K, 6% free 7255K/7683K, paused 4ms+5ms
D/dalvikvm(  225): GC_EXPLICIT freed 42K, 6% free 7277K/7683K, paused 4ms+5ms
D/dalvikvm(  225): GC_EXPLICIT freed 41K, 6% free 7295K/7683K, paused 8ms+7ms
D/dalvikvm(  225): GC_EXPLICIT freed 40K, 5% free 7312K/7683K, paused 4ms+5ms
D/dalvikvm(  225): GC_EXPLICIT freed 40K, 5% free 7330K/7683K, paused 4ms+5ms
D/dalvikvm(  225): GC_EXPLICIT freed 78K, 5% free 7365K/7683K, paused 4ms+4ms
D/dalvikvm(  225): GC_EXPLICIT freed 35K, 4% free 7379K/7683K, paused 4ms+5ms
D/dalvikvm(  225): GC_EXPLICIT freed 47K, 4% free 7401K/7683K, paused 4ms+8ms
D/dalvikvm(  225): GC_EXPLICIT freed 34K, 4% free 7416K/7683K, paused 4ms+4ms
D/dalvikvm(  225): GC_EXPLICIT freed 46K, 4% free 7437K/7683K, paused 3ms+4ms
D/dalvikvm(  225): GC_EXPLICIT freed 35K, 3% free 7455K/7683K, paused 4ms+5ms
D/dalvikvm(  225): GC_EXPLICIT freed 37K, 3% free 7471K/7683K, paused 7ms+5ms
D/dalvikvm(  225): GC_EXPLICIT freed 39K, 3% free 7490K/7683K, paused 3ms+7ms
D/dalvikvm(  225): GC_EXPLICIT freed 35K, 3% free 7508K/7683K, paused 4ms+5ms
D/dalvikvm(  225): GC_EXPLICIT freed 44K, 3% free 7529K/7683K, paused 4ms+5ms
D/dalvikvm(  225): GC_EXPLICIT freed 61K, 2% free 7559K/7683K, paused 4ms+4ms
D/dalvikvm(  225): GC_EXPLICIT freed 49K, 2% free 7579K/7683K, paused 4ms+4ms
D/dalvikvm(  225): GC_EXPLICIT freed 49K, 2% free 7603K/7683K, paused 4ms+5ms
D/dalvikvm(  225): GC_EXPLICIT freed 49K, 2% free 7624K/7747K, paused 4ms+6ms
D/dalvikvm(  225): GC_EXPLICIT freed 35K, 2% free 7646K/7747K, paused 4ms+5ms
D/dalvikvm(  225): GC_EXPLICIT freed 46K, 1% free 7672K/7747K, paused 9ms+6ms
I/Zygote  (  225): ...preloaded 379 resources in 7580ms.
D/dalvikvm(  225): GC_EXPLICIT freed 41K, 1% free 7685K/7747K, paused 4ms+5ms
I/Zygote  (  225): ...preloaded 31 resources in 94ms.
D/dalvikvm(  225): GC_EXPLICIT freed 11K, 1% free 7674K/7747K, paused 10ms+6ms
D/dalvikvm(  225): GC_EXPLICIT freed <1K, 1% free 7674K/7747K, paused 4ms+4ms
D/dalvikvm(  225): GC_EXPLICIT freed <1K, 1% free 7674K/7747K, paused 4ms+5ms
I/dalvikvm(  225): System server process 254 has been created
I/Zygote  (  225): Accepting command socket connections
I/sysproc (  254): Entered system_init()
I/sysproc (  254): ServiceManager: 0x1eff08
D/SensorService(  254): nuSensorService starting...
I/SensorService(  254): BMA150 3-axis Accelerometer
I/SensorService(  254): AK8975 3-axis Magnetic field sensor
I/SensorService(  254): AK8975 Orientation sensor
I/SensorService(  254): CM3602 Proximity sensor
I/SensorService(  254): CM3602 Light sensor
D/AK8975  (   89): Compass Start
I/sysproc (  254): System server: starting Android runtime.
I/sysproc (  254): System server: starting Android services.
I/SystemServer(  254): Entered the Android system server!
D/SensorService(  254): nuSensorService thread starting...
I/sysproc (  254): System server: entering thread pool.
I/SystemServer(  254): Entropy Service
I/SystemServer(  254): Power Manager
I/SystemServer(  254): Activity Manager
I/ActivityManager(  254): Memory class: 48
W/UsageStats(  254): Usage stats version changed; dropping
I/SystemServer(  254): Telephony Registry
I/SystemServer(  254): Package Manager
D/AK8975  (   89): Compass CLOSE 
W/ResourceType(  254): No known package when getting value for resource number 0x030d0015
W/ResourceType(  254): No known package when getting value for resource number 0x030d0015
W/ResourceType(  254): No known package when getting value for resource number 0x030d0015
W/ResourceType(  254): No known package when getting value for resource number 0x030d0015
W/ResourceType(  254): No known package when getting value for resource number 0x030d0020
W/ResourceType(  254): No known package when getting value for resource number 0x030d0015
W/ResourceType(  254): No known package when getting value for resource number 0x030d0015
W/ResourceType(  254): No known package when getting value for resource number 0x030d0015
W/ResourceType(  254): No known package when getting value for resource number 0x030d0020
W/ResourceType(  254): No known package when getting value for resource number 0x030d0020
W/ResourceType(  254): No known package when getting value for resource number 0x030d0020
W/ResourceType(  254): No known package when getting value for resource number 0x030d0020
W/ResourceType(  254): No known package when getting value for resource number 0x030d0023
W/ResourceType(  254): No known package when getting value for resource number 0x030d0023
W/ResourceType(  254): No known package when getting value for resource number 0x030d0015
W/ResourceType(  254): No known package when getting value for resource number 0x030d0015
W/ResourceType(  254): No known package when getting value for resource number 0x030d0015
W/ResourceType(  254): No known package when getting value for resource number 0x030d0015
W/ResourceType(  254): No known package when getting value for resource number 0x030d0015
W/ResourceType(  254): No known package when getting value for resource number 0x030d0015
W/ResourceType(  254): No known package when getting value for resource number 0x030d0015
W/ResourceType(  254): No known package when getting value for resource number 0x030d0020
W/ResourceType(  254): No known package when getting value for resource number 0x030d0020
W/ResourceType(  254): No known package when getting value for resource number 0x030d0020
W/ResourceType(  254): No known package when getting value for resource number 0x030d0020
W/ResourceType(  254): No known package when getting value for resource number 0x030d0020
W/ResourceType(  254): No known package when getting value for resource number 0x030d0015
W/ResourceType(  254): No known package when getting value for resource number 0x030d0015
W/ResourceType(  254): No known package when getting value for resource number 0x030d0015
W/ResourceType(  254): No known package when getting value for resource number 0x030d0015
W/ResourceType(  254): No known package when getting value for resource number 0x030d0015
W/PackageManager(  254): Package com.miui.gallery desires unavailable shared library com.google.android.media.effects; ignoring!
I/PackageManager(  254): /system/app/GoogleBackupTransport.apk changed; collecting certs
W/PackageManager(  254): Signature mismatch for shared user : SharedUserSetting{41247cf8 android.uid.system/1000}
E/PackageManager(  254): Package com.google.android.backup has no signatures that match those in shared user android.uid.system; ignoring!
W/ResourceType(  254): No known package when getting value for resource number 0x030d0015
W/ResourceType(  254): No known package when getting value for resource number 0x030d0015
W/PackageParser(  254): No actions in intent filter at /system/app/Contacts.apk Binary XML file line #570
W/ResourceType(  254): No known package when getting value for resource number 0x030d0015
W/PackageManager(  254): Package com.android.camera desires unavailable shared library com.google.android.media.effects; ignoring!
W/PackageParser(  254): No actions in intent filter at /system/app/Bluetooth.apk Binary XML file line #112
W/ResourceType(  254): No known package when getting value for resource number 0x030d0015
W/ResourceType(  254): No known package when getting value for resource number 0x030d0015
W/ResourceType(  254): No known package when getting value for resource number 0x030d0015
W/ResourceType(  254): No known package when getting value for resource number 0x030d0015
D/PackageManager(  254): No files in app dir /vendor/app
I/installd(   87): new connection
I/Installer(  254): connecting...
I/PackageManager(  254): Time to scan packages: 1.462 seconds
W/PackageManager(  254): Removing dangling permission: com.tmobile.permission.ACCESS_DRM_THEME from package null
W/PackageManager(  254): Unknown permission com.android.vending.permission.UPDATE_MARKET_FAILURE in package com.android.vending.updater
W/PackageManager(  254): Unknown permission android.permission.ADD_SYSTEM_SERVICE in package com.android.phone
W/PackageManager(  254): Unknown permission android.permission.WRITE_INTERNAL_STORAGE in package com.miui.player
W/PackageManager(  254): Unknown permission com.android.vending.billing.IBillingAccountService.BIND2 in package com.google.android.gsf.login
W/PackageManager(  254): Not granting permission android.permission.SEND_DOWNLOAD_COMPLETED_INTENTS to package com.android.browser (protectionLevel=2 flags=0x9be45)
W/PackageManager(  254): Unknown permission android.permission.WRITE_INTERNAL_STORAGE in package com.android.updater
W/PackageManager(  254): Unknown permission android.permission.READ_EXTERNAL_STORAGE in package com.android.vending
W/PackageManager(  254): Unknown permission com.google.android.voicesearch.AUDIO_FILE_ACCESS in package com.google.android.gm
W/PackageManager(  254): Not granting permission android.permission.DEVICE_POWER to package com.android.deskclock (protectionLevel=2 flags=0x8be45)
W/PackageManager(  254): Unknown permission com.sonyericsson.permission.FACEBOOK in package com.sonyericsson.home
D/dalvikvm(  254): GC_EXPLICIT freed 2035K, 27% free 9447K/12867K, paused 8ms+19ms
I/SystemServer(  254): Account Manager
D/PackageManager(  254): generateServicesMap(android.accounts.AccountAuthenticator): 4 services unchanged
I/SystemServer(  254): Content Manager
D/PackageManager(  254): generateServicesMap(android.content.SyncAdapter): 10 services unchanged
I/ActivityThread(  254): Pub yellowpage: com.miui.providers.telocation.YellowPageProvider
I/SystemServer(  254): System Content Providers
I/ActivityThread(  254): Pub settings: com.android.providers.settings.SettingsProvider
I/ActivityThread(  254): Pub telocation: com.miui.providers.telocation.TelocationProvider
D/SettingsProvider(  254): cache for settings table 'secure' rows=33; fullycached=true
D/SettingsProvider(  254): cache for settings table 'system' rows=47; fullycached=true
I/SystemServer(  254): Lights Service
I/SystemServer(  254): Battery Service
I/SystemServer(  254): Vibrator Service
I/power   (  254): *** set_screen_state 1
I/SystemServer(  254): Alarm Manager
I/SystemServer(  254): Init Watchdog
I/SystemServer(  254): Window Manager
D/dalvikvm(  254): DexOpt: couldn't find field Lcom/android/internal/policy/impl/MiuiPhoneWindowManager;.mHapticFeedbackUtil
W/dalvikvm(  254): VFY: unable to resolve instance field 691
D/dalvikvm(  254): VFY: replacing opcode 0x54 at 0x0000
I/InputManager(  254): Initializing input manager
W/StatusBarManager(  254): warning: no STATUS_BAR_SERVICE
W/StatusBarManager(  254): warning: no STATUS_BAR_SERVICE
I/InputManager(  254): Starting input manager
I/SystemServer(  254): Bluetooth Service
D/AK8975  (   89): Compass Start
I/BluetoothProfileState(  254): Message:Entering Stable State
D/EventHub(  254): No input device configuration file found for device 'proximity'.
D/EventHub(  254): No input device configuration file found for device 'lightsensor-level'.
D/EventHub(  254): No input device configuration file found for device 'compass'.
D/EventHub(  254): No input device configuration file found for device 'marvel-keypad'.
I/EventHub(  254): New device: id=4, fd=124, path='/dev/input/event4', name='marvel-keypad', classes=0x1, configuration='', keyLayout='/system/usr/keylayout/marvel-keypad.kl', keyCharacterMap='/system/usr/keychars/Generic.kcm', builtinKeyboard=true
E/filemap (  254): mmap(0,4096) failed: No such device
I/EventHub(  254): New device: id=5, fd=125, path='/dev/input/event3', name='cy8c-touchscreen', classes=0x15, configuration='/system/usr/idc/cy8c-touchscreen.idc', keyLayout='/system/usr/keylayout/cy8c-touchscreen.kl', keyCharacterMap='/system/usr/keychars/Generic.kcm', builtinKeyboard=false
D/EventHub(  254): No input device configuration file found for device 'projector-Keypad'.
I/EventHub(  254): New device: id=6, fd=122, path='/dev/input/event2', name='projector-Keypad', classes=0x1, configuration='', keyLayout='/system/usr/keylayout/Generic.kl', keyCharacterMap='/system/usr/keychars/Generic.kcm', builtinKeyboard=false
I/BluetoothProfileState(  254): Message:Entering Stable State
I/BluetoothProfileState(  254): Message:Entering Stable State
D/EventHub(  254): No input device configuration file found for device 'projector_input'.
D/BluetoothAdapterStateMachine(  254): PowerOff process message: 5
I/EventHub(  254): New device: id=7, fd=132, path='/dev/input/event1', name='projector_input', classes=0x145, configuration='', keyLayout='/system/usr/keylayout/Generic.kl', keyCharacterMap='/system/usr/keychars/Generic.kcm', builtinKeyboard=false
D/EventHub(  254): No input device configuration file found for device 'h2w headset'.
I/SystemServer(  254): Input Method Service
W/InputManagerService(  254): Couldn't create dir.: /data/system/inputmethod
I/EventHub(  254): New device: id=8, fd=137, path='/dev/input/event0', name='h2w headset', classes=0x1, configuration='', keyLayout='/system/usr/keylayout/h2w_headset.kl', keyCharacterMap='/system/usr/keychars/Generic.kcm', builtinKeyboard=false
I/InputReader(  254): Device added: id=8, name='h2w headset', sources=0x00000101
I/InputReader(  254):   Touch device 'projector_input' could not query the properties of its associated display 0.  The device will be inoperable until the display size becomes available.
I/InputReader(  254): Device added: id=7, name='projector_input', sources=0x01002513
I/InputReader(  254): Device added: id=6, name='projector-Keypad', sources=0x00000101
W/InputReader(  254): Invalid value for touch.size.calibration: 'normalized'
I/InputReader(  254):   Touch device 'cy8c-touchscreen' could not query the properties of its associated display 0.  The device will be inoperable until the display size becomes available.
I/InputReader(  254): Device added: id=5, name='cy8c-touchscreen', sources=0x00001103
I/InputReader(  254): Device added: id=0, name='marvel-keypad', sources=0x00000101
E/OMXCodec(  227): Attempting to allocate OMX node 'OMX.google.vorbis.decoder'
E/OMXCodec(  227): Successfully allocated OMX node 'OMX.google.vorbis.decoder'
I/bluedroid(  254): Starting hciattach daemon
I/bluedroid(  254): Starting bluetoothd deamon
E/BluetoothEventLoop.cpp(  254): get_adapter_path: D-Bus error: org.freedesktop.DBus.Error.ServiceUnknown (The name org.bluez was not provided by any .service files)
E/BluetoothEventLoop.cpp(  254): get_adapter_path: D-Bus error: org.freedesktop.DBus.Error.ServiceUnknown (The name org.bluez was not provided by any .service files)
E/BluetoothEventLoop.cpp(  254): get_adapter_path: D-Bus error: org.freedesktop.DBus.Error.ServiceUnknown (The name org.bluez was not provided by any .service files)
E/BluetoothEventLoop.cpp(  254): get_adapter_path: D-Bus error: org.freedesktop.DBus.Error.ServiceUnknown (The name org.bluez was not provided by any .service files)
E/BluetoothEventLoop.cpp(  254): get_adapter_path: D-Bus error: org.freedesktop.DBus.Error.ServiceUnknown (The name org.bluez was not provided by any .service files)
E/BluetoothEventLoop.cpp(  254): get_adapter_path: D-Bus error: org.freedesktop.DBus.Error.ServiceUnknown (The name org.bluez was not provided by any .service files)
E/BluetoothEventLoop.cpp(  254): get_adapter_path: D-Bus error: org.freedesktop.DBus.Error.ServiceUnknown (The name org.bluez was not provided by any .service files)
I/SystemServer(  254): Accessibility Manager
E/BluetoothEventLoop.cpp(  254): get_adapter_path: D-Bus error: org.freedesktop.DBus.Error.ServiceUnknown (The name org.bluez was not provided by any .service files)
E/BluetoothEventLoop.cpp(  254): get_adapter_path: D-Bus error: org.freedesktop.DBus.Error.ServiceUnknown (The name org.bluez was not provided by any .service files)
I/InputReader(  254): Reconfiguring input devices.  changes=0x00000004
I/InputReader(  254): Device reconfigured: id=5, name='cy8c-touchscreen', surface size is now 320x480, mode is 1
I/InputReader(  254): Device reconfigured: id=7, name='projector_input', surface size is now 320x480, mode is 3
E/BluetoothEventLoop.cpp(  254): get_adapter_path: D-Bus error: org.freedesktop.DBus.Error.ServiceUnknown (The name org.bluez was not provided by any .service files)
I/ActivityManager(  254): Config changed: {1.0 0mcc0mnc en_US layoutdir=0 sw320dp w320dp h455dp nrml port ?uimode ?night finger -keyb/v/h -nav/h s.2 themeChanged=0 themeChangedFlags=0}
E/BluetoothEventLoop.cpp(  254): get_adapter_path: D-Bus error: org.freedesktop.DBus.Error.ServiceUnknown (The name org.bluez was not provided by any .service files)
W/ResourceType(  254): No known package when getting value for resource number 0x030200e1
F/WindowManager(  254): Unhandled exception while laying out windows
F/WindowManager(  254): android.content.res.Resources$NotFoundException: Resource ID #0x30200e1
F/WindowManager(  254): 	at android.content.res.Resources.getValue(Resources.java:1022)
F/WindowManager(  254): 	at android.content.res.MiuiResources.getValue(MiuiResources.java:56)
F/WindowManager(  254): 	at android.content.res.Resources.getDrawable(Resources.java:667)
F/WindowManager(  254): 	at com.miui.server.wm.RoundedCornersSurface.<init>(RoundedCornersSurface.java:55)
F/WindowManager(  254): 	at com.android.server.wm.WindowManagerService.createRoundCorners(WindowManagerService.java:7540)
F/WindowManager(  254): 	at com.android.server.wm.WindowManagerService.performLayoutAndPlaceSurfacesLockedInner(WindowManagerService.java:7603)
F/WindowManager(  254): 	at com.android.server.wm.WindowManagerService.performLayoutAndPlaceSurfacesLocked(WindowManagerService.java:7354)
F/WindowManager(  254): 	at com.android.server.wm.WindowManagerService.setNewConfiguration(WindowManagerService.java:3523)
F/WindowManager(  254): 	at com.android.server.am.ActivityManagerService.updateConfigurationLocked(ActivityManagerService.java:13550)
F/WindowManager(  254): 	at com.android.server.am.ActivityManagerService.updateConfiguration(ActivityManagerService.java:13443)
F/WindowManager(  254): 	at com.android.server.wm.WindowManagerService.displayReady(WindowManagerService.java:6470)
F/WindowManager(  254): 	at com.android.server.ServerThread.run(SystemServer.java:286)
E/BluetoothEventLoop.cpp(  254): get_adapter_path: D-Bus error: org.freedesktop.DBus.Error.ServiceUnknown (The name org.bluez was not provided by any .service files)
E/OMXCodec(  227): Attempting to allocate OMX node 'OMX.google.vorbis.decoder'
E/BluetoothEventLoop.cpp(  254): get_adapter_path: D-Bus error: org.freedesktop.DBus.Error.ServiceUnknown (The name org.bluez was not provided by any .service files)
E/OMXCodec(  227): Successfully allocated OMX node 'OMX.google.vorbis.decoder'
W/ResourceType(  254): No known package when getting value for resource number 0x0303002e
W/dalvikvm(  254): threadid=24: thread exiting with uncaught exception (group=0x40a6a1f8)
I/Process (  254): Sending signal. PID: 254 SIG: 9
E/AndroidRuntime(  254): *** FATAL EXCEPTION IN SYSTEM PROCESS: WindowManagerPolicy
E/AndroidRuntime(  254): android.content.res.Resources$NotFoundException: Resource ID #0x303002e
E/AndroidRuntime(  254): 	at android.content.res.Resources.getValue(Resources.java:1022)
E/AndroidRuntime(  254): 	at android.content.res.MiuiResources.getValue(MiuiResources.java:56)
E/AndroidRuntime(  254): 	at android.content.res.Resources.loadXmlResourceParser(Resources.java:2114)
E/AndroidRuntime(  254): 	at android.content.res.Resources.getLayout(Resources.java:861)
E/AndroidRuntime(  254): 	at android.view.LayoutInflater.inflate(LayoutInflater.java:394)
E/AndroidRuntime(  254): 	at android.view.LayoutInflater.inflate(LayoutInflater.java:352)
E/AndroidRuntime(  254): 	at com.android.internal.policy.impl.MiuiPhoneWindowManager$6.run(MiuiPhoneWindowManager.java:616)
E/AndroidRuntime(  254): 	at android.os.Handler.handleCallback(Handler.java:605)
E/AndroidRuntime(  254): 	at android.os.Handler.dispatchMessage(Handler.java:92)
E/AndroidRuntime(  254): 	at android.os.Looper.loop(Looper.java:137)
E/AndroidRuntime(  254): 	at com.android.server.wm.WindowManagerService$PolicyThread.run(WindowManagerService.java:749)
I/ServiceManager(   77): service 'hardware' died
I/ServiceManager(   77): service 'meminfo' died
I/ServiceManager(   77): service 'content' died
I/ServiceManager(   77): service 'activity' died
I/ServiceManager(   77): service 'power' died
I/ServiceManager(   77): service 'gfxinfo' died
I/ServiceManager(   77): service 'usagestats' died
I/ServiceManager(   77): service 'batteryinfo' died
I/ServiceManager(   77): service 'package' died
I/ServiceManager(   77): service 'sensorservice' died
I/ServiceManager(   77): service 'entropy' died
I/ServiceManager(   77): service 'cpuinfo' died
I/ServiceManager(   77): service 'window' died
I/ServiceManager(   77): service 'battery' died
I/ServiceManager(   77): service 'vibrator' died
I/ServiceManager(   77): service 'account' died
I/ServiceManager(   77): service 'alarm' died
I/ServiceManager(   77): service 'telephony.registry' died
I/ServiceManager(   77): service 'permission' died
I/ServiceManager(   77): service 'bluetooth' died
I/ServiceManager(   77): service 'bluetooth_a2dp' died
I/ServiceManager(   77): service 'input_method' died
I/ServiceManager(   77): service 'accessibility' died
E/installd(   87): eof
E/installd(   87): failed to read size
I/installd(   87): closing connection
I/Zygote  (  225): Exit zygote because system server (254) has terminated
I/ServiceManager(   77): service 'media.audio_flinger' died
I/ServiceManager(   77): service 'media.player' died
I/ServiceManager(   77): service 'media.camera' died
I/ServiceManager(   77): service 'media.audio_policy' died
I/Netd    (  307): Netd 1.0 starting
D/AK8975  (   89): Compass CLOSE 
D/AndroidRuntime(  306): 
D/AndroidRuntime(  306): >>>>>> AndroidRuntime START com.android.internal.os.ZygoteInit <<<<<<
D/AndroidRuntime(  306): CheckJNI is OFF
I/        (  308): ServiceManager: 0xf958
I/HTC Acoustic(  308): libhtc_acoustic.so version 2.0.0.6.
I/HTC Acoustic(  308): deonvvv gingerbread test.
I/HTC Acoustic(  308): open /system/etc/AudioPara4_WB.csv success.
I/HTC Acoustic(  308): acoustic table version: MAL_WB_20110217
I/HTC Acoustic(  308): read_audio_para_from_file success.
E/HTC Acoustic(  308): Fail to open /system/etc/AudioPara_ALL.csv -1.
I/HTC Acoustic(  308): open /system/etc/AudioPara4.csv success.
I/HTC Acoustic(  308): acoustic table version: MAL_Gerenic_20110509
I/HTC Acoustic(  308): read_audio_para_from_file success.
I/HTC Acoustic(  308): get_audpp_filter
I/HTC Acoustic(  308): open /system/etc/AudioFilter.csv success.
I/HTC Acoustic(  308): MBADRC Filter MBADRC FLAG = ffff.
E/HTC Acoustic(  308): set mbadrc filter error.
I/HTC Acoustic(  308): failed to set audpp parameters, exiting.
I/HTC Acoustic(  308): get_audpre_filter
I/HTC Acoustic(  308): open /system/etc/AudioPreProcess.csv success.
D/AudioHardwareMSM72XX(  308): mNumSndEndpoints = 151
V/AudioHardwareMSM72XX(  308): constructed 151 SND endpoints)
D/AudioHardwareMSM72XX(  308): BT MATCH HANDSET
D/AudioHardwareMSM72XX(  308): BT MATCH SPEAKER
D/AudioHardwareMSM72XX(  308): BT MATCH HEADSET
D/AudioHardwareMSM72XX(  308): BT MATCH BT
D/AudioHardwareMSM72XX(  308): BT MATCH CARKIT
D/AudioHardwareMSM72XX(  308): BT MATCH TTY_FULL
D/AudioHardwareMSM72XX(  308): BT MATCH TTY_VCO
D/AudioHardwareMSM72XX(  308): BT MATCH TTY_HCO
D/AudioHardwareMSM72XX(  308): BT MATCH NO_MIC_HEADSET
D/AudioHardwareMSM72XX(  308): BT MATCH FM_HEADSET
D/AudioHardwareMSM72XX(  308): BT MATCH HEADSET_AND_SPEAKER
D/AudioHardwareMSM72XX(  308): BT MATCH FM_SPEAKER
D/AudioHardwareMSM72XX(  308): BT MATCH BT_EC_OFF
D/AudioHardwareMSM72XX(  308): BT MATCH BT_EC_OFF
D/AudioHardwareMSM72XX(  308): BT MATCH CURRENT
I/AudioFlinger(  308): Loaded primary audio interface from LEGACY Audio HW HAL (audio)
I/AudioFlinger(  308): Using 'LEGACY Audio HW HAL' (audio.primary) as the primary audio interface
I/AudioFlinger(  308): Loaded a2dp audio interface from A2DP Audio HW HAL (audio)
D/AudioHardwareInterface(  308): setMode(NORMAL)
I/AudioHardwareMSM72XX(  308): Set master volume to 5.
I/CameraService(  308): CameraService started (pid=308)
I/AudioFlinger(  308): AudioFlinger's thread 0x16f90 ready to run
W/AudioFlinger(  308): Thread AudioOut_1 cannot connect to the power manager service
V/AudioHardwareMSM72XX(  308): AudioStreamOutMSM72xx::setParameters() routing=2
V/AudioHardwareMSM72XX(  308): set output routing 2
I/AudioHardwareMSM72XX(  308): Routing audio to Speakerphone
V/AudioHardwareMSM72XX(  308): doAudioRouteOrMute() device 1, mMode 0, mMicMute 1
D/AudioHardwareMSM72XX(  308): setVoiceVolume(1.000000)
I/AudioHardwareMSM72XX(  308): Setting in-call volume to 5 (available range is 0 to 5)
I/AudioPolicyService(  308): Loaded audio policy from LEGACY Audio Policy HAL (audio_policy)
I/SamplingProfilerIntegration(  306): Profiling disabled.
I/Zygote  (  306): Preloading classes...
D/dalvikvm(  306): GC_EXPLICIT freed 36K, 84% free 410K/2560K, paused 1ms+2ms
D/dalvikvm(  306): GC_EXPLICIT freed 4K, 82% free 474K/2560K, paused 1ms+1ms
D/dalvikvm(  306): GC_EXPLICIT freed 20K, 81% free 510K/2560K, paused 1ms+2ms
D/dalvikvm(  306): GC_EXPLICIT freed 27K, 79% free 537K/2560K, paused 1ms+2ms
D/dalvikvm(  306): GC_EXPLICIT freed 15K, 78% free 577K/2560K, paused 1ms+1ms
D/dalvikvm(  306): GC_EXPLICIT freed 79K, 73% free 707K/2560K, paused 1ms+1ms
D/dalvikvm(  306): GC_EXPLICIT freed 31K, 72% free 731K/2560K, paused 3ms+1ms
D/TextLayoutCache(  306): Using debug level: 0 - Debug Enabled: 0
W/Zygote  (  306): Class not found for preloading: android.media.AudioManager$2
I/dalvikvm(  306): threadid=1: recursive native library load attempt (/system/lib/libmedia_jni.so)
D/MtpDeviceJNI(  306): register_android_mtp_MtpDevice
I/dalvikvm(  306): threadid=1: recursive native library load attempt (/system/lib/libmedia_jni.so)
I/dalvikvm(  306): threadid=1: recursive native library load attempt (/system/lib/libmedia_jni.so)
E/MediaProfilesJNI(  306): native_init
E/MediaProfilesJNI(  306): After native_init lock
E/MediaProfilesJNI(  306): Guru : native_init profiles
E/MediaProfiles(  306): getInstance
E/MediaProfiles(  306): Guru :Else 1
E/MediaProfiles(  306): Guru : quality = 0, index = 1
E/MediaProfiles(  306): Guru : quality = 1, index = 0
E/MediaProfiles(  306): Guru : quality = 0, index = 1
E/MediaProfiles(  306): Guru : quality = 1, index = 0
E/MediaProfiles(  306): getInstance ea880
E/MediaProfilesJNI(  306): retun sProfiles
E/MediaProfilesJNI(  306): native_init
E/MediaProfilesJNI(  306): After native_init lock
E/MediaProfilesJNI(  306): retun sProfiles
W/Zygote  (  306): Class not found for preloading: android.media.IRemoteControlClientDispatcher
W/Zygote  (  306): Class not found for preloading: android.media.IRemoteControlClientDispatcher$Stub
D/dalvikvm(  306): GC_EXPLICIT freed 24K, 71% free 764K/2560K, paused 3ms+1ms
V/MediaProfilesJNI(  306): native_get_num_video_decoders
V/MediaProfilesJNI(  306): native_get_video_decoder_type: 0
D/dalvikvm(  306): GC_EXPLICIT freed 262K, 56% free 1133K/2560K, paused 1ms+4ms
D/dalvikvm(  306): GC_EXPLICIT freed 27K, 55% free 1161K/2560K, paused 2ms+2ms
D/dalvikvm(  306): GC_EXPLICIT freed 8K, 53% free 1209K/2560K, paused 2ms+3ms
D/dalvikvm(  306): GC_EXPLICIT freed 23K, 51% free 1276K/2560K, paused 2ms+3ms
D/dalvikvm(  306): GC_EXPLICIT freed 48K, 40% free 1556K/2560K, paused 3ms+4ms
W/Zygote  (  306): Class not found for preloading: android.text.TextDirectionHeuristics$CharCount
W/Zygote  (  306): Class not found for preloading: android.text.method.WordIterator$1
D/dalvikvm(  306): GC_EXPLICIT freed 35K, 38% free 1590K/2560K, paused 3ms+4ms
D/dalvikvm(  306): GC_EXPLICIT freed 32K, 38% free 1612K/2560K, paused 3ms+4ms
I/dalvikvm(  306): threadid=1: recursive native library load attempt (/system/lib/libwebcore.so)
D/dalvikvm(  306): No JNI_OnLoad found in /system/lib/libchromium_net.so 0x0, skipping init
D/dalvikvm(  306): GC_EXPLICIT freed 26K, 36% free 1661K/2560K, paused 3ms+3ms
W/Zygote  (  306): Class not found for preloading: android.widget.EdgeGlow
D/dalvikvm(  306): GC_EXPLICIT freed 25K, 34% free 1690K/2560K, paused 3ms+4ms
D/dalvikvm(  306): GC_EXPLICIT freed 71K, 33% free 1736K/2560K, paused 3ms+4ms
E/PhonePolicy(  306): Could not preload class for phone policy: com.android.internal.policy.impl.PhoneWindow$ContextMenuCallback
D/dalvikvm(  306): GC_EXPLICIT freed 33K, 32% free 1757K/2560K, paused 3ms+4ms
D/dalvikvm(  306): GC_EXPLICIT freed 28K, 31% free 1786K/2560K, paused 3ms+4ms
D/dalvikvm(  306): GC_EXPLICIT freed 26K, 30% free 1817K/2560K, paused 4ms+3ms
D/dalvikvm(  306): GC_EXPLICIT freed 32K, 29% free 1842K/2560K, paused 3ms+3ms
D/dalvikvm(  306): GC_EXPLICIT freed 31K, 27% free 1870K/2560K, paused 3ms+4ms
D/dalvikvm(  306): GC_EXPLICIT freed 71K, 25% free 1926K/2560K, paused 3ms+3ms
D/dalvikvm(  306): GC_EXPLICIT freed 39K, 25% free 1942K/2560K, paused 3ms+7ms
I/System  (  306): Loaded time zone names for  in 1021ms (1005ms in ICU)
I/System  (  306): Loaded time zone names for en_US in 764ms (752ms in ICU)
D/dalvikvm(  306): GC_EXPLICIT freed 325K, 20% free 2059K/2560K, paused 4ms+4ms
D/dalvikvm(  306): GC_EXPLICIT freed 41K, 18% free 2120K/2560K, paused 4ms+4ms
D/dalvikvm(  306): GC_EXPLICIT freed 52K, 16% free 2151K/2560K, paused 3ms+4ms
D/dalvikvm(  306): GC_EXPLICIT freed 28K, 15% free 2183K/2560K, paused 3ms+4ms
D/dalvikvm(  306): GC_EXPLICIT freed 37K, 15% free 2200K/2560K, paused 3ms+4ms
D/dalvikvm(  306): GC_EXPLICIT freed 32K, 14% free 2222K/2560K, paused 4ms+4ms
I/Zygote  (  306): ...preloaded 2297 classes in 4941ms.
D/dalvikvm(  306): GC_EXPLICIT freed 22K, 14% free 2227K/2560K, paused 7ms+7ms
I/Zygote  (  306): Preloading resources...
D/dalvikvm(  306): GC_EXPLICIT freed 27K, 13% free 2251K/2560K, paused 4ms+4ms
D/dalvikvm(  306): GC_EXPLICIT freed 47K, 12% free 2271K/2560K, paused 4ms+4ms
D/dalvikvm(  306): GC_EXPLICIT freed 70K, 11% free 2303K/2560K, paused 8ms+6ms
D/dalvikvm(  306): GC_EXPLICIT freed 35K, 10% free 2318K/2560K, paused 3ms+4ms
D/dalvikvm(  306): GC_EXPLICIT freed 34K, 9% free 2333K/2560K, paused 7ms+7ms
D/dalvikvm(  306): GC_EXPLICIT freed 39K, 9% free 2352K/2560K, paused 4ms+4ms
D/dalvikvm(  306): GC_EXPLICIT freed 40K, 10% free 2370K/2627K, paused 4ms+4ms
D/dalvikvm(  306): GC_EXPLICIT freed 37K, 10% free 2386K/2627K, paused 4ms+3ms
D/dalvikvm(  306): GC_EXPLICIT freed 50K, 9% free 2409K/2627K, paused 4ms+4ms
D/dalvikvm(  306): GC_EXPLICIT freed 51K, 10% free 2431K/2691K, paused 6ms+4ms
D/dalvikvm(  306): GC_EXPLICIT freed 40K, 9% free 2449K/2691K, paused 4ms+4ms
D/dalvikvm(  306): GC_EXPLICIT freed 37K, 9% free 2466K/2691K, paused 4ms+9ms
D/dalvikvm(  306): GC_EXPLICIT freed 46K, 8% free 2487K/2691K, paused 3ms+4ms
D/dalvikvm(  306): GC_EXPLICIT freed 44K, 10% free 2506K/2755K, paused 3ms+4ms
D/dalvikvm(  306): GC_EXPLICIT freed 33K, 9% free 2530K/2755K, paused 7ms+4ms
D/dalvikvm(  306): GC_EXPLICIT freed 36K, 8% free 2546K/2755K, paused 4ms+4ms
D/dalvikvm(  306): GC_EXPLICIT freed 36K, 7% free 2563K/2755K, paused 4ms+4ms
D/dalvikvm(  306): GC_EXPLICIT freed 39K, 9% free 2580K/2819K, paused 4ms+4ms
D/dalvikvm(  306): GC_EXPLICIT freed 37K, 8% free 2596K/2819K, paused 4ms+4ms
D/dalvikvm(  306): GC_EXPLICIT freed 37K, 8% free 2613K/2819K, paused 3ms+4ms
D/dalvikvm(  306): GC_EXPLICIT freed 37K, 7% free 2630K/2819K, paused 4ms+4ms
D/dalvikvm(  306): GC_EXPLICIT freed 39K, 9% free 2648K/2883K, paused 3ms+5ms
D/dalvikvm(  306): GC_EXPLICIT freed 51K, 8% free 2673K/2883K, paused 4ms+3ms
D/dalvikvm(  306): GC_EXPLICIT freed 39K, 7% free 2691K/2883K, paused 4ms+4ms
D/dalvikvm(  306): GC_EXPLICIT freed 43K, 9% free 2710K/2947K, paused 3ms+4ms
D/dalvikvm(  306): GC_EXPLICIT freed 36K, 8% free 2726K/2947K, paused 4ms+4ms
D/dalvikvm(  306): GC_EXPLICIT freed 45K, 7% free 2747K/2947K, paused 4ms+4ms
D/dalvikvm(  306): GC_EXPLICIT freed 38K, 9% free 2764K/3011K, paused 4ms+4ms
D/dalvikvm(  306): GC_EXPLICIT freed 62K, 8% free 2798K/3011K, paused 4ms+6ms
D/dalvikvm(  306): GC_EXPLICIT freed 36K, 9% free 2812K/3075K, paused 3ms+4ms
D/dalvikvm(  306): GC_EXPLICIT freed 35K, 9% free 2828K/3075K, paused 4ms+3ms
D/dalvikvm(  306): GC_EXPLICIT freed 35K, 8% free 2844K/3075K, paused 4ms+4ms
D/dalvikvm(  306): GC_EXPLICIT freed 35K, 7% free 2860K/3075K, paused 3ms+4ms
D/dalvikvm(  306): GC_EXPLICIT freed 38K, 7% free 2879K/3075K, paused 4ms+7ms
D/dalvikvm(  306): GC_EXPLICIT freed 39K, 6% free 2896K/3075K, paused 4ms+4ms
D/dalvikvm(  306): GC_EXPLICIT freed 39K, 8% free 2914K/3139K, paused 3ms+4ms
D/dalvikvm(  306): GC_EXPLICIT freed 39K, 7% free 2931K/3139K, paused 3ms+4ms
D/dalvikvm(  306): GC_EXPLICIT freed 39K, 7% free 2949K/3139K, paused 4ms+4ms
D/dalvikvm(  306): GC_EXPLICIT freed 43K, 6% free 2972K/3139K, paused 4ms+4ms
D/dalvikvm(  306): GC_EXPLICIT freed 39K, 7% free 2989K/3203K, paused 4ms+4ms
D/dalvikvm(  306): GC_EXPLICIT freed 32K, 7% free 3008K/3203K, paused 3ms+4ms
D/dalvikvm(  306): GC_EXPLICIT freed 40K, 6% free 3027K/3203K, paused 4ms+4ms
D/dalvikvm(  306): GC_EXPLICIT freed 40K, 5% free 3046K/3203K, paused 4ms+4ms
D/dalvikvm(  306): GC_EXPLICIT freed 39K, 5% free 3065K/3203K, paused 4ms+4ms
D/dalvikvm(  306): GC_EXPLICIT freed 40K, 6% free 3084K/3267K, paused 4ms+7ms
D/dalvikvm(  306): GC_EXPLICIT freed 145K, 7% free 3167K/3395K, paused 4ms+4ms
D/dalvikvm(  306): GC_EXPLICIT freed 86K, 6% free 3202K/3395K, paused 3ms+4ms
D/dalvikvm(  306): GC_EXPLICIT freed 42K, 6% free 3220K/3395K, paused 4ms+5ms
D/dalvikvm(  306): GC_EXPLICIT freed 51K, 7% free 3243K/3459K, paused 4ms+4ms
D/dalvikvm(  306): GC_EXPLICIT freed 38K, 6% free 3260K/3459K, paused 8ms+8ms
D/dalvikvm(  306): GC_EXPLICIT freed 69K, 5% free 3299K/3459K, paused 4ms+5ms
D/dalvikvm(  306): GC_EXPLICIT freed 87K, 6% free 3338K/3523K, paused 8ms+9ms
D/dalvikvm(  306): GC_EXPLICIT freed 38K, 5% free 3362K/3523K, paused 4ms+5ms
W/Zygote  (  306): Preloaded drawable resource #0x10803e3 (res/drawable-hdpi/menu_hardkey_panel_holo_dark.9.png) that varies with configuration!!
D/dalvikvm(  306): GC_EXPLICIT freed 36K, 5% free 3377K/3523K, paused 3ms+4ms
W/Zygote  (  306): Preloaded drawable resource #0x10803e4 (res/drawable-hdpi/menu_hardkey_panel_holo_light.9.png) that varies with configuration!!
D/dalvikvm(  306): GC_EXPLICIT freed 43K, 4% free 3395K/3523K, paused 4ms+4ms
D/dalvikvm(  306): GC_EXPLICIT freed 70K, 5% free 3428K/3587K, paused 4ms+4ms
D/dalvikvm(  306): GC_EXPLICIT freed 80K, 6% free 3464K/3651K, paused 8ms+9ms
D/dalvikvm(  306): GC_EXPLICIT freed 622K, 19% free 3739K/4611K, paused 4ms+4ms
D/dalvikvm(  306): GC_EXPLICIT freed 40K, 19% free 3758K/4611K, paused 8ms+9ms
D/dalvikvm(  306): GC_EXPLICIT freed 37K, 19% free 3776K/4611K, paused 4ms+5ms
D/dalvikvm(  306): GC_EXPLICIT freed 34K, 18% free 3795K/4611K, paused 3ms+4ms
D/dalvikvm(  306): GC_EXPLICIT freed 41K, 18% free 3813K/4611K, paused 5ms+6ms
D/dalvikvm(  306): GC_EXPLICIT freed 45K, 17% free 3833K/4611K, paused 3ms+5ms
D/dalvikvm(  306): GC_EXPLICIT freed 56K, 17% free 3858K/4611K, paused 4ms+4ms
D/dalvikvm(  306): GC_EXPLICIT freed 36K, 16% free 3880K/4611K, paused 4ms+4ms
D/dalvikvm(  306): GC_EXPLICIT freed 423K, 12% free 4070K/4611K, paused 4ms+9ms
D/dalvikvm(  306): GC_EXPLICIT freed 108K, 11% free 4112K/4611K, paused 4ms+4ms
D/dalvikvm(  306): GC_EXPLICIT freed 43K, 11% free 4133K/4611K, paused 4ms+5ms
D/dalvikvm(  306): GC_EXPLICIT freed 15K, 9% free 5649K/6147K, paused 4ms+5ms
D/dalvikvm(  306): GC_EXPLICIT freed 5K, 8% free 7145K/7683K, paused 3ms+5ms
D/dalvikvm(  306): GC_EXPLICIT freed 33K, 7% free 7165K/7683K, paused 4ms+5ms
D/dalvikvm(  306): GC_EXPLICIT freed 45K, 7% free 7185K/7683K, paused 4ms+5ms
D/dalvikvm(  306): GC_EXPLICIT freed 34K, 7% free 7201K/7683K, paused 4ms+5ms
D/dalvikvm(  306): GC_EXPLICIT freed 40K, 7% free 7222K/7683K, paused 4ms+5ms
D/dalvikvm(  306): GC_EXPLICIT freed 38K, 6% free 7238K/7683K, paused 4ms+5ms
D/dalvikvm(  306): GC_EXPLICIT freed 34K, 6% free 7255K/7683K, paused 7ms+6ms
D/dalvikvm(  306): GC_EXPLICIT freed 42K, 6% free 7277K/7683K, paused 6ms+10ms
D/dalvikvm(  306): GC_EXPLICIT freed 41K, 6% free 7295K/7683K, paused 4ms+5ms
D/dalvikvm(  306): GC_EXPLICIT freed 40K, 5% free 7312K/7683K, paused 4ms+5ms
D/dalvikvm(  306): GC_EXPLICIT freed 40K, 5% free 7330K/7683K, paused 4ms+5ms
D/dalvikvm(  306): GC_EXPLICIT freed 78K, 5% free 7364K/7683K, paused 4ms+5ms
D/dalvikvm(  306): GC_EXPLICIT freed 35K, 4% free 7379K/7683K, paused 3ms+8ms
D/dalvikvm(  306): GC_EXPLICIT freed 47K, 4% free 7401K/7683K, paused 4ms+5ms
D/dalvikvm(  306): GC_EXPLICIT freed 34K, 4% free 7416K/7683K, paused 4ms+5ms
D/dalvikvm(  306): GC_EXPLICIT freed 46K, 4% free 7437K/7683K, paused 5ms+4ms
D/dalvikvm(  306): GC_EXPLICIT freed 35K, 3% free 7455K/7683K, paused 4ms+8ms
D/dalvikvm(  306): GC_EXPLICIT freed 37K, 3% free 7471K/7683K, paused 4ms+5ms
D/dalvikvm(  306): GC_EXPLICIT freed 39K, 3% free 7490K/7683K, paused 4ms+5ms
D/dalvikvm(  306): GC_EXPLICIT freed 35K, 3% free 7507K/7683K, paused 4ms+5ms
D/dalvikvm(  306): GC_EXPLICIT freed 44K, 3% free 7529K/7683K, paused 3ms+5ms
D/dalvikvm(  306): GC_EXPLICIT freed 61K, 2% free 7559K/7683K, paused 4ms+5ms
D/dalvikvm(  306): GC_EXPLICIT freed 49K, 2% free 7579K/7683K, paused 5ms+10ms
D/dalvikvm(  306): GC_EXPLICIT freed 49K, 2% free 7603K/7683K, paused 3ms+5ms
D/dalvikvm(  306): GC_EXPLICIT freed 49K, 2% free 7623K/7747K, paused 3ms+5ms
D/dalvikvm(  306): GC_EXPLICIT freed 35K, 2% free 7646K/7747K, paused 4ms+5ms
D/dalvikvm(  306): GC_EXPLICIT freed 46K, 1% free 7672K/7747K, paused 4ms+5ms
I/Zygote  (  306): ...preloaded 379 resources in 7563ms.
D/dalvikvm(  306): GC_EXPLICIT freed 41K, 1% free 7684K/7747K, paused 7ms+7ms
I/Zygote  (  306): ...preloaded 31 resources in 93ms.
D/dalvikvm(  306): GC_EXPLICIT freed 11K, 1% free 7674K/7747K, paused 4ms+5ms
D/dalvikvm(  306): GC_EXPLICIT freed <1K, 1% free 7674K/7747K, paused 4ms+5ms
D/dalvikvm(  306): GC_EXPLICIT freed <1K, 1% free 7674K/7747K, paused 4ms+5ms
I/dalvikvm(  306): System server process 334 has been created
I/Zygote  (  306): Accepting command socket connections
I/sysproc (  334): Entered system_init()
I/sysproc (  334): ServiceManager: 0x1f26d0
D/SensorService(  334): nuSensorService starting...
I/SensorService(  334): BMA150 3-axis Accelerometer
I/SensorService(  334): AK8975 3-axis Magnetic field sensor
I/SensorService(  334): AK8975 Orientation sensor
I/SensorService(  334): CM3602 Proximity sensor
I/SensorService(  334): CM3602 Light sensor
D/AK8975  (   89): Compass Start
I/sysproc (  334): System server: starting Android runtime.
I/sysproc (  334): System server: starting Android services.
D/SensorService(  334): nuSensorService thread starting...
I/sysproc (  334): System server: entering thread pool.
I/SystemServer(  334): Entered the Android system server!
I/SystemServer(  334): Entropy Service
I/SystemServer(  334): Power Manager
I/SystemServer(  334): Activity Manager
I/ActivityManager(  334): Memory class: 48
W/UsageStats(  334): Usage stats version changed; dropping
I/SystemServer(  334): Telephony Registry
I/SystemServer(  334): Package Manager
D/AK8975  (   89): Compass CLOSE 
W/ResourceType(  334): No known package when getting value for resource number 0x030d0015
W/ResourceType(  334): No known package when getting value for resource number 0x030d0015
W/ResourceType(  334): No known package when getting value for resource number 0x030d0015
W/ResourceType(  334): No known package when getting value for resource number 0x030d0015
W/ResourceType(  334): No known package when getting value for resource number 0x030d0020
W/ResourceType(  334): No known package when getting value for resource number 0x030d0015
W/ResourceType(  334): No known package when getting value for resource number 0x030d0015
W/ResourceType(  334): No known package when getting value for resource number 0x030d0015
W/ResourceType(  334): No known package when getting value for resource number 0x030d0020
W/ResourceType(  334): No known package when getting value for resource number 0x030d0020
W/ResourceType(  334): No known package when getting value for resource number 0x030d0020
W/ResourceType(  334): No known package when getting value for resource number 0x030d0020
W/ResourceType(  334): No known package when getting value for resource number 0x030d0023
W/ResourceType(  334): No known package when getting value for resource number 0x030d0023
W/ResourceType(  334): No known package when getting value for resource number 0x030d0015
W/ResourceType(  334): No known package when getting value for resource number 0x030d0015
W/ResourceType(  334): No known package when getting value for resource number 0x030d0015
W/ResourceType(  334): No known package when getting value for resource number 0x030d0015
W/ResourceType(  334): No known package when getting value for resource number 0x030d0015
W/ResourceType(  334): No known package when getting value for resource number 0x030d0015
W/ResourceType(  334): No known package when getting value for resource number 0x030d0015
W/ResourceType(  334): No known package when getting value for resource number 0x030d0020
W/ResourceType(  334): No known package when getting value for resource number 0x030d0020
W/ResourceType(  334): No known package when getting value for resource number 0x030d0020
W/ResourceType(  334): No known package when getting value for resource number 0x030d0020
W/ResourceType(  334): No known package when getting value for resource number 0x030d0020
W/ResourceType(  334): No known package when getting value for resource number 0x030d0015
W/ResourceType(  334): No known package when getting value for resource number 0x030d0015
