I/DEBUG   (   89):     be8e3a18  00000000  
I/DEBUG   (   89):     be8e3a1c  401bc6f3  /system/lib/libandroid_runtime.so
I/DEBUG   (   89):     be8e3a20  be8e3a68  [stack]
I/DEBUG   (   89):     be8e3a24  4003f08d  /system/lib/libc.so
I/DEBUG   (   89):     be8e3a28  df0027ad  
I/DEBUG   (   89):     be8e3a2c  00000000  
I/DEBUG   (   89): #00 be8e3a30  0000002d  
I/DEBUG   (   89):     be8e3a34  00000100  
I/DEBUG   (   89):     be8e3a38  4019180d  /system/lib/libandroid_runtime.so
I/DEBUG   (   89):     be8e3a3c  050c9ef7  
I/DEBUG   (   89):     be8e3a40  be8e3a74  [stack]
I/DEBUG   (   89):     be8e3a44  fffffbdf  
I/DEBUG   (   89):     be8e3a48  0000f2c0  [heap]
I/DEBUG   (   89):     be8e3a4c  40868ffd  /system/lib/libdvm.so
I/DEBUG   (   89):     be8e3a50  0000f2c0  [heap]
I/DEBUG   (   89):     be8e3a54  401f865b  /system/lib/libnativehelper.so
I/DEBUG   (   89): #01 be8e3a58  40868ffd  /system/lib/libdvm.so
I/DEBUG   (   89):     be8e3a5c  401f865b  /system/lib/libnativehelper.so
I/DEBUG   (   89):     be8e3a60  401d2f48  /system/lib/libandroid_runtime.so
I/DEBUG   (   89):     be8e3a64  00000036  
I/DEBUG   (   89):     be8e3a68  0000f2c0  [heap]
I/DEBUG   (   89):     be8e3a6c  1d200031  
I/DEBUG   (   89):     be8e3a70  408c3ca8  /system/lib/libdvm.so
I/DEBUG   (   89):     be8e3a74  0000f2c0  [heap]
I/DEBUG   (   89):     be8e3a78  401bc6f3  /system/lib/libandroid_runtime.so
I/DEBUG   (   89):     be8e3a7c  401d5de0  /system/lib/libandroid_runtime.so
I/DEBUG   (   89):     be8e3a80  401b8e4b  /system/lib/libandroid_runtime.so
I/DEBUG   (   89):     be8e3a84  40175877  /system/lib/libandroid_runtime.so
I/DEBUG   (   89):     be8e3a88  0000f2c0  [heap]
I/DEBUG   (   89):     be8e3a8c  401904bb  /system/lib/libandroid_runtime.so
I/DEBUG   (   89):     be8e3a90  0000f2c0  [heap]
I/DEBUG   (   89):     be8e3a94  1d200025  
I/DEBUG   (   89):     be8e3a98  00000001  
I/DEBUG   (   89):     be8e3a9c  401cc850  /system/lib/libandroid_runtime.so
I/ServiceManager(   86): service 'media.audio_flinger' died
I/ServiceManager(   86): service 'media.player' died
I/ServiceManager(   86): service 'media.camera' died
I/ServiceManager(   86): service 'media.audio_policy' died
I/Netd    (  280): Netd 1.0 starting
D/AndroidRuntime(  281): 
D/AndroidRuntime(  281): >>>>>> AndroidRuntime START com.android.internal.os.ZygoteInit <<<<<<
D/AndroidRuntime(  281): CheckJNI is OFF
I/        (  282): ServiceManager: 0xf958
I/HTC Acoustic(  282): libhtc_acoustic.so version 2.0.0.6.
I/HTC Acoustic(  282): deonvvv gingerbread test.
I/HTC Acoustic(  282): open /system/etc/AudioPara4_WB.csv success.
I/HTC Acoustic(  282): acoustic table version: MAL_WB_20110217
I/HTC Acoustic(  282): read_audio_para_from_file success.
E/HTC Acoustic(  282): Fail to open /system/etc/AudioPara_ALL.csv -1.
I/HTC Acoustic(  282): open /system/etc/AudioPara4.csv success.
I/HTC Acoustic(  282): acoustic table version: MAL_Gerenic_20110509
E/dalvikvm(  281): ERROR: couldn't find native method
E/dalvikvm(  281): Requested: Landroid/content/res/AssetManager;.splitThemePackage:(Ljava/lang/String;Ljava/lang/String;[Ljava/lang/String;)I
E/JNIHelp (  281): RegisterNatives failed for 'android/content/res/AssetManager', aborting
I/HTC Acoustic(  282): read_audio_para_from_file success.
F/libc    (  281): Fatal signal 11 (SIGSEGV) at 0xdeadbaad (code=1)
I/HTC Acoustic(  282): get_audpp_filter
I/HTC Acoustic(  282): open /system/etc/AudioFilter.csv success.
I/HTC Acoustic(  282): MBADRC Filter MBADRC FLAG = ffff.
E/HTC Acoustic(  282): set mbadrc filter error.
I/HTC Acoustic(  282): failed to set audpp parameters, exiting.
I/HTC Acoustic(  282): get_audpre_filter
I/HTC Acoustic(  282): open /system/etc/AudioPreProcess.csv success.
D/AudioHardwareMSM72XX(  282): mNumSndEndpoints = 151
V/AudioHardwareMSM72XX(  282): constructed 151 SND endpoints)
D/AudioHardwareMSM72XX(  282): BT MATCH HANDSET
D/AudioHardwareMSM72XX(  282): BT MATCH SPEAKER
D/AudioHardwareMSM72XX(  282): BT MATCH HEADSET
D/AudioHardwareMSM72XX(  282): BT MATCH BT
D/AudioHardwareMSM72XX(  282): BT MATCH CARKIT
D/AudioHardwareMSM72XX(  282): BT MATCH TTY_FULL
D/AudioHardwareMSM72XX(  282): BT MATCH TTY_VCO
D/AudioHardwareMSM72XX(  282): BT MATCH TTY_HCO
D/AudioHardwareMSM72XX(  282): BT MATCH NO_MIC_HEADSET
D/AudioHardwareMSM72XX(  282): BT MATCH FM_HEADSET
D/AudioHardwareMSM72XX(  282): BT MATCH HEADSET_AND_SPEAKER
D/AudioHardwareMSM72XX(  282): BT MATCH FM_SPEAKER
D/AudioHardwareMSM72XX(  282): BT MATCH BT_EC_OFF
D/AudioHardwareMSM72XX(  282): BT MATCH BT_EC_OFF
D/AudioHardwareMSM72XX(  282): BT MATCH CURRENT
I/AudioFlinger(  282): Loaded primary audio interface from LEGACY Audio HW HAL (audio)
I/AudioFlinger(  282): Using 'LEGACY Audio HW HAL' (audio.primary) as the primary audio interface
I/AudioFlinger(  282): Loaded a2dp audio interface from A2DP Audio HW HAL (audio)
D/AudioHardwareInterface(  282): setMode(NORMAL)
I/AudioHardwareMSM72XX(  282): Set master volume to 5.
I/CameraService(  282): CameraService started (pid=282)
I/AudioFlinger(  282): AudioFlinger's thread 0x16ff8 ready to run
W/AudioFlinger(  282): Thread AudioOut_1 cannot connect to the power manager service
V/AudioHardwareMSM72XX(  282): AudioStreamOutMSM72xx::setParameters() routing=2
V/AudioHardwareMSM72XX(  282): set output routing 2
I/AudioHardwareMSM72XX(  282): Routing audio to Speakerphone
V/AudioHardwareMSM72XX(  282): doAudioRouteOrMute() device 1, mMode 0, mMicMute 1
D/AudioHardwareMSM72XX(  282): setVoiceVolume(1.000000)
I/AudioHardwareMSM72XX(  282): Setting in-call volume to 5 (available range is 0 to 5)
I/AudioPolicyService(  282): Loaded audio policy from LEGACY Audio Policy HAL (audio_policy)
I/DEBUG   (   89): *** *** *** *** *** *** *** *** *** *** *** *** *** *** *** ***
I/DEBUG   (   89): Build fingerprint: 'cyanogenmod/htc_marvel/marvel:4.0.4/ASN01/0.1:user/release-keys'
I/DEBUG   (   89): pid: 281, tid: 281  >>> zygote <<<
I/DEBUG   (   89): signal 11 (SIGSEGV), code 1 (SEGV_MAPERR), fault addr deadbaad
I/DEBUG   (   89):  r0 deadbaad  r1 0000000c  r2 00000027  r3 a0000000
I/DEBUG   (   89):  r4 00000000  r5 00000080  r6 401bc6f3  r7 bef0ca68
I/DEBUG   (   89):  r8 00000000  r9 00000000  10 00000000  fp 00000000
I/DEBUG   (   89):  ip ffffffff  sp bef0ca30  lr 4003ff0f  pc 4003c6c6  cpsr 00000030
I/DEBUG   (   89):  d0  3f4000003f400000  d1  0000000000000000
I/DEBUG   (   89):  d2  0000000000000000  d3  0000000000000000
I/DEBUG   (   89):  d4  0000000000000000  d5  0000000000000000
I/DEBUG   (   89):  d6  0000000000000000  d7  0000000000000000
I/DEBUG   (   89):  d8  0000000000000000  d9  0000000000000000
I/DEBUG   (   89):  d10 0000000000000000  d11 0000000000000000
I/DEBUG   (   89):  d12 0000000000000000  d13 0000000000000000
I/DEBUG   (   89):  d14 0000000000000000  d15 0000000000000000
I/DEBUG   (   89):  scr 60000000
I/DEBUG   (   89): 
I/DEBUG   (   89):          #00  pc 000176c6  /system/lib/libc.so
I/DEBUG   (   89):          #01  pc 0000c658  /system/lib/libnativehelper.so (jniRegisterNativeMethods)
I/DEBUG   (   89): 
I/DEBUG   (   89): code around pc:
I/DEBUG   (   89): 4003c6a4 1c2bd00c 2d00682d e027d1fb 2a0068da  ..+.-h.-..'..h.*
I/DEBUG   (   89): 4003c6b4 4b16d004 447b2001 47906018 22274814  ...K. {D.`.G.H'"
I/DEBUG   (   89): 4003c6c4 70022580 ef74f7f4 f7f62106 aa01e812  .%.p..t..!......
I/DEBUG   (   89): 4003c6d4 05692400 60546091 20061c11 f7f59401  .$i..`T`... ....
I/DEBUG   (   89): 4003c6e4 a905ebce 20022200 ebd6f7f5 ef60f7f4  .....". ......`.
I/DEBUG   (   89): 
I/DEBUG   (   89): code around lr:
I/DEBUG   (   89): 4003feec 4b0db5f0 447bb083 681c2600 68a59001  ...K..{D.&.h...h
I/DEBUG   (   89): 4003fefc e0086867 5ea8220c dd032800 99011c28  gh...".^.(..(...
I/DEBUG   (   89): 4003ff0c 43064788 3f013554 6824d5f4 d1ee2c00  .G.CT5.?..$h.,..
I/DEBUG   (   89): 4003ff1c 1c30b003 46c0bdf0 000285f2 1c0fb5f0  ..0....F........
I/DEBUG   (   89): 4003ff2c b0891c3d a9064355 604d9103 90064914  =...UC....M`.I..
I/DEBUG   (   89): 
I/DEBUG   (   89): memory map around addr deadbaad:
I/DEBUG   (   89): beeec000-bef0d000 [stack]
I/DEBUG   (   89): (no map for address)
I/DEBUG   (   89): (no map above)
I/DEBUG   (   89): 
I/DEBUG   (   89): stack:
I/DEBUG   (   89):     bef0c9f0  00000000  
I/DEBUG   (   89):     bef0c9f4  06df8ce9  
I/DEBUG   (   89):     bef0c9f8  40068720  /system/lib/libc.so
I/DEBUG   (   89):     bef0c9fc  400686b0  /system/lib/libc.so
I/DEBUG   (   89):     bef0ca00  00000000  
I/DEBUG   (   89):     bef0ca04  4003ff0f  /system/lib/libc.so
I/DEBUG   (   89):     bef0ca08  401bce09  /system/lib/libandroid_runtime.so
I/DEBUG   (   89):     bef0ca0c  4003ec75  /system/lib/libc.so
I/DEBUG   (   89):     bef0ca10  ffffffff  
I/DEBUG   (   89):     bef0ca14  00000000  
I/DEBUG   (   89):     bef0ca18  00000000  
I/DEBUG   (   89):     bef0ca1c  401bc6f3  /system/lib/libandroid_runtime.so
I/DEBUG   (   89):     bef0ca20  bef0ca68  [stack]
I/DEBUG   (   89):     bef0ca24  4003f08d  /system/lib/libc.so
I/DEBUG   (   89):     bef0ca28  df0027ad  
I/DEBUG   (   89):     bef0ca2c  00000000  
I/DEBUG   (   89): #00 bef0ca30  0000002d  
I/DEBUG   (   89):     bef0ca34  00000100  
I/DEBUG   (   89):     bef0ca38  4019180d  /system/lib/libandroid_runtime.so
I/DEBUG   (   89):     bef0ca3c  06df8ce9  
I/DEBUG   (   89):     bef0ca40  bef0ca74  [stack]
I/DEBUG   (   89):     bef0ca44  fffffbdf  
I/DEBUG   (   89):     bef0ca48  0000f2c0  [heap]
I/DEBUG   (   89):     bef0ca4c  40868ffd  /system/lib/libdvm.so
I/DEBUG   (   89):     bef0ca50  0000f2c0  [heap]
I/DEBUG   (   89):     bef0ca54  401f865b  /system/lib/libnativehelper.so
I/DEBUG   (   89): #01 bef0ca58  40868ffd  /system/lib/libdvm.so
I/DEBUG   (   89):     bef0ca5c  401f865b  /system/lib/libnativehelper.so
I/DEBUG   (   89):     bef0ca60  401d2f48  /system/lib/libandroid_runtime.so
I/DEBUG   (   89):     bef0ca64  00000036  
I/DEBUG   (   89):     bef0ca68  0000f2c0  [heap]
I/DEBUG   (   89):     bef0ca6c  1d200031  
I/DEBUG   (   89):     bef0ca70  408c3ca8  /system/lib/libdvm.so
I/DEBUG   (   89):     bef0ca74  0000f2c0  [heap]
I/DEBUG   (   89):     bef0ca78  401bc6f3  /system/lib/libandroid_runtime.so
I/DEBUG   (   89):     bef0ca7c  401d5de0  /system/lib/libandroid_runtime.so
I/DEBUG   (   89):     bef0ca80  401b8e4b  /system/lib/libandroid_runtime.so
I/DEBUG   (   89):     bef0ca84  40175877  /system/lib/libandroid_runtime.so
I/DEBUG   (   89):     bef0ca88  0000f2c0  [heap]
I/DEBUG   (   89):     bef0ca8c  401904bb  /system/lib/libandroid_runtime.so
I/DEBUG   (   89):     bef0ca90  0000f2c0  [heap]
I/DEBUG   (   89):     bef0ca94  1d200025  
I/DEBUG   (   89):     bef0ca98  00000001  
I/DEBUG   (   89):     bef0ca9c  401cc850  /system/lib/libandroid_runtime.so
I/ServiceManager(   86): service 'media.audio_flinger' died
I/ServiceManager(   86): service 'media.player' died
I/ServiceManager(   86): service 'media.camera' died
I/ServiceManager(   86): service 'media.audio_policy' died
I/Netd    (  308): Netd 1.0 starting
D/AndroidRuntime(  309): 
D/AndroidRuntime(  309): >>>>>> AndroidRuntime START com.android.internal.os.ZygoteInit <<<<<<
D/AndroidRuntime(  309): CheckJNI is OFF
I/        (  310): ServiceManager: 0xf958
I/HTC Acoustic(  310): libhtc_acoustic.so version 2.0.0.6.
I/HTC Acoustic(  310): deonvvv gingerbread test.
I/HTC Acoustic(  310): open /system/etc/AudioPara4_WB.csv success.
I/HTC Acoustic(  310): acoustic table version: MAL_WB_20110217
I/HTC Acoustic(  310): read_audio_para_from_file success.
E/HTC Acoustic(  310): Fail to open /system/etc/AudioPara_ALL.csv -1.
I/HTC Acoustic(  310): open /system/etc/AudioPara4.csv success.
I/HTC Acoustic(  310): acoustic table version: MAL_Gerenic_20110509
E/dalvikvm(  309): ERROR: couldn't find native method
E/dalvikvm(  309): Requested: Landroid/content/res/AssetManager;.splitThemePackage:(Ljava/lang/String;Ljava/lang/String;[Ljava/lang/String;)I
E/JNIHelp (  309): RegisterNatives failed for 'android/content/res/AssetManager', aborting
F/libc    (  309): Fatal signal 11 (SIGSEGV) at 0xdeadbaad (code=1)
I/HTC Acoustic(  310): read_audio_para_from_file success.
I/HTC Acoustic(  310): get_audpp_filter
I/HTC Acoustic(  310): open /system/etc/AudioFilter.csv success.
I/HTC Acoustic(  310): MBADRC Filter MBADRC FLAG = ffff.
E/HTC Acoustic(  310): set mbadrc filter error.
I/HTC Acoustic(  310): failed to set audpp parameters, exiting.
I/HTC Acoustic(  310): get_audpre_filter
I/HTC Acoustic(  310): open /system/etc/AudioPreProcess.csv success.
D/AudioHardwareMSM72XX(  310): mNumSndEndpoints = 151
V/AudioHardwareMSM72XX(  310): constructed 151 SND endpoints)
D/AudioHardwareMSM72XX(  310): BT MATCH HANDSET
D/AudioHardwareMSM72XX(  310): BT MATCH SPEAKER
D/AudioHardwareMSM72XX(  310): BT MATCH HEADSET
D/AudioHardwareMSM72XX(  310): BT MATCH BT
D/AudioHardwareMSM72XX(  310): BT MATCH CARKIT
D/AudioHardwareMSM72XX(  310): BT MATCH TTY_FULL
D/AudioHardwareMSM72XX(  310): BT MATCH TTY_VCO
D/AudioHardwareMSM72XX(  310): BT MATCH TTY_HCO
D/AudioHardwareMSM72XX(  310): BT MATCH NO_MIC_HEADSET
D/AudioHardwareMSM72XX(  310): BT MATCH FM_HEADSET
D/AudioHardwareMSM72XX(  310): BT MATCH HEADSET_AND_SPEAKER
D/AudioHardwareMSM72XX(  310): BT MATCH FM_SPEAKER
D/AudioHardwareMSM72XX(  310): BT MATCH BT_EC_OFF
D/AudioHardwareMSM72XX(  310): BT MATCH BT_EC_OFF
D/AudioHardwareMSM72XX(  310): BT MATCH CURRENT
I/AudioFlinger(  310): Loaded primary audio interface from LEGACY Audio HW HAL (audio)
I/AudioFlinger(  310): Using 'LEGACY Audio HW HAL' (audio.primary) as the primary audio interface
I/AudioFlinger(  310): Loaded a2dp audio interface from A2DP Audio HW HAL (audio)
D/AudioHardwareInterface(  310): setMode(NORMAL)
I/AudioHardwareMSM72XX(  310): Set master volume to 5.
I/CameraService(  310): CameraService started (pid=310)
I/AudioFlinger(  310): AudioFlinger's thread 0x16ff8 ready to run
W/AudioFlinger(  310): Thread AudioOut_1 cannot connect to the power manager service
V/AudioHardwareMSM72XX(  310): AudioStreamOutMSM72xx::setParameters() routing=2
V/AudioHardwareMSM72XX(  310): set output routing 2
I/AudioHardwareMSM72XX(  310): Routing audio to Speakerphone
V/AudioHardwareMSM72XX(  310): doAudioRouteOrMute() device 1, mMode 0, mMicMute 1
D/AudioHardwareMSM72XX(  310): setVoiceVolume(1.000000)
I/AudioHardwareMSM72XX(  310): Setting in-call volume to 5 (available range is 0 to 5)
I/AudioPolicyService(  310): Loaded audio policy from LEGACY Audio Policy HAL (audio_policy)
I/DEBUG   (   89): *** *** *** *** *** *** *** *** *** *** *** *** *** *** *** ***
I/DEBUG   (   89): Build fingerprint: 'cyanogenmod/htc_marvel/marvel:4.0.4/ASN01/0.1:user/release-keys'
I/DEBUG   (   89): pid: 309, tid: 309  >>> zygote <<<
I/DEBUG   (   89): signal 11 (SIGSEGV), code 1 (SEGV_MAPERR), fault addr deadbaad
I/DEBUG   (   89):  r0 deadbaad  r1 0000000c  r2 00000027  r3 a0000000
I/DEBUG   (   89):  r4 00000000  r5 00000080  r6 401bc6f3  r7 bedbfa68
I/DEBUG   (   89):  r8 00000000  r9 00000000  10 00000000  fp 00000000
I/DEBUG   (   89):  ip ffffffff  sp bedbfa30  lr 4003ff0f  pc 4003c6c6  cpsr 00000030
I/DEBUG   (   89):  d0  3f4000003f400000  d1  0000000000000000
I/DEBUG   (   89):  d2  0000000000000000  d3  0000000000000000
I/DEBUG   (   89):  d4  0000000000000000  d5  0000000000000000
I/DEBUG   (   89):  d6  0000000000000000  d7  0000000000000000
I/DEBUG   (   89):  d8  0000000000000000  d9  0000000000000000
I/DEBUG   (   89):  d10 0000000000000000  d11 0000000000000000
I/DEBUG   (   89):  d12 0000000000000000  d13 0000000000000000
I/DEBUG   (   89):  d14 0000000000000000  d15 0000000000000000
I/DEBUG   (   89):  scr 60000000
I/DEBUG   (   89): 
I/DEBUG   (   89):          #00  pc 000176c6  /system/lib/libc.so
I/DEBUG   (   89):          #01  pc 0000c658  /system/lib/libnativehelper.so (jniRegisterNativeMethods)
I/DEBUG   (   89): 
I/DEBUG   (   89): code around pc:
I/DEBUG   (   89): 4003c6a4 1c2bd00c 2d00682d e027d1fb 2a0068da  ..+.-h.-..'..h.*
I/DEBUG   (   89): 4003c6b4 4b16d004 447b2001 47906018 22274814  ...K. {D.`.G.H'"
I/DEBUG   (   89): 4003c6c4 70022580 ef74f7f4 f7f62106 aa01e812  .%.p..t..!......
I/DEBUG   (   89): 4003c6d4 05692400 60546091 20061c11 f7f59401  .$i..`T`... ....
I/DEBUG   (   89): 4003c6e4 a905ebce 20022200 ebd6f7f5 ef60f7f4  .....". ......`.
I/DEBUG   (   89): 
I/DEBUG   (   89): code around lr:
I/DEBUG   (   89): 4003feec 4b0db5f0 447bb083 681c2600 68a59001  ...K..{D.&.h...h
I/DEBUG   (   89): 4003fefc e0086867 5ea8220c dd032800 99011c28  gh...".^.(..(...
I/DEBUG   (   89): 4003ff0c 43064788 3f013554 6824d5f4 d1ee2c00  .G.CT5.?..$h.,..
I/DEBUG   (   89): 4003ff1c 1c30b003 46c0bdf0 000285f2 1c0fb5f0  ..0....F........
I/DEBUG   (   89): 4003ff2c b0891c3d a9064355 604d9103 90064914  =...UC....M`.I..
I/DEBUG   (   89): 
I/DEBUG   (   89): memory map around addr deadbaad:
I/DEBUG   (   89): bed9f000-bedc0000 [stack]
I/DEBUG   (   89): (no map for address)
I/DEBUG   (   89): (no map above)
I/DEBUG   (   89): 
I/DEBUG   (   89): stack:
I/DEBUG   (   89):     bedbf9f0  00000000  
I/DEBUG   (   89):     bedbf9f4  50de8c4f  
I/DEBUG   (   89):     bedbf9f8  40068720  /system/lib/libc.so
I/DEBUG   (   89):     bedbf9fc  400686b0  /system/lib/libc.so
I/DEBUG   (   89):     bedbfa00  00000000  
I/DEBUG   (   89):     bedbfa04  4003ff0f  /system/lib/libc.so
I/DEBUG   (   89):     bedbfa08  401bce09  /system/lib/libandroid_runtime.so
I/DEBUG   (   89):     bedbfa0c  4003ec75  /system/lib/libc.so
I/DEBUG   (   89):     bedbfa10  ffffffff  
I/DEBUG   (   89):     bedbfa14  00000000  
I/DEBUG   (   89):     bedbfa18  00000000  
I/DEBUG   (   89):     bedbfa1c  401bc6f3  /system/lib/libandroid_runtime.so
I/DEBUG   (   89):     bedbfa20  bedbfa68  [stack]
I/DEBUG   (   89):     bedbfa24  4003f08d  /system/lib/libc.so
I/DEBUG   (   89):     bedbfa28  df0027ad  
I/DEBUG   (   89):     bedbfa2c  00000000  
I/DEBUG   (   89): #00 bedbfa30  0000002d  
I/DEBUG   (   89):     bedbfa34  00000100  
I/DEBUG   (   89):     bedbfa38  4019180d  /system/lib/libandroid_runtime.so
I/DEBUG   (   89):     bedbfa3c  50de8c4f  
I/DEBUG   (   89):     bedbfa40  bedbfa74  [stack]
I/DEBUG   (   89):     bedbfa44  fffffbdf  
I/DEBUG   (   89):     bedbfa48  0000f2c0  [heap]
I/DEBUG   (   89):     bedbfa4c  40868ffd  /system/lib/libdvm.so
I/DEBUG   (   89):     bedbfa50  0000f2c0  [heap]
I/DEBUG   (   89):     bedbfa54  401f865b  /system/lib/libnativehelper.so
I/DEBUG   (   89): #01 bedbfa58  40868ffd  /system/lib/libdvm.so
I/DEBUG   (   89):     bedbfa5c  401f865b  /system/lib/libnativehelper.so
I/DEBUG   (   89):     bedbfa60  401d2f48  /system/lib/libandroid_runtime.so
I/DEBUG   (   89):     bedbfa64  00000036  
I/DEBUG   (   89):     bedbfa68  0000f2c0  [heap]
I/DEBUG   (   89):     bedbfa6c  1d200031  
I/DEBUG   (   89):     bedbfa70  408c3ca8  /system/lib/libdvm.so
I/DEBUG   (   89):     bedbfa74  0000f2c0  [heap]
I/DEBUG   (   89):     bedbfa78  401bc6f3  /system/lib/libandroid_runtime.so
I/DEBUG   (   89):     bedbfa7c  401d5de0  /system/lib/libandroid_runtime.so
I/DEBUG   (   89):     bedbfa80  401b8e4b  /system/lib/libandroid_runtime.so
I/DEBUG   (   89):     bedbfa84  40175877  /system/lib/libandroid_runtime.so
I/DEBUG   (   89):     bedbfa88  0000f2c0  [heap]
I/DEBUG   (   89):     bedbfa8c  401904bb  /system/lib/libandroid_runtime.so
I/DEBUG   (   89):     bedbfa90  0000f2c0  [heap]
I/DEBUG   (   89):     bedbfa94  1d200025  
I/DEBUG   (   89):     bedbfa98  00000001  
I/DEBUG   (   89):     bedbfa9c  401cc850  /system/lib/libandroid_runtime.so
I/ServiceManager(   86): service 'media.audio_flinger' died
I/ServiceManager(   86): service 'media.player' died
I/ServiceManager(   86): service 'media.camera' died
I/ServiceManager(   86): service 'media.audio_policy' died
I/Netd    (  336): Netd 1.0 starting
D/AndroidRuntime(  337): 
D/AndroidRuntime(  337): >>>>>> AndroidRuntime START com.android.internal.os.ZygoteInit <<<<<<
D/AndroidRuntime(  337): CheckJNI is OFF
I/        (  338): ServiceManager: 0xf958
I/HTC Acoustic(  338): libhtc_acoustic.so version 2.0.0.6.
I/HTC Acoustic(  338): deonvvv gingerbread test.
I/HTC Acoustic(  338): open /system/etc/AudioPara4_WB.csv success.
I/HTC Acoustic(  338): acoustic table version: MAL_WB_20110217
I/HTC Acoustic(  338): read_audio_para_from_file success.
E/HTC Acoustic(  338): Fail to open /system/etc/AudioPara_ALL.csv -1.
I/HTC Acoustic(  338): open /system/etc/AudioPara4.csv success.
I/HTC Acoustic(  338): acoustic table version: MAL_Gerenic_20110509
E/dalvikvm(  337): ERROR: couldn't find native method
E/dalvikvm(  337): Requested: Landroid/content/res/AssetManager;.splitThemePackage:(Ljava/lang/String;Ljava/lang/String;[Ljava/lang/String;)I
E/JNIHelp (  337): RegisterNatives failed for 'android/content/res/AssetManager', aborting
F/libc    (  337): Fatal signal 11 (SIGSEGV) at 0xdeadbaad (code=1)
I/HTC Acoustic(  338): read_audio_para_from_file success.
I/HTC Acoustic(  338): get_audpp_filter
I/HTC Acoustic(  338): open /system/etc/AudioFilter.csv success.
I/HTC Acoustic(  338): MBADRC Filter MBADRC FLAG = ffff.
E/HTC Acoustic(  338): set mbadrc filter error.
I/HTC Acoustic(  338): failed to set audpp parameters, exiting.
I/HTC Acoustic(  338): get_audpre_filter
I/HTC Acoustic(  338): open /system/etc/AudioPreProcess.csv success.
D/AudioHardwareMSM72XX(  338): mNumSndEndpoints = 151
V/AudioHardwareMSM72XX(  338): constructed 151 SND endpoints)
D/AudioHardwareMSM72XX(  338): BT MATCH HANDSET
D/AudioHardwareMSM72XX(  338): BT MATCH SPEAKER
D/AudioHardwareMSM72XX(  338): BT MATCH HEADSET
D/AudioHardwareMSM72XX(  338): BT MATCH BT
D/AudioHardwareMSM72XX(  338): BT MATCH CARKIT
D/AudioHardwareMSM72XX(  338): BT MATCH TTY_FULL
D/AudioHardwareMSM72XX(  338): BT MATCH TTY_VCO
D/AudioHardwareMSM72XX(  338): BT MATCH TTY_HCO
D/AudioHardwareMSM72XX(  338): BT MATCH NO_MIC_HEADSET
D/AudioHardwareMSM72XX(  338): BT MATCH FM_HEADSET
D/AudioHardwareMSM72XX(  338): BT MATCH HEADSET_AND_SPEAKER
D/AudioHardwareMSM72XX(  338): BT MATCH FM_SPEAKER
D/AudioHardwareMSM72XX(  338): BT MATCH BT_EC_OFF
D/AudioHardwareMSM72XX(  338): BT MATCH BT_EC_OFF
D/AudioHardwareMSM72XX(  338): BT MATCH CURRENT
I/AudioFlinger(  338): Loaded primary audio interface from LEGACY Audio HW HAL (audio)
I/AudioFlinger(  338): Using 'LEGACY Audio HW HAL' (audio.primary) as the primary audio interface
I/AudioFlinger(  338): Loaded a2dp audio interface from A2DP Audio HW HAL (audio)
D/AudioHardwareInterface(  338): setMode(NORMAL)
I/AudioHardwareMSM72XX(  338): Set master volume to 5.
I/CameraService(  338): CameraService started (pid=338)
I/AudioFlinger(  338): AudioFlinger's thread 0x16f90 ready to run
W/AudioFlinger(  338): Thread AudioOut_1 cannot connect to the power manager service
V/AudioHardwareMSM72XX(  338): AudioStreamOutMSM72xx::setParameters() routing=2
V/AudioHardwareMSM72XX(  338): set output routing 2
I/AudioHardwareMSM72XX(  338): Routing audio to Speakerphone
V/AudioHardwareMSM72XX(  338): doAudioRouteOrMute() device 1, mMode 0, mMicMute 1
D/AudioHardwareMSM72XX(  338): setVoiceVolume(1.000000)
I/AudioHardwareMSM72XX(  338): Setting in-call volume to 5 (available range is 0 to 5)
I/AudioPolicyService(  338): Loaded audio policy from LEGACY Audio Policy HAL (audio_policy)
I/DEBUG   (   89): *** *** *** *** *** *** *** *** *** *** *** *** *** *** *** ***
I/DEBUG   (   89): Build fingerprint: 'cyanogenmod/htc_marvel/marvel:4.0.4/ASN01/0.1:user/release-keys'
I/DEBUG   (   89): pid: 337, tid: 337  >>> zygote <<<
I/DEBUG   (   89): signal 11 (SIGSEGV), code 1 (SEGV_MAPERR), fault addr deadbaad
I/DEBUG   (   89):  r0 deadbaad  r1 0000000c  r2 00000027  r3 a0000000
I/DEBUG   (   89):  r4 00000000  r5 00000080  r6 401bc6f3  r7 bea73a68
I/DEBUG   (   89):  r8 00000000  r9 00000000  10 00000000  fp 00000000
I/DEBUG   (   89):  ip ffffffff  sp bea73a30  lr 4003ff0f  pc 4003c6c6  cpsr 00000030
I/DEBUG   (   89):  d0  3f4000003f400000  d1  0000000000000000
I/DEBUG   (   89):  d2  0000000000000000  d3  0000000000000000
I/DEBUG   (   89):  d4  0000000000000000  d5  0000000000000000
I/DEBUG   (   89):  d6  0000000000000000  d7  0000000000000000
I/DEBUG   (   89):  d8  0000000000000000  d9  0000000000000000
I/DEBUG   (   89):  d10 0000000000000000  d11 0000000000000000
I/DEBUG   (   89):  d12 0000000000000000  d13 0000000000000000
I/DEBUG   (   89):  d14 0000000000000000  d15 0000000000000000
I/DEBUG   (   89):  scr 60000000
I/DEBUG   (   89): 
