--------- beginning of /dev/log/main
I/cm      (   79): Welcome to Android 4.0.4 / CyanogenMod-9.0.0-RC0-marvel-UNOFFICIAL 
I/cm      (   80):                                                 _  
I/cm      (   81):  __ __ _ ___  _ _  __  ___  __ _ _  _  _  __  __)) 
I/cm      (   82): ((_ \(/'((_( ((\( ((_)((_( (('((\( ((`1( ((_)((_(  
I/cm      (   83):      ))                 _)) 
I/cm      (   84):   
I/DEBUG   (   89): debuggerd: Jun  1 2012 20:39:36
D/AK8975  (   98): AK8975 daemon 1.1.0 Start
D/AK8975  (   98): (Library version : 1.2.1.1125)
--------- beginning of /dev/log/system
I/Vold    (   87): Vold 2.1 (the revenge) firing up
D/Vold    (   87): Volume sdcard state changing -1 (Initializing) -> 0 (No-Media)
I/Netd    (   88): Netd 1.0 starting
D/Vold    (   87): Volume sdcard state changing 0 (No-Media) -> 2 (Pending)
D/DirectVolume(   87): DirectVolume::handlePartitionAdded -> MAJOR 179, MINOR 1, PARTN 1
D/Vold    (   87): Volume sdcard state changing 2 (Pending) -> 1 (Idle-Unmounted)
I/        (   93): ServiceManager: 0x18910
D/AndroidRuntime(   92): 
D/AndroidRuntime(   92): >>>>>> AndroidRuntime START com.android.internal.os.ZygoteInit <<<<<<
D/AndroidRuntime(   92): CheckJNI is OFF
I/SurfaceFlinger(   91): SurfaceFlinger is starting
I/SurfaceFlinger(   91): SurfaceFlinger's main thread ready to run. Initializing graphics H/W...
E/msm7x27.gralloc(   91): We support 3 buffers
I/msm7x27.gralloc(   91): using (fd=12)
I/msm7x27.gralloc(   91): id           = msmfb
I/msm7x27.gralloc(   91): xres         = 320 px
I/msm7x27.gralloc(   91): yres         = 480 px
I/msm7x27.gralloc(   91): xres_virtual = 320 px
I/msm7x27.gralloc(   91): yres_virtual = 1440 px
I/msm7x27.gralloc(   91): bpp          = 32
I/msm7x27.gralloc(   91): r            =  0:8
I/msm7x27.gralloc(   91): g            =  8:8
I/msm7x27.gralloc(   91): b            = 16:8
I/msm7x27.gralloc(   91): width        = 51 mm (159.372543 dpi)
I/msm7x27.gralloc(   91): height       = 76 mm (160.421051 dpi)
I/msm7x27.gralloc(   91): refresh rate = 0.00 Hz
D/CALCFPS (   91): DEBUG_CALC_FPS: 0
D/CALCFPS (   91): period: 10
D/CALCFPS (   91): ignorethresh_us: 500000
D/CALCFPS (   91): DEBUG_CALC_FPS: 0
D/CALCFPS (   91): period: 10
D/CALCFPS (   91): ignorethresh_us: 500000
D/FramebufferNativeWindow(   91): mNumBuffers = 3
D/libEGL  (   91): loaded /system/lib/egl/libGLES_android.so
D/libEGL  (   91): loaded /system/lib/egl/libEGL_adreno200.so
D/libEGL  (   91): loaded /system/lib/egl/libGLESv1_CM_adreno200.so
D/libEGL  (   91): loaded /system/lib/egl/libGLESv2_adreno200.so
I/SurfaceFlinger(   91): EGL informations:
I/SurfaceFlinger(   91): # of configs : 44
I/SurfaceFlinger(   91): vendor    : Android
I/SurfaceFlinger(   91): version   : 1.4 Android META-EGL
I/SurfaceFlinger(   91): extensions: EGL_KHR_image EGL_KHR_image_base EGL_KHR_image_base EGL_KHR_fence_sync EGL_ANDROID_image_native_buffer EGL_ANDROID_image_native_buffer EGL_ANDROID_get_render_buffer 
I/SurfaceFlinger(   91): Client API: OpenGL ES
I/SurfaceFlinger(   91): EGLSurface: 8-8-8-8, config=0x3
I/SurfaceFlinger(   91): OpenGL informations:
I/SurfaceFlinger(   91): vendor    : Qualcomm
I/SurfaceFlinger(   91): renderer  : Adreno (TM) 200
I/SurfaceFlinger(   91): version   : OpenGL ES-CM 1.1
I/SurfaceFlinger(   91): extensions: GL_AMD_compressed_ATC_texture GL_AMD_performance_monitor GL_APPLE_texture_2D_limited_npot GL_ARB_vertex_buffer_object GL_EXT_texture_filter_anisotropic GL_EXT_texture_format_BGRA8888 GL_EXT_texture_type_2_10_10_10_REV GL_OES_blend_equation_separate GL_OES_blend_func_separate GL_OES_blend_subtract GL_OES_compressed_ETC1_RGB8_texture GL_OES_compressed_paletted_texture GL_OES_depth_texture GL_OES_depth24 GL_OES_draw_texture GL_OES_EGL_image GL_OES_EGL_image_external GL_OES_framebuffer_object GL_OES_matrix_palette GL_OES_packed_depth_stencil GL_OES_point_size_array GL_OES_point_sprite GL_OES_read_format GL_OES_rgb8_rgba8 GL_OES_stencil_wrap GL_OES_texture_cube_map GL_OES_texture_env_crossbar GL_OES_texture_float GL_OES_texture_half_float GL_OES_texture_half_float_linear GL_OES_texture_npot GL_OES_texture_mirrored_repeat GL_QCOM_binning_control GL_QCOM_extended_get GL_QCOM_tiled_rendering GL_AMD_compressed_3DC_texture 
I/SurfaceFlinger(   91): GL_MAX_TEXTURE_SIZE = 4096
I/SurfaceFlinger(   91): GL_MAX_VIEWPORT_DIMS = 4096 x 4096
I/SurfaceFlinger(   91): flags = 00000000
D/CALCFPS (   91): DEBUG_CALC_FPS: 0
D/CALCFPS (   91): period: 10
D/CALCFPS (   91): ignorethresh_us: 500000
I/        (   94): ServiceManager: 0xf958
I/HTC Acoustic(   94): libhtc_acoustic.so version 2.0.0.6.
I/HTC Acoustic(   94): deonvvv gingerbread test.
I/HTC Acoustic(   94): open /system/etc/AudioPara4_WB.csv success.
I/HTC Acoustic(   94): acoustic table version: MAL_WB_20110217
I/HTC Acoustic(   94): read_audio_para_from_file success.
E/HTC Acoustic(   94): Fail to open /system/etc/AudioPara_ALL.csv -1.
I/HTC Acoustic(   94): open /system/etc/AudioPara4.csv success.
I/HTC Acoustic(   94): acoustic table version: MAL_Gerenic_20110509
I/HTC Acoustic(   94): read_audio_para_from_file success.
I/HTC Acoustic(   94): get_audpp_filter
I/HTC Acoustic(   94): open /system/etc/AudioFilter.csv success.
I/HTC Acoustic(   94): MBADRC Filter MBADRC FLAG = ffff.
E/HTC Acoustic(   94): set mbadrc filter error.
I/HTC Acoustic(   94): failed to set audpp parameters, exiting.
I/HTC Acoustic(   94): get_audpre_filter
I/HTC Acoustic(   94): open /system/etc/AudioPreProcess.csv success.
D/AudioHardwareMSM72XX(   94): mNumSndEndpoints = 151
V/AudioHardwareMSM72XX(   94): constructed 151 SND endpoints)
D/AudioHardwareMSM72XX(   94): BT MATCH HANDSET
D/AudioHardwareMSM72XX(   94): BT MATCH SPEAKER
D/AudioHardwareMSM72XX(   94): BT MATCH HEADSET
D/AudioHardwareMSM72XX(   94): BT MATCH BT
D/AudioHardwareMSM72XX(   94): BT MATCH CARKIT
D/AudioHardwareMSM72XX(   94): BT MATCH TTY_FULL
D/AudioHardwareMSM72XX(   94): BT MATCH TTY_VCO
D/AudioHardwareMSM72XX(   94): BT MATCH TTY_HCO
D/AudioHardwareMSM72XX(   94): BT MATCH NO_MIC_HEADSET
D/AudioHardwareMSM72XX(   94): BT MATCH FM_HEADSET
D/AudioHardwareMSM72XX(   94): BT MATCH HEADSET_AND_SPEAKER
D/AudioHardwareMSM72XX(   94): BT MATCH FM_SPEAKER
D/AudioHardwareMSM72XX(   94): BT MATCH BT_EC_OFF
D/AudioHardwareMSM72XX(   94): BT MATCH BT_EC_OFF
D/AudioHardwareMSM72XX(   94): BT MATCH CURRENT
I/AudioFlinger(   94): Loaded primary audio interface from LEGACY Audio HW HAL (audio)
I/AudioFlinger(   94): Using 'LEGACY Audio HW HAL' (audio.primary) as the primary audio interface
D/libEGL  (  142): loaded /system/lib/egl/libGLES_android.so
I/AudioFlinger(   94): Loaded a2dp audio interface from A2DP Audio HW HAL (audio)
D/AudioHardwareInterface(   94): setMode(NORMAL)
D/libEGL  (  142): loaded /system/lib/egl/libEGL_adreno200.so
I/AudioHardwareMSM72XX(   94): Set master volume to 5.
D/libEGL  (  142): loaded /system/lib/egl/libGLESv1_CM_adreno200.so
I/CameraService(   94): CameraService started (pid=94)
D/libEGL  (  142): loaded /system/lib/egl/libGLESv2_adreno200.so
D/memalloc(   91): init_pmem_area: Initializing pmem area
D/memalloc(   91): init_pmem_area_locked: Opening master pmem FD
D/memalloc(   91): init_pmem_area_locked: Total pmem size: 16777216
D/memalloc(   91): /dev/pmem: Allocated buffer base:0x41504000 size:614400 offset:0 fd:26
D/memalloc(  142): /dev/pmem: Mapped buffer base:0x408f0000 size:614400 offset:0 fd:16
I/AudioFlinger(   94): AudioFlinger's thread 0x16fd8 ready to run
W/AudioFlinger(   94): Thread AudioOut_1 cannot connect to the power manager service
V/AudioHardwareMSM72XX(   94): AudioStreamOutMSM72xx::setParameters() routing=2
V/AudioHardwareMSM72XX(   94): set output routing 2
I/AudioHardwareMSM72XX(   94): Routing audio to Speakerphone
V/AudioHardwareMSM72XX(   94): doAudioRouteOrMute() device 1, mMode 0, mMicMute 1
D/AudioHardwareMSM72XX(   94): setVoiceVolume(1.000000)
I/AudioHardwareMSM72XX(   94): Setting in-call volume to 5 (available range is 0 to 5)
I/AudioPolicyService(   94): Loaded audio policy from LEGACY Audio Policy HAL (audio_policy)
D/memalloc(   91): /dev/pmem: Allocated buffer base:0x41504000 size:614400 offset:614400 fd:29
D/memalloc(  142): /dev/pmem: Mapped buffer base:0x40ef8000 size:1228800 offset:614400 fd:20
D/memalloc(   91): /dev/pmem: Allocated buffer base:0x41504000 size:614400 offset:1228800 fd:32
D/memalloc(  142): /dev/pmem: Mapped buffer base:0x411e0000 size:1843200 offset:1228800 fd:23
D/dalvikvm(   92): DexOpt: --- BEGIN 'core.jar' (bootstrap=1) ---
D/dalvikvm(  155): Ignoring duplicate verify attempt on Ljava/lang/Object;
D/dalvikvm(  155): Ignoring duplicate verify attempt on Ljava/lang/Class;
D/dalvikvm(  155): Ignoring duplicate verify attempt on Ljava/lang/ref/Reference;
D/dalvikvm(  155): Ignoring duplicate verify attempt on Ljava/lang/ref/ReferenceQueue;
D/dalvikvm(  155): Ignoring duplicate verify attempt on Ljava/lang/ref/FinalizerReference;
D/dalvikvm(  155): DexOpt: load 450ms, verify+opt 5246ms
D/dalvikvm(   92): DexOpt: --- END 'core.jar' (success) ---
D/dalvikvm(   92): DEX prep '/system/framework/core.jar': unzip in 1494ms, rewrite 7111ms
D/dalvikvm(   92): DexOpt: --- BEGIN 'core-junit.jar' (bootstrap=1) ---
D/dalvikvm(  156): DexOpt: load 10ms, verify+opt 36ms
D/dalvikvm(   92): DexOpt: --- END 'core-junit.jar' (success) ---
D/dalvikvm(   92): DEX prep '/system/framework/core-junit.jar': unzip in 4ms, rewrite 219ms
D/dalvikvm(   92): DexOpt: --- BEGIN 'bouncycastle.jar' (bootstrap=1) ---
D/dalvikvm(  157): DexOpt: load 131ms, verify+opt 1716ms
D/dalvikvm(   92): DexOpt: --- END 'bouncycastle.jar' (success) ---
D/dalvikvm(   92): DEX prep '/system/framework/bouncycastle.jar': unzip in 305ms, rewrite 2465ms
D/dalvikvm(   92): DexOpt: --- BEGIN 'ext.jar' (bootstrap=1) ---
D/dalvikvm(  158): DexOpt: load 248ms, verify+opt 2808ms
D/dalvikvm(   92): DexOpt: --- END 'ext.jar' (success) ---
D/dalvikvm(   92): DEX prep '/system/framework/ext.jar': unzip in 495ms, rewrite 3853ms
D/dalvikvm(   92): DexOpt: --- BEGIN 'framework.jar' (bootstrap=1) ---
D/dalvikvm(  159): Note: class Landroid/opengl/GLWrapperBase; has 250 unimplemented (abstract) methods
D/dalvikvm(  159): DexOpt: couldn't find static field Landroid/os/SystemProperties;.QCOM_HARDWARE
D/dalvikvm(  159): DexOpt: load 1143ms, verify+opt 10359ms
D/dalvikvm(   92): DexOpt: --- END 'framework.jar' (success) ---
D/dalvikvm(   92): DEX prep '/system/framework/framework.jar': unzip in 3370ms, rewrite 14163ms
D/dalvikvm(   92): DexOpt: --- BEGIN 'android.policy.jar' (bootstrap=1) ---
D/dalvikvm(  161): DexOpt: load 88ms, verify+opt 366ms
D/dalvikvm(   92): DexOpt: --- END 'android.policy.jar' (success) ---
D/dalvikvm(   92): DEX prep '/system/framework/android.policy.jar': unzip in 65ms, rewrite 628ms
D/dalvikvm(   92): DexOpt: --- BEGIN 'services.jar' (bootstrap=1) ---
D/dalvikvm(  162): DexOpt: load 128ms, verify+opt 2929ms
D/dalvikvm(   92): DexOpt: --- END 'services.jar' (success) ---
D/dalvikvm(   92): DEX prep '/system/framework/services.jar': unzip in 492ms, rewrite 3658ms
D/dalvikvm(   92): DexOpt: --- BEGIN 'apache-xml.jar' (bootstrap=1) ---
D/dalvikvm(  163): DexOpt: load 146ms, verify+opt 1224ms
D/dalvikvm(   92): DexOpt: --- END 'apache-xml.jar' (success) ---
D/dalvikvm(   92): DEX prep '/system/framework/apache-xml.jar': unzip in 327ms, rewrite 1815ms
D/dalvikvm(   92): DexOpt: --- BEGIN 'filterfw.jar' (bootstrap=1) ---
D/dalvikvm(  164): DexOpt: load 39ms, verify+opt 285ms
D/dalvikvm(   92): DexOpt: --- END 'filterfw.jar' (success) ---
D/dalvikvm(   92): DEX prep '/system/framework/filterfw.jar': unzip in 64ms, rewrite 507ms
I/SamplingProfilerIntegration(   92): Profiling disabled.
I/Zygote  (   92): Preloading classes...
D/dalvikvm(   92): GC_EXPLICIT freed 37K, 84% free 410K/2560K, paused 1ms+3ms
D/dalvikvm(   92): GC_EXPLICIT freed 4K, 82% free 474K/2560K, paused 3ms+1ms
D/dalvikvm(   92): GC_EXPLICIT freed 20K, 81% free 510K/2560K, paused 1ms+2ms
D/dalvikvm(   92): GC_EXPLICIT freed 27K, 79% free 537K/2560K, paused 2ms+1ms
D/dalvikvm(   92): GC_EXPLICIT freed 15K, 78% free 577K/2560K, paused 1ms+1ms
D/dalvikvm(   92): GC_EXPLICIT freed 79K, 73% free 707K/2560K, paused 1ms+1ms
D/dalvikvm(   92): GC_EXPLICIT freed 31K, 72% free 731K/2560K, paused 1ms+1ms
D/TextLayoutCache(   92): Using debug level: 0 - Debug Enabled: 0
W/Zygote  (   92): Class not found for preloading: android.media.AudioManager$2
I/dalvikvm(   92): threadid=1: recursive native library load attempt (/system/lib/libmedia_jni.so)
D/MtpDeviceJNI(   92): register_android_mtp_MtpDevice
I/dalvikvm(   92): threadid=1: recursive native library load attempt (/system/lib/libmedia_jni.so)
I/dalvikvm(   92): threadid=1: recursive native library load attempt (/system/lib/libmedia_jni.so)
E/MediaProfilesJNI(   92): native_init
E/MediaProfilesJNI(   92): After native_init lock
E/MediaProfilesJNI(   92): Guru : native_init profiles
E/MediaProfiles(   92): getInstance
E/MediaProfiles(   92): Guru :Else 1
E/MediaProfiles(   92): Guru : quality = 0, index = 1
E/MediaProfiles(   92): Guru : quality = 1, index = 0
E/MediaProfiles(   92): Guru : quality = 0, index = 1
E/MediaProfiles(   92): Guru : quality = 1, index = 0
E/MediaProfiles(   92): getInstance 10be20
E/MediaProfilesJNI(   92): retun sProfiles
E/MediaProfilesJNI(   92): native_init
E/MediaProfilesJNI(   92): After native_init lock
E/MediaProfilesJNI(   92): retun sProfiles
W/Zygote  (   92): Class not found for preloading: android.media.IRemoteControlClientDispatcher
W/Zygote  (   92): Class not found for preloading: android.media.IRemoteControlClientDispatcher$Stub
D/dalvikvm(   92): GC_EXPLICIT freed 24K, 71% free 764K/2560K, paused 1ms+1ms
V/MediaProfilesJNI(   92): native_get_num_video_decoders
V/MediaProfilesJNI(   92): native_get_video_decoder_type: 0
D/dalvikvm(   92): GC_EXPLICIT freed 262K, 56% free 1133K/2560K, paused 2ms+1ms
D/dalvikvm(   92): GC_EXPLICIT freed 27K, 55% free 1161K/2560K, paused 2ms+2ms
D/dalvikvm(   92): GC_EXPLICIT freed 8K, 53% free 1209K/2560K, paused 2ms+3ms
D/dalvikvm(   92): GC_EXPLICIT freed 23K, 51% free 1275K/2560K, paused 2ms+3ms
D/dalvikvm(   92): GC_EXPLICIT freed 48K, 40% free 1555K/2560K, paused 3ms+4ms
W/Zygote  (   92): Class not found for preloading: android.text.TextDirectionHeuristics$CharCount
W/Zygote  (   92): Class not found for preloading: android.text.method.WordIterator$1
D/dalvikvm(   92): GC_EXPLICIT freed 35K, 38% free 1589K/2560K, paused 7ms+3ms
D/dalvikvm(   92): GC_EXPLICIT freed 32K, 38% free 1612K/2560K, paused 3ms+4ms
I/dalvikvm(   92): Could not find method android.webkit.WebViewCore.nativeGetTextureGeneratorThreadID, referenced from method android.webkit.WebViewCore.access$800
W/dalvikvm(   92): VFY: unable to resolve static method 38873: Landroid/webkit/WebViewCore;.nativeGetTextureGeneratorThreadID ()I
D/dalvikvm(   92): VFY: replacing opcode 0x71 at 0x0000
I/dalvikvm(   92): threadid=1: recursive native library load attempt (/system/lib/libwebcore.so)
D/dalvikvm(   92): No JNI_OnLoad found in /system/lib/libchromium_net.so 0x0, skipping init
E/dalvikvm(   92): ERROR: couldn't find native method
E/dalvikvm(   92): Requested: Landroid/webkit/WebViewCore;.nativeGetTextureGeneratorThreadID:()I
E/JNIHelp (   92): RegisterNatives failed for 'android/webkit/WebViewCore', aborting
F/libc    (   92): Fatal signal 11 (SIGSEGV) at 0xdeadbaad (code=1)
I/DEBUG   (   89): *** *** *** *** *** *** *** *** *** *** *** *** *** *** *** ***
I/DEBUG   (   89): Build fingerprint: 'cyanogenmod/htc_marvel/marvel:4.0.4/ASN01/0.1:user/release-keys'
I/DEBUG   (   89): pid: 92, tid: 92  >>> zygote <<<
I/DEBUG   (   89): signal 11 (SIGSEGV), code 1 (SEGV_MAPERR), fault addr deadbaad
I/DEBUG   (   89):  r0 deadbaad  r1 0000000c  r2 00000027  r3 40000000
I/DEBUG   (   89):  r4 00000000  r5 00000080  r6 4f5d29a7  r7 bec57718
I/DEBUG   (   89):  r8 40832200  r9 00000006  10 4ba0ce08  fp fffffe50
I/DEBUG   (   89):  ip ffffffff  sp bec576e0  lr 4003ff0f  pc 4003c6c6  cpsr 00000030
I/DEBUG   (   89):  d0  00280000427becd0  d1  3f50624d00193148
I/DEBUG   (   89):  d2  bfd3441350baf6de  d3  3fe555b0aaeac752
I/DEBUG   (   89):  d4  3fbc71c71c71c71c  d5  3fcef049fb9094d1
I/DEBUG   (   89):  d6  49c98a408800759c  d7  000000003f800000
I/DEBUG   (   89):  d8  0000000000000000  d9  0000000000000000
I/DEBUG   (   89):  d10 0000000000000000  d11 0000000000000000
I/DEBUG   (   89):  d12 0000000000000000  d13 0000000000000000
I/DEBUG   (   89):  d14 0000000000000000  d15 0000000000000000
I/DEBUG   (   89):  scr 20000010
I/DEBUG   (   89): 
I/DEBUG   (   89):          #00  pc 000176c6  /system/lib/libc.so
I/DEBUG   (   89):          #01  pc 0000c658  /system/lib/libnativehelper.so (jniRegisterNativeMethods)
I/DEBUG   (   89):          #02  pc 005693ec  /system/lib/libwebcore.so
I/DEBUG   (   89):          #03  pc 0005aff0  /system/lib/libdvm.so (_Z17dvmLoadNativeCodePKcP6ObjectPPc)
I/DEBUG   (   89):          #04  pc 000729f4  /system/lib/libdvm.so
I/DEBUG   (   89):          #05  pc 00030e8c  /system/lib/libdvm.so
I/DEBUG   (   89):          #06  pc 000346dc  /system/lib/libdvm.so (_Z12dvmInterpretP6ThreadPK6MethodP6JValue)
I/DEBUG   (   89):          #07  pc 0006c5f8  /system/lib/libdvm.so (_Z14dvmCallMethodVP6ThreadPK6MethodP6ObjectbP6JValueSt9__va_list)
I/DEBUG   (   89):          #08  pc 0006c616  /system/lib/libdvm.so (_Z13dvmCallMethodP6ThreadPK6MethodP6ObjectP6JValuez)
I/DEBUG   (   89):          #09  pc 000769a2  /system/lib/libdvm.so (dvmInitClass)
I/DEBUG   (   89):          #10  pc 00076b12  /system/lib/libdvm.so (_Z12dvmFindClassPKcP6Object)
I/DEBUG   (   89):          #11  pc 0007072c  /system/lib/libdvm.so (_Z18dvmFindClassByNameP12StringObjectP6Objectb)
I/DEBUG   (   89):          #12  pc 000726d8  /system/lib/libdvm.so
I/DEBUG   (   89):          #13  pc 00030e8c  /system/lib/libdvm.so
I/DEBUG   (   89):          #14  pc 000346dc  /system/lib/libdvm.so (_Z12dvmInterpretP6ThreadPK6MethodP6JValue)
I/DEBUG   (   89):          #15  pc 0006c5f8  /system/lib/libdvm.so (_Z14dvmCallMethodVP6ThreadPK6MethodP6ObjectbP6JValueSt9__va_list)
I/DEBUG   (   89):          #16  pc 000552ba  /system/lib/libdvm.so
I/DEBUG   (   89):          #17  pc 00046024  /system/lib/libandroid_runtime.so
I/DEBUG   (   89):          #18  pc 00046b6c  /system/lib/libandroid_runtime.so (_ZN7android14AndroidRuntime5startEPKcS2_)
I/DEBUG   (   89):          #19  pc 00008f46  /system/bin/app_process
I/DEBUG   (   89):          #20  pc 0001655a  /system/lib/libc.so (__libc_init)
I/DEBUG   (   89):          #21  pc 40004eb4  /system/bin/linker
I/DEBUG   (   89): 
I/DEBUG   (   89): code around pc:
I/DEBUG   (   89): 4003c6a4 1c2bd00c 2d00682d e027d1fb 2a0068da  ..+.-h.-..'..h.*
I/DEBUG   (   89): 4003c6b4 4b16d004 447b2001 47906018 22274814  ...K. {D.`.G.H'"
I/DEBUG   (   89): 4003c6c4 70022580 ef74f7f4 f7f62106 aa01e812  .%.p..t..!......
I/DEBUG   (   89): 4003c6d4 05692400 60546091 20061c11 f7f59401  .$i..`T`... ....
I/DEBUG   (   89): 4003c6e4 a905ebce 20022200 ebd6f7f5 ef60f7f4  .....". ......`.
I/DEBUG   (   89): 
I/DEBUG   (   89): code around lr:
I/DEBUG   (   89): 4003feec 4b0db5f0 447bb083 681c2600 68a59001  ...K..{D.&.h...h
I/DEBUG   (   89): 4003fefc e0086867 5ea8220c dd032800 99011c28  gh...".^.(..(...
I/DEBUG   (   89): 4003ff0c 43064788 3f013554 6824d5f4 d1ee2c00  .G.CT5.?..$h.,..
I/DEBUG   (   89): 4003ff1c 1c30b003 46c0bdf0 000285f2 1c0fb5f0  ..0....F........
I/DEBUG   (   89): 4003ff2c b0891c3d a9064355 604d9103 90064914  =...UC....M`.I..
I/DEBUG   (   89): 
I/DEBUG   (   89): memory map around addr deadbaad:
I/DEBUG   (   89): bec37000-bec58000 [stack]
I/DEBUG   (   89): (no map for address)
I/DEBUG   (   89): (no map above)
I/DEBUG   (   89): 
I/DEBUG   (   89): stack:
I/DEBUG   (   89):     bec576a0  00000001  
I/DEBUG   (   89):     bec576a4  bee28187  
I/DEBUG   (   89):     bec576a8  4006870c  /system/lib/libc.so
I/DEBUG   (   89):     bec576ac  4006d85c  
I/DEBUG   (   89):     bec576b0  00000000  
I/DEBUG   (   89):     bec576b4  4003ff0f  /system/lib/libc.so
I/DEBUG   (   89):     bec576b8  4f5d4341  /system/lib/libwebcore.so
I/DEBUG   (   89):     bec576bc  4003ec75  /system/lib/libc.so
I/DEBUG   (   89):     bec576c0  ffffffff  
I/DEBUG   (   89):     bec576c4  00000000  
I/DEBUG   (   89):     bec576c8  00000000  
I/DEBUG   (   89):     bec576cc  4f5d29a7  /system/lib/libwebcore.so
I/DEBUG   (   89):     bec576d0  bec57718  [stack]
I/DEBUG   (   89):     bec576d4  4003f08d  /system/lib/libc.so
I/DEBUG   (   89):     bec576d8  df0027ad  
I/DEBUG   (   89):     bec576dc  00000000  
I/DEBUG   (   89): #00 bec576e0  0000002a  
I/DEBUG   (   89):     bec576e4  00000100  
I/DEBUG   (   89):     bec576e8  4f2eb881  /system/lib/libwebcore.so
I/DEBUG   (   89):     bec576ec  bee28187  
I/DEBUG   (   89):     bec576f0  4f5d2b5d  /system/lib/libwebcore.so
I/DEBUG   (   89):     bec576f4  fffffbdf  
I/DEBUG   (   89):     bec576f8  0000f2c0  [heap]
I/DEBUG   (   89):     bec576fc  40868ffd  /system/lib/libdvm.so
I/DEBUG   (   89):     bec57700  0000f2c0  [heap]
I/DEBUG   (   89):     bec57704  401f865b  /system/lib/libnativehelper.so
I/DEBUG   (   89): #01 bec57708  40868ffd  /system/lib/libdvm.so
I/DEBUG   (   89):     bec5770c  401f865b  /system/lib/libnativehelper.so
I/DEBUG   (   89):     bec57710  4f75e400  /system/lib/libwebcore.so
I/DEBUG   (   89):     bec57714  0000003c  
I/DEBUG   (   89):     bec57718  0000f2c0  [heap]
I/DEBUG   (   89):     bec5771c  b3600019  
I/DEBUG   (   89):     bec57720  0000f2c0  [heap]
I/DEBUG   (   89):     bec57724  40869f61  /system/lib/libdvm.so
I/DEBUG   (   89):     bec57728  0000f2c0  [heap]
I/DEBUG   (   89):     bec5772c  4f5cd3ef  /system/lib/libwebcore.so
I/ServiceManager(   86): service 'media.audio_flinger' died
I/ServiceManager(   86): service 'media.player' died
I/ServiceManager(   86): service 'media.camera' died
I/ServiceManager(   86): service 'media.audio_policy' died
I/Netd    (  169): Netd 1.0 starting
D/AndroidRuntime(  168): 
D/AndroidRuntime(  168): >>>>>> AndroidRuntime START com.android.internal.os.ZygoteInit <<<<<<
D/AndroidRuntime(  168): CheckJNI is OFF
I/        (  170): ServiceManager: 0xf958
I/HTC Acoustic(  170): libhtc_acoustic.so version 2.0.0.6.
I/HTC Acoustic(  170): deonvvv gingerbread test.
I/HTC Acoustic(  170): open /system/etc/AudioPara4_WB.csv success.
I/HTC Acoustic(  170): acoustic table version: MAL_WB_20110217
I/HTC Acoustic(  170): read_audio_para_from_file success.
E/HTC Acoustic(  170): Fail to open /system/etc/AudioPara_ALL.csv -1.
I/HTC Acoustic(  170): open /system/etc/AudioPara4.csv success.
I/HTC Acoustic(  170): acoustic table version: MAL_Gerenic_20110509
I/HTC Acoustic(  170): read_audio_para_from_file success.
I/HTC Acoustic(  170): get_audpp_filter
I/HTC Acoustic(  170): open /system/etc/AudioFilter.csv success.
I/HTC Acoustic(  170): MBADRC Filter MBADRC FLAG = ffff.
E/HTC Acoustic(  170): set mbadrc filter error.
I/HTC Acoustic(  170): failed to set audpp parameters, exiting.
I/HTC Acoustic(  170): get_audpre_filter
I/HTC Acoustic(  170): open /system/etc/AudioPreProcess.csv success.
D/AudioHardwareMSM72XX(  170): mNumSndEndpoints = 151
V/AudioHardwareMSM72XX(  170): constructed 151 SND endpoints)
D/AudioHardwareMSM72XX(  170): BT MATCH HANDSET
D/AudioHardwareMSM72XX(  170): BT MATCH SPEAKER
D/AudioHardwareMSM72XX(  170): BT MATCH HEADSET
D/AudioHardwareMSM72XX(  170): BT MATCH BT
D/AudioHardwareMSM72XX(  170): BT MATCH CARKIT
D/AudioHardwareMSM72XX(  170): BT MATCH TTY_FULL
D/AudioHardwareMSM72XX(  170): BT MATCH TTY_VCO
D/AudioHardwareMSM72XX(  170): BT MATCH TTY_HCO
D/AudioHardwareMSM72XX(  170): BT MATCH NO_MIC_HEADSET
D/AudioHardwareMSM72XX(  170): BT MATCH FM_HEADSET
D/AudioHardwareMSM72XX(  170): BT MATCH HEADSET_AND_SPEAKER
D/AudioHardwareMSM72XX(  170): BT MATCH FM_SPEAKER
D/AudioHardwareMSM72XX(  170): BT MATCH BT_EC_OFF
D/AudioHardwareMSM72XX(  170): BT MATCH BT_EC_OFF
D/AudioHardwareMSM72XX(  170): BT MATCH CURRENT
I/AudioFlinger(  170): Loaded primary audio interface from LEGACY Audio HW HAL (audio)
I/AudioFlinger(  170): Using 'LEGACY Audio HW HAL' (audio.primary) as the primary audio interface
I/AudioFlinger(  170): Loaded a2dp audio interface from A2DP Audio HW HAL (audio)
D/AudioHardwareInterface(  170): setMode(NORMAL)
I/AudioHardwareMSM72XX(  170): Set master volume to 5.
I/CameraService(  170): CameraService started (pid=170)
I/AudioFlinger(  170): AudioFlinger's thread 0x16f90 ready to run
W/AudioFlinger(  170): Thread AudioOut_1 cannot connect to the power manager service
V/AudioHardwareMSM72XX(  170): AudioStreamOutMSM72xx::setParameters() routing=2
V/AudioHardwareMSM72XX(  170): set output routing 2
I/AudioHardwareMSM72XX(  170): Routing audio to Speakerphone
V/AudioHardwareMSM72XX(  170): doAudioRouteOrMute() device 1, mMode 0, mMicMute 1
D/AudioHardwareMSM72XX(  170): setVoiceVolume(1.000000)
I/AudioHardwareMSM72XX(  170): Setting in-call volume to 5 (available range is 0 to 5)
I/AudioPolicyService(  170): Loaded audio policy from LEGACY Audio Policy HAL (audio_policy)
I/SamplingProfilerIntegration(  168): Profiling disabled.
I/Zygote  (  168): Preloading classes...
D/dalvikvm(  168): GC_EXPLICIT freed 37K, 84% free 410K/2560K, paused 1ms+2ms
D/dalvikvm(  168): GC_EXPLICIT freed 4K, 82% free 474K/2560K, paused 0ms+1ms
D/dalvikvm(  168): GC_EXPLICIT freed 20K, 81% free 510K/2560K, paused 1ms+1ms
D/dalvikvm(  168): GC_EXPLICIT freed 27K, 79% free 537K/2560K, paused 1ms+1ms
D/dalvikvm(  168): GC_EXPLICIT freed 15K, 78% free 577K/2560K, paused 1ms+1ms
D/dalvikvm(  168): GC_EXPLICIT freed 79K, 73% free 707K/2560K, paused 1ms+1ms
D/dalvikvm(  168): GC_EXPLICIT freed 31K, 72% free 731K/2560K, paused 1ms+1ms
D/TextLayoutCache(  168): Using debug level: 0 - Debug Enabled: 0
W/Zygote  (  168): Class not found for preloading: android.media.AudioManager$2
I/dalvikvm(  168): threadid=1: recursive native library load attempt (/system/lib/libmedia_jni.so)
D/MtpDeviceJNI(  168): register_android_mtp_MtpDevice
I/dalvikvm(  168): threadid=1: recursive native library load attempt (/system/lib/libmedia_jni.so)
I/dalvikvm(  168): threadid=1: recursive native library load attempt (/system/lib/libmedia_jni.so)
E/MediaProfilesJNI(  168): native_init
E/MediaProfilesJNI(  168): After native_init lock
E/MediaProfilesJNI(  168): Guru : native_init profiles
E/MediaProfiles(  168): getInstance
E/MediaProfiles(  168): Guru :Else 1
E/MediaProfiles(  168): Guru : quality = 0, index = 1
E/MediaProfiles(  168): Guru : quality = 1, index = 0
E/MediaProfiles(  168): Guru : quality = 0, index = 1
E/MediaProfiles(  168): Guru : quality = 1, index = 0
E/MediaProfiles(  168): getInstance e1d40
E/MediaProfilesJNI(  168): retun sProfiles
E/MediaProfilesJNI(  168): native_init
E/MediaProfilesJNI(  168): After native_init lock
E/MediaProfilesJNI(  168): retun sProfiles
W/Zygote  (  168): Class not found for preloading: android.media.IRemoteControlClientDispatcher
W/Zygote  (  168): Class not found for preloading: android.media.IRemoteControlClientDispatcher$Stub
D/dalvikvm(  168): GC_EXPLICIT freed 24K, 71% free 764K/2560K, paused 2ms+2ms
V/MediaProfilesJNI(  168): native_get_num_video_decoders
V/MediaProfilesJNI(  168): native_get_video_decoder_type: 0
D/dalvikvm(  168): GC_EXPLICIT freed 262K, 56% free 1133K/2560K, paused 2ms+2ms
D/dalvikvm(  168): GC_EXPLICIT freed 27K, 55% free 1161K/2560K, paused 2ms+2ms
D/dalvikvm(  168): GC_EXPLICIT freed 8K, 53% free 1209K/2560K, paused 2ms+3ms
D/dalvikvm(  168): GC_EXPLICIT freed 23K, 51% free 1275K/2560K, paused 2ms+3ms
D/dalvikvm(  168): GC_EXPLICIT freed 48K, 40% free 1555K/2560K, paused 3ms+4ms
W/Zygote  (  168): Class not found for preloading: android.text.TextDirectionHeuristics$CharCount
W/Zygote  (  168): Class not found for preloading: android.text.method.WordIterator$1
D/dalvikvm(  168): GC_EXPLICIT freed 35K, 38% free 1589K/2560K, paused 3ms+3ms
D/dalvikvm(  168): GC_EXPLICIT freed 32K, 38% free 1612K/2560K, paused 3ms+3ms
I/dalvikvm(  168): Could not find method android.webkit.WebViewCore.nativeGetTextureGeneratorThreadID, referenced from method android.webkit.WebViewCore.access$800
W/dalvikvm(  168): VFY: unable to resolve static method 38873: Landroid/webkit/WebViewCore;.nativeGetTextureGeneratorThreadID ()I
D/dalvikvm(  168): VFY: replacing opcode 0x71 at 0x0000
I/dalvikvm(  168): threadid=1: recursive native library load attempt (/system/lib/libwebcore.so)
D/dalvikvm(  168): No JNI_OnLoad found in /system/lib/libchromium_net.so 0x0, skipping init
E/dalvikvm(  168): ERROR: couldn't find native method
E/dalvikvm(  168): Requested: Landroid/webkit/WebViewCore;.nativeGetTextureGeneratorThreadID:()I
E/JNIHelp (  168): RegisterNatives failed for 'android/webkit/WebViewCore', aborting
F/libc    (  168): Fatal signal 11 (SIGSEGV) at 0xdeadbaad (code=1)
I/DEBUG   (   89): *** *** *** *** *** *** *** *** *** *** *** *** *** *** *** ***
I/DEBUG   (   89): Build fingerprint: 'cyanogenmod/htc_marvel/marvel:4.0.4/ASN01/0.1:user/release-keys'
I/DEBUG   (   89): pid: 168, tid: 168  >>> zygote <<<
I/DEBUG   (   89): signal 11 (SIGSEGV), code 1 (SEGV_MAPERR), fault addr deadbaad
I/DEBUG   (   89):  r0 deadbaad  r1 0000000c  r2 00000027  r3 40000000
I/DEBUG   (   89):  r4 00000000  r5 00000080  r6 4f5fe9a7  r7 bec47718
I/DEBUG   (   89):  r8 40832200  r9 00000006  10 4ba0ce08  fp fffffe50
I/DEBUG   (   89):  ip ffffffff  sp bec476e0  lr 4003ff0f  pc 4003c6c6  cpsr 00000030
I/DEBUG   (   89):  d0  00280000427becd0  d1  3f50624d00193148
I/DEBUG   (   89):  d2  bfd3441350baf6de  d3  3fe555b0aaeac752
I/DEBUG   (   89):  d4  3fbc71c71c71c71c  d5  3fcef049fb9094d1
I/DEBUG   (   89):  d6  49c98a408800759c  d7  000000003f800000
I/DEBUG   (   89):  d8  0000000000000000  d9  0000000000000000
I/DEBUG   (   89):  d10 0000000000000000  d11 0000000000000000
I/DEBUG   (   89):  d12 0000000000000000  d13 0000000000000000
I/DEBUG   (   89):  d14 0000000000000000  d15 0000000000000000
I/DEBUG   (   89):  scr 20000010
I/DEBUG   (   89): 
I/DEBUG   (   89):          #00  pc 000176c6  /system/lib/libc.so
I/DEBUG   (   89):          #01  pc 0000c658  /system/lib/libnativehelper.so (jniRegisterNativeMethods)
I/DEBUG   (   89):          #02  pc 005693ec  /system/lib/libwebcore.so
I/DEBUG   (   89):          #03  pc 0005aff0  /system/lib/libdvm.so (_Z17dvmLoadNativeCodePKcP6ObjectPPc)
I/DEBUG   (   89):          #04  pc 000729f4  /system/lib/libdvm.so
I/DEBUG   (   89):          #05  pc 00030e8c  /system/lib/libdvm.so
I/DEBUG   (   89):          #06  pc 000346dc  /system/lib/libdvm.so (_Z12dvmInterpretP6ThreadPK6MethodP6JValue)
I/DEBUG   (   89):          #07  pc 0006c5f8  /system/lib/libdvm.so (_Z14dvmCallMethodVP6ThreadPK6MethodP6ObjectbP6JValueSt9__va_list)
I/DEBUG   (   89):          #08  pc 0006c616  /system/lib/libdvm.so (_Z13dvmCallMethodP6ThreadPK6MethodP6ObjectP6JValuez)
I/DEBUG   (   89):          #09  pc 000769a2  /system/lib/libdvm.so (dvmInitClass)
I/DEBUG   (   89):          #10  pc 00076b12  /system/lib/libdvm.so (_Z12dvmFindClassPKcP6Object)
I/DEBUG   (   89):          #11  pc 0007072c  /system/lib/libdvm.so (_Z18dvmFindClassByNameP12StringObjectP6Objectb)
I/DEBUG   (   89):          #12  pc 000726d8  /system/lib/libdvm.so
I/DEBUG   (   89):          #13  pc 00030e8c  /system/lib/libdvm.so
I/DEBUG   (   89):          #14  pc 000346dc  /system/lib/libdvm.so (_Z12dvmInterpretP6ThreadPK6MethodP6JValue)
I/DEBUG   (   89):          #15  pc 0006c5f8  /system/lib/libdvm.so (_Z14dvmCallMethodVP6ThreadPK6MethodP6ObjectbP6JValueSt9__va_list)
I/DEBUG   (   89):          #16  pc 000552ba  /system/lib/libdvm.so
I/DEBUG   (   89):          #17  pc 00046024  /system/lib/libandroid_runtime.so
I/DEBUG   (   89):          #18  pc 00046b6c  /system/lib/libandroid_runtime.so (_ZN7android14AndroidRuntime5startEPKcS2_)
I/DEBUG   (   89):          #19  pc 00008f46  /system/bin/app_process
I/DEBUG   (   89):          #20  pc 0001655a  /system/lib/libc.so (__libc_init)
I/DEBUG   (   89):          #21  pc 40004eb4  /system/bin/linker
I/DEBUG   (   89): 
I/DEBUG   (   89): code around pc:
I/DEBUG   (   89): 4003c6a4 1c2bd00c 2d00682d e027d1fb 2a0068da  ..+.-h.-..'..h.*
I/DEBUG   (   89): 4003c6b4 4b16d004 447b2001 47906018 22274814  ...K. {D.`.G.H'"
I/DEBUG   (   89): 4003c6c4 70022580 ef74f7f4 f7f62106 aa01e812  .%.p..t..!......
I/DEBUG   (   89): 4003c6d4 05692400 60546091 20061c11 f7f59401  .$i..`T`... ....
I/DEBUG   (   89): 4003c6e4 a905ebce 20022200 ebd6f7f5 ef60f7f4  .....". ......`.
I/DEBUG   (   89): 
I/DEBUG   (   89): code around lr:
I/DEBUG   (   89): 4003feec 4b0db5f0 447bb083 681c2600 68a59001  ...K..{D.&.h...h
I/DEBUG   (   89): 4003fefc e0086867 5ea8220c dd032800 99011c28  gh...".^.(..(...
I/DEBUG   (   89): 4003ff0c 43064788 3f013554 6824d5f4 d1ee2c00  .G.CT5.?..$h.,..
I/DEBUG   (   89): 4003ff1c 1c30b003 46c0bdf0 000285f2 1c0fb5f0  ..0....F........
I/DEBUG   (   89): 4003ff2c b0891c3d a9064355 604d9103 90064914  =...UC....M`.I..
I/DEBUG   (   89): 
I/DEBUG   (   89): memory map around addr deadbaad:
I/DEBUG   (   89): bec27000-bec48000 [stack]
I/DEBUG   (   89): (no map for address)
I/DEBUG   (   89): (no map above)
I/DEBUG   (   89): 
I/DEBUG   (   89): stack:
I/DEBUG   (   89):     bec476a0  00000001  
I/DEBUG   (   89):     bec476a4  dbb63620  
I/DEBUG   (   89):     bec476a8  4006870c  /system/lib/libc.so
I/DEBUG   (   89):     bec476ac  4006d85c  
I/DEBUG   (   89):     bec476b0  00000000  
I/DEBUG   (   89):     bec476b4  4003ff0f  /system/lib/libc.so
I/DEBUG   (   89):     bec476b8  4f600341  /system/lib/libwebcore.so
I/DEBUG   (   89):     bec476bc  4003ec75  /system/lib/libc.so
I/DEBUG   (   89):     bec476c0  ffffffff  
I/DEBUG   (   89):     bec476c4  00000000  
I/DEBUG   (   89):     bec476c8  00000000  
I/DEBUG   (   89):     bec476cc  4f5fe9a7  /system/lib/libwebcore.so
I/DEBUG   (   89):     bec476d0  bec47718  [stack]
I/DEBUG   (   89):     bec476d4  4003f08d  /system/lib/libc.so
I/DEBUG   (   89):     bec476d8  df0027ad  
I/DEBUG   (   89):     bec476dc  00000000  
I/DEBUG   (   89): #00 bec476e0  0000002a  
I/DEBUG   (   89):     bec476e4  00000100  
I/DEBUG   (   89):     bec476e8  4f317881  /system/lib/libwebcore.so
I/DEBUG   (   89):     bec476ec  dbb63620  
I/DEBUG   (   89):     bec476f0  4f5feb5d  /system/lib/libwebcore.so
I/DEBUG   (   89):     bec476f4  fffffbdf  
I/DEBUG   (   89):     bec476f8  0000f2c0  [heap]
I/DEBUG   (   89):     bec476fc  40868ffd  /system/lib/libdvm.so
I/DEBUG   (   89):     bec47700  0000f2c0  [heap]
I/DEBUG   (   89):     bec47704  401f865b  /system/lib/libnativehelper.so
I/DEBUG   (   89): #01 bec47708  40868ffd  /system/lib/libdvm.so
I/DEBUG   (   89):     bec4770c  401f865b  /system/lib/libnativehelper.so
I/DEBUG   (   89):     bec47710  4f78a400  /system/lib/libwebcore.so
I/DEBUG   (   89):     bec47714  0000003c  
I/DEBUG   (   89):     bec47718  0000f2c0  [heap]
I/DEBUG   (   89):     bec4771c  b3600019  
I/DEBUG   (   89):     bec47720  0000f2c0  [heap]
I/DEBUG   (   89):     bec47724  40869f61  /system/lib/libdvm.so
I/DEBUG   (   89):     bec47728  0000f2c0  [heap]
I/DEBUG   (   89):     bec4772c  4f5f93ef  /system/lib/libwebcore.so
I/ServiceManager(   86): service 'media.audio_flinger' died
I/ServiceManager(   86): service 'media.player' died
I/ServiceManager(   86): service 'media.camera' died
I/ServiceManager(   86): service 'media.audio_policy' died
I/Netd    (  197): Netd 1.0 starting
D/AndroidRuntime(  196): 
D/AndroidRuntime(  196): >>>>>> AndroidRuntime START com.android.internal.os.ZygoteInit <<<<<<
D/AndroidRuntime(  196): CheckJNI is OFF
I/        (  198): ServiceManager: 0xf958
I/HTC Acoustic(  198): libhtc_acoustic.so version 2.0.0.6.
I/HTC Acoustic(  198): deonvvv gingerbread test.
I/HTC Acoustic(  198): open /system/etc/AudioPara4_WB.csv success.
I/HTC Acoustic(  198): acoustic table version: MAL_WB_20110217
I/HTC Acoustic(  198): read_audio_para_from_file success.
E/HTC Acoustic(  198): Fail to open /system/etc/AudioPara_ALL.csv -1.
I/HTC Acoustic(  198): open /system/etc/AudioPara4.csv success.
I/HTC Acoustic(  198): acoustic table version: MAL_Gerenic_20110509
I/HTC Acoustic(  198): read_audio_para_from_file success.
I/HTC Acoustic(  198): get_audpp_filter
I/HTC Acoustic(  198): open /system/etc/AudioFilter.csv success.
I/HTC Acoustic(  198): MBADRC Filter MBADRC FLAG = ffff.
E/HTC Acoustic(  198): set mbadrc filter error.
I/HTC Acoustic(  198): failed to set audpp parameters, exiting.
I/HTC Acoustic(  198): get_audpre_filter
I/HTC Acoustic(  198): open /system/etc/AudioPreProcess.csv success.
D/AudioHardwareMSM72XX(  198): mNumSndEndpoints = 151
V/AudioHardwareMSM72XX(  198): constructed 151 SND endpoints)
D/AudioHardwareMSM72XX(  198): BT MATCH HANDSET
D/AudioHardwareMSM72XX(  198): BT MATCH SPEAKER
D/AudioHardwareMSM72XX(  198): BT MATCH HEADSET
D/AudioHardwareMSM72XX(  198): BT MATCH BT
D/AudioHardwareMSM72XX(  198): BT MATCH CARKIT
D/AudioHardwareMSM72XX(  198): BT MATCH TTY_FULL
D/AudioHardwareMSM72XX(  198): BT MATCH TTY_VCO
D/AudioHardwareMSM72XX(  198): BT MATCH TTY_HCO
D/AudioHardwareMSM72XX(  198): BT MATCH NO_MIC_HEADSET
D/AudioHardwareMSM72XX(  198): BT MATCH FM_HEADSET
D/AudioHardwareMSM72XX(  198): BT MATCH HEADSET_AND_SPEAKER
D/AudioHardwareMSM72XX(  198): BT MATCH FM_SPEAKER
D/AudioHardwareMSM72XX(  198): BT MATCH BT_EC_OFF
D/AudioHardwareMSM72XX(  198): BT MATCH BT_EC_OFF
D/AudioHardwareMSM72XX(  198): BT MATCH CURRENT
I/AudioFlinger(  198): Loaded primary audio interface from LEGACY Audio HW HAL (audio)
I/AudioFlinger(  198): Using 'LEGACY Audio HW HAL' (audio.primary) as the primary audio interface
I/AudioFlinger(  198): Loaded a2dp audio interface from A2DP Audio HW HAL (audio)
D/AudioHardwareInterface(  198): setMode(NORMAL)
I/AudioHardwareMSM72XX(  198): Set master volume to 5.
I/CameraService(  198): CameraService started (pid=198)
I/AudioFlinger(  198): AudioFlinger's thread 0x16f90 ready to run
W/AudioFlinger(  198): Thread AudioOut_1 cannot connect to the power manager service
V/AudioHardwareMSM72XX(  198): AudioStreamOutMSM72xx::setParameters() routing=2
V/AudioHardwareMSM72XX(  198): set output routing 2
I/AudioHardwareMSM72XX(  198): Routing audio to Speakerphone
V/AudioHardwareMSM72XX(  198): doAudioRouteOrMute() device 1, mMode 0, mMicMute 1
D/AudioHardwareMSM72XX(  198): setVoiceVolume(1.000000)
I/AudioHardwareMSM72XX(  198): Setting in-call volume to 5 (available range is 0 to 5)
I/AudioPolicyService(  198): Loaded audio policy from LEGACY Audio Policy HAL (audio_policy)
I/SamplingProfilerIntegration(  196): Profiling disabled.
I/Zygote  (  196): Preloading classes...
D/dalvikvm(  196): GC_EXPLICIT freed 37K, 84% free 410K/2560K, paused 1ms+1ms
D/dalvikvm(  196): GC_EXPLICIT freed 4K, 82% free 474K/2560K, paused 1ms+1ms
D/dalvikvm(  196): GC_EXPLICIT freed 20K, 81% free 510K/2560K, paused 1ms+1ms
D/dalvikvm(  196): GC_EXPLICIT freed 27K, 79% free 537K/2560K, paused 1ms+2ms
D/dalvikvm(  196): GC_EXPLICIT freed 15K, 78% free 577K/2560K, paused 0ms+1ms
D/dalvikvm(  196): GC_EXPLICIT freed 79K, 73% free 707K/2560K, paused 1ms+1ms
D/dalvikvm(  196): GC_EXPLICIT freed 31K, 72% free 731K/2560K, paused 0ms+1ms
D/TextLayoutCache(  196): Using debug level: 0 - Debug Enabled: 0
W/Zygote  (  196): Class not found for preloading: android.media.AudioManager$2
I/dalvikvm(  196): threadid=1: recursive native library load attempt (/system/lib/libmedia_jni.so)
D/MtpDeviceJNI(  196): register_android_mtp_MtpDevice
I/dalvikvm(  196): threadid=1: recursive native library load attempt (/system/lib/libmedia_jni.so)
I/dalvikvm(  196): threadid=1: recursive native library load attempt (/system/lib/libmedia_jni.so)
E/MediaProfilesJNI(  196): native_init
E/MediaProfilesJNI(  196): After native_init lock
E/MediaProfilesJNI(  196): Guru : native_init profiles
E/MediaProfiles(  196): getInstance
E/MediaProfiles(  196): Guru :Else 1
E/MediaProfiles(  196): Guru : quality = 0, index = 1
E/MediaProfiles(  196): Guru : quality = 1, index = 0
E/MediaProfiles(  196): Guru : quality = 0, index = 1
E/MediaProfiles(  196): Guru : quality = 1, index = 0
E/MediaProfiles(  196): getInstance e1cb0
E/MediaProfilesJNI(  196): retun sProfiles
E/MediaProfilesJNI(  196): native_init
E/MediaProfilesJNI(  196): After native_init lock
E/MediaProfilesJNI(  196): retun sProfiles
W/Zygote  (  196): Class not found for preloading: android.media.IRemoteControlClientDispatcher
W/Zygote  (  196): Class not found for preloading: android.media.IRemoteControlClientDispatcher$Stub
D/dalvikvm(  196): GC_EXPLICIT freed 24K, 71% free 764K/2560K, paused 3ms+2ms
V/MediaProfilesJNI(  196): native_get_num_video_decoders
V/MediaProfilesJNI(  196): native_get_video_decoder_type: 0
D/dalvikvm(  196): GC_EXPLICIT freed 262K, 56% free 1133K/2560K, paused 1ms+2ms
D/dalvikvm(  196): GC_EXPLICIT freed 27K, 55% free 1161K/2560K, paused 2ms+2ms
D/dalvikvm(  196): GC_EXPLICIT freed 8K, 53% free 1209K/2560K, paused 2ms+2ms
D/dalvikvm(  196): GC_EXPLICIT freed 23K, 51% free 1275K/2560K, paused 2ms+3ms
D/dalvikvm(  196): GC_EXPLICIT freed 48K, 40% free 1555K/2560K, paused 3ms+3ms
W/Zygote  (  196): Class not found for preloading: android.text.TextDirectionHeuristics$CharCount
W/Zygote  (  196): Class not found for preloading: android.text.method.WordIterator$1
D/dalvikvm(  196): GC_EXPLICIT freed 35K, 38% free 1589K/2560K, paused 3ms+3ms
D/dalvikvm(  196): GC_EXPLICIT freed 32K, 38% free 1612K/2560K, paused 3ms+4ms
I/dalvikvm(  196): Could not find method android.webkit.WebViewCore.nativeGetTextureGeneratorThreadID, referenced from method android.webkit.WebViewCore.access$800
W/dalvikvm(  196): VFY: unable to resolve static method 38873: Landroid/webkit/WebViewCore;.nativeGetTextureGeneratorThreadID ()I
D/dalvikvm(  196): VFY: replacing opcode 0x71 at 0x0000
I/dalvikvm(  196): threadid=1: recursive native library load attempt (/system/lib/libwebcore.so)
D/dalvikvm(  196): No JNI_OnLoad found in /system/lib/libchromium_net.so 0x0, skipping init
E/dalvikvm(  196): ERROR: couldn't find native method
E/dalvikvm(  196): Requested: Landroid/webkit/WebViewCore;.nativeGetTextureGeneratorThreadID:()I
E/JNIHelp (  196): RegisterNatives failed for 'android/webkit/WebViewCore', aborting
F/libc    (  196): Fatal signal 11 (SIGSEGV) at 0xdeadbaad (code=1)
I/DEBUG   (   89): *** *** *** *** *** *** *** *** *** *** *** *** *** *** *** ***
I/DEBUG   (   89): Build fingerprint: 'cyanogenmod/htc_marvel/marvel:4.0.4/ASN01/0.1:user/release-keys'
I/DEBUG   (   89): pid: 196, tid: 196  >>> zygote <<<
I/DEBUG   (   89): signal 11 (SIGSEGV), code 1 (SEGV_MAPERR), fault addr deadbaad
I/DEBUG   (   89):  r0 deadbaad  r1 0000000c  r2 00000027  r3 40000000
I/DEBUG   (   89):  r4 00000000  r5 00000080  r6 4f5fe9a7  r7 bec42718
I/DEBUG   (   89):  r8 40832200  r9 00000006  10 4ba0ce08  fp fffffe50
I/DEBUG   (   89):  ip ffffffff  sp bec426e0  lr 4003ff0f  pc 4003c6c6  cpsr 00000030
I/DEBUG   (   89):  d0  00280000427becd0  d1  3f50624d00193148
I/DEBUG   (   89):  d2  bfd3441350baf6de  d3  3fe555b0aaeac752
I/DEBUG   (   89):  d4  3fbc71c71c71c71c  d5  3fcef049fb9094d1
I/DEBUG   (   89):  d6  49c98a408800759c  d7  000000003f800000
I/DEBUG   (   89):  d8  0000000000000000  d9  0000000000000000
I/DEBUG   (   89):  d10 0000000000000000  d11 0000000000000000
I/DEBUG   (   89):  d12 0000000000000000  d13 0000000000000000
I/DEBUG   (   89):  d14 0000000000000000  d15 0000000000000000
I/DEBUG   (   89):  scr 20000010
I/DEBUG   (   89): 
I/DEBUG   (   89):          #00  pc 000176c6  /system/lib/libc.so
I/DEBUG   (   89):          #01  pc 0000c658  /system/lib/libnativehelper.so (jniRegisterNativeMethods)
I/DEBUG   (   89):          #02  pc 005693ec  /system/lib/libwebcore.so
I/DEBUG   (   89):          #03  pc 0005aff0  /system/lib/libdvm.so (_Z17dvmLoadNativeCodePKcP6ObjectPPc)
I/DEBUG   (   89):          #04  pc 000729f4  /system/lib/libdvm.so
I/DEBUG   (   89):          #05  pc 00030e8c  /system/lib/libdvm.so
I/DEBUG   (   89):          #06  pc 000346dc  /system/lib/libdvm.so (_Z12dvmInterpretP6ThreadPK6MethodP6JValue)
I/DEBUG   (   89):          #07  pc 0006c5f8  /system/lib/libdvm.so (_Z14dvmCallMethodVP6ThreadPK6MethodP6ObjectbP6JValueSt9__va_list)
I/DEBUG   (   89):          #08  pc 0006c616  /system/lib/libdvm.so (_Z13dvmCallMethodP6ThreadPK6MethodP6ObjectP6JValuez)
I/DEBUG   (   89):          #09  pc 000769a2  /system/lib/libdvm.so (dvmInitClass)
I/DEBUG   (   89):          #10  pc 00076b12  /system/lib/libdvm.so (_Z12dvmFindClassPKcP6Object)
I/DEBUG   (   89):          #11  pc 0007072c  /system/lib/libdvm.so (_Z18dvmFindClassByNameP12StringObjectP6Objectb)
I/DEBUG   (   89):          #12  pc 000726d8  /system/lib/libdvm.so
I/DEBUG   (   89):          #13  pc 00030e8c  /system/lib/libdvm.so
I/DEBUG   (   89):          #14  pc 000346dc  /system/lib/libdvm.so (_Z12dvmInterpretP6ThreadPK6MethodP6JValue)
I/DEBUG   (   89):          #15  pc 0006c5f8  /system/lib/libdvm.so (_Z14dvmCallMethodVP6ThreadPK6MethodP6ObjectbP6JValueSt9__va_list)
I/DEBUG   (   89):          #16  pc 000552ba  /system/lib/libdvm.so
I/DEBUG   (   89):          #17  pc 00046024  /system/lib/libandroid_runtime.so
I/DEBUG   (   89):          #18  pc 00046b6c  /system/lib/libandroid_runtime.so (_ZN7android14AndroidRuntime5startEPKcS2_)
I/DEBUG   (   89):          #19  pc 00008f46  /system/bin/app_process
I/DEBUG   (   89):          #20  pc 0001655a  /system/lib/libc.so (__libc_init)
I/DEBUG   (   89):          #21  pc 40004eb4  /system/bin/linker
I/DEBUG   (   89): 
I/DEBUG   (   89): code around pc:
I/DEBUG   (   89): 4003c6a4 1c2bd00c 2d00682d e027d1fb 2a0068da  ..+.-h.-..'..h.*
I/DEBUG   (   89): 4003c6b4 4b16d004 447b2001 47906018 22274814  ...K. {D.`.G.H'"
I/DEBUG   (   89): 4003c6c4 70022580 ef74f7f4 f7f62106 aa01e812  .%.p..t..!......
I/DEBUG   (   89): 4003c6d4 05692400 60546091 20061c11 f7f59401  .$i..`T`... ....
I/DEBUG   (   89): 4003c6e4 a905ebce 20022200 ebd6f7f5 ef60f7f4  .....". ......`.
I/DEBUG   (   89): 
I/DEBUG   (   89): code around lr:
I/DEBUG   (   89): 4003feec 4b0db5f0 447bb083 681c2600 68a59001  ...K..{D.&.h...h
I/DEBUG   (   89): 4003fefc e0086867 5ea8220c dd032800 99011c28  gh...".^.(..(...
I/DEBUG   (   89): 4003ff0c 43064788 3f013554 6824d5f4 d1ee2c00  .G.CT5.?..$h.,..
I/DEBUG   (   89): 4003ff1c 1c30b003 46c0bdf0 000285f2 1c0fb5f0  ..0....F........
I/DEBUG   (   89): 4003ff2c b0891c3d a9064355 604d9103 90064914  =...UC....M`.I..
I/DEBUG   (   89): 
I/DEBUG   (   89): memory map around addr deadbaad:
I/DEBUG   (   89): bec22000-bec43000 [stack]
I/DEBUG   (   89): (no map for address)
I/DEBUG   (   89): (no map above)
I/DEBUG   (   89): 
I/DEBUG   (   89): stack:
I/DEBUG   (   89):     bec426a0  00000001  
I/DEBUG   (   89):     bec426a4  a4142aaa  
I/DEBUG   (   89):     bec426a8  4006870c  /system/lib/libc.so
I/DEBUG   (   89):     bec426ac  4006d85c  
I/DEBUG   (   89):     bec426b0  00000000  
I/DEBUG   (   89):     bec426b4  4003ff0f  /system/lib/libc.so
I/DEBUG   (   89):     bec426b8  4f600341  /system/lib/libwebcore.so
I/DEBUG   (   89):     bec426bc  4003ec75  /system/lib/libc.so
I/DEBUG   (   89):     bec426c0  ffffffff  
I/DEBUG   (   89):     bec426c4  00000000  
I/DEBUG   (   89):     bec426c8  00000000  
I/DEBUG   (   89):     bec426cc  4f5fe9a7  /system/lib/libwebcore.so
I/DEBUG   (   89):     bec426d0  bec42718  [stack]
I/DEBUG   (   89):     bec426d4  4003f08d  /system/lib/libc.so
I/DEBUG   (   89):     bec426d8  df0027ad  
I/DEBUG   (   89):     bec426dc  00000000  
I/DEBUG   (   89): #00 bec426e0  0000002a  
I/DEBUG   (   89):     bec426e4  00000100  
I/DEBUG   (   89):     bec426e8  4f317881  /system/lib/libwebcore.so
I/DEBUG   (   89):     bec426ec  a4142aaa  
I/DEBUG   (   89):     bec426f0  4f5feb5d  /system/lib/libwebcore.so
I/DEBUG   (   89):     bec426f4  fffffbdf  
I/DEBUG   (   89):     bec426f8  0000f2c0  [heap]
I/DEBUG   (   89):     bec426fc  40868ffd  /system/lib/libdvm.so
I/DEBUG   (   89):     bec42700  0000f2c0  [heap]
I/DEBUG   (   89):     bec42704  401f865b  /system/lib/libnativehelper.so
I/DEBUG   (   89): #01 bec42708  40868ffd  /system/lib/libdvm.so
I/DEBUG   (   89):     bec4270c  401f865b  /system/lib/libnativehelper.so
I/DEBUG   (   89):     bec42710  4f78a400  /system/lib/libwebcore.so
I/DEBUG   (   89):     bec42714  0000003c  
I/DEBUG   (   89):     bec42718  0000f2c0  [heap]
I/DEBUG   (   89):     bec4271c  b3600019  
I/DEBUG   (   89):     bec42720  0000f2c0  [heap]
I/DEBUG   (   89):     bec42724  40869f61  /system/lib/libdvm.so
I/DEBUG   (   89):     bec42728  0000f2c0  [heap]
I/DEBUG   (   89):     bec4272c  4f5f93ef  /system/lib/libwebcore.so
I/ServiceManager(   86): service 'media.audio_flinger' died
I/ServiceManager(   86): service 'media.player' died
I/ServiceManager(   86): service 'media.camera' died
I/ServiceManager(   86): service 'media.audio_policy' died
I/Netd    (  226): Netd 1.0 starting
D/AndroidRuntime(  225): 
D/AndroidRuntime(  225): >>>>>> AndroidRuntime START com.android.internal.os.ZygoteInit <<<<<<
D/AndroidRuntime(  225): CheckJNI is OFF
I/        (  227): ServiceManager: 0xf958
I/HTC Acoustic(  227): libhtc_acoustic.so version 2.0.0.6.
I/HTC Acoustic(  227): deonvvv gingerbread test.
I/HTC Acoustic(  227): open /system/etc/AudioPara4_WB.csv success.
I/HTC Acoustic(  227): acoustic table version: MAL_WB_20110217
I/HTC Acoustic(  227): read_audio_para_from_file success.
E/HTC Acoustic(  227): Fail to open /system/etc/AudioPara_ALL.csv -1.
I/HTC Acoustic(  227): open /system/etc/AudioPara4.csv success.
I/HTC Acoustic(  227): acoustic table version: MAL_Gerenic_20110509
I/HTC Acoustic(  227): read_audio_para_from_file success.
I/HTC Acoustic(  227): get_audpp_filter
I/HTC Acoustic(  227): open /system/etc/AudioFilter.csv success.
I/HTC Acoustic(  227): MBADRC Filter MBADRC FLAG = ffff.
E/HTC Acoustic(  227): set mbadrc filter error.
I/HTC Acoustic(  227): failed to set audpp parameters, exiting.
I/HTC Acoustic(  227): get_audpre_filter
