E/InputManager-JNI(  168): 	at com.android.server.wm.InputManager$Callbacks.getVirtualKeyQuietTimeMillis(InputManager.java:600)
E/InputManager-JNI(  168): 	at com.android.server.wm.InputManager.nativeInit(Native Method)
E/InputManager-JNI(  168): 	at com.android.server.wm.InputManager.<init>(InputManager.java:141)
E/InputManager-JNI(  168): 	at com.android.server.wm.WindowManagerService.<init>(WindowManagerService.java:782)
E/InputManager-JNI(  168): 	at com.android.server.wm.WindowManagerService.<init>(WindowManagerService.java:145)
E/InputManager-JNI(  168): 	at com.android.server.wm.WindowManagerService$WMThread.run(WindowManagerService.java:687)
E/dalvikvm(  168): Could not find class 'android.app.ProfileManager', referenced from method com.android.internal.policy.impl.KeyguardViewMediator.<init>
W/dalvikvm(  168): VFY: unable to resolve check-cast 27 (Landroid/app/ProfileManager;) in Lcom/android/internal/policy/impl/KeyguardViewMediator;
D/dalvikvm(  168): VFY: replacing opcode 0x1f at 0x0075
I/dalvikvm(  168): Could not find method android.app.ProfileManager.getActiveProfile, referenced from method com.android.internal.policy.impl.KeyguardViewMediator.doKeyguardLocked
W/dalvikvm(  168): VFY: unable to resolve virtual method 47: Landroid/app/ProfileManager;.getActiveProfile ()Landroid/app/Profile;
D/dalvikvm(  168): VFY: replacing opcode 0x6e at 0x0047
W/dalvikvm(  168): threadid=24: thread exiting with uncaught exception (group=0x40a6a1f8)
I/Process (  168): Sending signal. PID: 168 SIG: 9
E/AndroidRuntime(  168): *** FATAL EXCEPTION IN SYSTEM PROCESS: WindowManagerPolicy
E/AndroidRuntime(  168): java.lang.NoClassDefFoundError: android.app.ProfileManager
E/AndroidRuntime(  168): 	at com.android.internal.policy.impl.KeyguardViewMediator.<init>(KeyguardViewMediator.java:289)
E/AndroidRuntime(  168): 	at com.android.internal.policy.impl.PhoneWindowManager.init(PhoneWindowManager.java:910)
E/AndroidRuntime(  168): 	at com.android.server.wm.WindowManagerService$PolicyThread.run(WindowManagerService.java:733)
I/ServiceManager(   86): service 'cpuinfo' died
I/ServiceManager(   86): service 'account' died
I/ServiceManager(   86): service 'activity' died
I/ServiceManager(   86): service 'gfxinfo' died
I/ServiceManager(   86): service 'usagestats' died
I/ServiceManager(   86): service 'batteryinfo' died
I/ServiceManager(   86): service 'permission' died
I/ServiceManager(   86): service 'power' died
I/ServiceManager(   86): service 'battery' died
I/ServiceManager(   86): service 'vibrator' died
I/ServiceManager(   86): service 'sensorservice' died
I/ServiceManager(   86): service 'alarm' died
I/ServiceManager(   86): service 'content' died
I/ServiceManager(   86): service 'package' died
I/ServiceManager(   86): service 'entropy' died
I/ServiceManager(   86): service 'telephony.registry' died
I/ServiceManager(   86): service 'meminfo' died
I/ServiceManager(   86): service 'hardware' died
E/installd(   96): eof
E/installd(   96): failed to read size
I/installd(   96): closing connection
I/Zygote  (   92): Exit zygote because system server (168) has terminated
I/ServiceManager(   86): service 'media.audio_flinger' died
I/ServiceManager(   86): service 'media.player' died
I/ServiceManager(   86): service 'media.camera' died
I/ServiceManager(   86): service 'media.audio_policy' died
I/Netd    (  216): Netd 1.0 starting
D/AndroidRuntime(  215): 
D/AndroidRuntime(  215): >>>>>> AndroidRuntime START com.android.internal.os.ZygoteInit <<<<<<
D/AndroidRuntime(  215): CheckJNI is OFF
I/        (  217): ServiceManager: 0xf958
I/HTC Acoustic(  217): libhtc_acoustic.so version 2.0.0.6.
I/HTC Acoustic(  217): deonvvv gingerbread test.
I/HTC Acoustic(  217): open /system/etc/AudioPara4_WB.csv success.
I/HTC Acoustic(  217): acoustic table version: MAL_WB_20110217
I/HTC Acoustic(  217): read_audio_para_from_file success.
E/HTC Acoustic(  217): Fail to open /system/etc/AudioPara_ALL.csv -1.
I/HTC Acoustic(  217): open /system/etc/AudioPara4.csv success.
I/HTC Acoustic(  217): acoustic table version: MAL_Gerenic_20110509
I/HTC Acoustic(  217): read_audio_para_from_file success.
I/HTC Acoustic(  217): get_audpp_filter
I/HTC Acoustic(  217): open /system/etc/AudioFilter.csv success.
I/HTC Acoustic(  217): MBADRC Filter MBADRC FLAG = ffff.
E/HTC Acoustic(  217): set mbadrc filter error.
I/HTC Acoustic(  217): failed to set audpp parameters, exiting.
I/HTC Acoustic(  217): get_audpre_filter
I/HTC Acoustic(  217): open /system/etc/AudioPreProcess.csv success.
D/AudioHardwareMSM72XX(  217): mNumSndEndpoints = 151
V/AudioHardwareMSM72XX(  217): constructed 151 SND endpoints)
D/AudioHardwareMSM72XX(  217): BT MATCH HANDSET
D/AudioHardwareMSM72XX(  217): BT MATCH SPEAKER
D/AudioHardwareMSM72XX(  217): BT MATCH HEADSET
D/AudioHardwareMSM72XX(  217): BT MATCH BT
D/AudioHardwareMSM72XX(  217): BT MATCH CARKIT
D/AudioHardwareMSM72XX(  217): BT MATCH TTY_FULL
D/AudioHardwareMSM72XX(  217): BT MATCH TTY_VCO
D/AudioHardwareMSM72XX(  217): BT MATCH TTY_HCO
D/AudioHardwareMSM72XX(  217): BT MATCH NO_MIC_HEADSET
D/AudioHardwareMSM72XX(  217): BT MATCH FM_HEADSET
D/AudioHardwareMSM72XX(  217): BT MATCH HEADSET_AND_SPEAKER
D/AudioHardwareMSM72XX(  217): BT MATCH FM_SPEAKER
D/AudioHardwareMSM72XX(  217): BT MATCH BT_EC_OFF
D/AudioHardwareMSM72XX(  217): BT MATCH BT_EC_OFF
D/AudioHardwareMSM72XX(  217): BT MATCH CURRENT
I/AudioFlinger(  217): Loaded primary audio interface from LEGACY Audio HW HAL (audio)
I/AudioFlinger(  217): Using 'LEGACY Audio HW HAL' (audio.primary) as the primary audio interface
I/AudioFlinger(  217): Loaded a2dp audio interface from A2DP Audio HW HAL (audio)
D/AudioHardwareInterface(  217): setMode(NORMAL)
I/AudioHardwareMSM72XX(  217): Set master volume to 5.
I/CameraService(  217): CameraService started (pid=217)
I/AudioFlinger(  217): AudioFlinger's thread 0x16f90 ready to run
W/AudioFlinger(  217): Thread AudioOut_1 cannot connect to the power manager service
V/AudioHardwareMSM72XX(  217): AudioStreamOutMSM72xx::setParameters() routing=2
V/AudioHardwareMSM72XX(  217): set output routing 2
I/AudioHardwareMSM72XX(  217): Routing audio to Speakerphone
V/AudioHardwareMSM72XX(  217): doAudioRouteOrMute() device 1, mMode 0, mMicMute 1
D/AudioHardwareMSM72XX(  217): setVoiceVolume(1.000000)
I/AudioHardwareMSM72XX(  217): Setting in-call volume to 5 (available range is 0 to 5)
I/AudioPolicyService(  217): Loaded audio policy from LEGACY Audio Policy HAL (audio_policy)
I/SamplingProfilerIntegration(  215): Profiling disabled.
I/Zygote  (  215): Preloading classes...
D/dalvikvm(  215): GC_EXPLICIT freed 37K, 84% free 410K/2560K, paused 2ms+1ms
D/dalvikvm(  215): GC_EXPLICIT freed 4K, 82% free 474K/2560K, paused 1ms+1ms
D/dalvikvm(  215): GC_EXPLICIT freed 20K, 81% free 510K/2560K, paused 1ms+1ms
D/dalvikvm(  215): GC_EXPLICIT freed 27K, 79% free 537K/2560K, paused 1ms+1ms
D/dalvikvm(  215): GC_EXPLICIT freed 15K, 78% free 577K/2560K, paused 1ms+2ms
D/dalvikvm(  215): GC_EXPLICIT freed 79K, 73% free 707K/2560K, paused 1ms+1ms
D/dalvikvm(  215): GC_EXPLICIT freed 31K, 72% free 731K/2560K, paused 1ms+1ms
D/TextLayoutCache(  215): Using debug level: 0 - Debug Enabled: 0
W/Zygote  (  215): Class not found for preloading: android.media.AudioManager$2
I/dalvikvm(  215): threadid=1: recursive native library load attempt (/system/lib/libmedia_jni.so)
D/MtpDeviceJNI(  215): register_android_mtp_MtpDevice
I/dalvikvm(  215): threadid=1: recursive native library load attempt (/system/lib/libmedia_jni.so)
I/dalvikvm(  215): threadid=1: recursive native library load attempt (/system/lib/libmedia_jni.so)
E/MediaProfilesJNI(  215): native_init
E/MediaProfilesJNI(  215): After native_init lock
E/MediaProfilesJNI(  215): Guru : native_init profiles
E/MediaProfiles(  215): getInstance
E/MediaProfiles(  215): Guru :Else 1
E/MediaProfiles(  215): Guru : quality = 0, index = 1
E/MediaProfiles(  215): Guru : quality = 1, index = 0
E/MediaProfiles(  215): Guru : quality = 0, index = 1
E/MediaProfiles(  215): Guru : quality = 1, index = 0
E/MediaProfiles(  215): getInstance e1d30
E/MediaProfilesJNI(  215): retun sProfiles
E/MediaProfilesJNI(  215): native_init
E/MediaProfilesJNI(  215): After native_init lock
E/MediaProfilesJNI(  215): retun sProfiles
W/Zygote  (  215): Class not found for preloading: android.media.IRemoteControlClientDispatcher
W/Zygote  (  215): Class not found for preloading: android.media.IRemoteControlClientDispatcher$Stub
D/dalvikvm(  215): GC_EXPLICIT freed 24K, 71% free 764K/2560K, paused 2ms+1ms
V/MediaProfilesJNI(  215): native_get_num_video_decoders
V/MediaProfilesJNI(  215): native_get_video_decoder_type: 0
D/dalvikvm(  215): GC_EXPLICIT freed 262K, 56% free 1133K/2560K, paused 1ms+4ms
D/dalvikvm(  215): GC_EXPLICIT freed 27K, 55% free 1161K/2560K, paused 2ms+2ms
D/dalvikvm(  215): GC_EXPLICIT freed 8K, 53% free 1209K/2560K, paused 2ms+3ms
D/dalvikvm(  215): GC_EXPLICIT freed 23K, 51% free 1275K/2560K, paused 2ms+3ms
D/dalvikvm(  215): GC_EXPLICIT freed 48K, 40% free 1555K/2560K, paused 3ms+3ms
W/Zygote  (  215): Class not found for preloading: android.text.TextDirectionHeuristics$CharCount
W/Zygote  (  215): Class not found for preloading: android.text.method.WordIterator$1
D/dalvikvm(  215): GC_EXPLICIT freed 35K, 38% free 1589K/2560K, paused 5ms+3ms
D/dalvikvm(  215): GC_EXPLICIT freed 32K, 38% free 1612K/2560K, paused 3ms+4ms
I/dalvikvm(  215): threadid=1: recursive native library load attempt (/system/lib/libwebcore.so)
D/dalvikvm(  215): No JNI_OnLoad found in /system/lib/libchromium_net.so 0x0, skipping init
D/dalvikvm(  215): GC_EXPLICIT freed 26K, 36% free 1661K/2560K, paused 3ms+4ms
W/Zygote  (  215): Class not found for preloading: android.widget.EdgeGlow
D/dalvikvm(  215): GC_EXPLICIT freed 25K, 34% free 1690K/2560K, paused 4ms+3ms
D/dalvikvm(  215): GC_EXPLICIT freed 71K, 33% free 1735K/2560K, paused 3ms+4ms
E/PhonePolicy(  215): Could not preload class for phone policy: com.android.internal.policy.impl.PhoneWindow$ContextMenuCallback
D/dalvikvm(  215): GC_EXPLICIT freed 33K, 32% free 1757K/2560K, paused 4ms+3ms
D/dalvikvm(  215): GC_EXPLICIT freed 28K, 31% free 1786K/2560K, paused 3ms+4ms
D/dalvikvm(  215): GC_EXPLICIT freed 26K, 30% free 1816K/2560K, paused 4ms+8ms
D/dalvikvm(  215): GC_EXPLICIT freed 32K, 29% free 1842K/2560K, paused 4ms+3ms
D/dalvikvm(  215): GC_EXPLICIT freed 31K, 27% free 1870K/2560K, paused 4ms+3ms
D/dalvikvm(  215): GC_EXPLICIT freed 71K, 25% free 1925K/2560K, paused 4ms+4ms
D/dalvikvm(  215): GC_EXPLICIT freed 39K, 25% free 1941K/2560K, paused 3ms+4ms
I/System  (  215): Loaded time zone names for  in 1018ms (1002ms in ICU)
I/System  (  215): Loaded time zone names for en_US in 767ms (755ms in ICU)
D/dalvikvm(  215): GC_EXPLICIT freed 324K, 20% free 2058K/2560K, paused 8ms+4ms
D/dalvikvm(  215): GC_EXPLICIT freed 41K, 18% free 2120K/2560K, paused 5ms+4ms
D/dalvikvm(  215): GC_EXPLICIT freed 51K, 16% free 2151K/2560K, paused 3ms+4ms
D/dalvikvm(  215): GC_EXPLICIT freed 28K, 15% free 2183K/2560K, paused 4ms+4ms
D/dalvikvm(  215): GC_EXPLICIT freed 37K, 15% free 2199K/2560K, paused 4ms+4ms
D/dalvikvm(  215): GC_EXPLICIT freed 32K, 14% free 2221K/2560K, paused 3ms+4ms
I/Zygote  (  215): ...preloaded 2297 classes in 5213ms.
D/dalvikvm(  215): GC_EXPLICIT freed 22K, 14% free 2226K/2560K, paused 4ms+4ms
I/Zygote  (  215): Preloading resources...
D/dalvikvm(  215): GC_EXPLICIT freed 2K, 11% free 2282K/2560K, paused 4ms+4ms
D/dalvikvm(  215): GC_EXPLICIT freed 1K, 9% free 2333K/2560K, paused 3ms+4ms
D/dalvikvm(  215): GC_EXPLICIT freed 3K, 8% free 2380K/2560K, paused 4ms+4ms
D/dalvikvm(  215): GC_EXPLICIT freed 4K, 8% free 2427K/2627K, paused 4ms+4ms
D/dalvikvm(  215): GC_EXPLICIT freed 5K, 6% free 2475K/2627K, paused 5ms+4ms
D/dalvikvm(  215): GC_EXPLICIT freed 5K, 7% free 2525K/2691K, paused 4ms+4ms
D/dalvikvm(  215): GC_EXPLICIT freed 4K, 5% free 2572K/2691K, paused 4ms+4ms
D/dalvikvm(  215): GC_EXPLICIT freed 5K, 6% free 2617K/2755K, paused 4ms+4ms
D/dalvikvm(  215): GC_EXPLICIT freed 4K, 6% free 2667K/2819K, paused 8ms+8ms
D/dalvikvm(  215): GC_EXPLICIT freed 4K, 4% free 2716K/2819K, paused 4ms+4ms
D/dalvikvm(  215): GC_EXPLICIT freed 5K, 4% free 2776K/2883K, paused 3ms+4ms
D/dalvikvm(  215): GC_EXPLICIT freed 2K, 5% free 2826K/2947K, paused 3ms+4ms
D/dalvikvm(  215): GC_EXPLICIT freed 4K, 5% free 2873K/3011K, paused 4ms+4ms
D/dalvikvm(  215): GC_EXPLICIT freed 7K, 4% free 2920K/3011K, paused 4ms+4ms
D/dalvikvm(  215): GC_EXPLICIT freed 7K, 4% free 2964K/3075K, paused 8ms+9ms
D/dalvikvm(  215): GC_EXPLICIT freed 5K, 5% free 3012K/3139K, paused 4ms+4ms
D/dalvikvm(  215): GC_EXPLICIT freed 8K, 3% free 3056K/3139K, paused 4ms+4ms
D/dalvikvm(  215): GC_EXPLICIT freed 10K, 3% free 3139K/3203K, paused 4ms+4ms
D/dalvikvm(  215): GC_EXPLICIT freed 6K, 3% free 3183K/3267K, paused 9ms+8ms
D/dalvikvm(  215): GC_EXPLICIT freed 5K, 2% free 3234K/3267K, paused 8ms+7ms
D/dalvikvm(  215): GC_EXPLICIT freed 4K, 2% free 3281K/3331K, paused 3ms+4ms
D/dalvikvm(  215): GC_EXPLICIT freed 6K, 2% free 3357K/3395K, paused 4ms+5ms
D/dalvikvm(  215): GC_EXPLICIT freed 4K, 3% free 3672K/3779K, paused 3ms+5ms
D/dalvikvm(  215): GC_EXPLICIT freed 7K, 2% free 3724K/3779K, paused 3ms+4ms
D/dalvikvm(  215): GC_EXPLICIT freed 2K, 2% free 3775K/3843K, paused 4ms+4ms
D/dalvikvm(  215): GC_EXPLICIT freed 5K, 1% free 3824K/3843K, paused 4ms+4ms
D/dalvikvm(  215): GC_EXPLICIT freed 4K, 1% free 3998K/4035K, paused 4ms+4ms
D/dalvikvm(  215): GC_EXPLICIT freed 3K, 2% free 4044K/4099K, paused 4ms+4ms
D/dalvikvm(  215): GC_EXPLICIT freed 5K, 2% free 5104K/5187K, paused 3ms+5ms
D/dalvikvm(  215): GC_EXPLICIT freed 5K, 3% free 6125K/6275K, paused 6ms+9ms
D/dalvikvm(  215): GC_EXPLICIT freed 5K, 2% free 6174K/6275K, paused 8ms+9ms
D/dalvikvm(  215): GC_EXPLICIT freed 8K, 1% free 6218K/6275K, paused 5ms+5ms
D/dalvikvm(  215): GC_EXPLICIT freed 7K, 2% free 6266K/6339K, paused 7ms+5ms
D/dalvikvm(  215): GC_EXPLICIT freed 5K, 1% free 6314K/6339K, paused 7ms+8ms
D/dalvikvm(  215): GC_EXPLICIT freed 2K, 1% free 6365K/6403K, paused 4ms+5ms
D/dalvikvm(  215): GC_EXPLICIT freed 5K, 1% free 6413K/6467K, paused 4ms+5ms
D/dalvikvm(  215): GC_EXPLICIT freed 7K, 1% free 6474K/6531K, paused 4ms+9ms
D/dalvikvm(  215): GC_EXPLICIT freed 4K, 1% free 6539K/6595K, paused 4ms+5ms
I/Zygote  (  215): ...preloaded 379 resources in 3238ms.
D/dalvikvm(  215): GC_EXPLICIT freed 20K, 2% free 6573K/6659K, paused 4ms+5ms
I/Zygote  (  215): ...preloaded 31 resources in 101ms.
D/dalvikvm(  215): GC_EXPLICIT freed 14K, 2% free 6577K/6659K, paused 4ms+5ms
D/dalvikvm(  215): GC_EXPLICIT freed 6K, 2% free 6570K/6659K, paused 4ms+8ms
D/dalvikvm(  215): GC_EXPLICIT freed <1K, 2% free 6570K/6659K, paused 4ms+5ms
I/dalvikvm(  215): System server process 243 has been created
I/Zygote  (  215): Accepting command socket connections
I/dalvikvm(  243): Could not find method com.android.server.wm.InputManager.access$400, referenced from method com.android.server.wm.InputManager$Callbacks.checkInjectEventsPermission
W/dalvikvm(  243): VFY: unable to resolve static method 7379: Lcom/android/server/wm/InputManager;.access$400 (Lcom/android/server/wm/InputManager;)Landroid/content/Context;
D/dalvikvm(  243): VFY: replacing opcode 0x71 at 0x0002
I/dalvikvm(  243): Could not find method com.android.server.wm.InputManager.access$300, referenced from method com.android.server.wm.InputManager$Callbacks.dispatchUnhandledKey
W/dalvikvm(  243): VFY: unable to resolve static method 7378: Lcom/android/server/wm/InputManager;.access$300 (Lcom/android/server/wm/InputManager;)Lcom/android/server/wm/WindowManagerService;
D/dalvikvm(  243): VFY: replacing opcode 0x71 at 0x0002
I/dalvikvm(  243): Could not find method com.android.server.wm.InputManager.access$400, referenced from method com.android.server.wm.InputManager$Callbacks.getPointerIcon
W/dalvikvm(  243): VFY: unable to resolve static method 7379: Lcom/android/server/wm/InputManager;.access$400 (Lcom/android/server/wm/InputManager;)Landroid/content/Context;
D/dalvikvm(  243): VFY: replacing opcode 0x71 at 0x0002
I/dalvikvm(  243): Could not find method com.android.server.wm.InputManager.access$300, referenced from method com.android.server.wm.InputManager$Callbacks.getPointerLayer
W/dalvikvm(  243): VFY: unable to resolve static method 7378: Lcom/android/server/wm/InputManager;.access$300 (Lcom/android/server/wm/InputManager;)Lcom/android/server/wm/WindowManagerService;
D/dalvikvm(  243): VFY: replacing opcode 0x71 at 0x0002
I/dalvikvm(  243): Could not find method com.android.server.wm.InputManager.access$400, referenced from method com.android.server.wm.InputManager$Callbacks.getVirtualKeyQuietTimeMillis
W/dalvikvm(  243): VFY: unable to resolve static method 7379: Lcom/android/server/wm/InputManager;.access$400 (Lcom/android/server/wm/InputManager;)Landroid/content/Context;
D/dalvikvm(  243): VFY: replacing opcode 0x71 at 0x0002
I/dalvikvm(  243): Could not find method com.android.server.wm.InputManager.access$300, referenced from method com.android.server.wm.InputManager$Callbacks.interceptKeyBeforeDispatching
W/dalvikvm(  243): VFY: unable to resolve static method 7378: Lcom/android/server/wm/InputManager;.access$300 (Lcom/android/server/wm/InputManager;)Lcom/android/server/wm/WindowManagerService;
D/dalvikvm(  243): VFY: replacing opcode 0x71 at 0x0002
I/dalvikvm(  243): Could not find method com.android.server.wm.InputManager.access$300, referenced from method com.android.server.wm.InputManager$Callbacks.interceptKeyBeforeQueueing
W/dalvikvm(  243): VFY: unable to resolve static method 7378: Lcom/android/server/wm/InputManager;.access$300 (Lcom/android/server/wm/InputManager;)Lcom/android/server/wm/WindowManagerService;
D/dalvikvm(  243): VFY: replacing opcode 0x71 at 0x0002
I/dalvikvm(  243): Could not find method com.android.server.wm.InputManager.access$300, referenced from method com.android.server.wm.InputManager$Callbacks.interceptMotionBeforeQueueingWhenScreenOff
W/dalvikvm(  243): VFY: unable to resolve static method 7378: Lcom/android/server/wm/InputManager;.access$300 (Lcom/android/server/wm/InputManager;)Lcom/android/server/wm/WindowManagerService;
D/dalvikvm(  243): VFY: replacing opcode 0x71 at 0x0002
I/dalvikvm(  243): Could not find method com.android.server.wm.InputManager.access$300, referenced from method com.android.server.wm.InputManager$Callbacks.notifyANR
W/dalvikvm(  243): VFY: unable to resolve static method 7378: Lcom/android/server/wm/InputManager;.access$300 (Lcom/android/server/wm/InputManager;)Lcom/android/server/wm/WindowManagerService;
D/dalvikvm(  243): VFY: replacing opcode 0x71 at 0x0002
I/dalvikvm(  243): Could not find method com.android.server.wm.InputManager.access$300, referenced from method com.android.server.wm.InputManager$Callbacks.notifyConfigurationChanged
W/dalvikvm(  243): VFY: unable to resolve static method 7378: Lcom/android/server/wm/InputManager;.access$300 (Lcom/android/server/wm/InputManager;)Lcom/android/server/wm/WindowManagerService;
D/dalvikvm(  243): VFY: replacing opcode 0x71 at 0x0002
I/dalvikvm(  243): Could not find method com.android.server.wm.InputManager.access$300, referenced from method com.android.server.wm.InputManager$Callbacks.notifyInputChannelBroken
W/dalvikvm(  243): VFY: unable to resolve static method 7378: Lcom/android/server/wm/InputManager;.access$300 (Lcom/android/server/wm/InputManager;)Lcom/android/server/wm/WindowManagerService;
D/dalvikvm(  243): VFY: replacing opcode 0x71 at 0x0002
I/dalvikvm(  243): Could not find method com.android.server.wm.InputManager.access$300, referenced from method com.android.server.wm.InputManager$Callbacks.notifyLidSwitchChanged
W/dalvikvm(  243): VFY: unable to resolve static method 7378: Lcom/android/server/wm/InputManager;.access$300 (Lcom/android/server/wm/InputManager;)Lcom/android/server/wm/WindowManagerService;
D/dalvikvm(  243): VFY: replacing opcode 0x71 at 0x0002
I/sysproc (  243): Entered system_init()
I/sysproc (  243): ServiceManager: 0x13d278
D/SensorService(  243): nuSensorService starting...
I/SensorService(  243): BMA150 3-axis Accelerometer
I/SensorService(  243): AK8975 3-axis Magnetic field sensor
D/AK8975  (   98): Compass Start
I/SensorService(  243): AK8975 Orientation sensor
I/SensorService(  243): CM3602 Proximity sensor
I/SensorService(  243): CM3602 Light sensor
I/sysproc (  243): System server: starting Android runtime.
I/sysproc (  243): System server: starting Android services.
I/SystemServer(  243): Entered the Android system server!
D/SensorService(  243): nuSensorService thread starting...
I/sysproc (  243): System server: entering thread pool.
I/SystemServer(  243): Entropy Service
I/SystemServer(  243): Power Manager
I/SystemServer(  243): Activity Manager
I/ActivityManager(  243): Memory class: 48
W/UsageStats(  243): Usage stats version changed; dropping
I/SystemServer(  243): Telephony Registry
I/SystemServer(  243): Package Manager
D/AK8975  (   98): Compass CLOSE 
W/ResourceType(  243): No known package when getting value for resource number 0x030d0015
W/ResourceType(  243): No known package when getting value for resource number 0x030d0015
W/ResourceType(  243): No known package when getting value for resource number 0x030d0015
W/ResourceType(  243): No known package when getting value for resource number 0x030d0015
W/ResourceType(  243): No known package when getting value for resource number 0x030d0015
W/ResourceType(  243): No known package when getting value for resource number 0x030d0015
W/ResourceType(  243): No known package when getting value for resource number 0x030d0015
W/ResourceType(  243): No known package when getting value for resource number 0x030d0015
W/ResourceType(  243): No known package when getting value for resource number 0x030d0020
W/ResourceType(  243): No known package when getting value for resource number 0x030d0015
W/ResourceType(  243): No known package when getting value for resource number 0x030d0015
W/ResourceType(  243): No known package when getting value for resource number 0x030d0015
W/ResourceType(  243): No known package when getting value for resource number 0x030d0020
W/ResourceType(  243): No known package when getting value for resource number 0x030d0020
W/ResourceType(  243): No known package when getting value for resource number 0x030d0020
W/ResourceType(  243): No known package when getting value for resource number 0x030d0020
W/ResourceType(  243): No known package when getting value for resource number 0x030d0023
W/ResourceType(  243): No known package when getting value for resource number 0x030d0023
W/ResourceType(  243): No known package when getting value for resource number 0x030d0015
W/ResourceType(  243): No known package when getting value for resource number 0x030d0015
W/ResourceType(  243): No known package when getting value for resource number 0x030d0015
W/ResourceType(  243): No known package when getting value for resource number 0x030d0015
W/ResourceType(  243): No known package when getting value for resource number 0x030d0015
W/ResourceType(  243): No known package when getting value for resource number 0x030d0015
W/ResourceType(  243): No known package when getting value for resource number 0x030d0020
W/ResourceType(  243): No known package when getting value for resource number 0x030d0020
W/ResourceType(  243): No known package when getting value for resource number 0x030d0020
W/ResourceType(  243): No known package when getting value for resource number 0x030d0020
W/ResourceType(  243): No known package when getting value for resource number 0x030d0020
W/ResourceType(  243): No known package when getting value for resource number 0x030d0015
W/ResourceType(  243): No known package when getting value for resource number 0x030d0015
W/ResourceType(  243): No known package when getting value for resource number 0x030d0015
W/ResourceType(  243): No known package when getting value for resource number 0x030d0015
W/ResourceType(  243): No known package when getting value for resource number 0x030d0015
W/PackageManager(  243): Package com.miui.gallery desires unavailable shared library com.google.android.media.effects; ignoring!
W/ResourceType(  243): Failure getting entry for 0x7f02004b (t=1 e=75) in package 0 (error -75)
W/ResourceType(  243): No known package when getting value for resource number 0x030d0015
W/ResourceType(  243): No known package when getting value for resource number 0x030d0015
W/PackageParser(  243): No actions in intent filter at /system/app/Contacts.apk Binary XML file line #564
W/ResourceType(  243): No known package when getting value for resource number 0x030d0015
W/PackageParser(  243): No actions in intent filter at /system/app/Bluetooth.apk Binary XML file line #113
W/ResourceType(  243): No known package when getting value for resource number 0x030d0015
W/ResourceType(  243): No known package when getting value for resource number 0x030d0015
W/ResourceType(  243): No known package when getting value for resource number 0x030d0015
W/ResourceType(  243): No known package when getting value for resource number 0x030d0015
W/ResourceType(  243): No known package when getting value for resource number 0x030d0015
W/ResourceType(  243): No known package when getting value for resource number 0x030d0015
W/ResourceType(  243): No known package when getting value for resource number 0x030d0015
W/ResourceType(  243): No known package when getting value for resource number 0x030d0015
W/ResourceType(  243): No known package when getting value for resource number 0x030d0015
D/PackageManager(  243): No files in app dir /vendor/app
I/installd(   96): new connection
I/Installer(  243): connecting...
I/PackageManager(  243): Time to scan packages: 1.461 seconds
W/PackageManager(  243): Removing dangling permission: com.tmobile.permission.ACCESS_DRM_THEME from package null
W/PackageManager(  243): Unknown permission com.android.vending.permission.UPDATE_MARKET_FAILURE in package com.android.vending.updater
W/PackageManager(  243): Unknown permission android.permission.ADD_SYSTEM_SERVICE in package com.android.phone
W/PackageManager(  243): Unknown permission com.android.smspush.WAPPUSH_MANAGER_BIND in package com.android.phone
W/PackageManager(  243): Unknown permission android.permission.WRITE_INTERNAL_STORAGE in package com.miui.player
W/PackageManager(  243): Unknown permission com.android.vending.billing.IBillingAccountService.BIND2 in package com.google.android.gsf.login
W/PackageManager(  243): Not granting permission android.permission.SEND_DOWNLOAD_COMPLETED_INTENTS to package com.android.browser (protectionLevel=2 flags=0x9be45)
W/PackageManager(  243): Unknown permission android.permission.INSTALL_DRM in package com.android.mms
W/PackageManager(  243): Unknown permission android.permission.READ_OWNER_DATA in package com.google.android.setupwizard
W/PackageManager(  243): Unknown permission android.permission.WRITE_OWNER_DATA in package com.google.android.setupwizard
W/PackageManager(  243): Unknown permission android.permission.WRITE_INTERNAL_STORAGE in package com.android.updater
W/PackageManager(  243): Unknown permission com.google.android.gm.permission.READ_GMAIL in package com.google.android.apps.uploader
W/PackageManager(  243): Unknown permission com.google.android.googleapps.permission.GOOGLE_AUTH.panoramio in package com.google.android.apps.uploader
W/PackageManager(  243): Unknown permission com.google.android.voicesearch.SHORTCUTS_ACCESS in package com.google.android.googlequicksearchbox
W/PackageManager(  243): Unknown permission android.permission.READ_EXTERNAL_STORAGE in package com.android.vending
W/PackageManager(  243): Unknown permission android.permission.READ_SECURE_SETTINGS in package com.wali.miui.networkassistant
W/PackageManager(  243): Unknown permission android.permission.READ_SETTINGS in package com.wali.miui.networkassistant
W/PackageManager(  243): Not granting permission android.permission.DEVICE_POWER to package com.android.deskclock (protectionLevel=2 flags=0x8be45)
D/dalvikvm(  243): GC_EXPLICIT freed 1865K, 30% free 8249K/11779K, paused 5ms+14ms
I/SystemServer(  243): Account Manager
D/PackageManager(  243): generateServicesMap(android.accounts.AccountAuthenticator): 4 services unchanged
I/SystemServer(  243): Content Manager
D/PackageManager(  243): generateServicesMap(android.content.SyncAdapter): 9 services unchanged
I/SystemServer(  243): System Content Providers
I/ActivityThread(  243): Pub yellowpage: com.miui.providers.telocation.YellowPageProvider
I/ActivityThread(  243): Pub settings: com.android.providers.settings.SettingsProvider
I/ActivityThread(  243): Pub telocation: com.miui.providers.telocation.TelocationProvider
D/SettingsProvider(  243): cache for settings table 'secure' rows=28; fullycached=true
D/SettingsProvider(  243): cache for settings table 'system' rows=47; fullycached=true
I/SystemServer(  243): Lights Service
I/SystemServer(  243): Battery Service
I/SystemServer(  243): Vibrator Service
I/power   (  243): *** set_screen_state 1
I/SystemServer(  243): Alarm Manager
I/SystemServer(  243): Init Watchdog
I/SystemServer(  243): Window Manager
I/dalvikvm(  243): Could not find method android.media.AudioManager.toggleMute, referenced from method com.android.internal.policy.impl.PhoneWindowManager.handleVolumeKey
W/dalvikvm(  243): VFY: unable to resolve virtual method 243: Landroid/media/AudioManager;.toggleMute (I)V
D/dalvikvm(  243): VFY: replacing opcode 0x6e at 0x0024
E/dalvikvm(  243): Could not find class 'com.android.internal.os.DeviceKeyHandler', referenced from method com.android.internal.policy.impl.PhoneWindowManager.init
W/dalvikvm(  243): VFY: unable to resolve check-cast 214 (Lcom/android/internal/os/DeviceKeyHandler;) in Lcom/android/internal/policy/impl/PhoneWindowManager;
D/dalvikvm(  243): VFY: replacing opcode 0x1f at 0x01f5
I/dalvikvm(  243): Could not find method com.android.internal.os.DeviceKeyHandler.handleKeyEvent, referenced from method com.android.internal.policy.impl.PhoneWindowManager.interceptKeyBeforeDispatching
W/dalvikvm(  243): VFY: unable to resolve interface method 679: Lcom/android/internal/os/DeviceKeyHandler;.handleKeyEvent (Landroid/view/KeyEvent;)I
D/dalvikvm(  243): VFY: replacing opcode 0x72 at 0x0452
I/dalvikvm(  243): Could not find method com.android.internal.app.ThemeUtils.createUiContext, referenced from method com.android.internal.policy.impl.PhoneWindowManager$7.run
W/dalvikvm(  243): VFY: unable to resolve static method 677: Lcom/android/internal/app/ThemeUtils;.createUiContext (Landroid/content/Context;)Landroid/content/Context;
D/dalvikvm(  243): VFY: replacing opcode 0x71 at 0x0019
E/InputManager-JNI(  243): An exception was thrown by callback 'getVirtualKeyQuietTimeMillis'.
I/InputManager(  243): Initializing input manager
E/InputManager-JNI(  243): java.lang.NoSuchMethodError: com.android.server.wm.InputManager.access$400
E/InputManager-JNI(  243): 	at com.android.server.wm.InputManager$Callbacks.getVirtualKeyQuietTimeMillis(InputManager.java:600)
E/InputManager-JNI(  243): 	at com.android.server.wm.InputManager.nativeInit(Native Method)
E/InputManager-JNI(  243): 	at com.android.server.wm.InputManager.<init>(InputManager.java:141)
E/InputManager-JNI(  243): 	at com.android.server.wm.WindowManagerService.<init>(WindowManagerService.java:782)
E/InputManager-JNI(  243): 	at com.android.server.wm.WindowManagerService.<init>(WindowManagerService.java:145)
E/InputManager-JNI(  243): 	at com.android.server.wm.WindowManagerService$WMThread.run(WindowManagerService.java:687)
E/dalvikvm(  243): Could not find class 'android.app.ProfileManager', referenced from method com.android.internal.policy.impl.KeyguardViewMediator.<init>
W/dalvikvm(  243): VFY: unable to resolve check-cast 27 (Landroid/app/ProfileManager;) in Lcom/android/internal/policy/impl/KeyguardViewMediator;
D/dalvikvm(  243): VFY: replacing opcode 0x1f at 0x0075
I/dalvikvm(  243): Could not find method android.app.ProfileManager.getActiveProfile, referenced from method com.android.internal.policy.impl.KeyguardViewMediator.doKeyguardLocked
W/dalvikvm(  243): VFY: unable to resolve virtual method 47: Landroid/app/ProfileManager;.getActiveProfile ()Landroid/app/Profile;
D/dalvikvm(  243): VFY: replacing opcode 0x6e at 0x0047
W/dalvikvm(  243): threadid=24: thread exiting with uncaught exception (group=0x40a6a1f8)
I/Process (  243): Sending signal. PID: 243 SIG: 9
E/AndroidRuntime(  243): *** FATAL EXCEPTION IN SYSTEM PROCESS: WindowManagerPolicy
E/AndroidRuntime(  243): java.lang.NoClassDefFoundError: android.app.ProfileManager
E/AndroidRuntime(  243): 	at com.android.internal.policy.impl.KeyguardViewMediator.<init>(KeyguardViewMediator.java:289)
E/AndroidRuntime(  243): 	at com.android.internal.policy.impl.PhoneWindowManager.init(PhoneWindowManager.java:910)
E/AndroidRuntime(  243): 	at com.android.server.wm.WindowManagerService$PolicyThread.run(WindowManagerService.java:733)
I/ServiceManager(   86): service 'content' died
I/ServiceManager(   86): service 'power' died
I/ServiceManager(   86): service 'activity' died
I/ServiceManager(   86): service 'package' died
I/ServiceManager(   86): service 'telephony.registry' died
I/ServiceManager(   86): service 'usagestats' died
I/ServiceManager(   86): service 'meminfo' died
I/ServiceManager(   86): service 'batteryinfo' died
I/ServiceManager(   86): service 'cpuinfo' died
I/ServiceManager(   86): service 'battery' died
I/ServiceManager(   86): service 'account' died
I/ServiceManager(   86): service 'vibrator' died
I/ServiceManager(   86): service 'sensorservice' died
I/ServiceManager(   86): service 'alarm' died
I/ServiceManager(   86): service 'permission' died
I/ServiceManager(   86): service 'hardware' died
I/ServiceManager(   86): service 'entropy' died
I/ServiceManager(   86): service 'gfxinfo' died
E/installd(   96): eof
E/installd(   96): failed to read size
I/installd(   96): closing connection
I/Zygote  (  215): Exit zygote because system server (243) has terminated
I/ServiceManager(   86): service 'media.audio_flinger' died
I/ServiceManager(   86): service 'media.player' died
I/ServiceManager(   86): service 'media.camera' died
I/ServiceManager(   86): service 'media.audio_policy' died
I/Netd    (  275): Netd 1.0 starting
D/AndroidRuntime(  274): 
D/AndroidRuntime(  274): >>>>>> AndroidRuntime START com.android.internal.os.ZygoteInit <<<<<<
D/AndroidRuntime(  274): CheckJNI is OFF
I/        (  276): ServiceManager: 0xf958
I/HTC Acoustic(  276): libhtc_acoustic.so version 2.0.0.6.
I/HTC Acoustic(  276): deonvvv gingerbread test.
I/HTC Acoustic(  276): open /system/etc/AudioPara4_WB.csv success.
I/HTC Acoustic(  276): acoustic table version: MAL_WB_20110217
I/HTC Acoustic(  276): read_audio_para_from_file success.
E/HTC Acoustic(  276): Fail to open /system/etc/AudioPara_ALL.csv -1.
I/HTC Acoustic(  276): open /system/etc/AudioPara4.csv success.
I/HTC Acoustic(  276): acoustic table version: MAL_Gerenic_20110509
I/HTC Acoustic(  276): read_audio_para_from_file success.
I/HTC Acoustic(  276): get_audpp_filter
I/HTC Acoustic(  276): open /system/etc/AudioFilter.csv success.
I/HTC Acoustic(  276): MBADRC Filter MBADRC FLAG = ffff.
E/HTC Acoustic(  276): set mbadrc filter error.
I/HTC Acoustic(  276): failed to set audpp parameters, exiting.
I/HTC Acoustic(  276): get_audpre_filter
I/HTC Acoustic(  276): open /system/etc/AudioPreProcess.csv success.
D/AudioHardwareMSM72XX(  276): mNumSndEndpoints = 151
V/AudioHardwareMSM72XX(  276): constructed 151 SND endpoints)
D/AudioHardwareMSM72XX(  276): BT MATCH HANDSET
D/AudioHardwareMSM72XX(  276): BT MATCH SPEAKER
D/AudioHardwareMSM72XX(  276): BT MATCH HEADSET
D/AudioHardwareMSM72XX(  276): BT MATCH BT
D/AudioHardwareMSM72XX(  276): BT MATCH CARKIT
D/AudioHardwareMSM72XX(  276): BT MATCH TTY_FULL
D/AudioHardwareMSM72XX(  276): BT MATCH TTY_VCO
D/AudioHardwareMSM72XX(  276): BT MATCH TTY_HCO
D/AudioHardwareMSM72XX(  276): BT MATCH NO_MIC_HEADSET
D/AudioHardwareMSM72XX(  276): BT MATCH FM_HEADSET
D/AudioHardwareMSM72XX(  276): BT MATCH HEADSET_AND_SPEAKER
D/AudioHardwareMSM72XX(  276): BT MATCH FM_SPEAKER
D/AudioHardwareMSM72XX(  276): BT MATCH BT_EC_OFF
D/AudioHardwareMSM72XX(  276): BT MATCH BT_EC_OFF
D/AudioHardwareMSM72XX(  276): BT MATCH CURRENT
I/AudioFlinger(  276): Loaded primary audio interface from LEGACY Audio HW HAL (audio)
I/AudioFlinger(  276): Using 'LEGACY Audio HW HAL' (audio.primary) as the primary audio interface
I/AudioFlinger(  276): Loaded a2dp audio interface from A2DP Audio HW HAL (audio)
D/AudioHardwareInterface(  276): setMode(NORMAL)
I/AudioHardwareMSM72XX(  276): Set master volume to 5.
I/CameraService(  276): CameraService started (pid=276)
I/AudioFlinger(  276): AudioFlinger's thread 0x16f90 ready to run
W/AudioFlinger(  276): Thread AudioOut_1 cannot connect to the power manager service
V/AudioHardwareMSM72XX(  276): AudioStreamOutMSM72xx::setParameters() routing=2
V/AudioHardwareMSM72XX(  276): set output routing 2
I/AudioHardwareMSM72XX(  276): Routing audio to Speakerphone
V/AudioHardwareMSM72XX(  276): doAudioRouteOrMute() device 1, mMode 0, mMicMute 1
D/AudioHardwareMSM72XX(  276): setVoiceVolume(1.000000)
I/AudioHardwareMSM72XX(  276): Setting in-call volume to 5 (available range is 0 to 5)
I/AudioPolicyService(  276): Loaded audio policy from LEGACY Audio Policy HAL (audio_policy)
I/SamplingProfilerIntegration(  274): Profiling disabled.
I/Zygote  (  274): Preloading classes...
D/dalvikvm(  274): GC_EXPLICIT freed 37K, 84% free 410K/2560K, paused 1ms+1ms
D/dalvikvm(  274): GC_EXPLICIT freed 4K, 82% free 474K/2560K, paused 1ms+1ms
D/dalvikvm(  274): GC_EXPLICIT freed 20K, 81% free 510K/2560K, paused 1ms+1ms
D/dalvikvm(  274): GC_EXPLICIT freed 27K, 79% free 537K/2560K, paused 1ms+1ms
D/dalvikvm(  274): GC_EXPLICIT freed 15K, 78% free 577K/2560K, paused 1ms+1ms
D/dalvikvm(  274): GC_EXPLICIT freed 79K, 73% free 707K/2560K, paused 1ms+1ms
D/dalvikvm(  274): GC_EXPLICIT freed 31K, 72% free 731K/2560K, paused 3ms+1ms
D/TextLayoutCache(  274): Using debug level: 0 - Debug Enabled: 0
W/Zygote  (  274): Class not found for preloading: android.media.AudioManager$2
I/dalvikvm(  274): threadid=1: recursive native library load attempt (/system/lib/libmedia_jni.so)
D/MtpDeviceJNI(  274): register_android_mtp_MtpDevice
I/dalvikvm(  274): threadid=1: recursive native library load attempt (/system/lib/libmedia_jni.so)
I/dalvikvm(  274): threadid=1: recursive native library load attempt (/system/lib/libmedia_jni.so)
E/MediaProfilesJNI(  274): native_init
E/MediaProfilesJNI(  274): After native_init lock
E/MediaProfilesJNI(  274): Guru : native_init profiles
E/MediaProfiles(  274): getInstance
E/MediaProfiles(  274): Guru :Else 1
E/MediaProfiles(  274): Guru : quality = 0, index = 1
E/MediaProfiles(  274): Guru : quality = 1, index = 0
E/MediaProfiles(  274): Guru : quality = 0, index = 1
E/MediaProfiles(  274): Guru : quality = 1, index = 0
E/MediaProfiles(  274): getInstance e1d38
E/MediaProfilesJNI(  274): retun sProfiles
E/MediaProfilesJNI(  274): native_init
E/MediaProfilesJNI(  274): After native_init lock
E/MediaProfilesJNI(  274): retun sProfiles
W/Zygote  (  274): Class not found for preloading: android.media.IRemoteControlClientDispatcher
W/Zygote  (  274): Class not found for preloading: android.media.IRemoteControlClientDispatcher$Stub
D/dalvikvm(  274): GC_EXPLICIT freed 24K, 71% free 764K/2560K, paused 1ms+1ms
V/MediaProfilesJNI(  274): native_get_num_video_decoders
V/MediaProfilesJNI(  274): native_get_video_decoder_type: 0
D/dalvikvm(  274): GC_EXPLICIT freed 262K, 56% free 1133K/2560K, paused 1ms+2ms
D/dalvikvm(  274): GC_EXPLICIT freed 27K, 55% free 1161K/2560K, paused 1ms+2ms
D/dalvikvm(  274): GC_EXPLICIT freed 8K, 53% free 1209K/2560K, paused 2ms+3ms
D/dalvikvm(  274): GC_EXPLICIT freed 23K, 51% free 1275K/2560K, paused 6ms+3ms
D/dalvikvm(  274): GC_EXPLICIT freed 48K, 40% free 1555K/2560K, paused 7ms+4ms
W/Zygote  (  274): Class not found for preloading: android.text.TextDirectionHeuristics$CharCount
W/Zygote  (  274): Class not found for preloading: android.text.method.WordIterator$1
D/dalvikvm(  274): GC_EXPLICIT freed 35K, 38% free 1589K/2560K, paused 3ms+3ms
D/dalvikvm(  274): GC_EXPLICIT freed 32K, 38% free 1612K/2560K, paused 3ms+4ms
I/dalvikvm(  274): threadid=1: recursive native library load attempt (/system/lib/libwebcore.so)
D/dalvikvm(  274): No JNI_OnLoad found in /system/lib/libchromium_net.so 0x0, skipping init
D/dalvikvm(  274): GC_EXPLICIT freed 26K, 36% free 1661K/2560K, paused 3ms+3ms
W/Zygote  (  274): Class not found for preloading: android.widget.EdgeGlow
D/dalvikvm(  274): GC_EXPLICIT freed 25K, 34% free 1690K/2560K, paused 3ms+3ms
D/dalvikvm(  274): GC_EXPLICIT freed 71K, 33% free 1735K/2560K, paused 3ms+3ms
E/PhonePolicy(  274): Could not preload class for phone policy: com.android.internal.policy.impl.PhoneWindow$ContextMenuCallback
D/dalvikvm(  274): GC_EXPLICIT freed 33K, 32% free 1757K/2560K, paused 4ms+4ms
D/dalvikvm(  274): GC_EXPLICIT freed 28K, 31% free 1786K/2560K, paused 3ms+4ms
D/dalvikvm(  274): GC_EXPLICIT freed 26K, 30% free 1816K/2560K, paused 3ms+8ms
D/dalvikvm(  274): GC_EXPLICIT freed 32K, 29% free 1842K/2560K, paused 3ms+3ms
D/dalvikvm(  274): GC_EXPLICIT freed 31K, 27% free 1870K/2560K, paused 4ms+3ms
D/dalvikvm(  274): GC_EXPLICIT freed 71K, 25% free 1925K/2560K, paused 4ms+4ms
D/dalvikvm(  274): GC_EXPLICIT freed 39K, 25% free 1941K/2560K, paused 3ms+4ms
I/System  (  274): Loaded time zone names for  in 1019ms (1007ms in ICU)
I/System  (  274): Loaded time zone names for en_US in 771ms (755ms in ICU)
D/dalvikvm(  274): GC_EXPLICIT freed 324K, 20% free 2058K/2560K, paused 4ms+8ms
D/dalvikvm(  274): GC_EXPLICIT freed 41K, 18% free 2120K/2560K, paused 4ms+5ms
D/dalvikvm(  274): GC_EXPLICIT freed 51K, 16% free 2151K/2560K, paused 7ms+3ms
D/dalvikvm(  274): GC_EXPLICIT freed 28K, 15% free 2183K/2560K, paused 8ms+4ms
D/dalvikvm(  274): GC_EXPLICIT freed 37K, 15% free 2199K/2560K, paused 7ms+4ms
D/dalvikvm(  274): GC_EXPLICIT freed 32K, 14% free 2221K/2560K, paused 5ms+9ms
I/Zygote  (  274): ...preloaded 2297 classes in 5205ms.
D/dalvikvm(  274): GC_EXPLICIT freed 22K, 14% free 2226K/2560K, paused 3ms+4ms
I/Zygote  (  274): Preloading resources...
D/dalvikvm(  274): GC_EXPLICIT freed 2K, 11% free 2282K/2560K, paused 4ms+4ms
D/dalvikvm(  274): GC_EXPLICIT freed 1K, 9% free 2333K/2560K, paused 4ms+5ms
D/dalvikvm(  274): GC_EXPLICIT freed 3K, 8% free 2380K/2560K, paused 4ms+4ms
D/dalvikvm(  274): GC_EXPLICIT freed 4K, 8% free 2427K/2627K, paused 4ms+4ms
D/dalvikvm(  274): GC_EXPLICIT freed 5K, 6% free 2475K/2627K, paused 3ms+4ms
D/dalvikvm(  274): GC_EXPLICIT freed 5K, 7% free 2525K/2691K, paused 4ms+4ms
D/dalvikvm(  274): GC_EXPLICIT freed 4K, 5% free 2572K/2691K, paused 3ms+4ms
D/dalvikvm(  274): GC_EXPLICIT freed 5K, 6% free 2617K/2755K, paused 4ms+4ms
D/dalvikvm(  274): GC_EXPLICIT freed 4K, 6% free 2667K/2819K, paused 4ms+4ms
D/dalvikvm(  274): GC_EXPLICIT freed 4K, 4% free 2716K/2819K, paused 3ms+4ms
D/dalvikvm(  274): GC_EXPLICIT freed 5K, 4% free 2776K/2883K, paused 4ms+4ms
D/dalvikvm(  274): GC_EXPLICIT freed 2K, 5% free 2826K/2947K, paused 3ms+4ms
D/dalvikvm(  274): GC_EXPLICIT freed 4K, 5% free 2873K/3011K, paused 4ms+4ms
D/dalvikvm(  274): GC_EXPLICIT freed 7K, 4% free 2920K/3011K, paused 4ms+4ms
D/dalvikvm(  274): GC_EXPLICIT freed 7K, 4% free 2964K/3075K, paused 4ms+4ms
D/dalvikvm(  274): GC_EXPLICIT freed 5K, 5% free 3012K/3139K, paused 4ms+4ms
D/dalvikvm(  274): GC_EXPLICIT freed 8K, 3% free 3056K/3139K, paused 3ms+4ms
D/dalvikvm(  274): GC_EXPLICIT freed 10K, 3% free 3139K/3203K, paused 3ms+4ms
D/dalvikvm(  274): GC_EXPLICIT freed 6K, 3% free 3183K/3267K, paused 4ms+4ms
D/dalvikvm(  274): GC_EXPLICIT freed 5K, 2% free 3234K/3267K, paused 4ms+5ms
D/dalvikvm(  274): GC_EXPLICIT freed 4K, 2% free 3281K/3331K, paused 4ms+4ms
D/dalvikvm(  274): GC_EXPLICIT freed 6K, 2% free 3357K/3395K, paused 4ms+4ms
D/dalvikvm(  274): GC_EXPLICIT freed 4K, 3% free 3672K/3779K, paused 3ms+4ms
D/dalvikvm(  274): GC_EXPLICIT freed 7K, 2% free 3724K/3779K, paused 6ms+5ms
D/dalvikvm(  274): GC_EXPLICIT freed 2K, 2% free 3775K/3843K, paused 4ms+4ms
D/dalvikvm(  274): GC_EXPLICIT freed 5K, 1% free 3824K/3843K, paused 4ms+5ms
D/dalvikvm(  274): GC_EXPLICIT freed 4K, 1% free 3998K/4035K, paused 4ms+4ms
D/dalvikvm(  274): GC_EXPLICIT freed 3K, 2% free 4044K/4099K, paused 4ms+5ms
D/dalvikvm(  274): GC_EXPLICIT freed 5K, 2% free 5104K/5187K, paused 4ms+4ms
D/dalvikvm(  274): GC_EXPLICIT freed 5K, 3% free 6125K/6275K, paused 4ms+4ms
D/dalvikvm(  274): GC_EXPLICIT freed 5K, 2% free 6174K/6275K, paused 4ms+4ms
D/dalvikvm(  274): GC_EXPLICIT freed 8K, 1% free 6218K/6275K, paused 4ms+5ms
D/dalvikvm(  274): GC_EXPLICIT freed 7K, 2% free 6266K/6339K, paused 4ms+5ms
D/dalvikvm(  274): GC_EXPLICIT freed 5K, 1% free 6314K/6339K, paused 4ms+5ms
D/dalvikvm(  274): GC_EXPLICIT freed 2K, 1% free 6365K/6403K, paused 4ms+4ms
D/dalvikvm(  274): GC_EXPLICIT freed 5K, 1% free 6413K/6467K, paused 4ms+4ms
D/dalvikvm(  274): GC_EXPLICIT freed 7K, 1% free 6474K/6531K, paused 4ms+4ms
D/dalvikvm(  274): GC_EXPLICIT freed 4K, 1% free 6539K/6595K, paused 3ms+5ms
I/Zygote  (  274): ...preloaded 379 resources in 3250ms.
D/dalvikvm(  274): GC_EXPLICIT freed 20K, 2% free 6573K/6659K, paused 4ms+5ms
I/Zygote  (  274): ...preloaded 31 resources in 94ms.
D/dalvikvm(  274): GC_EXPLICIT freed 14K, 2% free 6577K/6659K, paused 4ms+5ms
D/dalvikvm(  274): GC_EXPLICIT freed 6K, 2% free 6570K/6659K, paused 4ms+4ms
D/dalvikvm(  274): GC_EXPLICIT freed <1K, 2% free 6570K/6659K, paused 7ms+5ms
I/dalvikvm(  274): System server process 302 has been created
I/Zygote  (  274): Accepting command socket connections
I/dalvikvm(  302): Could not find method com.android.server.wm.InputManager.access$400, referenced from method com.android.server.wm.InputManager$Callbacks.checkInjectEventsPermission
W/dalvikvm(  302): VFY: unable to resolve static method 7379: Lcom/android/server/wm/InputManager;.access$400 (Lcom/android/server/wm/InputManager;)Landroid/content/Context;
D/dalvikvm(  302): VFY: replacing opcode 0x71 at 0x0002
I/dalvikvm(  302): Could not find method com.android.server.wm.InputManager.access$300, referenced from method com.android.server.wm.InputManager$Callbacks.dispatchUnhandledKey
W/dalvikvm(  302): VFY: unable to resolve static method 7378: Lcom/android/server/wm/InputManager;.access$300 (Lcom/android/server/wm/InputManager;)Lcom/android/server/wm/WindowManagerService;
D/dalvikvm(  302): VFY: replacing opcode 0x71 at 0x0002
I/dalvikvm(  302): Could not find method com.android.server.wm.InputManager.access$400, referenced from method com.android.server.wm.InputManager$Callbacks.getPointerIcon
W/dalvikvm(  302): VFY: unable to resolve static method 7379: Lcom/android/server/wm/InputManager;.access$400 (Lcom/android/server/wm/InputManager;)Landroid/content/Context;
D/dalvikvm(  302): VFY: replacing opcode 0x71 at 0x0002
I/dalvikvm(  302): Could not find method com.android.server.wm.InputManager.access$300, referenced from method com.android.server.wm.InputManager$Callbacks.getPointerLayer
W/dalvikvm(  302): VFY: unable to resolve static method 7378: Lcom/android/server/wm/InputManager;.access$300 (Lcom/android/server/wm/InputManager;)Lcom/android/server/wm/WindowManagerService;
D/dalvikvm(  302): VFY: replacing opcode 0x71 at 0x0002
I/dalvikvm(  302): Could not find method com.android.server.wm.InputManager.access$400, referenced from method com.android.server.wm.InputManager$Callbacks.getVirtualKeyQuietTimeMillis
W/dalvikvm(  302): VFY: unable to resolve static method 7379: Lcom/android/server/wm/InputManager;.access$400 (Lcom/android/server/wm/InputManager;)Landroid/content/Context;
D/dalvikvm(  302): VFY: replacing opcode 0x71 at 0x0002
I/dalvikvm(  302): Could not find method com.android.server.wm.InputManager.access$300, referenced from method com.android.server.wm.InputManager$Callbacks.interceptKeyBeforeDispatching
W/dalvikvm(  302): VFY: unable to resolve static method 7378: Lcom/android/server/wm/InputManager;.access$300 (Lcom/android/server/wm/InputManager;)Lcom/android/server/wm/WindowManagerService;
D/dalvikvm(  302): VFY: replacing opcode 0x71 at 0x0002
I/dalvikvm(  302): Could not find method com.android.server.wm.InputManager.access$300, referenced from method com.android.server.wm.InputManager$Callbacks.interceptKeyBeforeQueueing
W/dalvikvm(  302): VFY: unable to resolve static method 7378: Lcom/android/server/wm/InputManager;.access$300 (Lcom/android/server/wm/InputManager;)Lcom/android/server/wm/WindowManagerService;
D/dalvikvm(  302): VFY: replacing opcode 0x71 at 0x0002
I/dalvikvm(  302): Could not find method com.android.server.wm.InputManager.access$300, referenced from method com.android.server.wm.InputManager$Callbacks.interceptMotionBeforeQueueingWhenScreenOff
W/dalvikvm(  302): VFY: unable to resolve static method 7378: Lcom/android/server/wm/InputManager;.access$300 (Lcom/android/server/wm/InputManager;)Lcom/android/server/wm/WindowManagerService;
D/dalvikvm(  302): VFY: replacing opcode 0x71 at 0x0002
I/dalvikvm(  302): Could not find method com.android.server.wm.InputManager.access$300, referenced from method com.android.server.wm.InputManager$Callbacks.notifyANR
W/dalvikvm(  302): VFY: unable to resolve static method 7378: Lcom/android/server/wm/InputManager;.access$300 (Lcom/android/server/wm/InputManager;)Lcom/android/server/wm/WindowManagerService;
D/dalvikvm(  302): VFY: replacing opcode 0x71 at 0x0002
I/dalvikvm(  302): Could not find method com.android.server.wm.InputManager.access$300, referenced from method com.android.server.wm.InputManager$Callbacks.notifyConfigurationChanged
W/dalvikvm(  302): VFY: unable to resolve static method 7378: Lcom/android/server/wm/InputManager;.access$300 (Lcom/android/server/wm/InputManager;)Lcom/android/server/wm/WindowManagerService;
