--------- beginning of /dev/log/main
I/cm      (   79): Welcome to Android 4.0.4 / CyanogenMod-9.0.0-RC0-marvel-UNOFFICIAL 
I/cm      (   80):                                                 _  
I/cm      (   81):  __ __ _ ___  _ _  __  ___  __ _ _  _  _  __  __)) 
I/cm      (   82): ((_ \(/'((_( ((\( ((_)((_( (('((\( ((`1( ((_)((_(  
I/cm      (   83):      ))                 _)) 
I/cm      (   84):   
I/DEBUG   (   89): debuggerd: Jun  1 2012 20:39:36
D/AK8975  (   98): AK8975 daemon 1.1.0 Start
D/AK8975  (   98): (Library version : 1.2.1.1125)
--------- beginning of /dev/log/system
I/Vold    (   87): Vold 2.1 (the revenge) firing up
D/Vold    (   87): Volume sdcard state changing -1 (Initializing) -> 0 (No-Media)
I/Netd    (   88): Netd 1.0 starting
D/Vold    (   87): Volume sdcard state changing 0 (No-Media) -> 2 (Pending)
D/DirectVolume(   87): DirectVolume::handlePartitionAdded -> MAJOR 179, MINOR 1, PARTN 1
D/Vold    (   87): Volume sdcard state changing 2 (Pending) -> 1 (Idle-Unmounted)
I/        (   93): ServiceManager: 0x18910
D/AndroidRuntime(   92): 
D/AndroidRuntime(   92): >>>>>> AndroidRuntime START com.android.internal.os.ZygoteInit <<<<<<
D/AndroidRuntime(   92): CheckJNI is OFF
I/SurfaceFlinger(   91): SurfaceFlinger is starting
I/SurfaceFlinger(   91): SurfaceFlinger's main thread ready to run. Initializing graphics H/W...
E/msm7x27.gralloc(   91): We support 3 buffers
I/msm7x27.gralloc(   91): using (fd=12)
I/msm7x27.gralloc(   91): id           = msmfb
I/msm7x27.gralloc(   91): xres         = 320 px
I/msm7x27.gralloc(   91): yres         = 480 px
I/msm7x27.gralloc(   91): xres_virtual = 320 px
I/msm7x27.gralloc(   91): yres_virtual = 1440 px
I/msm7x27.gralloc(   91): bpp          = 32
I/msm7x27.gralloc(   91): r            =  0:8
I/msm7x27.gralloc(   91): g            =  8:8
I/msm7x27.gralloc(   91): b            = 16:8
I/msm7x27.gralloc(   91): width        = 51 mm (159.372543 dpi)
I/msm7x27.gralloc(   91): height       = 76 mm (160.421051 dpi)
I/msm7x27.gralloc(   91): refresh rate = 0.00 Hz
D/CALCFPS (   91): DEBUG_CALC_FPS: 0
D/CALCFPS (   91): period: 10
D/CALCFPS (   91): ignorethresh_us: 500000
D/CALCFPS (   91): DEBUG_CALC_FPS: 0
D/CALCFPS (   91): period: 10
D/CALCFPS (   91): ignorethresh_us: 500000
D/FramebufferNativeWindow(   91): mNumBuffers = 3
D/libEGL  (   91): loaded /system/lib/egl/libGLES_android.so
D/libEGL  (   91): loaded /system/lib/egl/libEGL_adreno200.so
D/libEGL  (   91): loaded /system/lib/egl/libGLESv1_CM_adreno200.so
D/libEGL  (   91): loaded /system/lib/egl/libGLESv2_adreno200.so
I/SurfaceFlinger(   91): EGL informations:
I/SurfaceFlinger(   91): # of configs : 44
I/SurfaceFlinger(   91): vendor    : Android
I/SurfaceFlinger(   91): version   : 1.4 Android META-EGL
I/SurfaceFlinger(   91): extensions: EGL_KHR_image EGL_KHR_image_base EGL_KHR_image_base EGL_KHR_fence_sync EGL_ANDROID_image_native_buffer EGL_ANDROID_image_native_buffer EGL_ANDROID_get_render_buffer 
I/SurfaceFlinger(   91): Client API: OpenGL ES
I/SurfaceFlinger(   91): EGLSurface: 8-8-8-8, config=0x3
I/SurfaceFlinger(   91): OpenGL informations:
I/SurfaceFlinger(   91): vendor    : Qualcomm
I/SurfaceFlinger(   91): renderer  : Adreno (TM) 200
I/SurfaceFlinger(   91): version   : OpenGL ES-CM 1.1
I/SurfaceFlinger(   91): extensions: GL_AMD_compressed_ATC_texture GL_AMD_performance_monitor GL_APPLE_texture_2D_limited_npot GL_ARB_vertex_buffer_object GL_EXT_texture_filter_anisotropic GL_EXT_texture_format_BGRA8888 GL_EXT_texture_type_2_10_10_10_REV GL_OES_blend_equation_separate GL_OES_blend_func_separate GL_OES_blend_subtract GL_OES_compressed_ETC1_RGB8_texture GL_OES_compressed_paletted_texture GL_OES_depth_texture GL_OES_depth24 GL_OES_draw_texture GL_OES_EGL_image GL_OES_EGL_image_external GL_OES_framebuffer_object GL_OES_matrix_palette GL_OES_packed_depth_stencil GL_OES_point_size_array GL_OES_point_sprite GL_OES_read_format GL_OES_rgb8_rgba8 GL_OES_stencil_wrap GL_OES_texture_cube_map GL_OES_texture_env_crossbar GL_OES_texture_float GL_OES_texture_half_float GL_OES_texture_half_float_linear GL_OES_texture_npot GL_OES_texture_mirrored_repeat GL_QCOM_binning_control GL_QCOM_extended_get GL_QCOM_tiled_rendering GL_AMD_compressed_3DC_texture 
I/SurfaceFlinger(   91): GL_MAX_TEXTURE_SIZE = 4096
I/SurfaceFlinger(   91): GL_MAX_VIEWPORT_DIMS = 4096 x 4096
I/SurfaceFlinger(   91): flags = 00000000
D/CALCFPS (   91): DEBUG_CALC_FPS: 0
D/CALCFPS (   91): period: 10
D/CALCFPS (   91): ignorethresh_us: 500000
I/        (   94): ServiceManager: 0xf958
I/HTC Acoustic(   94): libhtc_acoustic.so version 2.0.0.6.
I/HTC Acoustic(   94): deonvvv gingerbread test.
I/HTC Acoustic(   94): open /system/etc/AudioPara4_WB.csv success.
I/HTC Acoustic(   94): acoustic table version: MAL_WB_20110217
I/HTC Acoustic(   94): read_audio_para_from_file success.
E/HTC Acoustic(   94): Fail to open /system/etc/AudioPara_ALL.csv -1.
I/HTC Acoustic(   94): open /system/etc/AudioPara4.csv success.
I/HTC Acoustic(   94): acoustic table version: MAL_Gerenic_20110509
D/libEGL  (  144): loaded /system/lib/egl/libGLES_android.so
D/libEGL  (  144): loaded /system/lib/egl/libEGL_adreno200.so
D/libEGL  (  144): loaded /system/lib/egl/libGLESv1_CM_adreno200.so
D/libEGL  (  144): loaded /system/lib/egl/libGLESv2_adreno200.so
I/HTC Acoustic(   94): read_audio_para_from_file success.
D/memalloc(   91): init_pmem_area: Initializing pmem area
D/memalloc(   91): init_pmem_area_locked: Opening master pmem FD
D/memalloc(   91): init_pmem_area_locked: Total pmem size: 16777216
D/memalloc(   91): /dev/pmem: Allocated buffer base:0x41500000 size:614400 offset:0 fd:26
D/memalloc(  144): /dev/pmem: Mapped buffer base:0x408f4000 size:614400 offset:0 fd:16
I/HTC Acoustic(   94): get_audpp_filter
I/HTC Acoustic(   94): open /system/etc/AudioFilter.csv success.
I/HTC Acoustic(   94): MBADRC Filter MBADRC FLAG = ffff.
E/HTC Acoustic(   94): set mbadrc filter error.
I/HTC Acoustic(   94): failed to set audpp parameters, exiting.
I/HTC Acoustic(   94): get_audpre_filter
I/HTC Acoustic(   94): open /system/etc/AudioPreProcess.csv success.
D/AudioHardwareMSM72XX(   94): mNumSndEndpoints = 151
V/AudioHardwareMSM72XX(   94): constructed 151 SND endpoints)
D/AudioHardwareMSM72XX(   94): BT MATCH HANDSET
D/AudioHardwareMSM72XX(   94): BT MATCH SPEAKER
D/AudioHardwareMSM72XX(   94): BT MATCH HEADSET
D/AudioHardwareMSM72XX(   94): BT MATCH BT
D/AudioHardwareMSM72XX(   94): BT MATCH CARKIT
D/AudioHardwareMSM72XX(   94): BT MATCH TTY_FULL
D/AudioHardwareMSM72XX(   94): BT MATCH TTY_VCO
D/AudioHardwareMSM72XX(   94): BT MATCH TTY_HCO
D/AudioHardwareMSM72XX(   94): BT MATCH NO_MIC_HEADSET
D/AudioHardwareMSM72XX(   94): BT MATCH FM_HEADSET
D/AudioHardwareMSM72XX(   94): BT MATCH HEADSET_AND_SPEAKER
D/AudioHardwareMSM72XX(   94): BT MATCH FM_SPEAKER
D/AudioHardwareMSM72XX(   94): BT MATCH BT_EC_OFF
D/AudioHardwareMSM72XX(   94): BT MATCH BT_EC_OFF
D/AudioHardwareMSM72XX(   94): BT MATCH CURRENT
I/AudioFlinger(   94): Loaded primary audio interface from LEGACY Audio HW HAL (audio)
I/AudioFlinger(   94): Using 'LEGACY Audio HW HAL' (audio.primary) as the primary audio interface
I/AudioFlinger(   94): Loaded a2dp audio interface from A2DP Audio HW HAL (audio)
D/AudioHardwareInterface(   94): setMode(NORMAL)
I/AudioHardwareMSM72XX(   94): Set master volume to 5.
I/CameraService(   94): CameraService started (pid=94)
I/AudioFlinger(   94): AudioFlinger's thread 0x16fd8 ready to run
W/AudioFlinger(   94): Thread AudioOut_1 cannot connect to the power manager service
V/AudioHardwareMSM72XX(   94): AudioStreamOutMSM72xx::setParameters() routing=2
V/AudioHardwareMSM72XX(   94): set output routing 2
I/AudioHardwareMSM72XX(   94): Routing audio to Speakerphone
V/AudioHardwareMSM72XX(   94): doAudioRouteOrMute() device 1, mMode 0, mMicMute 1
D/AudioHardwareMSM72XX(   94): setVoiceVolume(1.000000)
I/AudioHardwareMSM72XX(   94): Setting in-call volume to 5 (available range is 0 to 5)
I/AudioPolicyService(   94): Loaded audio policy from LEGACY Audio Policy HAL (audio_policy)
D/memalloc(   91): /dev/pmem: Allocated buffer base:0x41500000 size:614400 offset:614400 fd:29
D/memalloc(  144): /dev/pmem: Mapped buffer base:0x40ef8000 size:1228800 offset:614400 fd:20
D/memalloc(   91): /dev/pmem: Allocated buffer base:0x41500000 size:614400 offset:1228800 fd:32
D/memalloc(  144): /dev/pmem: Mapped buffer base:0x411e0000 size:1843200 offset:1228800 fd:23
D/dalvikvm(   92): DexOpt: --- BEGIN 'core.jar' (bootstrap=1) ---
D/dalvikvm(  155): Ignoring duplicate verify attempt on Ljava/lang/Object;
D/dalvikvm(  155): Ignoring duplicate verify attempt on Ljava/lang/Class;
D/dalvikvm(  155): Ignoring duplicate verify attempt on Ljava/lang/ref/Reference;
D/dalvikvm(  155): Ignoring duplicate verify attempt on Ljava/lang/ref/ReferenceQueue;
D/dalvikvm(  155): Ignoring duplicate verify attempt on Ljava/lang/ref/FinalizerReference;
D/dalvikvm(  155): DexOpt: load 451ms, verify+opt 5255ms
D/dalvikvm(   92): DexOpt: --- END 'core.jar' (success) ---
D/dalvikvm(   92): DEX prep '/system/framework/core.jar': unzip in 1559ms, rewrite 7122ms
D/dalvikvm(   92): DexOpt: --- BEGIN 'core-junit.jar' (bootstrap=1) ---
D/dalvikvm(  156): DexOpt: load 23ms, verify+opt 71ms
D/dalvikvm(   92): DexOpt: --- END 'core-junit.jar' (success) ---
D/dalvikvm(   92): DEX prep '/system/framework/core-junit.jar': unzip in 4ms, rewrite 252ms
D/dalvikvm(   92): DexOpt: --- BEGIN 'bouncycastle.jar' (bootstrap=1) ---
D/dalvikvm(  157): DexOpt: load 130ms, verify+opt 1722ms
D/dalvikvm(   92): DexOpt: --- END 'bouncycastle.jar' (success) ---
D/dalvikvm(   92): DEX prep '/system/framework/bouncycastle.jar': unzip in 286ms, rewrite 2479ms
D/dalvikvm(   92): DexOpt: --- BEGIN 'ext.jar' (bootstrap=1) ---
D/dalvikvm(  158): DexOpt: load 220ms, verify+opt 2811ms
D/dalvikvm(   92): DexOpt: --- END 'ext.jar' (success) ---
D/dalvikvm(   92): DEX prep '/system/framework/ext.jar': unzip in 470ms, rewrite 3908ms
D/dalvikvm(   92): DexOpt: --- BEGIN 'framework.jar' (bootstrap=1) ---
D/dalvikvm(  159): Note: class Landroid/opengl/GLWrapperBase; has 250 unimplemented (abstract) methods
D/dalvikvm(  159): DexOpt: couldn't find static field Landroid/os/SystemProperties;.QCOM_HARDWARE
D/dalvikvm(  159): DexOpt: load 1150ms, verify+opt 10449ms
D/dalvikvm(   92): DexOpt: --- END 'framework.jar' (success) ---
D/dalvikvm(   92): DEX prep '/system/framework/framework.jar': unzip in 3339ms, rewrite 14224ms
D/dalvikvm(   92): DexOpt: --- BEGIN 'android.policy.jar' (bootstrap=1) ---
D/dalvikvm(  160): DexOpt: load 88ms, verify+opt 362ms
D/dalvikvm(   92): DexOpt: --- END 'android.policy.jar' (success) ---
D/dalvikvm(   92): DEX prep '/system/framework/android.policy.jar': unzip in 65ms, rewrite 640ms
D/dalvikvm(   92): DexOpt: --- BEGIN 'services.jar' (bootstrap=1) ---
D/dalvikvm(  161): DexOpt: load 129ms, verify+opt 2954ms
D/dalvikvm(   92): DexOpt: --- END 'services.jar' (success) ---
D/dalvikvm(   92): DEX prep '/system/framework/services.jar': unzip in 492ms, rewrite 3561ms
D/dalvikvm(   92): DexOpt: --- BEGIN 'apache-xml.jar' (bootstrap=1) ---
D/dalvikvm(  163): DexOpt: load 143ms, verify+opt 1266ms
D/dalvikvm(   92): DexOpt: --- END 'apache-xml.jar' (success) ---
D/dalvikvm(   92): DEX prep '/system/framework/apache-xml.jar': unzip in 324ms, rewrite 1864ms
D/dalvikvm(   92): DexOpt: --- BEGIN 'filterfw.jar' (bootstrap=1) ---
D/dalvikvm(  164): DexOpt: load 39ms, verify+opt 281ms
D/dalvikvm(   92): DexOpt: --- END 'filterfw.jar' (success) ---
D/dalvikvm(   92): DEX prep '/system/framework/filterfw.jar': unzip in 68ms, rewrite 501ms
I/SamplingProfilerIntegration(   92): Profiling disabled.
I/Zygote  (   92): Preloading classes...
D/dalvikvm(   92): GC_EXPLICIT freed 37K, 84% free 410K/2560K, paused 1ms+3ms
D/dalvikvm(   92): GC_EXPLICIT freed 4K, 82% free 474K/2560K, paused 1ms+1ms
D/dalvikvm(   92): GC_EXPLICIT freed 20K, 81% free 510K/2560K, paused 0ms+1ms
D/dalvikvm(   92): GC_EXPLICIT freed 27K, 79% free 537K/2560K, paused 1ms+1ms
D/dalvikvm(   92): GC_EXPLICIT freed 15K, 78% free 577K/2560K, paused 1ms+2ms
D/dalvikvm(   92): GC_EXPLICIT freed 79K, 73% free 707K/2560K, paused 1ms+1ms
D/dalvikvm(   92): GC_EXPLICIT freed 31K, 72% free 731K/2560K, paused 1ms+1ms
D/TextLayoutCache(   92): Using debug level: 0 - Debug Enabled: 0
W/Zygote  (   92): Class not found for preloading: android.media.AudioManager$2
I/dalvikvm(   92): threadid=1: recursive native library load attempt (/system/lib/libmedia_jni.so)
D/MtpDeviceJNI(   92): register_android_mtp_MtpDevice
I/dalvikvm(   92): threadid=1: recursive native library load attempt (/system/lib/libmedia_jni.so)
I/dalvikvm(   92): threadid=1: recursive native library load attempt (/system/lib/libmedia_jni.so)
E/MediaProfilesJNI(   92): native_init
E/MediaProfilesJNI(   92): After native_init lock
E/MediaProfilesJNI(   92): Guru : native_init profiles
E/MediaProfiles(   92): getInstance
E/MediaProfiles(   92): Guru :Else 1
E/MediaProfiles(   92): Guru : quality = 0, index = 1
E/MediaProfiles(   92): Guru : quality = 1, index = 0
E/MediaProfiles(   92): Guru : quality = 0, index = 1
E/MediaProfiles(   92): Guru : quality = 1, index = 0
E/MediaProfiles(   92): getInstance 10bdd8
E/MediaProfilesJNI(   92): retun sProfiles
E/MediaProfilesJNI(   92): native_init
E/MediaProfilesJNI(   92): After native_init lock
E/MediaProfilesJNI(   92): retun sProfiles
W/Zygote  (   92): Class not found for preloading: android.media.IRemoteControlClientDispatcher
W/Zygote  (   92): Class not found for preloading: android.media.IRemoteControlClientDispatcher$Stub
D/dalvikvm(   92): GC_EXPLICIT freed 24K, 71% free 764K/2560K, paused 2ms+2ms
V/MediaProfilesJNI(   92): native_get_num_video_decoders
V/MediaProfilesJNI(   92): native_get_video_decoder_type: 0
D/dalvikvm(   92): GC_EXPLICIT freed 262K, 56% free 1133K/2560K, paused 2ms+2ms
D/dalvikvm(   92): GC_EXPLICIT freed 27K, 55% free 1161K/2560K, paused 2ms+2ms
D/dalvikvm(   92): GC_EXPLICIT freed 8K, 53% free 1209K/2560K, paused 6ms+2ms
D/dalvikvm(   92): GC_EXPLICIT freed 23K, 51% free 1275K/2560K, paused 2ms+2ms
D/dalvikvm(   92): GC_EXPLICIT freed 48K, 40% free 1555K/2560K, paused 3ms+4ms
W/Zygote  (   92): Class not found for preloading: android.text.TextDirectionHeuristics$CharCount
W/Zygote  (   92): Class not found for preloading: android.text.method.WordIterator$1
D/dalvikvm(   92): GC_EXPLICIT freed 35K, 38% free 1589K/2560K, paused 3ms+3ms
D/dalvikvm(   92): GC_EXPLICIT freed 32K, 38% free 1612K/2560K, paused 3ms+8ms
I/dalvikvm(   92): threadid=1: recursive native library load attempt (/system/lib/libwebcore.so)
D/dalvikvm(   92): No JNI_OnLoad found in /system/lib/libchromium_net.so 0x0, skipping init
D/dalvikvm(   92): GC_EXPLICIT freed 26K, 36% free 1661K/2560K, paused 3ms+9ms
W/Zygote  (   92): Class not found for preloading: android.widget.EdgeGlow
D/dalvikvm(   92): GC_EXPLICIT freed 25K, 34% free 1690K/2560K, paused 3ms+3ms
D/dalvikvm(   92): GC_EXPLICIT freed 71K, 33% free 1735K/2560K, paused 4ms+4ms
E/PhonePolicy(   92): Could not preload class for phone policy: com.android.internal.policy.impl.PhoneWindow$ContextMenuCallback
D/dalvikvm(   92): GC_EXPLICIT freed 33K, 32% free 1757K/2560K, paused 3ms+6ms
D/dalvikvm(   92): GC_EXPLICIT freed 28K, 31% free 1786K/2560K, paused 3ms+3ms
D/dalvikvm(   92): GC_EXPLICIT freed 26K, 30% free 1816K/2560K, paused 7ms+4ms
D/dalvikvm(   92): GC_EXPLICIT freed 32K, 29% free 1842K/2560K, paused 3ms+3ms
D/dalvikvm(   92): GC_EXPLICIT freed 31K, 27% free 1870K/2560K, paused 3ms+4ms
D/dalvikvm(   92): GC_EXPLICIT freed 71K, 25% free 1925K/2560K, paused 3ms+4ms
D/dalvikvm(   92): GC_EXPLICIT freed 39K, 25% free 1941K/2560K, paused 3ms+4ms
I/System  (   92): Loaded time zone names for  in 1087ms (1075ms in ICU)
I/System  (   92): Loaded time zone names for en_US in 782ms (770ms in ICU)
D/dalvikvm(   92): GC_EXPLICIT freed 324K, 20% free 2058K/2560K, paused 3ms+4ms
D/dalvikvm(   92): GC_EXPLICIT freed 41K, 18% free 2120K/2560K, paused 4ms+4ms
D/dalvikvm(   92): GC_EXPLICIT freed 51K, 16% free 2151K/2560K, paused 4ms+4ms
D/dalvikvm(   92): GC_EXPLICIT freed 28K, 15% free 2183K/2560K, paused 4ms+4ms
D/dalvikvm(   92): GC_EXPLICIT freed 37K, 15% free 2199K/2560K, paused 4ms+4ms
D/dalvikvm(   92): GC_EXPLICIT freed 32K, 14% free 2221K/2560K, paused 4ms+4ms
I/Zygote  (   92): ...preloaded 2297 classes in 6068ms.
D/dalvikvm(   92): GC_EXPLICIT freed 22K, 14% free 2226K/2560K, paused 4ms+4ms
I/Zygote  (   92): Preloading resources...
D/dalvikvm(   92): GC_EXPLICIT freed 2K, 11% free 2282K/2560K, paused 4ms+4ms
D/dalvikvm(   92): GC_EXPLICIT freed 1K, 9% free 2333K/2560K, paused 4ms+4ms
D/dalvikvm(   92): GC_EXPLICIT freed 3K, 8% free 2380K/2560K, paused 4ms+4ms
D/dalvikvm(   92): GC_EXPLICIT freed 4K, 8% free 2427K/2627K, paused 4ms+4ms
D/dalvikvm(   92): GC_EXPLICIT freed 5K, 6% free 2475K/2627K, paused 4ms+4ms
D/dalvikvm(   92): GC_EXPLICIT freed 5K, 7% free 2525K/2691K, paused 4ms+5ms
D/dalvikvm(   92): GC_EXPLICIT freed 4K, 5% free 2572K/2691K, paused 4ms+4ms
D/dalvikvm(   92): GC_EXPLICIT freed 5K, 6% free 2617K/2755K, paused 4ms+4ms
D/dalvikvm(   92): GC_EXPLICIT freed 4K, 6% free 2667K/2819K, paused 4ms+5ms
D/dalvikvm(   92): GC_EXPLICIT freed 4K, 4% free 2716K/2819K, paused 4ms+4ms
D/dalvikvm(   92): GC_EXPLICIT freed 5K, 4% free 2776K/2883K, paused 4ms+5ms
D/dalvikvm(   92): GC_EXPLICIT freed 2K, 5% free 2826K/2947K, paused 4ms+4ms
D/dalvikvm(   92): GC_EXPLICIT freed 4K, 5% free 2873K/3011K, paused 4ms+4ms
D/dalvikvm(   92): GC_EXPLICIT freed 7K, 4% free 2920K/3011K, paused 4ms+4ms
D/dalvikvm(   92): GC_EXPLICIT freed 7K, 4% free 2964K/3075K, paused 7ms+8ms
D/dalvikvm(   92): GC_EXPLICIT freed 5K, 5% free 3012K/3139K, paused 4ms+4ms
D/dalvikvm(   92): GC_EXPLICIT freed 8K, 3% free 3056K/3139K, paused 3ms+4ms
D/dalvikvm(   92): GC_EXPLICIT freed 10K, 3% free 3139K/3203K, paused 3ms+5ms
D/dalvikvm(   92): GC_EXPLICIT freed 6K, 3% free 3183K/3267K, paused 3ms+5ms
D/dalvikvm(   92): GC_EXPLICIT freed 5K, 2% free 3234K/3267K, paused 3ms+4ms
D/dalvikvm(   92): GC_EXPLICIT freed 4K, 2% free 3281K/3331K, paused 4ms+4ms
D/dalvikvm(   92): GC_EXPLICIT freed 6K, 2% free 3357K/3395K, paused 4ms+5ms
D/dalvikvm(   92): GC_EXPLICIT freed 4K, 3% free 3672K/3779K, paused 3ms+5ms
D/dalvikvm(   92): GC_EXPLICIT freed 7K, 2% free 3724K/3779K, paused 4ms+4ms
D/dalvikvm(   92): GC_EXPLICIT freed 2K, 2% free 3775K/3843K, paused 4ms+4ms
D/dalvikvm(   92): GC_EXPLICIT freed 5K, 1% free 3824K/3843K, paused 4ms+4ms
D/dalvikvm(   92): GC_EXPLICIT freed 4K, 1% free 3998K/4035K, paused 4ms+5ms
D/dalvikvm(   92): GC_EXPLICIT freed 3K, 2% free 4044K/4099K, paused 6ms+9ms
D/dalvikvm(   92): GC_EXPLICIT freed 5K, 2% free 5104K/5187K, paused 4ms+4ms
D/dalvikvm(   92): GC_EXPLICIT freed 5K, 3% free 6125K/6275K, paused 4ms+5ms
D/dalvikvm(   92): GC_EXPLICIT freed 5K, 2% free 6174K/6275K, paused 4ms+5ms
D/dalvikvm(   92): GC_EXPLICIT freed 8K, 1% free 6218K/6275K, paused 4ms+5ms
D/dalvikvm(   92): GC_EXPLICIT freed 7K, 2% free 6266K/6339K, paused 4ms+8ms
D/dalvikvm(   92): GC_EXPLICIT freed 5K, 1% free 6314K/6339K, paused 7ms+8ms
D/dalvikvm(   92): GC_EXPLICIT freed 2K, 1% free 6365K/6403K, paused 4ms+5ms
D/dalvikvm(   92): GC_EXPLICIT freed 5K, 1% free 6413K/6467K, paused 4ms+8ms
D/dalvikvm(   92): GC_EXPLICIT freed 7K, 1% free 6474K/6531K, paused 9ms+6ms
D/dalvikvm(   92): GC_EXPLICIT freed 4K, 1% free 6539K/6595K, paused 4ms+10ms
I/Zygote  (   92): ...preloaded 379 resources in 3398ms.
D/dalvikvm(   92): GC_EXPLICIT freed 20K, 2% free 6573K/6659K, paused 4ms+5ms
I/Zygote  (   92): ...preloaded 31 resources in 97ms.
D/dalvikvm(   92): GC_EXPLICIT freed 14K, 2% free 6577K/6659K, paused 4ms+5ms
D/dalvikvm(   92): GC_EXPLICIT freed 6K, 2% free 6570K/6659K, paused 4ms+5ms
D/dalvikvm(   92): GC_EXPLICIT freed <1K, 2% free 6570K/6659K, paused 4ms+8ms
I/dalvikvm(   92): System server process 168 has been created
I/Zygote  (   92): Accepting command socket connections
I/dalvikvm(  168): Could not find method com.android.server.wm.InputManager.access$400, referenced from method com.android.server.wm.InputManager$Callbacks.checkInjectEventsPermission
W/dalvikvm(  168): VFY: unable to resolve static method 7379: Lcom/android/server/wm/InputManager;.access$400 (Lcom/android/server/wm/InputManager;)Landroid/content/Context;
D/dalvikvm(  168): VFY: replacing opcode 0x71 at 0x0002
I/dalvikvm(  168): Could not find method com.android.server.wm.InputManager.access$300, referenced from method com.android.server.wm.InputManager$Callbacks.dispatchUnhandledKey
W/dalvikvm(  168): VFY: unable to resolve static method 7378: Lcom/android/server/wm/InputManager;.access$300 (Lcom/android/server/wm/InputManager;)Lcom/android/server/wm/WindowManagerService;
D/dalvikvm(  168): VFY: replacing opcode 0x71 at 0x0002
I/dalvikvm(  168): Could not find method com.android.server.wm.InputManager.access$400, referenced from method com.android.server.wm.InputManager$Callbacks.getPointerIcon
W/dalvikvm(  168): VFY: unable to resolve static method 7379: Lcom/android/server/wm/InputManager;.access$400 (Lcom/android/server/wm/InputManager;)Landroid/content/Context;
D/dalvikvm(  168): VFY: replacing opcode 0x71 at 0x0002
I/dalvikvm(  168): Could not find method com.android.server.wm.InputManager.access$300, referenced from method com.android.server.wm.InputManager$Callbacks.getPointerLayer
W/dalvikvm(  168): VFY: unable to resolve static method 7378: Lcom/android/server/wm/InputManager;.access$300 (Lcom/android/server/wm/InputManager;)Lcom/android/server/wm/WindowManagerService;
D/dalvikvm(  168): VFY: replacing opcode 0x71 at 0x0002
I/dalvikvm(  168): Could not find method com.android.server.wm.InputManager.access$400, referenced from method com.android.server.wm.InputManager$Callbacks.getVirtualKeyQuietTimeMillis
W/dalvikvm(  168): VFY: unable to resolve static method 7379: Lcom/android/server/wm/InputManager;.access$400 (Lcom/android/server/wm/InputManager;)Landroid/content/Context;
D/dalvikvm(  168): VFY: replacing opcode 0x71 at 0x0002
I/dalvikvm(  168): Could not find method com.android.server.wm.InputManager.access$300, referenced from method com.android.server.wm.InputManager$Callbacks.interceptKeyBeforeDispatching
W/dalvikvm(  168): VFY: unable to resolve static method 7378: Lcom/android/server/wm/InputManager;.access$300 (Lcom/android/server/wm/InputManager;)Lcom/android/server/wm/WindowManagerService;
D/dalvikvm(  168): VFY: replacing opcode 0x71 at 0x0002
I/dalvikvm(  168): Could not find method com.android.server.wm.InputManager.access$300, referenced from method com.android.server.wm.InputManager$Callbacks.interceptKeyBeforeQueueing
W/dalvikvm(  168): VFY: unable to resolve static method 7378: Lcom/android/server/wm/InputManager;.access$300 (Lcom/android/server/wm/InputManager;)Lcom/android/server/wm/WindowManagerService;
D/dalvikvm(  168): VFY: replacing opcode 0x71 at 0x0002
I/dalvikvm(  168): Could not find method com.android.server.wm.InputManager.access$300, referenced from method com.android.server.wm.InputManager$Callbacks.interceptMotionBeforeQueueingWhenScreenOff
W/dalvikvm(  168): VFY: unable to resolve static method 7378: Lcom/android/server/wm/InputManager;.access$300 (Lcom/android/server/wm/InputManager;)Lcom/android/server/wm/WindowManagerService;
D/dalvikvm(  168): VFY: replacing opcode 0x71 at 0x0002
I/dalvikvm(  168): Could not find method com.android.server.wm.InputManager.access$300, referenced from method com.android.server.wm.InputManager$Callbacks.notifyANR
W/dalvikvm(  168): VFY: unable to resolve static method 7378: Lcom/android/server/wm/InputManager;.access$300 (Lcom/android/server/wm/InputManager;)Lcom/android/server/wm/WindowManagerService;
D/dalvikvm(  168): VFY: replacing opcode 0x71 at 0x0002
I/dalvikvm(  168): Could not find method com.android.server.wm.InputManager.access$300, referenced from method com.android.server.wm.InputManager$Callbacks.notifyConfigurationChanged
W/dalvikvm(  168): VFY: unable to resolve static method 7378: Lcom/android/server/wm/InputManager;.access$300 (Lcom/android/server/wm/InputManager;)Lcom/android/server/wm/WindowManagerService;
D/dalvikvm(  168): VFY: replacing opcode 0x71 at 0x0002
I/dalvikvm(  168): Could not find method com.android.server.wm.InputManager.access$300, referenced from method com.android.server.wm.InputManager$Callbacks.notifyInputChannelBroken
W/dalvikvm(  168): VFY: unable to resolve static method 7378: Lcom/android/server/wm/InputManager;.access$300 (Lcom/android/server/wm/InputManager;)Lcom/android/server/wm/WindowManagerService;
D/dalvikvm(  168): VFY: replacing opcode 0x71 at 0x0002
I/dalvikvm(  168): Could not find method com.android.server.wm.InputManager.access$300, referenced from method com.android.server.wm.InputManager$Callbacks.notifyLidSwitchChanged
W/dalvikvm(  168): VFY: unable to resolve static method 7378: Lcom/android/server/wm/InputManager;.access$300 (Lcom/android/server/wm/InputManager;)Lcom/android/server/wm/WindowManagerService;
D/dalvikvm(  168): VFY: replacing opcode 0x71 at 0x0002
I/sysproc (  168): Entered system_init()
I/sysproc (  168): ServiceManager: 0x218488
D/SensorService(  168): nuSensorService starting...
I/SensorService(  168): BMA150 3-axis Accelerometer
I/SensorService(  168): AK8975 3-axis Magnetic field sensor
I/SensorService(  168): AK8975 Orientation sensor
I/SensorService(  168): CM3602 Proximity sensor
I/SensorService(  168): CM3602 Light sensor
I/sysproc (  168): System server: starting Android runtime.
I/sysproc (  168): System server: starting Android services.
D/AK8975  (   98): Compass Start
I/SystemServer(  168): Entered the Android system server!
I/sysproc (  168): System server: entering thread pool.
D/SensorService(  168): nuSensorService thread starting...
I/SystemServer(  168): Entropy Service
W/EntropyService(  168): unable to load initial entropy (first boot?)
W/EntropyService(  168): java.io.FileNotFoundException: /data/system/entropy.dat: open failed: ENOENT (No such file or directory)
W/EntropyService(  168): 	at libcore.io.IoBridge.open(IoBridge.java:406)
W/EntropyService(  168): 	at java.io.FileInputStream.<init>(FileInputStream.java:78)
W/EntropyService(  168): 	at java.io.FileInputStream.<init>(FileInputStream.java:105)
W/EntropyService(  168): 	at com.android.server.RandomBlock.fromFile(RandomBlock.java:45)
W/EntropyService(  168): 	at com.android.server.EntropyService.loadInitialEntropy(EntropyService.java:99)
W/EntropyService(  168): 	at com.android.server.EntropyService.<init>(EntropyService.java:86)
W/EntropyService(  168): 	at com.android.server.EntropyService.<init>(EntropyService.java:76)
W/EntropyService(  168): 	at com.android.server.ServerThread.run(SystemServer.java:141)
W/EntropyService(  168): Caused by: libcore.io.ErrnoException: open failed: ENOENT (No such file or directory)
W/EntropyService(  168): 	at libcore.io.Posix.open(Native Method)
W/EntropyService(  168): 	at libcore.io.BlockGuardOs.open(BlockGuardOs.java:110)
W/EntropyService(  168): 	at libcore.io.IoBridge.open(IoBridge.java:390)
W/EntropyService(  168): 	... 7 more
I/SystemServer(  168): Power Manager
I/SystemServer(  168): Activity Manager
I/ActivityManager(  168): Memory class: 48
D/AK8975  (   98): Compass CLOSE 
I/SystemServer(  168): Telephony Registry
I/SystemServer(  168): Package Manager
I/PackageManager(  168): No settings file; creating initial state
I/installd(   96): new connection
I/Installer(  168): connecting...
D/dalvikvm(  189): DexOpt: load 38ms, verify+opt 177ms
D/dalvikvm(  190): DexOpt: load 11ms, verify+opt 63ms
D/dalvikvm(  191): DexOpt: load 13ms, verify+opt 8ms
D/dalvikvm(  192): DexOpt: load 67ms, verify+opt 409ms
D/dalvikvm(  193): DexOpt: load 11ms, verify+opt 6ms
D/dalvikvm(  194): DexOpt: load 117ms, verify+opt 621ms
D/dalvikvm(  195): DexOpt: load 9ms, verify+opt 15ms
D/dalvikvm(  196): DexOpt: load 10ms, verify+opt 45ms
D/dalvikvm(  197): DexOpt: load 17ms, verify+opt 144ms
D/dalvikvm(  198): DexOpt: load 9ms, verify+opt 9ms
D/dalvikvm(  199): DexOpt: load 13ms, verify+opt 8ms
D/dalvikvm(  200): DexOpt: load 9ms, verify+opt 7ms
D/dalvikvm(  201): DexOpt: load 10ms, verify+opt 18ms
D/dalvikvm(  202): DexOpt: load 10ms, verify+opt 62ms
I/PackageManager(  168): /system/framework/framework-res.apk changed; collecting certs
D/dalvikvm(  168): GC_CONCURRENT freed 2977K, 26% free 8863K/11911K, paused 6ms+10ms
D/dalvikvm(  168): GC_CONCURRENT freed 851K, 18% free 9855K/11911K, paused 5ms+8ms
I/PackageManager(  168): /system/framework/framework-miui-res.apk changed; collecting certs
D/dalvikvm(  168): GC_CONCURRENT freed 1254K, 13% free 10443K/11911K, paused 6ms+52ms
I/PackageManager(  168): /system/app/WeatherProvider.apk changed; collecting certs
W/ResourceType(  168): No known package when getting value for resource number 0x030d0015
W/ResourceType(  168): No known package when getting value for resource number 0x030d0015
I/PackageManager(  168): /system/app/Updater.apk changed; collecting certs
W/ResourceType(  168): No known package when getting value for resource number 0x030d0015
I/PackageManager(  168): /system/app/ThemeManager.apk changed; collecting certs
I/PackageManager(  168): /system/app/TelocationProvider.apk changed; collecting certs
I/PackageManager(  168): /system/app/TelephonyProvider.apk changed; collecting certs
I/PackageManager(  168): /system/app/Superuser.apk changed; collecting certs
D/dalvikvm(  168): GC_CONCURRENT freed 4206K, 35% free 8120K/12423K, paused 7ms+21ms
W/ResourceType(  168): No known package when getting value for resource number 0x030d0015
W/ResourceType(  168): No known package when getting value for resource number 0x030d0015
W/ResourceType(  168): No known package when getting value for resource number 0x030d0015
I/PackageManager(  168): /system/app/SuperMarket.apk changed; collecting certs
W/ResourceType(  168): No known package when getting value for resource number 0x030d0015
I/PackageManager(  168): /system/app/Stk.apk changed; collecting certs
I/PackageManager(  168): /system/app/SoundRecorder.apk changed; collecting certs
I/PackageManager(  168): /system/app/SetupWizard.apk changed; collecting certs
I/PackageManager(  168): /system/app/SettingsProvider.apk changed; collecting certs
D/dalvikvm(  168): GC_CONCURRENT freed 2147K, 38% free 7815K/12423K, paused 4ms+18ms
W/ResourceType(  168): No known package when getting value for resource number 0x030d0015
W/ResourceType(  168): No known package when getting value for resource number 0x030d0020
W/ResourceType(  168): No known package when getting value for resource number 0x030d0015
W/ResourceType(  168): No known package when getting value for resource number 0x030d0015
W/ResourceType(  168): No known package when getting value for resource number 0x030d0015
W/ResourceType(  168): No known package when getting value for resource number 0x030d0020
W/ResourceType(  168): No known package when getting value for resource number 0x030d0020
W/ResourceType(  168): No known package when getting value for resource number 0x030d0020
W/ResourceType(  168): No known package when getting value for resource number 0x030d0020
W/ResourceType(  168): No known package when getting value for resource number 0x030d0023
W/ResourceType(  168): No known package when getting value for resource number 0x030d0023
W/ResourceType(  168): No known package when getting value for resource number 0x030d0015
W/ResourceType(  168): No known package when getting value for resource number 0x030d0015
I/PackageManager(  168): /system/app/Settings.apk changed; collecting certs
D/dalvikvm(  168): GC_CONCURRENT freed 1545K, 35% free 8113K/12423K, paused 4ms+12ms
I/PackageManager(  168): /system/app/QuickSearchBox.apk changed; collecting certs
I/PackageManager(  168): /system/app/Provision.apk changed; collecting certs
I/PackageManager(  168): /system/app/Phonesky.apk changed; collecting certs
D/dalvikvm(  168): GC_CONCURRENT freed 1272K, 31% free 8684K/12423K, paused 4ms+27ms
I/PackageManager(  168): /system/app/Phone.apk changed; collecting certs
D/dalvikvm(  168): GC_CONCURRENT freed 2019K, 32% free 8507K/12423K, paused 4ms+22ms
I/PackageManager(  168): /system/app/PackageInstaller.apk changed; collecting certs
I/PackageManager(  168): /system/app/OneTimeInitializer.apk changed; collecting certs
W/ResourceType(  168): No known package when getting value for resource number 0x030d0015
I/PackageManager(  168): /system/app/Notes.apk changed; collecting certs
I/PackageManager(  168): /system/app/NetworkLocation.apk changed; collecting certs
I/PackageManager(  168): New shared user com.google.uid.shared: id=10011
I/PackageManager(  168): /system/app/NetworkAssistant.apk changed; collecting certs
I/PackageManager(  168): /system/app/Music.apk changed; collecting certs
D/dalvikvm(  168): GC_CONCURRENT freed 2057K, 34% free 8272K/12423K, paused 8ms+18ms
I/PackageManager(  168): /system/app/Mms.apk changed; collecting certs
D/dalvikvm(  168): GC_CONCURRENT freed 1785K, 33% free 8330K/12423K, paused 5ms+15ms
W/ResourceType(  168): No known package when getting value for resource number 0x030d0015
W/ResourceType(  168): No known package when getting value for resource number 0x030d0015
W/ResourceType(  168): No known package when getting value for resource number 0x030d0015
W/ResourceType(  168): No known package when getting value for resource number 0x030d0020
W/ResourceType(  168): No known package when getting value for resource number 0x030d0020
W/ResourceType(  168): No known package when getting value for resource number 0x030d0020
W/ResourceType(  168): No known package when getting value for resource number 0x030d0020
W/ResourceType(  168): No known package when getting value for resource number 0x030d0020
W/ResourceType(  168): No known package when getting value for resource number 0x030d0015
W/ResourceType(  168): No known package when getting value for resource number 0x030d0015
W/ResourceType(  168): No known package when getting value for resource number 0x030d0015
W/ResourceType(  168): No known package when getting value for resource number 0x030d0015
I/PackageManager(  168): /system/app/MiuiSystemUI.apk changed; collecting certs
D/dalvikvm(  168): GC_CONCURRENT freed 1423K, 30% free 8749K/12423K, paused 6ms+18ms
W/ResourceType(  168): No known package when getting value for resource number 0x030d0015
I/PackageManager(  168): /system/app/MiuiHome.apk changed; collecting certs
I/PackageManager(  168): /system/app/MiuiGallery.apk changed; collecting certs
D/dalvikvm(  168): GC_CONCURRENT freed 1744K, 29% free 8830K/12423K, paused 4ms+28ms
W/PackageManager(  168): Package com.miui.gallery desires unavailable shared library com.google.android.media.effects; ignoring!
I/PackageManager(  168): /system/app/MiuiCompass.apk changed; collecting certs
I/PackageManager(  168): /system/app/MediaUploader.apk changed; collecting certs
I/PackageManager(  168): /system/app/MediaProvider.apk changed; collecting certs
I/PackageManager(  168): New shared user android.media: id=10018
I/PackageManager(  168): /system/app/MarketUpdater.apk changed; collecting certs
I/PackageManager(  168): /system/app/LatinIME.apk changed; collecting certs
D/dalvikvm(  168): GC_CONCURRENT freed 2334K, 34% free 8278K/12423K, paused 8ms+17ms
I/PackageManager(  168): /system/app/LBESEC_MIUI.apk changed; collecting certs
I/PackageManager(  168): /system/app/GuardProvider.apk changed; collecting certs
I/PackageManager(  168): /system/app/GoogleServicesFramework.apk changed; collecting certs
D/dalvikvm(  168): GC_CONCURRENT freed 1776K, 33% free 8344K/12423K, paused 4ms+23ms
W/ResourceType(  168): Failure getting entry for 0x7f02004b (t=1 e=75) in package 0 (error -75)
I/PackageManager(  168): /system/app/GoogleQuickSearchBox.apk changed; collecting certs
I/PackageManager(  168): /system/app/GooglePartnerSetup.apk changed; collecting certs
I/PackageManager(  168): /system/app/GoogleLoginService.apk changed; collecting certs
I/PackageManager(  168): /system/app/GoogleContactsSyncAdapter.apk changed; collecting certs
I/PackageManager(  168): /system/app/GoogleCalendarSyncAdapter.apk changed; collecting certs
I/PackageManager(  168): New shared user com.google.android.calendar.uid.shared: id=10025
I/PackageManager(  168): /system/app/GoogleBackupTransport.apk changed; collecting certs
I/PackageManager(  168): /system/app/FileExplorer.apk changed; collecting certs
D/dalvikvm(  168): GC_CONCURRENT freed 1910K, 34% free 8277K/12423K, paused 6ms+22ms
I/PackageManager(  168): /system/app/Exchange.apk changed; collecting certs
I/PackageManager(  168): /system/app/Email.apk changed; collecting certs
W/ResourceType(  168): No known package when getting value for resource number 0x030d0015
I/PackageManager(  168): /system/app/DownloadProviderUi.apk changed; collecting certs
D/dalvikvm(  168): GC_CONCURRENT freed 1724K, 33% free 8396K/12423K, paused 5ms+23ms
I/PackageManager(  168): /system/app/DownloadProvider.apk changed; collecting certs
W/ResourceType(  168): No known package when getting value for resource number 0x030d0015
I/PackageManager(  168): /system/app/DeskClock.apk changed; collecting certs
I/PackageManager(  168): /system/app/ContactsProvider.apk changed; collecting certs
I/PackageManager(  168): New shared user android.uid.shared: id=10030
W/PackageParser(  168): No actions in intent filter at /system/app/Contacts.apk Binary XML file line #564
I/PackageManager(  168): /system/app/Contacts.apk changed; collecting certs
D/dalvikvm(  168): GC_CONCURRENT freed 1798K, 33% free 8425K/12423K, paused 5ms+17ms
W/ResourceType(  168): No known package when getting value for resource number 0x030d0015
I/PackageManager(  168): /system/app/CloudService.apk changed; collecting certs
I/PackageManager(  168): /system/app/ChromeBookmarksSyncAdapter.apk changed; collecting certs
I/PackageManager(  168): /system/app/CalendarProvider.apk changed; collecting certs
I/PackageManager(  168): New shared user android.uid.calendar: id=10031
I/PackageManager(  168): /system/app/Calendar.apk changed; collecting certs
D/dalvikvm(  168): GC_CONCURRENT freed 1479K, 30% free 8788K/12423K, paused 4ms+19ms
I/PackageManager(  168): /system/app/Calculator.apk changed; collecting certs
I/PackageManager(  168): /system/app/BugReport.apk changed; collecting certs
I/PackageManager(  168): /system/app/Browser.apk changed; collecting certs
D/dalvikvm(  168): GC_CONCURRENT freed 1922K, 30% free 8709K/12423K, paused 5ms+16ms
W/PackageParser(  168): No actions in intent filter at /system/app/Bluetooth.apk Binary XML file line #113
I/PackageManager(  168): /system/app/Bluetooth.apk changed; collecting certs
W/ResourceType(  168): No known package when getting value for resource number 0x030d0015
W/ResourceType(  168): No known package when getting value for resource number 0x030d0015
W/ResourceType(  168): No known package when getting value for resource number 0x030d0015
W/ResourceType(  168): No known package when getting value for resource number 0x030d0015
W/ResourceType(  168): No known package when getting value for resource number 0x030d0015
W/ResourceType(  168): No known package when getting value for resource number 0x030d0015
W/ResourceType(  168): No known package when getting value for resource number 0x030d0015
I/PackageManager(  168): /system/app/Backup.apk changed; collecting certs
W/ResourceType(  168): No known package when getting value for resource number 0x030d0015
W/ResourceType(  168): No known package when getting value for resource number 0x030d0015
I/PackageManager(  168): /system/app/AntiSpam.apk changed; collecting certs
D/PackageManager(  168): No files in app dir /vendor/app
I/PackageManager(  168): Time to scan packages: 18.449 seconds
I/PackageManager(  168): Platform changed from 0 to 15; regranting permissions for internal storage
W/PackageManager(  168): Removing dangling permission: com.tmobile.permission.ACCESS_DRM_THEME from package null
W/PackageManager(  168): Unknown permission com.android.vending.permission.UPDATE_MARKET_FAILURE in package com.android.vending.updater
W/PackageManager(  168): Unknown permission android.permission.ADD_SYSTEM_SERVICE in package com.android.phone
W/PackageManager(  168): Unknown permission com.android.smspush.WAPPUSH_MANAGER_BIND in package com.android.phone
W/PackageManager(  168): Unknown permission android.permission.WRITE_INTERNAL_STORAGE in package com.miui.player
W/PackageManager(  168): Unknown permission com.android.vending.billing.IBillingAccountService.BIND2 in package com.google.android.gsf.login
W/PackageManager(  168): Not granting permission android.permission.SEND_DOWNLOAD_COMPLETED_INTENTS to package com.android.browser (protectionLevel=2 flags=0x9be45)
W/PackageManager(  168): Unknown permission android.permission.INSTALL_DRM in package com.android.mms
W/PackageManager(  168): Unknown permission android.permission.READ_OWNER_DATA in package com.google.android.setupwizard
W/PackageManager(  168): Unknown permission android.permission.WRITE_OWNER_DATA in package com.google.android.setupwizard
W/PackageManager(  168): Unknown permission android.permission.WRITE_INTERNAL_STORAGE in package com.android.updater
W/PackageManager(  168): Unknown permission com.google.android.gm.permission.READ_GMAIL in package com.google.android.apps.uploader
W/PackageManager(  168): Unknown permission com.google.android.googleapps.permission.GOOGLE_AUTH.panoramio in package com.google.android.apps.uploader
W/PackageManager(  168): Unknown permission com.google.android.voicesearch.SHORTCUTS_ACCESS in package com.google.android.googlequicksearchbox
W/PackageManager(  168): Unknown permission android.permission.READ_EXTERNAL_STORAGE in package com.android.vending
W/PackageManager(  168): Unknown permission android.permission.READ_SECURE_SETTINGS in package com.wali.miui.networkassistant
W/PackageManager(  168): Unknown permission android.permission.READ_SETTINGS in package com.wali.miui.networkassistant
W/PackageManager(  168): Not granting permission android.permission.DEVICE_POWER to package com.android.deskclock (protectionLevel=2 flags=0x8be45)
D/dalvikvm(  168): GC_CONCURRENT freed 1643K, 30% free 8793K/12423K, paused 6ms+19ms
D/dalvikvm(  168): GC_EXPLICIT freed 952K, 37% free 7841K/12423K, paused 4ms+7ms
I/SystemServer(  168): Account Manager
D/PackageManager(  168): generateServicesMap(android.accounts.AccountAuthenticator): 4 services:
D/PackageManager(  168):   New service added: ServiceInfo: AuthenticatorDescription {type=com.android.email}, ComponentInfo{com.android.email/com.android.email.service.PopImapAuthenticatorService}, uid 10028
D/PackageManager(  168):   New service added: ServiceInfo: AuthenticatorDescription {type=com.android.exchange}, ComponentInfo{com.android.email/com.android.email.service.EasAuthenticatorService}, uid 10028
D/PackageManager(  168):   New service added: ServiceInfo: AuthenticatorDescription {type=com.miui.auth}, ComponentInfo{com.miui.cloudservice/com.miui.cloudservice.authenticator.AuthenticatorService}, uid 1000
D/PackageManager(  168):   New service added: ServiceInfo: AuthenticatorDescription {type=com.google}, ComponentInfo{com.google.android.gsf.login/com.google.android.gsf.loginservice.GoogleLoginService}, uid 10011
I/SystemServer(  168): Content Manager
I/SyncManager(  168): No initial accounts
I/SyncManager(  168): No initial status
I/SyncManager(  168): No initial pending operations
I/SyncManager(  168): No initial statistics
D/PackageManager(  168): generateServicesMap(android.content.SyncAdapter): 9 services:
D/PackageManager(  168):   New service added: ServiceInfo: SyncAdapterType {name=subscribedfeeds, type=com.google, userVisible=false, supportsUploading=true, isAlwaysSyncable=false, allowParallelSyncs=false, settingsActivity=null}, ComponentInfo{com.google.android.gsf/com.google.android.gsf.subscribedfeeds.SubscribedFeedsSyncAdapterService}, uid 10011
D/PackageManager(  168):   New service added: ServiceInfo: SyncAdapterType {name=com.android.contacts, type=com.google, userVisible=true, supportsUploading=true, isAlwaysSyncable=false, allowParallelSyncs=false, settingsActivity=null}, ComponentInfo{com.google.android.syncadapters.contacts/com.google.android.syncadapters.contacts.ContactsSyncAdapterService}, uid 10011
D/PackageManager(  168):   New service added: ServiceInfo: SyncAdapterType {name=com.android.calendar, type=com.google, userVisible=true, supportsUploading=true, isAlwaysSyncable=false, allowParallelSyncs=false, settingsActivity=null}, ComponentInfo{com.google.android.syncadapters.calendar/com.google.android.syncadapters.calendar.CalendarSyncAdapterService}, uid 10025
D/PackageManager(  168):   New service added: ServiceInfo: SyncAdapterType {name=com.android.email.provider, type=com.android.exchange, userVisible=true, supportsUploading=false, isAlwaysSyncable=false, allowParallelSyncs=false, settingsActivity=null}, ComponentInfo{com.android.exchange/com.android.exchange.EmailSyncAdapterService}, uid 10027
D/PackageManager(  168):   New service added: ServiceInfo: SyncAdapterType {name=com.android.contacts, type=com.android.exchange, userVisible=true, supportsUploading=true, isAlwaysSyncable=false, allowParallelSyncs=false, settingsActivity=null}, ComponentInfo{com.android.exchange/com.android.exchange.ContactsSyncAdapterService}, uid 10027
D/PackageManager(  168):   New service added: ServiceInfo: SyncAdapterType {name=com.android.calendar, type=com.android.exchange, userVisible=true, supportsUploading=true, isAlwaysSyncable=false, allowParallelSyncs=false, settingsActivity=null}, ComponentInfo{com.android.exchange/com.android.exchange.CalendarSyncAdapterService}, uid 10027
D/PackageManager(  168):   New service added: ServiceInfo: SyncAdapterType {name=com.android.email.provider, type=com.android.email, userVisible=true, supportsUploading=false, isAlwaysSyncable=false, allowParallelSyncs=false, settingsActivity=null}, ComponentInfo{com.android.email/com.android.email.service.PopImapSyncAdapterService}, uid 10028
D/PackageManager(  168):   New service added: ServiceInfo: SyncAdapterType {name=com.android.contacts, type=com.miui.auth, userVisible=false, supportsUploading=false, isAlwaysSyncable=false, allowParallelSyncs=false, settingsActivity=null}, ComponentInfo{com.miui.cloudservice/com.miui.cloudservice.ContactsSyncAdapterService}, uid 1000
D/PackageManager(  168):   New service added: ServiceInfo: SyncAdapterType {name=com.android.browser, type=com.google, userVisible=true, supportsUploading=true, isAlwaysSyncable=false, allowParallelSyncs=false, settingsActivity=null}, ComponentInfo{com.google.android.syncadapters.bookmarks/com.google.android.syncadapters.bookmarks.BookmarksSyncAdapterService}, uid 10011
I/ActivityThread(  168): Pub yellowpage: com.miui.providers.telocation.YellowPageProvider
I/SystemServer(  168): System Content Providers
D/dalvikvm(  168): DexOpt: --- BEGIN 'TelocationProvider.apk' (bootstrap=0) ---
D/dalvikvm(  206): DexOpt: load 10ms, verify+opt 10ms
D/dalvikvm(  168): DexOpt: --- END 'TelocationProvider.apk' (success) ---
D/dalvikvm(  168): DEX prep '/system/app/TelocationProvider.apk': unzip in 0ms, rewrite 158ms
I/ActivityThread(  168): Pub settings: com.android.providers.settings.SettingsProvider
D/dalvikvm(  168): DexOpt: --- BEGIN 'SettingsProvider.apk' (bootstrap=0) ---
D/dalvikvm(  207): DexOpt: load 14ms, verify+opt 94ms
D/dalvikvm(  168): DexOpt: --- END 'SettingsProvider.apk' (success) ---
D/dalvikvm(  168): DEX prep '/system/app/SettingsProvider.apk': unzip in 11ms, rewrite 248ms
D/SettingsProvider(  168): Generated and saved new ANDROID_ID [fc6b931efb612539]
I/ActivityThread(  168): Pub telocation: com.miui.providers.telocation.TelocationProvider
D/SettingsProvider(  168): cache for settings table 'secure' rows=27; fullycached=true
D/SettingsProvider(  168): cache for settings table 'system' rows=47; fullycached=true
I/SystemServer(  168): Lights Service
I/SystemServer(  168): Battery Service
I/SystemServer(  168): Vibrator Service
I/power   (  168): *** set_screen_state 1
I/SystemServer(  168): Alarm Manager
I/SystemServer(  168): Init Watchdog
I/SystemServer(  168): Window Manager
I/dalvikvm(  168): Could not find method android.media.AudioManager.toggleMute, referenced from method com.android.internal.policy.impl.PhoneWindowManager.handleVolumeKey
W/dalvikvm(  168): VFY: unable to resolve virtual method 243: Landroid/media/AudioManager;.toggleMute (I)V
D/dalvikvm(  168): VFY: replacing opcode 0x6e at 0x0024
E/dalvikvm(  168): Could not find class 'com.android.internal.os.DeviceKeyHandler', referenced from method com.android.internal.policy.impl.PhoneWindowManager.init
W/dalvikvm(  168): VFY: unable to resolve check-cast 214 (Lcom/android/internal/os/DeviceKeyHandler;) in Lcom/android/internal/policy/impl/PhoneWindowManager;
D/dalvikvm(  168): VFY: replacing opcode 0x1f at 0x01f5
I/dalvikvm(  168): Could not find method com.android.internal.os.DeviceKeyHandler.handleKeyEvent, referenced from method com.android.internal.policy.impl.PhoneWindowManager.interceptKeyBeforeDispatching
W/dalvikvm(  168): VFY: unable to resolve interface method 679: Lcom/android/internal/os/DeviceKeyHandler;.handleKeyEvent (Landroid/view/KeyEvent;)I
D/dalvikvm(  168): VFY: replacing opcode 0x72 at 0x0452
I/dalvikvm(  168): Could not find method com.android.internal.app.ThemeUtils.createUiContext, referenced from method com.android.internal.policy.impl.PhoneWindowManager$7.run
W/dalvikvm(  168): VFY: unable to resolve static method 677: Lcom/android/internal/app/ThemeUtils;.createUiContext (Landroid/content/Context;)Landroid/content/Context;
D/dalvikvm(  168): VFY: replacing opcode 0x71 at 0x0019
I/InputManager(  168): Initializing input manager
E/InputManager-JNI(  168): An exception was thrown by callback 'getVirtualKeyQuietTimeMillis'.
E/InputManager-JNI(  168): java.lang.NoSuchMethodError: com.android.server.wm.InputManager.access$400
