E/dalvikvm(  271): ERROR: couldn't find native method
E/dalvikvm(  271): Requested: Landroid/content/res/AssetManager;.splitThemePackage:(Ljava/lang/String;Ljava/lang/String;[Ljava/lang/String;)I
I/HTC Acoustic(  272): get_audpp_filter
I/HTC Acoustic(  272): open /system/etc/AudioFilter.csv success.
I/HTC Acoustic(  272): MBADRC Filter MBADRC FLAG = ffff.
E/HTC Acoustic(  272): set mbadrc filter error.
I/HTC Acoustic(  272): failed to set audpp parameters, exiting.
I/HTC Acoustic(  272): get_audpre_filter
I/HTC Acoustic(  272): open /system/etc/AudioPreProcess.csv success.
D/AudioHardwareMSM72XX(  272): mNumSndEndpoints = 151
V/AudioHardwareMSM72XX(  272): constructed 151 SND endpoints)
D/AudioHardwareMSM72XX(  272): BT MATCH HANDSET
D/AudioHardwareMSM72XX(  272): BT MATCH SPEAKER
D/AudioHardwareMSM72XX(  272): BT MATCH HEADSET
D/AudioHardwareMSM72XX(  272): BT MATCH BT
D/AudioHardwareMSM72XX(  272): BT MATCH CARKIT
D/AudioHardwareMSM72XX(  272): BT MATCH TTY_FULL
D/AudioHardwareMSM72XX(  272): BT MATCH TTY_VCO
D/AudioHardwareMSM72XX(  272): BT MATCH TTY_HCO
D/AudioHardwareMSM72XX(  272): BT MATCH NO_MIC_HEADSET
D/AudioHardwareMSM72XX(  272): BT MATCH FM_HEADSET
D/AudioHardwareMSM72XX(  272): BT MATCH HEADSET_AND_SPEAKER
D/AudioHardwareMSM72XX(  272): BT MATCH FM_SPEAKER
D/AudioHardwareMSM72XX(  272): BT MATCH BT_EC_OFF
D/AudioHardwareMSM72XX(  272): BT MATCH BT_EC_OFF
D/AudioHardwareMSM72XX(  272): BT MATCH CURRENT
E/JNIHelp (  271): RegisterNatives failed for 'android/content/res/AssetManager', aborting
I/AudioFlinger(  272): Loaded primary audio interface from LEGACY Audio HW HAL (audio)
F/libc    (  271): Fatal signal 11 (SIGSEGV) at 0xdeadbaad (code=1)
I/AudioFlinger(  272): Using 'LEGACY Audio HW HAL' (audio.primary) as the primary audio interface
I/AudioFlinger(  272): Loaded a2dp audio interface from A2DP Audio HW HAL (audio)
D/AudioHardwareInterface(  272): setMode(NORMAL)
I/AudioHardwareMSM72XX(  272): Set master volume to 5.
I/CameraService(  272): CameraService started (pid=272)
I/AudioFlinger(  272): AudioFlinger's thread 0x16f90 ready to run
W/AudioFlinger(  272): Thread AudioOut_1 cannot connect to the power manager service
V/AudioHardwareMSM72XX(  272): AudioStreamOutMSM72xx::setParameters() routing=2
V/AudioHardwareMSM72XX(  272): set output routing 2
I/AudioHardwareMSM72XX(  272): Routing audio to Speakerphone
V/AudioHardwareMSM72XX(  272): doAudioRouteOrMute() device 1, mMode 0, mMicMute 1
D/AudioHardwareMSM72XX(  272): setVoiceVolume(1.000000)
I/AudioHardwareMSM72XX(  272): Setting in-call volume to 5 (available range is 0 to 5)
I/AudioPolicyService(  272): Loaded audio policy from LEGACY Audio Policy HAL (audio_policy)
I/DEBUG   (   89): *** *** *** *** *** *** *** *** *** *** *** *** *** *** *** ***
I/DEBUG   (   89): Build fingerprint: 'cyanogenmod/htc_marvel/marvel:4.0.4/ASN01/0.1:user/release-keys'
I/DEBUG   (   89): pid: 271, tid: 271  >>> zygote <<<
I/DEBUG   (   89): signal 11 (SIGSEGV), code 1 (SEGV_MAPERR), fault addr deadbaad
I/DEBUG   (   89):  r0 deadbaad  r1 0000000c  r2 00000027  r3 a0000000
I/DEBUG   (   89):  r4 00000000  r5 00000080  r6 401bc6f3  r7 bea5ca68
I/DEBUG   (   89):  r8 00000000  r9 00000000  10 00000000  fp 00000000
I/DEBUG   (   89):  ip ffffffff  sp bea5ca30  lr 4003ff0f  pc 4003c6c6  cpsr 00000030
I/DEBUG   (   89):  d0  3f4000003f400000  d1  0000000000000000
I/DEBUG   (   89):  d2  0000000000000000  d3  0000000000000000
I/DEBUG   (   89):  d4  0000000000000000  d5  0000000000000000
I/DEBUG   (   89):  d6  0000000000000000  d7  0000000000000000
I/DEBUG   (   89):  d8  0000000000000000  d9  0000000000000000
I/DEBUG   (   89):  d10 0000000000000000  d11 0000000000000000
I/DEBUG   (   89):  d12 0000000000000000  d13 0000000000000000
I/DEBUG   (   89):  d14 0000000000000000  d15 0000000000000000
I/DEBUG   (   89):  scr 60000000
I/DEBUG   (   89): 
I/DEBUG   (   89):          #00  pc 000176c6  /system/lib/libc.so
I/DEBUG   (   89):          #01  pc 0000c658  /system/lib/libnativehelper.so (jniRegisterNativeMethods)
I/DEBUG   (   89): 
I/DEBUG   (   89): code around pc:
I/DEBUG   (   89): 4003c6a4 1c2bd00c 2d00682d e027d1fb 2a0068da  ..+.-h.-..'..h.*
I/DEBUG   (   89): 4003c6b4 4b16d004 447b2001 47906018 22274814  ...K. {D.`.G.H'"
I/DEBUG   (   89): 4003c6c4 70022580 ef74f7f4 f7f62106 aa01e812  .%.p..t..!......
I/DEBUG   (   89): 4003c6d4 05692400 60546091 20061c11 f7f59401  .$i..`T`... ....
I/DEBUG   (   89): 4003c6e4 a905ebce 20022200 ebd6f7f5 ef60f7f4  .....". ......`.
I/DEBUG   (   89): 
I/DEBUG   (   89): code around lr:
I/DEBUG   (   89): 4003feec 4b0db5f0 447bb083 681c2600 68a59001  ...K..{D.&.h...h
I/DEBUG   (   89): 4003fefc e0086867 5ea8220c dd032800 99011c28  gh...".^.(..(...
I/DEBUG   (   89): 4003ff0c 43064788 3f013554 6824d5f4 d1ee2c00  .G.CT5.?..$h.,..
I/DEBUG   (   89): 4003ff1c 1c30b003 46c0bdf0 000285f2 1c0fb5f0  ..0....F........
I/DEBUG   (   89): 4003ff2c b0891c3d a9064355 604d9103 90064914  =...UC....M`.I..
I/DEBUG   (   89): 
I/DEBUG   (   89): memory map around addr deadbaad:
I/DEBUG   (   89): bea3c000-bea5d000 [stack]
I/DEBUG   (   89): (no map for address)
I/DEBUG   (   89): (no map above)
I/DEBUG   (   89): 
I/DEBUG   (   89): stack:
I/DEBUG   (   89):     bea5c9f0  00000000  
I/DEBUG   (   89):     bea5c9f4  75f946bf  
I/DEBUG   (   89):     bea5c9f8  40068720  /system/lib/libc.so
I/DEBUG   (   89):     bea5c9fc  400686b0  /system/lib/libc.so
I/DEBUG   (   89):     bea5ca00  00000000  
I/DEBUG   (   89):     bea5ca04  4003ff0f  /system/lib/libc.so
I/DEBUG   (   89):     bea5ca08  401bce09  /system/lib/libandroid_runtime.so
I/DEBUG   (   89):     bea5ca0c  4003ec75  /system/lib/libc.so
I/DEBUG   (   89):     bea5ca10  ffffffff  
I/DEBUG   (   89):     bea5ca14  00000000  
I/DEBUG   (   89):     bea5ca18  00000000  
I/DEBUG   (   89):     bea5ca1c  401bc6f3  /system/lib/libandroid_runtime.so
I/DEBUG   (   89):     bea5ca20  bea5ca68  [stack]
I/DEBUG   (   89):     bea5ca24  4003f08d  /system/lib/libc.so
I/DEBUG   (   89):     bea5ca28  df0027ad  
I/DEBUG   (   89):     bea5ca2c  00000000  
I/DEBUG   (   89): #00 bea5ca30  0000002d  
I/DEBUG   (   89):     bea5ca34  00000100  
I/DEBUG   (   89):     bea5ca38  4019180d  /system/lib/libandroid_runtime.so
I/DEBUG   (   89):     bea5ca3c  75f946bf  
I/DEBUG   (   89):     bea5ca40  bea5ca74  [stack]
I/DEBUG   (   89):     bea5ca44  fffffbdf  
I/DEBUG   (   89):     bea5ca48  0000f2c0  [heap]
I/DEBUG   (   89):     bea5ca4c  40868ffd  /system/lib/libdvm.so
I/DEBUG   (   89):     bea5ca50  0000f2c0  [heap]
I/DEBUG   (   89):     bea5ca54  401f865b  /system/lib/libnativehelper.so
I/DEBUG   (   89): #01 bea5ca58  40868ffd  /system/lib/libdvm.so
I/DEBUG   (   89):     bea5ca5c  401f865b  /system/lib/libnativehelper.so
I/DEBUG   (   89):     bea5ca60  401d2f48  /system/lib/libandroid_runtime.so
I/DEBUG   (   89):     bea5ca64  00000036  
I/DEBUG   (   89):     bea5ca68  0000f2c0  [heap]
I/DEBUG   (   89):     bea5ca6c  1d200031  
I/DEBUG   (   89):     bea5ca70  408c3ca8  /system/lib/libdvm.so
I/DEBUG   (   89):     bea5ca74  0000f2c0  [heap]
I/DEBUG   (   89):     bea5ca78  401bc6f3  /system/lib/libandroid_runtime.so
I/DEBUG   (   89):     bea5ca7c  401d5de0  /system/lib/libandroid_runtime.so
I/DEBUG   (   89):     bea5ca80  401b8e4b  /system/lib/libandroid_runtime.so
I/DEBUG   (   89):     bea5ca84  40175877  /system/lib/libandroid_runtime.so
I/DEBUG   (   89):     bea5ca88  0000f2c0  [heap]
I/DEBUG   (   89):     bea5ca8c  401904bb  /system/lib/libandroid_runtime.so
I/DEBUG   (   89):     bea5ca90  0000f2c0  [heap]
I/DEBUG   (   89):     bea5ca94  1d200025  
I/DEBUG   (   89):     bea5ca98  00000001  
I/DEBUG   (   89):     bea5ca9c  401cc850  /system/lib/libandroid_runtime.so
I/ServiceManager(   86): service 'media.audio_flinger' died
I/ServiceManager(   86): service 'media.player' died
I/ServiceManager(   86): service 'media.camera' died
I/ServiceManager(   86): service 'media.audio_policy' died
I/Netd    (  298): Netd 1.0 starting
D/AndroidRuntime(  299): 
D/AndroidRuntime(  299): >>>>>> AndroidRuntime START com.android.internal.os.ZygoteInit <<<<<<
D/AndroidRuntime(  299): CheckJNI is OFF
I/        (  300): ServiceManager: 0xf958
I/HTC Acoustic(  300): libhtc_acoustic.so version 2.0.0.6.
I/HTC Acoustic(  300): deonvvv gingerbread test.
I/HTC Acoustic(  300): open /system/etc/AudioPara4_WB.csv success.
I/HTC Acoustic(  300): acoustic table version: MAL_WB_20110217
I/HTC Acoustic(  300): read_audio_para_from_file success.
E/HTC Acoustic(  300): Fail to open /system/etc/AudioPara_ALL.csv -1.
I/HTC Acoustic(  300): open /system/etc/AudioPara4.csv success.
I/HTC Acoustic(  300): acoustic table version: MAL_Gerenic_20110509
E/dalvikvm(  299): ERROR: couldn't find native method
E/dalvikvm(  299): Requested: Landroid/content/res/AssetManager;.splitThemePackage:(Ljava/lang/String;Ljava/lang/String;[Ljava/lang/String;)I
E/JNIHelp (  299): RegisterNatives failed for 'android/content/res/AssetManager', aborting
I/HTC Acoustic(  300): read_audio_para_from_file success.
F/libc    (  299): Fatal signal 11 (SIGSEGV) at 0xdeadbaad (code=1)
I/HTC Acoustic(  300): get_audpp_filter
I/HTC Acoustic(  300): open /system/etc/AudioFilter.csv success.
I/HTC Acoustic(  300): MBADRC Filter MBADRC FLAG = ffff.
E/HTC Acoustic(  300): set mbadrc filter error.
I/HTC Acoustic(  300): failed to set audpp parameters, exiting.
I/HTC Acoustic(  300): get_audpre_filter
I/HTC Acoustic(  300): open /system/etc/AudioPreProcess.csv success.
D/AudioHardwareMSM72XX(  300): mNumSndEndpoints = 151
V/AudioHardwareMSM72XX(  300): constructed 151 SND endpoints)
D/AudioHardwareMSM72XX(  300): BT MATCH HANDSET
D/AudioHardwareMSM72XX(  300): BT MATCH SPEAKER
D/AudioHardwareMSM72XX(  300): BT MATCH HEADSET
D/AudioHardwareMSM72XX(  300): BT MATCH BT
D/AudioHardwareMSM72XX(  300): BT MATCH CARKIT
D/AudioHardwareMSM72XX(  300): BT MATCH TTY_FULL
D/AudioHardwareMSM72XX(  300): BT MATCH TTY_VCO
D/AudioHardwareMSM72XX(  300): BT MATCH TTY_HCO
D/AudioHardwareMSM72XX(  300): BT MATCH NO_MIC_HEADSET
D/AudioHardwareMSM72XX(  300): BT MATCH FM_HEADSET
D/AudioHardwareMSM72XX(  300): BT MATCH HEADSET_AND_SPEAKER
D/AudioHardwareMSM72XX(  300): BT MATCH FM_SPEAKER
D/AudioHardwareMSM72XX(  300): BT MATCH BT_EC_OFF
D/AudioHardwareMSM72XX(  300): BT MATCH BT_EC_OFF
D/AudioHardwareMSM72XX(  300): BT MATCH CURRENT
I/AudioFlinger(  300): Loaded primary audio interface from LEGACY Audio HW HAL (audio)
I/AudioFlinger(  300): Using 'LEGACY Audio HW HAL' (audio.primary) as the primary audio interface
I/AudioFlinger(  300): Loaded a2dp audio interface from A2DP Audio HW HAL (audio)
D/AudioHardwareInterface(  300): setMode(NORMAL)
I/AudioHardwareMSM72XX(  300): Set master volume to 5.
I/CameraService(  300): CameraService started (pid=300)
I/AudioFlinger(  300): AudioFlinger's thread 0x16f90 ready to run
W/AudioFlinger(  300): Thread AudioOut_1 cannot connect to the power manager service
V/AudioHardwareMSM72XX(  300): AudioStreamOutMSM72xx::setParameters() routing=2
V/AudioHardwareMSM72XX(  300): set output routing 2
I/AudioHardwareMSM72XX(  300): Routing audio to Speakerphone
V/AudioHardwareMSM72XX(  300): doAudioRouteOrMute() device 1, mMode 0, mMicMute 1
D/AudioHardwareMSM72XX(  300): setVoiceVolume(1.000000)
I/AudioHardwareMSM72XX(  300): Setting in-call volume to 5 (available range is 0 to 5)
I/AudioPolicyService(  300): Loaded audio policy from LEGACY Audio Policy HAL (audio_policy)
I/DEBUG   (   89): *** *** *** *** *** *** *** *** *** *** *** *** *** *** *** ***
I/DEBUG   (   89): Build fingerprint: 'cyanogenmod/htc_marvel/marvel:4.0.4/ASN01/0.1:user/release-keys'
I/DEBUG   (   89): pid: 299, tid: 299  >>> zygote <<<
I/DEBUG   (   89): signal 11 (SIGSEGV), code 1 (SEGV_MAPERR), fault addr deadbaad
I/DEBUG   (   89):  r0 deadbaad  r1 0000000c  r2 00000027  r3 a0000000
I/DEBUG   (   89):  r4 00000000  r5 00000080  r6 401bc6f3  r7 bea4da68
I/DEBUG   (   89):  r8 00000000  r9 00000000  10 00000000  fp 00000000
I/DEBUG   (   89):  ip ffffffff  sp bea4da30  lr 4003ff0f  pc 4003c6c6  cpsr 00000030
I/DEBUG   (   89):  d0  3f4000003f400000  d1  0000000000000000
I/DEBUG   (   89):  d2  0000000000000000  d3  0000000000000000
I/DEBUG   (   89):  d4  0000000000000000  d5  0000000000000000
I/DEBUG   (   89):  d6  0000000000000000  d7  0000000000000000
I/DEBUG   (   89):  d8  0000000000000000  d9  0000000000000000
I/DEBUG   (   89):  d10 0000000000000000  d11 0000000000000000
I/DEBUG   (   89):  d12 0000000000000000  d13 0000000000000000
I/DEBUG   (   89):  d14 0000000000000000  d15 0000000000000000
I/DEBUG   (   89):  scr 60000000
I/DEBUG   (   89): 
I/DEBUG   (   89):          #00  pc 000176c6  /system/lib/libc.so
I/DEBUG   (   89):          #01  pc 0000c658  /system/lib/libnativehelper.so (jniRegisterNativeMethods)
I/DEBUG   (   89): 
I/DEBUG   (   89): code around pc:
I/DEBUG   (   89): 4003c6a4 1c2bd00c 2d00682d e027d1fb 2a0068da  ..+.-h.-..'..h.*
I/DEBUG   (   89): 4003c6b4 4b16d004 447b2001 47906018 22274814  ...K. {D.`.G.H'"
I/DEBUG   (   89): 4003c6c4 70022580 ef74f7f4 f7f62106 aa01e812  .%.p..t..!......
I/DEBUG   (   89): 4003c6d4 05692400 60546091 20061c11 f7f59401  .$i..`T`... ....
I/DEBUG   (   89): 4003c6e4 a905ebce 20022200 ebd6f7f5 ef60f7f4  .....". ......`.
I/DEBUG   (   89): 
I/DEBUG   (   89): code around lr:
I/DEBUG   (   89): 4003feec 4b0db5f0 447bb083 681c2600 68a59001  ...K..{D.&.h...h
I/DEBUG   (   89): 4003fefc e0086867 5ea8220c dd032800 99011c28  gh...".^.(..(...
I/DEBUG   (   89): 4003ff0c 43064788 3f013554 6824d5f4 d1ee2c00  .G.CT5.?..$h.,..
I/DEBUG   (   89): 4003ff1c 1c30b003 46c0bdf0 000285f2 1c0fb5f0  ..0....F........
I/DEBUG   (   89): 4003ff2c b0891c3d a9064355 604d9103 90064914  =...UC....M`.I..
I/DEBUG   (   89): 
I/DEBUG   (   89): memory map around addr deadbaad:
I/DEBUG   (   89): bea2d000-bea4e000 [stack]
I/DEBUG   (   89): (no map for address)
I/DEBUG   (   89): (no map above)
I/DEBUG   (   89): 
I/DEBUG   (   89): stack:
I/DEBUG   (   89):     bea4d9f0  00000000  
I/DEBUG   (   89):     bea4d9f4  ca01e41f  
I/DEBUG   (   89):     bea4d9f8  40068720  /system/lib/libc.so
I/DEBUG   (   89):     bea4d9fc  400686b0  /system/lib/libc.so
I/DEBUG   (   89):     bea4da00  00000000  
I/DEBUG   (   89):     bea4da04  4003ff0f  /system/lib/libc.so
I/DEBUG   (   89):     bea4da08  401bce09  /system/lib/libandroid_runtime.so
I/DEBUG   (   89):     bea4da0c  4003ec75  /system/lib/libc.so
I/DEBUG   (   89):     bea4da10  ffffffff  
I/DEBUG   (   89):     bea4da14  00000000  
I/DEBUG   (   89):     bea4da18  00000000  
I/DEBUG   (   89):     bea4da1c  401bc6f3  /system/lib/libandroid_runtime.so
I/DEBUG   (   89):     bea4da20  bea4da68  [stack]
I/DEBUG   (   89):     bea4da24  4003f08d  /system/lib/libc.so
I/DEBUG   (   89):     bea4da28  df0027ad  
I/DEBUG   (   89):     bea4da2c  00000000  
I/DEBUG   (   89): #00 bea4da30  0000002d  
I/DEBUG   (   89):     bea4da34  00000100  
I/DEBUG   (   89):     bea4da38  4019180d  /system/lib/libandroid_runtime.so
I/DEBUG   (   89):     bea4da3c  ca01e41f  
I/DEBUG   (   89):     bea4da40  bea4da74  [stack]
I/DEBUG   (   89):     bea4da44  fffffbdf  
I/DEBUG   (   89):     bea4da48  0000f2c0  [heap]
I/DEBUG   (   89):     bea4da4c  40868ffd  /system/lib/libdvm.so
I/DEBUG   (   89):     bea4da50  0000f2c0  [heap]
I/DEBUG   (   89):     bea4da54  401f865b  /system/lib/libnativehelper.so
I/DEBUG   (   89): #01 bea4da58  40868ffd  /system/lib/libdvm.so
I/DEBUG   (   89):     bea4da5c  401f865b  /system/lib/libnativehelper.so
I/DEBUG   (   89):     bea4da60  401d2f48  /system/lib/libandroid_runtime.so
I/DEBUG   (   89):     bea4da64  00000036  
I/DEBUG   (   89):     bea4da68  0000f2c0  [heap]
I/DEBUG   (   89):     bea4da6c  1d200031  
I/DEBUG   (   89):     bea4da70  408c3ca8  /system/lib/libdvm.so
I/DEBUG   (   89):     bea4da74  0000f2c0  [heap]
I/DEBUG   (   89):     bea4da78  401bc6f3  /system/lib/libandroid_runtime.so
I/DEBUG   (   89):     bea4da7c  401d5de0  /system/lib/libandroid_runtime.so
I/DEBUG   (   89):     bea4da80  401b8e4b  /system/lib/libandroid_runtime.so
I/DEBUG   (   89):     bea4da84  40175877  /system/lib/libandroid_runtime.so
I/DEBUG   (   89):     bea4da88  0000f2c0  [heap]
I/DEBUG   (   89):     bea4da8c  401904bb  /system/lib/libandroid_runtime.so
I/DEBUG   (   89):     bea4da90  0000f2c0  [heap]
I/DEBUG   (   89):     bea4da94  1d200025  
I/DEBUG   (   89):     bea4da98  00000001  
I/DEBUG   (   89):     bea4da9c  401cc850  /system/lib/libandroid_runtime.so
I/ServiceManager(   86): service 'media.audio_flinger' died
I/ServiceManager(   86): service 'media.player' died
I/ServiceManager(   86): service 'media.camera' died
I/ServiceManager(   86): service 'media.audio_policy' died
I/Netd    (  326): Netd 1.0 starting
D/AndroidRuntime(  327): 
D/AndroidRuntime(  327): >>>>>> AndroidRuntime START com.android.internal.os.ZygoteInit <<<<<<
D/AndroidRuntime(  327): CheckJNI is OFF
I/        (  328): ServiceManager: 0xf958
I/HTC Acoustic(  328): libhtc_acoustic.so version 2.0.0.6.
I/HTC Acoustic(  328): deonvvv gingerbread test.
I/HTC Acoustic(  328): open /system/etc/AudioPara4_WB.csv success.
I/HTC Acoustic(  328): acoustic table version: MAL_WB_20110217
I/HTC Acoustic(  328): read_audio_para_from_file success.
E/HTC Acoustic(  328): Fail to open /system/etc/AudioPara_ALL.csv -1.
I/HTC Acoustic(  328): open /system/etc/AudioPara4.csv success.
I/HTC Acoustic(  328): acoustic table version: MAL_Gerenic_20110509
I/HTC Acoustic(  328): read_audio_para_from_file success.
I/HTC Acoustic(  328): get_audpp_filter
I/HTC Acoustic(  328): open /system/etc/AudioFilter.csv success.
E/dalvikvm(  327): ERROR: couldn't find native method
I/HTC Acoustic(  328): MBADRC Filter MBADRC FLAG = ffff.
E/HTC Acoustic(  328): set mbadrc filter error.
I/HTC Acoustic(  328): failed to set audpp parameters, exiting.
I/HTC Acoustic(  328): get_audpre_filter
I/HTC Acoustic(  328): open /system/etc/AudioPreProcess.csv success.
D/AudioHardwareMSM72XX(  328): mNumSndEndpoints = 151
V/AudioHardwareMSM72XX(  328): constructed 151 SND endpoints)
D/AudioHardwareMSM72XX(  328): BT MATCH HANDSET
D/AudioHardwareMSM72XX(  328): BT MATCH SPEAKER
D/AudioHardwareMSM72XX(  328): BT MATCH HEADSET
D/AudioHardwareMSM72XX(  328): BT MATCH BT
D/AudioHardwareMSM72XX(  328): BT MATCH CARKIT
D/AudioHardwareMSM72XX(  328): BT MATCH TTY_FULL
D/AudioHardwareMSM72XX(  328): BT MATCH TTY_VCO
D/AudioHardwareMSM72XX(  328): BT MATCH TTY_HCO
D/AudioHardwareMSM72XX(  328): BT MATCH NO_MIC_HEADSET
D/AudioHardwareMSM72XX(  328): BT MATCH FM_HEADSET
D/AudioHardwareMSM72XX(  328): BT MATCH HEADSET_AND_SPEAKER
D/AudioHardwareMSM72XX(  328): BT MATCH FM_SPEAKER
D/AudioHardwareMSM72XX(  328): BT MATCH BT_EC_OFF
D/AudioHardwareMSM72XX(  328): BT MATCH BT_EC_OFF
D/AudioHardwareMSM72XX(  328): BT MATCH CURRENT
I/AudioFlinger(  328): Loaded primary audio interface from LEGACY Audio HW HAL (audio)
I/AudioFlinger(  328): Using 'LEGACY Audio HW HAL' (audio.primary) as the primary audio interface
I/AudioFlinger(  328): Loaded a2dp audio interface from A2DP Audio HW HAL (audio)
E/dalvikvm(  327): Requested: Landroid/content/res/AssetManager;.splitThemePackage:(Ljava/lang/String;Ljava/lang/String;[Ljava/lang/String;)I
D/AudioHardwareInterface(  328): setMode(NORMAL)
I/AudioHardwareMSM72XX(  328): Set master volume to 5.
I/CameraService(  328): CameraService started (pid=328)
E/JNIHelp (  327): RegisterNatives failed for 'android/content/res/AssetManager', aborting
F/libc    (  327): Fatal signal 11 (SIGSEGV) at 0xdeadbaad (code=1)
I/AudioFlinger(  328): AudioFlinger's thread 0x16f90 ready to run
W/AudioFlinger(  328): Thread AudioOut_1 cannot connect to the power manager service
V/AudioHardwareMSM72XX(  328): AudioStreamOutMSM72xx::setParameters() routing=2
V/AudioHardwareMSM72XX(  328): set output routing 2
I/AudioHardwareMSM72XX(  328): Routing audio to Speakerphone
V/AudioHardwareMSM72XX(  328): doAudioRouteOrMute() device 1, mMode 0, mMicMute 1
D/AudioHardwareMSM72XX(  328): setVoiceVolume(1.000000)
I/AudioHardwareMSM72XX(  328): Setting in-call volume to 5 (available range is 0 to 5)
I/AudioPolicyService(  328): Loaded audio policy from LEGACY Audio Policy HAL (audio_policy)
I/DEBUG   (   89): *** *** *** *** *** *** *** *** *** *** *** *** *** *** *** ***
I/DEBUG   (   89): Build fingerprint: 'cyanogenmod/htc_marvel/marvel:4.0.4/ASN01/0.1:user/release-keys'
I/DEBUG   (   89): pid: 327, tid: 327  >>> zygote <<<
I/DEBUG   (   89): signal 11 (SIGSEGV), code 1 (SEGV_MAPERR), fault addr deadbaad
I/DEBUG   (   89):  r0 deadbaad  r1 0000000c  r2 00000027  r3 a0000000
I/DEBUG   (   89):  r4 00000000  r5 00000080  r6 401bc6f3  r7 bedfda68
I/DEBUG   (   89):  r8 00000000  r9 00000000  10 00000000  fp 00000000
I/DEBUG   (   89):  ip ffffffff  sp bedfda30  lr 4003ff0f  pc 4003c6c6  cpsr 00000030
I/DEBUG   (   89):  d0  3f4000003f400000  d1  0000000000000000
I/DEBUG   (   89):  d2  0000000000000000  d3  0000000000000000
I/DEBUG   (   89):  d4  0000000000000000  d5  0000000000000000
I/DEBUG   (   89):  d6  0000000000000000  d7  0000000000000000
I/DEBUG   (   89):  d8  0000000000000000  d9  0000000000000000
I/DEBUG   (   89):  d10 0000000000000000  d11 0000000000000000
I/DEBUG   (   89):  d12 0000000000000000  d13 0000000000000000
I/DEBUG   (   89):  d14 0000000000000000  d15 0000000000000000
I/DEBUG   (   89):  scr 60000000
I/DEBUG   (   89): 
I/DEBUG   (   89):          #00  pc 000176c6  /system/lib/libc.so
I/DEBUG   (   89):          #01  pc 0000c658  /system/lib/libnativehelper.so (jniRegisterNativeMethods)
I/DEBUG   (   89): 
I/DEBUG   (   89): code around pc:
I/DEBUG   (   89): 4003c6a4 1c2bd00c 2d00682d e027d1fb 2a0068da  ..+.-h.-..'..h.*
I/DEBUG   (   89): 4003c6b4 4b16d004 447b2001 47906018 22274814  ...K. {D.`.G.H'"
I/DEBUG   (   89): 4003c6c4 70022580 ef74f7f4 f7f62106 aa01e812  .%.p..t..!......
I/DEBUG   (   89): 4003c6d4 05692400 60546091 20061c11 f7f59401  .$i..`T`... ....
I/DEBUG   (   89): 4003c6e4 a905ebce 20022200 ebd6f7f5 ef60f7f4  .....". ......`.
I/DEBUG   (   89): 
I/DEBUG   (   89): code around lr:
I/DEBUG   (   89): 4003feec 4b0db5f0 447bb083 681c2600 68a59001  ...K..{D.&.h...h
I/DEBUG   (   89): 4003fefc e0086867 5ea8220c dd032800 99011c28  gh...".^.(..(...
I/DEBUG   (   89): 4003ff0c 43064788 3f013554 6824d5f4 d1ee2c00  .G.CT5.?..$h.,..
I/DEBUG   (   89): 4003ff1c 1c30b003 46c0bdf0 000285f2 1c0fb5f0  ..0....F........
I/DEBUG   (   89): 4003ff2c b0891c3d a9064355 604d9103 90064914  =...UC....M`.I..
I/DEBUG   (   89): 
I/DEBUG   (   89): memory map around addr deadbaad:
I/DEBUG   (   89): beddd000-bedfe000 [stack]
I/DEBUG   (   89): (no map for address)
I/DEBUG   (   89): (no map above)
I/DEBUG   (   89): 
I/DEBUG   (   89): stack:
I/DEBUG   (   89):     bedfd9f0  00000000  
I/DEBUG   (   89):     bedfd9f4  9122ac3b  
I/DEBUG   (   89):     bedfd9f8  40068720  /system/lib/libc.so
I/DEBUG   (   89):     bedfd9fc  400686b0  /system/lib/libc.so
I/DEBUG   (   89):     bedfda00  00000000  
I/DEBUG   (   89):     bedfda04  4003ff0f  /system/lib/libc.so
I/DEBUG   (   89):     bedfda08  401bce09  /system/lib/libandroid_runtime.so
I/DEBUG   (   89):     bedfda0c  4003ec75  /system/lib/libc.so
I/DEBUG   (   89):     bedfda10  ffffffff  
I/DEBUG   (   89):     bedfda14  00000000  
I/DEBUG   (   89):     bedfda18  00000000  
I/DEBUG   (   89):     bedfda1c  401bc6f3  /system/lib/libandroid_runtime.so
I/DEBUG   (   89):     bedfda20  bedfda68  [stack]
I/DEBUG   (   89):     bedfda24  4003f08d  /system/lib/libc.so
I/DEBUG   (   89):     bedfda28  df0027ad  
I/DEBUG   (   89):     bedfda2c  00000000  
I/DEBUG   (   89): #00 bedfda30  0000002d  
I/DEBUG   (   89):     bedfda34  00000100  
I/DEBUG   (   89):     bedfda38  4019180d  /system/lib/libandroid_runtime.so
I/DEBUG   (   89):     bedfda3c  9122ac3b  
I/DEBUG   (   89):     bedfda40  bedfda74  [stack]
I/DEBUG   (   89):     bedfda44  fffffbdf  
I/DEBUG   (   89):     bedfda48  0000f2c0  [heap]
I/DEBUG   (   89):     bedfda4c  40868ffd  /system/lib/libdvm.so
I/DEBUG   (   89):     bedfda50  0000f2c0  [heap]
I/DEBUG   (   89):     bedfda54  401f865b  /system/lib/libnativehelper.so
I/DEBUG   (   89): #01 bedfda58  40868ffd  /system/lib/libdvm.so
I/DEBUG   (   89):     bedfda5c  401f865b  /system/lib/libnativehelper.so
I/DEBUG   (   89):     bedfda60  401d2f48  /system/lib/libandroid_runtime.so
I/DEBUG   (   89):     bedfda64  00000036  
I/DEBUG   (   89):     bedfda68  0000f2c0  [heap]
I/DEBUG   (   89):     bedfda6c  1d200031  
I/DEBUG   (   89):     bedfda70  408c3ca8  /system/lib/libdvm.so
I/DEBUG   (   89):     bedfda74  0000f2c0  [heap]
I/DEBUG   (   89):     bedfda78  401bc6f3  /system/lib/libandroid_runtime.so
I/DEBUG   (   89):     bedfda7c  401d5de0  /system/lib/libandroid_runtime.so
I/DEBUG   (   89):     bedfda80  401b8e4b  /system/lib/libandroid_runtime.so
I/DEBUG   (   89):     bedfda84  40175877  /system/lib/libandroid_runtime.so
I/DEBUG   (   89):     bedfda88  0000f2c0  [heap]
I/DEBUG   (   89):     bedfda8c  401904bb  /system/lib/libandroid_runtime.so
I/DEBUG   (   89):     bedfda90  0000f2c0  [heap]
I/DEBUG   (   89):     bedfda94  1d200025  
I/DEBUG   (   89):     bedfda98  00000001  
I/DEBUG   (   89):     bedfda9c  401cc850  /system/lib/libandroid_runtime.so
I/ServiceManager(   86): service 'media.audio_flinger' died
I/ServiceManager(   86): service 'media.player' died
I/ServiceManager(   86): service 'media.camera' died
I/ServiceManager(   86): service 'media.audio_policy' died
I/Netd    (  354): Netd 1.0 starting
D/AndroidRuntime(  355): 
D/AndroidRuntime(  355): >>>>>> AndroidRuntime START com.android.internal.os.ZygoteInit <<<<<<
D/AndroidRuntime(  355): CheckJNI is OFF
I/        (  356): ServiceManager: 0xf958
I/HTC Acoustic(  356): libhtc_acoustic.so version 2.0.0.6.
I/HTC Acoustic(  356): deonvvv gingerbread test.
I/HTC Acoustic(  356): open /system/etc/AudioPara4_WB.csv success.
I/HTC Acoustic(  356): acoustic table version: MAL_WB_20110217
I/HTC Acoustic(  356): read_audio_para_from_file success.
E/HTC Acoustic(  356): Fail to open /system/etc/AudioPara_ALL.csv -1.
I/HTC Acoustic(  356): open /system/etc/AudioPara4.csv success.
I/HTC Acoustic(  356): acoustic table version: MAL_Gerenic_20110509
E/dalvikvm(  355): ERROR: couldn't find native method
E/dalvikvm(  355): Requested: Landroid/content/res/AssetManager;.splitThemePackage:(Ljava/lang/String;Ljava/lang/String;[Ljava/lang/String;)I
E/JNIHelp (  355): RegisterNatives failed for 'android/content/res/AssetManager', aborting
F/libc    (  355): Fatal signal 11 (SIGSEGV) at 0xdeadbaad (code=1)
I/HTC Acoustic(  356): read_audio_para_from_file success.
I/HTC Acoustic(  356): get_audpp_filter
I/HTC Acoustic(  356): open /system/etc/AudioFilter.csv success.
I/HTC Acoustic(  356): MBADRC Filter MBADRC FLAG = ffff.
E/HTC Acoustic(  356): set mbadrc filter error.
I/HTC Acoustic(  356): failed to set audpp parameters, exiting.
I/HTC Acoustic(  356): get_audpre_filter
I/HTC Acoustic(  356): open /system/etc/AudioPreProcess.csv success.
D/AudioHardwareMSM72XX(  356): mNumSndEndpoints = 151
V/AudioHardwareMSM72XX(  356): constructed 151 SND endpoints)
D/AudioHardwareMSM72XX(  356): BT MATCH HANDSET
D/AudioHardwareMSM72XX(  356): BT MATCH SPEAKER
D/AudioHardwareMSM72XX(  356): BT MATCH HEADSET
D/AudioHardwareMSM72XX(  356): BT MATCH BT
D/AudioHardwareMSM72XX(  356): BT MATCH CARKIT
D/AudioHardwareMSM72XX(  356): BT MATCH TTY_FULL
D/AudioHardwareMSM72XX(  356): BT MATCH TTY_VCO
D/AudioHardwareMSM72XX(  356): BT MATCH TTY_HCO
D/AudioHardwareMSM72XX(  356): BT MATCH NO_MIC_HEADSET
D/AudioHardwareMSM72XX(  356): BT MATCH FM_HEADSET
D/AudioHardwareMSM72XX(  356): BT MATCH HEADSET_AND_SPEAKER
D/AudioHardwareMSM72XX(  356): BT MATCH FM_SPEAKER
D/AudioHardwareMSM72XX(  356): BT MATCH BT_EC_OFF
D/AudioHardwareMSM72XX(  356): BT MATCH BT_EC_OFF
D/AudioHardwareMSM72XX(  356): BT MATCH CURRENT
I/AudioFlinger(  356): Loaded primary audio interface from LEGACY Audio HW HAL (audio)
I/AudioFlinger(  356): Using 'LEGACY Audio HW HAL' (audio.primary) as the primary audio interface
I/AudioFlinger(  356): Loaded a2dp audio interface from A2DP Audio HW HAL (audio)
D/AudioHardwareInterface(  356): setMode(NORMAL)
I/AudioHardwareMSM72XX(  356): Set master volume to 5.
I/CameraService(  356): CameraService started (pid=356)
I/AudioFlinger(  356): AudioFlinger's thread 0x16f90 ready to run
W/AudioFlinger(  356): Thread AudioOut_1 cannot connect to the power manager service
V/AudioHardwareMSM72XX(  356): AudioStreamOutMSM72xx::setParameters() routing=2
V/AudioHardwareMSM72XX(  356): set output routing 2
I/AudioHardwareMSM72XX(  356): Routing audio to Speakerphone
V/AudioHardwareMSM72XX(  356): doAudioRouteOrMute() device 1, mMode 0, mMicMute 1
D/AudioHardwareMSM72XX(  356): setVoiceVolume(1.000000)
I/AudioHardwareMSM72XX(  356): Setting in-call volume to 5 (available range is 0 to 5)
I/AudioPolicyService(  356): Loaded audio policy from LEGACY Audio Policy HAL (audio_policy)
I/DEBUG   (   89): *** *** *** *** *** *** *** *** *** *** *** *** *** *** *** ***
I/DEBUG   (   89): Build fingerprint: 'cyanogenmod/htc_marvel/marvel:4.0.4/ASN01/0.1:user/release-keys'
I/DEBUG   (   89): pid: 355, tid: 355  >>> zygote <<<
I/DEBUG   (   89): signal 11 (SIGSEGV), code 1 (SEGV_MAPERR), fault addr deadbaad
I/DEBUG   (   89):  r0 deadbaad  r1 0000000c  r2 00000027  r3 a0000000
I/DEBUG   (   89):  r4 00000000  r5 00000080  r6 401bc6f3  r7 be889a68
I/DEBUG   (   89):  r8 00000000  r9 00000000  10 00000000  fp 00000000
I/DEBUG   (   89):  ip ffffffff  sp be889a30  lr 4003ff0f  pc 4003c6c6  cpsr 00000030
I/DEBUG   (   89):  d0  3f4000003f400000  d1  0000000000000000
I/DEBUG   (   89):  d2  0000000000000000  d3  0000000000000000
I/DEBUG   (   89):  d4  0000000000000000  d5  0000000000000000
I/DEBUG   (   89):  d6  0000000000000000  d7  0000000000000000
I/DEBUG   (   89):  d8  0000000000000000  d9  0000000000000000
I/DEBUG   (   89):  d10 0000000000000000  d11 0000000000000000
I/DEBUG   (   89):  d12 0000000000000000  d13 0000000000000000
I/DEBUG   (   89):  d14 0000000000000000  d15 0000000000000000
I/DEBUG   (   89):  scr 60000000
I/DEBUG   (   89): 
I/DEBUG   (   89):          #00  pc 000176c6  /system/lib/libc.so
I/DEBUG   (   89):          #01  pc 0000c658  /system/lib/libnativehelper.so (jniRegisterNativeMethods)
I/DEBUG   (   89): 
I/DEBUG   (   89): code around pc:
I/DEBUG   (   89): 4003c6a4 1c2bd00c 2d00682d e027d1fb 2a0068da  ..+.-h.-..'..h.*
I/DEBUG   (   89): 4003c6b4 4b16d004 447b2001 47906018 22274814  ...K. {D.`.G.H'"
I/DEBUG   (   89): 4003c6c4 70022580 ef74f7f4 f7f62106 aa01e812  .%.p..t..!......
I/DEBUG   (   89): 4003c6d4 05692400 60546091 20061c11 f7f59401  .$i..`T`... ....
I/DEBUG   (   89): 4003c6e4 a905ebce 20022200 ebd6f7f5 ef60f7f4  .....". ......`.
I/DEBUG   (   89): 
I/DEBUG   (   89): code around lr:
I/DEBUG   (   89): 4003feec 4b0db5f0 447bb083 681c2600 68a59001  ...K..{D.&.h...h
I/DEBUG   (   89): 4003fefc e0086867 5ea8220c dd032800 99011c28  gh...".^.(..(...
I/DEBUG   (   89): 4003ff0c 43064788 3f013554 6824d5f4 d1ee2c00  .G.CT5.?..$h.,..
I/DEBUG   (   89): 4003ff1c 1c30b003 46c0bdf0 000285f2 1c0fb5f0  ..0....F........
I/DEBUG   (   89): 4003ff2c b0891c3d a9064355 604d9103 90064914  =...UC....M`.I..
I/DEBUG   (   89): 
I/DEBUG   (   89): memory map around addr deadbaad:
I/DEBUG   (   89): be869000-be88a000 [stack]
I/DEBUG   (   89): (no map for address)
I/DEBUG   (   89): (no map above)
I/DEBUG   (   89): 
I/DEBUG   (   89): stack:
I/DEBUG   (   89):     be8899f0  00000000  
I/DEBUG   (   89):     be8899f4  5ba37ad5  
I/DEBUG   (   89):     be8899f8  40068720  /system/lib/libc.so
I/DEBUG   (   89):     be8899fc  400686b0  /system/lib/libc.so
I/DEBUG   (   89):     be889a00  00000000  
I/DEBUG   (   89):     be889a04  4003ff0f  /system/lib/libc.so
I/DEBUG   (   89):     be889a08  401bce09  /system/lib/libandroid_runtime.so
I/DEBUG   (   89):     be889a0c  4003ec75  /system/lib/libc.so
I/DEBUG   (   89):     be889a10  ffffffff  
I/DEBUG   (   89):     be889a14  00000000  
I/DEBUG   (   89):     be889a18  00000000  
I/DEBUG   (   89):     be889a1c  401bc6f3  /system/lib/libandroid_runtime.so
I/DEBUG   (   89):     be889a20  be889a68  [stack]
I/DEBUG   (   89):     be889a24  4003f08d  /system/lib/libc.so
I/DEBUG   (   89):     be889a28  df0027ad  
I/DEBUG   (   89):     be889a2c  00000000  
I/DEBUG   (   89): #00 be889a30  0000002d  
I/DEBUG   (   89):     be889a34  00000100  
I/DEBUG   (   89):     be889a38  4019180d  /system/lib/libandroid_runtime.so
I/DEBUG   (   89):     be889a3c  5ba37ad5  
I/DEBUG   (   89):     be889a40  be889a74  [stack]
I/DEBUG   (   89):     be889a44  fffffbdf  
I/DEBUG   (   89):     be889a48  0000f2c0  [heap]
I/DEBUG   (   89):     be889a4c  40868ffd  /system/lib/libdvm.so
I/DEBUG   (   89):     be889a50  0000f2c0  [heap]
I/DEBUG   (   89):     be889a54  401f865b  /system/lib/libnativehelper.so
I/DEBUG   (   89): #01 be889a58  40868ffd  /system/lib/libdvm.so
I/DEBUG   (   89):     be889a5c  401f865b  /system/lib/libnativehelper.so
I/DEBUG   (   89):     be889a60  401d2f48  /system/lib/libandroid_runtime.so
I/DEBUG   (   89):     be889a64  00000036  
I/DEBUG   (   89):     be889a68  0000f2c0  [heap]
I/DEBUG   (   89):     be889a6c  1d200031  
I/DEBUG   (   89):     be889a70  408c3ca8  /system/lib/libdvm.so
I/DEBUG   (   89):     be889a74  0000f2c0  [heap]
I/DEBUG   (   89):     be889a78  401bc6f3  /system/lib/libandroid_runtime.so
I/DEBUG   (   89):     be889a7c  401d5de0  /system/lib/libandroid_runtime.so
I/DEBUG   (   89):     be889a80  401b8e4b  /system/lib/libandroid_runtime.so
I/DEBUG   (   89):     be889a84  40175877  /system/lib/libandroid_runtime.so
I/DEBUG   (   89):     be889a88  0000f2c0  [heap]
I/DEBUG   (   89):     be889a8c  401904bb  /system/lib/libandroid_runtime.so
I/DEBUG   (   89):     be889a90  0000f2c0  [heap]
I/DEBUG   (   89):     be889a94  1d200025  
I/DEBUG   (   89):     be889a98  00000001  
I/DEBUG   (   89):     be889a9c  401cc850  /system/lib/libandroid_runtime.so
I/ServiceManager(   86): service 'media.audio_flinger' died
I/ServiceManager(   86): service 'media.player' died
I/ServiceManager(   86): service 'media.camera' died
I/ServiceManager(   86): service 'media.audio_policy' died
I/Netd    (  382): Netd 1.0 starting
D/AndroidRuntime(  383): 
D/AndroidRuntime(  383): >>>>>> AndroidRuntime START com.android.internal.os.ZygoteInit <<<<<<
D/AndroidRuntime(  383): CheckJNI is OFF
I/        (  384): ServiceManager: 0xf958
I/HTC Acoustic(  384): libhtc_acoustic.so version 2.0.0.6.
I/HTC Acoustic(  384): deonvvv gingerbread test.
I/HTC Acoustic(  384): open /system/etc/AudioPara4_WB.csv success.
I/HTC Acoustic(  384): acoustic table version: MAL_WB_20110217
I/HTC Acoustic(  384): read_audio_para_from_file success.
E/HTC Acoustic(  384): Fail to open /system/etc/AudioPara_ALL.csv -1.
I/HTC Acoustic(  384): open /system/etc/AudioPara4.csv success.
I/HTC Acoustic(  384): acoustic table version: MAL_Gerenic_20110509
I/HTC Acoustic(  384): read_audio_para_from_file success.
E/dalvikvm(  383): ERROR: couldn't find native method
E/dalvikvm(  383): Requested: Landroid/content/res/AssetManager;.splitThemePackage:(Ljava/lang/String;Ljava/lang/String;[Ljava/lang/String;)I
E/JNIHelp (  383): RegisterNatives failed for 'android/content/res/AssetManager', aborting
F/libc    (  383): Fatal signal 11 (SIGSEGV) at 0xdeadbaad (code=1)
I/HTC Acoustic(  384): get_audpp_filter
I/HTC Acoustic(  384): open /system/etc/AudioFilter.csv success.
I/HTC Acoustic(  384): MBADRC Filter MBADRC FLAG = ffff.
E/HTC Acoustic(  384): set mbadrc filter error.
I/HTC Acoustic(  384): failed to set audpp parameters, exiting.
I/HTC Acoustic(  384): get_audpre_filter
I/HTC Acoustic(  384): open /system/etc/AudioPreProcess.csv success.
D/AudioHardwareMSM72XX(  384): mNumSndEndpoints = 151
V/AudioHardwareMSM72XX(  384): constructed 151 SND endpoints)
D/AudioHardwareMSM72XX(  384): BT MATCH HANDSET
D/AudioHardwareMSM72XX(  384): BT MATCH SPEAKER
D/AudioHardwareMSM72XX(  384): BT MATCH HEADSET
D/AudioHardwareMSM72XX(  384): BT MATCH BT
D/AudioHardwareMSM72XX(  384): BT MATCH CARKIT
D/AudioHardwareMSM72XX(  384): BT MATCH TTY_FULL
D/AudioHardwareMSM72XX(  384): BT MATCH TTY_VCO
D/AudioHardwareMSM72XX(  384): BT MATCH TTY_HCO
D/AudioHardwareMSM72XX(  384): BT MATCH NO_MIC_HEADSET
D/AudioHardwareMSM72XX(  384): BT MATCH FM_HEADSET
D/AudioHardwareMSM72XX(  384): BT MATCH HEADSET_AND_SPEAKER
D/AudioHardwareMSM72XX(  384): BT MATCH FM_SPEAKER
D/AudioHardwareMSM72XX(  384): BT MATCH BT_EC_OFF
D/AudioHardwareMSM72XX(  384): BT MATCH BT_EC_OFF
D/AudioHardwareMSM72XX(  384): BT MATCH CURRENT
I/AudioFlinger(  384): Loaded primary audio interface from LEGACY Audio HW HAL (audio)
I/AudioFlinger(  384): Using 'LEGACY Audio HW HAL' (audio.primary) as the primary audio interface
I/AudioFlinger(  384): Loaded a2dp audio interface from A2DP Audio HW HAL (audio)
D/AudioHardwareInterface(  384): setMode(NORMAL)
I/AudioHardwareMSM72XX(  384): Set master volume to 5.
I/CameraService(  384): CameraService started (pid=384)
I/AudioFlinger(  384): AudioFlinger's thread 0x16f90 ready to run
W/AudioFlinger(  384): Thread AudioOut_1 cannot connect to the power manager service
V/AudioHardwareMSM72XX(  384): AudioStreamOutMSM72xx::setParameters() routing=2
V/AudioHardwareMSM72XX(  384): set output routing 2
I/AudioHardwareMSM72XX(  384): Routing audio to Speakerphone
V/AudioHardwareMSM72XX(  384): doAudioRouteOrMute() device 1, mMode 0, mMicMute 1
D/AudioHardwareMSM72XX(  384): setVoiceVolume(1.000000)
I/AudioHardwareMSM72XX(  384): Setting in-call volume to 5 (available range is 0 to 5)
I/AudioPolicyService(  384): Loaded audio policy from LEGACY Audio Policy HAL (audio_policy)
I/DEBUG   (   89): *** *** *** *** *** *** *** *** *** *** *** *** *** *** *** ***
I/DEBUG   (   89): Build fingerprint: 'cyanogenmod/htc_marvel/marvel:4.0.4/ASN01/0.1:user/release-keys'
I/DEBUG   (   89): pid: 383, tid: 383  >>> zygote <<<
I/DEBUG   (   89): signal 11 (SIGSEGV), code 1 (SEGV_MAPERR), fault addr deadbaad
I/DEBUG   (   89):  r0 deadbaad  r1 0000000c  r2 00000027  r3 a0000000
I/DEBUG   (   89):  r4 00000000  r5 00000080  r6 401bc6f3  r7 bed7da68
I/DEBUG   (   89):  r8 00000000  r9 00000000  10 00000000  fp 00000000
I/DEBUG   (   89):  ip ffffffff  sp bed7da30  lr 4003ff0f  pc 4003c6c6  cpsr 00000030
I/DEBUG   (   89):  d0  3f4000003f400000  d1  0000000000000000
I/DEBUG   (   89):  d2  0000000000000000  d3  0000000000000000
I/DEBUG   (   89):  d4  0000000000000000  d5  0000000000000000
I/DEBUG   (   89):  d6  0000000000000000  d7  0000000000000000
I/DEBUG   (   89):  d8  0000000000000000  d9  0000000000000000
I/DEBUG   (   89):  d10 0000000000000000  d11 0000000000000000
I/DEBUG   (   89):  d12 0000000000000000  d13 0000000000000000
I/DEBUG   (   89):  d14 0000000000000000  d15 0000000000000000
I/DEBUG   (   89):  scr 60000000
I/DEBUG   (   89): 
I/DEBUG   (   89):          #00  pc 000176c6  /system/lib/libc.so
I/DEBUG   (   89):          #01  pc 0000c658  /system/lib/libnativehelper.so (jniRegisterNativeMethods)
I/DEBUG   (   89): 
I/DEBUG   (   89): code around pc:
I/DEBUG   (   89): 4003c6a4 1c2bd00c 2d00682d e027d1fb 2a0068da  ..+.-h.-..'..h.*
I/DEBUG   (   89): 4003c6b4 4b16d004 447b2001 47906018 22274814  ...K. {D.`.G.H'"
I/DEBUG   (   89): 4003c6c4 70022580 ef74f7f4 f7f62106 aa01e812  .%.p..t..!......
I/DEBUG   (   89): 4003c6d4 05692400 60546091 20061c11 f7f59401  .$i..`T`... ....
I/DEBUG   (   89): 4003c6e4 a905ebce 20022200 ebd6f7f5 ef60f7f4  .....". ......`.
I/DEBUG   (   89): 
I/DEBUG   (   89): code around lr:
I/DEBUG   (   89): 4003feec 4b0db5f0 447bb083 681c2600 68a59001  ...K..{D.&.h...h
I/DEBUG   (   89): 4003fefc e0086867 5ea8220c dd032800 99011c28  gh...".^.(..(...
I/DEBUG   (   89): 4003ff0c 43064788 3f013554 6824d5f4 d1ee2c00  .G.CT5.?..$h.,..
I/DEBUG   (   89): 4003ff1c 1c30b003 46c0bdf0 000285f2 1c0fb5f0  ..0....F........
I/DEBUG   (   89): 4003ff2c b0891c3d a9064355 604d9103 90064914  =...UC....M`.I..
I/DEBUG   (   89): 
I/DEBUG   (   89): memory map around addr deadbaad:
I/DEBUG   (   89): bed5d000-bed7e000 [stack]
I/DEBUG   (   89): (no map for address)
I/DEBUG   (   89): (no map above)
I/DEBUG   (   89): 
I/DEBUG   (   89): stack:
I/DEBUG   (   89):     bed7d9f0  00000000  
I/DEBUG   (   89):     bed7d9f4  7839ae1e  
I/DEBUG   (   89):     bed7d9f8  40068720  /system/lib/libc.so
I/DEBUG   (   89):     bed7d9fc  400686b0  /system/lib/libc.so
I/DEBUG   (   89):     bed7da00  00000000  
I/DEBUG   (   89):     bed7da04  4003ff0f  /system/lib/libc.so
I/DEBUG   (   89):     bed7da08  401bce09  /system/lib/libandroid_runtime.so
I/DEBUG   (   89):     bed7da0c  4003ec75  /system/lib/libc.so
I/DEBUG   (   89):     bed7da10  ffffffff  
I/DEBUG   (   89):     bed7da14  00000000  
I/DEBUG   (   89):     bed7da18  00000000  
I/DEBUG   (   89):     bed7da1c  401bc6f3  /system/lib/libandroid_runtime.so
I/DEBUG   (   89):     bed7da20  bed7da68  [stack]
I/DEBUG   (   89):     bed7da24  4003f08d  /system/lib/libc.so
I/DEBUG   (   89):     bed7da28  df0027ad  
I/DEBUG   (   89):     bed7da2c  00000000  
I/DEBUG   (   89): #00 bed7da30  0000002d  
I/DEBUG   (   89):     bed7da34  00000100  
I/DEBUG   (   89):     bed7da38  4019180d  /system/lib/libandroid_runtime.so
I/DEBUG   (   89):     bed7da3c  7839ae1e  
I/DEBUG   (   89):     bed7da40  bed7da74  [stack]
I/DEBUG   (   89):     bed7da44  fffffbdf  
I/DEBUG   (   89):     bed7da48  0000f2c0  [heap]
I/DEBUG   (   89):     bed7da4c  40868ffd  /system/lib/libdvm.so
I/DEBUG   (   89):     bed7da50  0000f2c0  [heap]
I/DEBUG   (   89):     bed7da54  401f865b  /system/lib/libnativehelper.so
I/DEBUG   (   89): #01 bed7da58  40868ffd  /system/lib/libdvm.so
I/DEBUG   (   89):     bed7da5c  401f865b  /system/lib/libnativehelper.so
I/DEBUG   (   89):     bed7da60  401d2f48  /system/lib/libandroid_runtime.so
I/DEBUG   (   89):     bed7da64  00000036  
I/DEBUG   (   89):     bed7da68  0000f2c0  [heap]
I/DEBUG   (   89):     bed7da6c  1d200031  
I/DEBUG   (   89):     bed7da70  408c3ca8  /system/lib/libdvm.so
I/DEBUG   (   89):     bed7da74  0000f2c0  [heap]
I/DEBUG   (   89):     bed7da78  401bc6f3  /system/lib/libandroid_runtime.so
I/DEBUG   (   89):     bed7da7c  401d5de0  /system/lib/libandroid_runtime.so
I/DEBUG   (   89):     bed7da80  401b8e4b  /system/lib/libandroid_runtime.so
I/DEBUG   (   89):     bed7da84  40175877  /system/lib/libandroid_runtime.so
I/DEBUG   (   89):     bed7da88  0000f2c0  [heap]
I/DEBUG   (   89):     bed7da8c  401904bb  /system/lib/libandroid_runtime.so
I/DEBUG   (   89):     bed7da90  0000f2c0  [heap]
I/DEBUG   (   89):     bed7da94  1d200025  
I/DEBUG   (   89):     bed7da98  00000001  
I/DEBUG   (   89):     bed7da9c  401cc850  /system/lib/libandroid_runtime.so
I/ServiceManager(   86): service 'media.audio_flinger' died
I/ServiceManager(   86): service 'media.player' died
I/ServiceManager(   86): service 'media.camera' died
I/ServiceManager(   86): service 'media.audio_policy' died
