--------- beginning of /dev/log/main
I/cm      (   79): Welcome to Android 4.0.4 / CyanogenMod-9.0.0-RC0-marvel-UNOFFICIAL 
I/cm      (   80):                                                 _  
I/cm      (   81):  __ __ _ ___  _ _  __  ___  __ _ _  _  _  __  __)) 
I/cm      (   82): ((_ \(/'((_( ((\( ((_)((_( (('((\( ((`1( ((_)((_(  
I/cm      (   83):      ))                 _)) 
I/cm      (   84):   
I/DEBUG   (   89): debuggerd: Jun  1 2012 20:39:36
D/AK8975  (   98): AK8975 daemon 1.1.0 Start
D/AK8975  (   98): (Library version : 1.2.1.1125)
--------- beginning of /dev/log/system
I/Vold    (   87): Vold 2.1 (the revenge) firing up
I/Netd    (   88): Netd 1.0 starting
D/Vold    (   87): Volume sdcard state changing -1 (Initializing) -> 0 (No-Media)
D/Vold    (   87): Volume sdcard state changing 0 (No-Media) -> 2 (Pending)
D/DirectVolume(   87): DirectVolume::handlePartitionAdded -> MAJOR 179, MINOR 1, PARTN 1
D/Vold    (   87): Volume sdcard state changing 2 (Pending) -> 1 (Idle-Unmounted)
I/        (   93): ServiceManager: 0x18910
D/AndroidRuntime(   92): 
D/AndroidRuntime(   92): >>>>>> AndroidRuntime START com.android.internal.os.ZygoteInit <<<<<<
D/AndroidRuntime(   92): CheckJNI is OFF
I/SurfaceFlinger(   91): SurfaceFlinger is starting
I/SurfaceFlinger(   91): SurfaceFlinger's main thread ready to run. Initializing graphics H/W...
E/msm7x27.gralloc(   91): We support 3 buffers
I/msm7x27.gralloc(   91): using (fd=12)
I/msm7x27.gralloc(   91): id           = msmfb
I/msm7x27.gralloc(   91): xres         = 320 px
I/msm7x27.gralloc(   91): yres         = 480 px
I/msm7x27.gralloc(   91): xres_virtual = 320 px
I/msm7x27.gralloc(   91): yres_virtual = 1440 px
I/msm7x27.gralloc(   91): bpp          = 32
I/msm7x27.gralloc(   91): r            =  0:8
I/msm7x27.gralloc(   91): g            =  8:8
I/msm7x27.gralloc(   91): b            = 16:8
I/msm7x27.gralloc(   91): width        = 51 mm (159.372543 dpi)
I/msm7x27.gralloc(   91): height       = 76 mm (160.421051 dpi)
I/msm7x27.gralloc(   91): refresh rate = 0.00 Hz
D/CALCFPS (   91): DEBUG_CALC_FPS: 0
D/CALCFPS (   91): period: 10
D/CALCFPS (   91): ignorethresh_us: 500000
D/CALCFPS (   91): DEBUG_CALC_FPS: 0
D/CALCFPS (   91): period: 10
D/CALCFPS (   91): ignorethresh_us: 500000
D/FramebufferNativeWindow(   91): mNumBuffers = 3
D/libEGL  (   91): loaded /system/lib/egl/libGLES_android.so
D/libEGL  (   91): loaded /system/lib/egl/libEGL_adreno200.so
D/libEGL  (   91): loaded /system/lib/egl/libGLESv1_CM_adreno200.so
D/libEGL  (   91): loaded /system/lib/egl/libGLESv2_adreno200.so
I/SurfaceFlinger(   91): EGL informations:
I/SurfaceFlinger(   91): # of configs : 44
I/SurfaceFlinger(   91): vendor    : Android
I/SurfaceFlinger(   91): version   : 1.4 Android META-EGL
I/SurfaceFlinger(   91): extensions: EGL_KHR_image EGL_KHR_image_base EGL_KHR_image_base EGL_KHR_fence_sync EGL_ANDROID_image_native_buffer EGL_ANDROID_image_native_buffer EGL_ANDROID_get_render_buffer 
I/SurfaceFlinger(   91): Client API: OpenGL ES
I/SurfaceFlinger(   91): EGLSurface: 8-8-8-8, config=0x3
I/SurfaceFlinger(   91): OpenGL informations:
I/SurfaceFlinger(   91): vendor    : Qualcomm
I/SurfaceFlinger(   91): renderer  : Adreno (TM) 200
I/SurfaceFlinger(   91): version   : OpenGL ES-CM 1.1
I/SurfaceFlinger(   91): extensions: GL_AMD_compressed_ATC_texture GL_AMD_performance_monitor GL_APPLE_texture_2D_limited_npot GL_ARB_vertex_buffer_object GL_EXT_texture_filter_anisotropic GL_EXT_texture_format_BGRA8888 GL_EXT_texture_type_2_10_10_10_REV GL_OES_blend_equation_separate GL_OES_blend_func_separate GL_OES_blend_subtract GL_OES_compressed_ETC1_RGB8_texture GL_OES_compressed_paletted_texture GL_OES_depth_texture GL_OES_depth24 GL_OES_draw_texture GL_OES_EGL_image GL_OES_EGL_image_external GL_OES_framebuffer_object GL_OES_matrix_palette GL_OES_packed_depth_stencil GL_OES_point_size_array GL_OES_point_sprite GL_OES_read_format GL_OES_rgb8_rgba8 GL_OES_stencil_wrap GL_OES_texture_cube_map GL_OES_texture_env_crossbar GL_OES_texture_float GL_OES_texture_half_float GL_OES_texture_half_float_linear GL_OES_texture_npot GL_OES_texture_mirrored_repeat GL_QCOM_binning_control GL_QCOM_extended_get GL_QCOM_tiled_rendering GL_AMD_compressed_3DC_texture 
I/SurfaceFlinger(   91): GL_MAX_TEXTURE_SIZE = 4096
I/SurfaceFlinger(   91): GL_MAX_VIEWPORT_DIMS = 4096 x 4096
I/SurfaceFlinger(   91): flags = 00000000
D/CALCFPS (   91): DEBUG_CALC_FPS: 0
D/CALCFPS (   91): period: 10
D/CALCFPS (   91): ignorethresh_us: 500000
I/        (   94): ServiceManager: 0xf958
I/HTC Acoustic(   94): libhtc_acoustic.so version 2.0.0.6.
I/HTC Acoustic(   94): deonvvv gingerbread test.
I/HTC Acoustic(   94): open /system/etc/AudioPara4_WB.csv success.
I/HTC Acoustic(   94): acoustic table version: MAL_WB_20110217
D/libEGL  (  144): loaded /system/lib/egl/libGLES_android.so
D/libEGL  (  144): loaded /system/lib/egl/libEGL_adreno200.so
I/HTC Acoustic(   94): read_audio_para_from_file success.
E/HTC Acoustic(   94): Fail to open /system/etc/AudioPara_ALL.csv -1.
I/HTC Acoustic(   94): open /system/etc/AudioPara4.csv success.
D/libEGL  (  144): loaded /system/lib/egl/libGLESv1_CM_adreno200.so
D/libEGL  (  144): loaded /system/lib/egl/libGLESv2_adreno200.so
I/HTC Acoustic(   94): acoustic table version: MAL_Gerenic_20110509
D/memalloc(   91): init_pmem_area: Initializing pmem area
D/memalloc(   91): init_pmem_area_locked: Opening master pmem FD
D/memalloc(   91): init_pmem_area_locked: Total pmem size: 16777216
D/memalloc(   91): /dev/pmem: Allocated buffer base:0x41504000 size:614400 offset:0 fd:26
D/memalloc(  144): /dev/pmem: Mapped buffer base:0x407f0000 size:614400 offset:0 fd:16
I/HTC Acoustic(   94): read_audio_para_from_file success.
I/HTC Acoustic(   94): get_audpp_filter
I/HTC Acoustic(   94): open /system/etc/AudioFilter.csv success.
I/HTC Acoustic(   94): MBADRC Filter MBADRC FLAG = ffff.
E/HTC Acoustic(   94): set mbadrc filter error.
I/HTC Acoustic(   94): failed to set audpp parameters, exiting.
I/HTC Acoustic(   94): get_audpre_filter
I/HTC Acoustic(   94): open /system/etc/AudioPreProcess.csv success.
D/AudioHardwareMSM72XX(   94): mNumSndEndpoints = 151
V/AudioHardwareMSM72XX(   94): constructed 151 SND endpoints)
D/AudioHardwareMSM72XX(   94): BT MATCH HANDSET
D/AudioHardwareMSM72XX(   94): BT MATCH SPEAKER
D/AudioHardwareMSM72XX(   94): BT MATCH HEADSET
D/AudioHardwareMSM72XX(   94): BT MATCH BT
D/AudioHardwareMSM72XX(   94): BT MATCH CARKIT
D/AudioHardwareMSM72XX(   94): BT MATCH TTY_FULL
D/AudioHardwareMSM72XX(   94): BT MATCH TTY_VCO
D/AudioHardwareMSM72XX(   94): BT MATCH TTY_HCO
D/AudioHardwareMSM72XX(   94): BT MATCH NO_MIC_HEADSET
D/AudioHardwareMSM72XX(   94): BT MATCH FM_HEADSET
D/AudioHardwareMSM72XX(   94): BT MATCH HEADSET_AND_SPEAKER
D/AudioHardwareMSM72XX(   94): BT MATCH FM_SPEAKER
D/AudioHardwareMSM72XX(   94): BT MATCH BT_EC_OFF
D/AudioHardwareMSM72XX(   94): BT MATCH BT_EC_OFF
D/AudioHardwareMSM72XX(   94): BT MATCH CURRENT
I/AudioFlinger(   94): Loaded primary audio interface from LEGACY Audio HW HAL (audio)
I/AudioFlinger(   94): Using 'LEGACY Audio HW HAL' (audio.primary) as the primary audio interface
I/AudioFlinger(   94): Loaded a2dp audio interface from A2DP Audio HW HAL (audio)
D/AudioHardwareInterface(   94): setMode(NORMAL)
I/AudioHardwareMSM72XX(   94): Set master volume to 5.
I/CameraService(   94): CameraService started (pid=94)
I/AudioFlinger(   94): AudioFlinger's thread 0x16fd8 ready to run
W/AudioFlinger(   94): Thread AudioOut_1 cannot connect to the power manager service
V/AudioHardwareMSM72XX(   94): AudioStreamOutMSM72xx::setParameters() routing=2
V/AudioHardwareMSM72XX(   94): set output routing 2
I/AudioHardwareMSM72XX(   94): Routing audio to Speakerphone
V/AudioHardwareMSM72XX(   94): doAudioRouteOrMute() device 1, mMode 0, mMicMute 1
D/AudioHardwareMSM72XX(   94): setVoiceVolume(1.000000)
I/AudioHardwareMSM72XX(   94): Setting in-call volume to 5 (available range is 0 to 5)
I/AudioPolicyService(   94): Loaded audio policy from LEGACY Audio Policy HAL (audio_policy)
D/memalloc(   91): /dev/pmem: Allocated buffer base:0x41504000 size:614400 offset:614400 fd:29
D/memalloc(  144): /dev/pmem: Mapped buffer base:0x40df8000 size:1228800 offset:614400 fd:20
D/memalloc(   91): /dev/pmem: Allocated buffer base:0x41504000 size:614400 offset:1228800 fd:32
D/memalloc(  144): /dev/pmem: Mapped buffer base:0x410e0000 size:1843200 offset:1228800 fd:23
E/dalvikvm(   92): ERROR: couldn't find native method
E/dalvikvm(   92): Requested: Landroid/content/res/AssetManager;.splitThemePackage:(Ljava/lang/String;Ljava/lang/String;[Ljava/lang/String;)I
E/JNIHelp (   92): RegisterNatives failed for 'android/content/res/AssetManager', aborting
F/libc    (   92): Fatal signal 11 (SIGSEGV) at 0xdeadbaad (code=1)
I/DEBUG   (   89): *** *** *** *** *** *** *** *** *** *** *** *** *** *** *** ***
I/DEBUG   (   89): Build fingerprint: 'cyanogenmod/htc_marvel/marvel:4.0.4/ASN01/0.1:user/release-keys'
I/DEBUG   (   89): pid: 92, tid: 92  >>> zygote <<<
I/DEBUG   (   89): signal 11 (SIGSEGV), code 1 (SEGV_MAPERR), fault addr deadbaad
I/DEBUG   (   89):  r0 deadbaad  r1 0000000c  r2 00000027  r3 a0000000
I/DEBUG   (   89):  r4 00000000  r5 00000080  r6 401bc6f3  r7 bec78a68
I/DEBUG   (   89):  r8 00000000  r9 00000000  10 00000000  fp 00000000
I/DEBUG   (   89):  ip ffffffff  sp bec78a30  lr 4003ff0f  pc 4003c6c6  cpsr 00000030
I/DEBUG   (   89):  d0  3f4000003f400000  d1  0000000000000000
I/DEBUG   (   89):  d2  0000000000000000  d3  0000000000000000
I/DEBUG   (   89):  d4  0000000000000000  d5  0000000000000000
I/DEBUG   (   89):  d6  0000000000000000  d7  0000000000000000
I/DEBUG   (   89):  d8  0000000000000000  d9  0000000000000000
I/DEBUG   (   89):  d10 0000000000000000  d11 0000000000000000
I/DEBUG   (   89):  d12 0000000000000000  d13 0000000000000000
I/DEBUG   (   89):  d14 0000000000000000  d15 0000000000000000
I/DEBUG   (   89):  scr 60000000
I/DEBUG   (   89): 
I/DEBUG   (   89):          #00  pc 000176c6  /system/lib/libc.so
I/DEBUG   (   89):          #01  pc 0000c658  /system/lib/libnativehelper.so (jniRegisterNativeMethods)
I/DEBUG   (   89): 
I/DEBUG   (   89): code around pc:
I/DEBUG   (   89): 4003c6a4 1c2bd00c 2d00682d e027d1fb 2a0068da  ..+.-h.-..'..h.*
I/DEBUG   (   89): 4003c6b4 4b16d004 447b2001 47906018 22274814  ...K. {D.`.G.H'"
I/DEBUG   (   89): 4003c6c4 70022580 ef74f7f4 f7f62106 aa01e812  .%.p..t..!......
I/DEBUG   (   89): 4003c6d4 05692400 60546091 20061c11 f7f59401  .$i..`T`... ....
I/DEBUG   (   89): 4003c6e4 a905ebce 20022200 ebd6f7f5 ef60f7f4  .....". ......`.
I/DEBUG   (   89): 
I/DEBUG   (   89): code around lr:
I/DEBUG   (   89): 4003feec 4b0db5f0 447bb083 681c2600 68a59001  ...K..{D.&.h...h
I/DEBUG   (   89): 4003fefc e0086867 5ea8220c dd032800 99011c28  gh...".^.(..(...
I/DEBUG   (   89): 4003ff0c 43064788 3f013554 6824d5f4 d1ee2c00  .G.CT5.?..$h.,..
I/DEBUG   (   89): 4003ff1c 1c30b003 46c0bdf0 000285f2 1c0fb5f0  ..0....F........
I/DEBUG   (   89): 4003ff2c b0891c3d a9064355 604d9103 90064914  =...UC....M`.I..
I/DEBUG   (   89): 
I/DEBUG   (   89): memory map around addr deadbaad:
I/DEBUG   (   89): bec58000-bec79000 [stack]
I/DEBUG   (   89): (no map for address)
I/DEBUG   (   89): (no map above)
I/DEBUG   (   89): 
I/DEBUG   (   89): stack:
I/DEBUG   (   89):     bec789f0  00000000  
I/DEBUG   (   89):     bec789f4  8ea40055  
I/DEBUG   (   89):     bec789f8  40068720  /system/lib/libc.so
I/DEBUG   (   89):     bec789fc  400686b0  /system/lib/libc.so
I/DEBUG   (   89):     bec78a00  00000000  
I/DEBUG   (   89):     bec78a04  4003ff0f  /system/lib/libc.so
I/DEBUG   (   89):     bec78a08  401bce09  /system/lib/libandroid_runtime.so
I/DEBUG   (   89):     bec78a0c  4003ec75  /system/lib/libc.so
I/DEBUG   (   89):     bec78a10  ffffffff  
I/DEBUG   (   89):     bec78a14  00000000  
I/DEBUG   (   89):     bec78a18  00000000  
I/DEBUG   (   89):     bec78a1c  401bc6f3  /system/lib/libandroid_runtime.so
I/DEBUG   (   89):     bec78a20  bec78a68  [stack]
I/DEBUG   (   89):     bec78a24  4003f08d  /system/lib/libc.so
I/DEBUG   (   89):     bec78a28  df0027ad  
I/DEBUG   (   89):     bec78a2c  00000000  
I/DEBUG   (   89): #00 bec78a30  0000002d  
I/DEBUG   (   89):     bec78a34  00000100  
I/DEBUG   (   89):     bec78a38  4019180d  /system/lib/libandroid_runtime.so
I/DEBUG   (   89):     bec78a3c  8ea40055  
I/DEBUG   (   89):     bec78a40  bec78a74  [stack]
I/DEBUG   (   89):     bec78a44  fffffbdf  
I/DEBUG   (   89):     bec78a48  0000f2c0  [heap]
I/DEBUG   (   89):     bec78a4c  40868ffd  /system/lib/libdvm.so
I/DEBUG   (   89):     bec78a50  0000f2c0  [heap]
I/DEBUG   (   89):     bec78a54  401f865b  /system/lib/libnativehelper.so
I/DEBUG   (   89): #01 bec78a58  40868ffd  /system/lib/libdvm.so
I/DEBUG   (   89):     bec78a5c  401f865b  /system/lib/libnativehelper.so
I/DEBUG   (   89):     bec78a60  401d2f48  /system/lib/libandroid_runtime.so
I/DEBUG   (   89):     bec78a64  00000036  
I/DEBUG   (   89):     bec78a68  0000f2c0  [heap]
I/DEBUG   (   89):     bec78a6c  1d200031  
I/DEBUG   (   89):     bec78a70  408c3ca8  /system/lib/libdvm.so
I/DEBUG   (   89):     bec78a74  0000f2c0  [heap]
I/DEBUG   (   89):     bec78a78  401bc6f3  /system/lib/libandroid_runtime.so
I/DEBUG   (   89):     bec78a7c  401d5de0  /system/lib/libandroid_runtime.so
I/DEBUG   (   89):     bec78a80  401b8e4b  /system/lib/libandroid_runtime.so
I/DEBUG   (   89):     bec78a84  40175877  /system/lib/libandroid_runtime.so
I/DEBUG   (   89):     bec78a88  0000f2c0  [heap]
I/DEBUG   (   89):     bec78a8c  401904bb  /system/lib/libandroid_runtime.so
I/DEBUG   (   89):     bec78a90  0000f2c0  [heap]
I/DEBUG   (   89):     bec78a94  1d200025  
I/DEBUG   (   89):     bec78a98  00000001  
I/DEBUG   (   89):     bec78a9c  401cc850  /system/lib/libandroid_runtime.so
I/ServiceManager(   86): service 'media.audio_flinger' died
I/ServiceManager(   86): service 'media.player' died
I/ServiceManager(   86): service 'media.camera' died
I/ServiceManager(   86): service 'media.audio_policy' died
I/Netd    (  159): Netd 1.0 starting
D/AndroidRuntime(  158): 
D/AndroidRuntime(  158): >>>>>> AndroidRuntime START com.android.internal.os.ZygoteInit <<<<<<
D/AndroidRuntime(  158): CheckJNI is OFF
I/        (  160): ServiceManager: 0xf958
I/HTC Acoustic(  160): libhtc_acoustic.so version 2.0.0.6.
I/HTC Acoustic(  160): deonvvv gingerbread test.
I/HTC Acoustic(  160): open /system/etc/AudioPara4_WB.csv success.
I/HTC Acoustic(  160): acoustic table version: MAL_WB_20110217
E/dalvikvm(  158): ERROR: couldn't find native method
I/HTC Acoustic(  160): read_audio_para_from_file success.
E/HTC Acoustic(  160): Fail to open /system/etc/AudioPara_ALL.csv -1.
E/dalvikvm(  158): Requested: Landroid/content/res/AssetManager;.splitThemePackage:(Ljava/lang/String;Ljava/lang/String;[Ljava/lang/String;)I
I/HTC Acoustic(  160): open /system/etc/AudioPara4.csv success.
I/HTC Acoustic(  160): acoustic table version: MAL_Gerenic_20110509
E/JNIHelp (  158): RegisterNatives failed for 'android/content/res/AssetManager', aborting
F/libc    (  158): Fatal signal 11 (SIGSEGV) at 0xdeadbaad (code=1)
I/HTC Acoustic(  160): read_audio_para_from_file success.
I/HTC Acoustic(  160): get_audpp_filter
I/HTC Acoustic(  160): open /system/etc/AudioFilter.csv success.
I/HTC Acoustic(  160): MBADRC Filter MBADRC FLAG = ffff.
E/HTC Acoustic(  160): set mbadrc filter error.
I/HTC Acoustic(  160): failed to set audpp parameters, exiting.
I/HTC Acoustic(  160): get_audpre_filter
I/HTC Acoustic(  160): open /system/etc/AudioPreProcess.csv success.
D/AudioHardwareMSM72XX(  160): mNumSndEndpoints = 151
V/AudioHardwareMSM72XX(  160): constructed 151 SND endpoints)
D/AudioHardwareMSM72XX(  160): BT MATCH HANDSET
D/AudioHardwareMSM72XX(  160): BT MATCH SPEAKER
D/AudioHardwareMSM72XX(  160): BT MATCH HEADSET
D/AudioHardwareMSM72XX(  160): BT MATCH BT
D/AudioHardwareMSM72XX(  160): BT MATCH CARKIT
D/AudioHardwareMSM72XX(  160): BT MATCH TTY_FULL
D/AudioHardwareMSM72XX(  160): BT MATCH TTY_VCO
D/AudioHardwareMSM72XX(  160): BT MATCH TTY_HCO
D/AudioHardwareMSM72XX(  160): BT MATCH NO_MIC_HEADSET
D/AudioHardwareMSM72XX(  160): BT MATCH FM_HEADSET
D/AudioHardwareMSM72XX(  160): BT MATCH HEADSET_AND_SPEAKER
D/AudioHardwareMSM72XX(  160): BT MATCH FM_SPEAKER
D/AudioHardwareMSM72XX(  160): BT MATCH BT_EC_OFF
D/AudioHardwareMSM72XX(  160): BT MATCH BT_EC_OFF
D/AudioHardwareMSM72XX(  160): BT MATCH CURRENT
I/AudioFlinger(  160): Loaded primary audio interface from LEGACY Audio HW HAL (audio)
I/AudioFlinger(  160): Using 'LEGACY Audio HW HAL' (audio.primary) as the primary audio interface
I/AudioFlinger(  160): Loaded a2dp audio interface from A2DP Audio HW HAL (audio)
D/AudioHardwareInterface(  160): setMode(NORMAL)
I/AudioHardwareMSM72XX(  160): Set master volume to 5.
I/CameraService(  160): CameraService started (pid=160)
I/AudioFlinger(  160): AudioFlinger's thread 0x16f90 ready to run
W/AudioFlinger(  160): Thread AudioOut_1 cannot connect to the power manager service
V/AudioHardwareMSM72XX(  160): AudioStreamOutMSM72xx::setParameters() routing=2
V/AudioHardwareMSM72XX(  160): set output routing 2
I/AudioHardwareMSM72XX(  160): Routing audio to Speakerphone
V/AudioHardwareMSM72XX(  160): doAudioRouteOrMute() device 1, mMode 0, mMicMute 1
D/AudioHardwareMSM72XX(  160): setVoiceVolume(1.000000)
I/AudioHardwareMSM72XX(  160): Setting in-call volume to 5 (available range is 0 to 5)
I/AudioPolicyService(  160): Loaded audio policy from LEGACY Audio Policy HAL (audio_policy)
I/DEBUG   (   89): *** *** *** *** *** *** *** *** *** *** *** *** *** *** *** ***
I/DEBUG   (   89): Build fingerprint: 'cyanogenmod/htc_marvel/marvel:4.0.4/ASN01/0.1:user/release-keys'
I/DEBUG   (   89): pid: 158, tid: 158  >>> zygote <<<
I/DEBUG   (   89): signal 11 (SIGSEGV), code 1 (SEGV_MAPERR), fault addr deadbaad
I/DEBUG   (   89):  r0 deadbaad  r1 0000000c  r2 00000027  r3 a0000000
I/DEBUG   (   89):  r4 00000000  r5 00000080  r6 401bc6f3  r7 bec81a68
I/DEBUG   (   89):  r8 00000000  r9 00000000  10 00000000  fp 00000000
I/DEBUG   (   89):  ip ffffffff  sp bec81a30  lr 4003ff0f  pc 4003c6c6  cpsr 00000030
I/DEBUG   (   89):  d0  3f4000003f400000  d1  0000000000000000
I/DEBUG   (   89):  d2  0000000000000000  d3  0000000000000000
I/DEBUG   (   89):  d4  0000000000000000  d5  0000000000000000
I/DEBUG   (   89):  d6  0000000000000000  d7  0000000000000000
I/DEBUG   (   89):  d8  0000000000000000  d9  0000000000000000
I/DEBUG   (   89):  d10 0000000000000000  d11 0000000000000000
I/DEBUG   (   89):  d12 0000000000000000  d13 0000000000000000
I/DEBUG   (   89):  d14 0000000000000000  d15 0000000000000000
I/DEBUG   (   89):  scr 60000000
I/DEBUG   (   89): 
I/DEBUG   (   89):          #00  pc 000176c6  /system/lib/libc.so
I/DEBUG   (   89):          #01  pc 0000c658  /system/lib/libnativehelper.so (jniRegisterNativeMethods)
I/DEBUG   (   89): 
I/DEBUG   (   89): code around pc:
I/DEBUG   (   89): 4003c6a4 1c2bd00c 2d00682d e027d1fb 2a0068da  ..+.-h.-..'..h.*
I/DEBUG   (   89): 4003c6b4 4b16d004 447b2001 47906018 22274814  ...K. {D.`.G.H'"
I/DEBUG   (   89): 4003c6c4 70022580 ef74f7f4 f7f62106 aa01e812  .%.p..t..!......
I/DEBUG   (   89): 4003c6d4 05692400 60546091 20061c11 f7f59401  .$i..`T`... ....
I/DEBUG   (   89): 4003c6e4 a905ebce 20022200 ebd6f7f5 ef60f7f4  .....". ......`.
I/DEBUG   (   89): 
I/DEBUG   (   89): code around lr:
I/DEBUG   (   89): 4003feec 4b0db5f0 447bb083 681c2600 68a59001  ...K..{D.&.h...h
I/DEBUG   (   89): 4003fefc e0086867 5ea8220c dd032800 99011c28  gh...".^.(..(...
I/DEBUG   (   89): 4003ff0c 43064788 3f013554 6824d5f4 d1ee2c00  .G.CT5.?..$h.,..
I/DEBUG   (   89): 4003ff1c 1c30b003 46c0bdf0 000285f2 1c0fb5f0  ..0....F........
I/DEBUG   (   89): 4003ff2c b0891c3d a9064355 604d9103 90064914  =...UC....M`.I..
I/DEBUG   (   89): 
I/DEBUG   (   89): memory map around addr deadbaad:
I/DEBUG   (   89): bec61000-bec82000 [stack]
I/DEBUG   (   89): (no map for address)
I/DEBUG   (   89): (no map above)
I/DEBUG   (   89): 
I/DEBUG   (   89): stack:
I/DEBUG   (   89):     bec819f0  00000000  
I/DEBUG   (   89):     bec819f4  4b9ac37f  /dev/ashmem/dalvik-card-table (deleted)
I/DEBUG   (   89):     bec819f8  40068720  /system/lib/libc.so
I/DEBUG   (   89):     bec819fc  400686b0  /system/lib/libc.so
I/DEBUG   (   89):     bec81a00  00000000  
I/DEBUG   (   89):     bec81a04  4003ff0f  /system/lib/libc.so
I/DEBUG   (   89):     bec81a08  401bce09  /system/lib/libandroid_runtime.so
I/DEBUG   (   89):     bec81a0c  4003ec75  /system/lib/libc.so
I/DEBUG   (   89):     bec81a10  ffffffff  
I/DEBUG   (   89):     bec81a14  00000000  
I/DEBUG   (   89):     bec81a18  00000000  
I/DEBUG   (   89):     bec81a1c  401bc6f3  /system/lib/libandroid_runtime.so
I/DEBUG   (   89):     bec81a20  bec81a68  [stack]
I/DEBUG   (   89):     bec81a24  4003f08d  /system/lib/libc.so
I/DEBUG   (   89):     bec81a28  df0027ad  
I/DEBUG   (   89):     bec81a2c  00000000  
I/DEBUG   (   89): #00 bec81a30  0000002d  
I/DEBUG   (   89):     bec81a34  00000100  
I/DEBUG   (   89):     bec81a38  4019180d  /system/lib/libandroid_runtime.so
I/DEBUG   (   89):     bec81a3c  4b9ac37f  /dev/ashmem/dalvik-card-table (deleted)
I/DEBUG   (   89):     bec81a40  bec81a74  [stack]
I/DEBUG   (   89):     bec81a44  fffffbdf  
I/DEBUG   (   89):     bec81a48  0000f2c0  [heap]
I/DEBUG   (   89):     bec81a4c  40868ffd  /system/lib/libdvm.so
I/DEBUG   (   89):     bec81a50  0000f2c0  [heap]
I/DEBUG   (   89):     bec81a54  401f865b  /system/lib/libnativehelper.so
I/DEBUG   (   89): #01 bec81a58  40868ffd  /system/lib/libdvm.so
I/DEBUG   (   89):     bec81a5c  401f865b  /system/lib/libnativehelper.so
I/DEBUG   (   89):     bec81a60  401d2f48  /system/lib/libandroid_runtime.so
I/DEBUG   (   89):     bec81a64  00000036  
I/DEBUG   (   89):     bec81a68  0000f2c0  [heap]
I/DEBUG   (   89):     bec81a6c  1d200031  
I/DEBUG   (   89):     bec81a70  408c3ca8  /system/lib/libdvm.so
I/DEBUG   (   89):     bec81a74  0000f2c0  [heap]
I/DEBUG   (   89):     bec81a78  401bc6f3  /system/lib/libandroid_runtime.so
I/DEBUG   (   89):     bec81a7c  401d5de0  /system/lib/libandroid_runtime.so
I/DEBUG   (   89):     bec81a80  401b8e4b  /system/lib/libandroid_runtime.so
I/DEBUG   (   89):     bec81a84  40175877  /system/lib/libandroid_runtime.so
I/DEBUG   (   89):     bec81a88  0000f2c0  [heap]
I/DEBUG   (   89):     bec81a8c  401904bb  /system/lib/libandroid_runtime.so
I/DEBUG   (   89):     bec81a90  0000f2c0  [heap]
I/DEBUG   (   89):     bec81a94  1d200025  
I/DEBUG   (   89):     bec81a98  00000001  
I/DEBUG   (   89):     bec81a9c  401cc850  /system/lib/libandroid_runtime.so
I/ServiceManager(   86): service 'media.audio_flinger' died
I/ServiceManager(   86): service 'media.player' died
I/ServiceManager(   86): service 'media.camera' died
I/ServiceManager(   86): service 'media.audio_policy' died
I/Netd    (  186): Netd 1.0 starting
D/AndroidRuntime(  187): 
D/AndroidRuntime(  187): >>>>>> AndroidRuntime START com.android.internal.os.ZygoteInit <<<<<<
D/AndroidRuntime(  187): CheckJNI is OFF
I/        (  188): ServiceManager: 0xf958
I/HTC Acoustic(  188): libhtc_acoustic.so version 2.0.0.6.
I/HTC Acoustic(  188): deonvvv gingerbread test.
I/HTC Acoustic(  188): open /system/etc/AudioPara4_WB.csv success.
I/HTC Acoustic(  188): acoustic table version: MAL_WB_20110217
I/HTC Acoustic(  188): read_audio_para_from_file success.
E/dalvikvm(  187): ERROR: couldn't find native method
E/dalvikvm(  187): Requested: Landroid/content/res/AssetManager;.splitThemePackage:(Ljava/lang/String;Ljava/lang/String;[Ljava/lang/String;)I
E/JNIHelp (  187): RegisterNatives failed for 'android/content/res/AssetManager', aborting
F/libc    (  187): Fatal signal 11 (SIGSEGV) at 0xdeadbaad (code=1)
E/HTC Acoustic(  188): Fail to open /system/etc/AudioPara_ALL.csv -1.
I/HTC Acoustic(  188): open /system/etc/AudioPara4.csv success.
I/HTC Acoustic(  188): acoustic table version: MAL_Gerenic_20110509
I/HTC Acoustic(  188): read_audio_para_from_file success.
I/HTC Acoustic(  188): get_audpp_filter
I/HTC Acoustic(  188): open /system/etc/AudioFilter.csv success.
I/HTC Acoustic(  188): MBADRC Filter MBADRC FLAG = ffff.
E/HTC Acoustic(  188): set mbadrc filter error.
I/HTC Acoustic(  188): failed to set audpp parameters, exiting.
I/HTC Acoustic(  188): get_audpre_filter
I/HTC Acoustic(  188): open /system/etc/AudioPreProcess.csv success.
D/AudioHardwareMSM72XX(  188): mNumSndEndpoints = 151
V/AudioHardwareMSM72XX(  188): constructed 151 SND endpoints)
D/AudioHardwareMSM72XX(  188): BT MATCH HANDSET
D/AudioHardwareMSM72XX(  188): BT MATCH SPEAKER
D/AudioHardwareMSM72XX(  188): BT MATCH HEADSET
D/AudioHardwareMSM72XX(  188): BT MATCH BT
D/AudioHardwareMSM72XX(  188): BT MATCH CARKIT
D/AudioHardwareMSM72XX(  188): BT MATCH TTY_FULL
D/AudioHardwareMSM72XX(  188): BT MATCH TTY_VCO
D/AudioHardwareMSM72XX(  188): BT MATCH TTY_HCO
D/AudioHardwareMSM72XX(  188): BT MATCH NO_MIC_HEADSET
D/AudioHardwareMSM72XX(  188): BT MATCH FM_HEADSET
D/AudioHardwareMSM72XX(  188): BT MATCH HEADSET_AND_SPEAKER
D/AudioHardwareMSM72XX(  188): BT MATCH FM_SPEAKER
D/AudioHardwareMSM72XX(  188): BT MATCH BT_EC_OFF
D/AudioHardwareMSM72XX(  188): BT MATCH BT_EC_OFF
D/AudioHardwareMSM72XX(  188): BT MATCH CURRENT
I/AudioFlinger(  188): Loaded primary audio interface from LEGACY Audio HW HAL (audio)
I/AudioFlinger(  188): Using 'LEGACY Audio HW HAL' (audio.primary) as the primary audio interface
I/AudioFlinger(  188): Loaded a2dp audio interface from A2DP Audio HW HAL (audio)
D/AudioHardwareInterface(  188): setMode(NORMAL)
I/AudioHardwareMSM72XX(  188): Set master volume to 5.
I/CameraService(  188): CameraService started (pid=188)
I/AudioFlinger(  188): AudioFlinger's thread 0x16fd8 ready to run
W/AudioFlinger(  188): Thread AudioOut_1 cannot connect to the power manager service
V/AudioHardwareMSM72XX(  188): AudioStreamOutMSM72xx::setParameters() routing=2
V/AudioHardwareMSM72XX(  188): set output routing 2
I/AudioHardwareMSM72XX(  188): Routing audio to Speakerphone
V/AudioHardwareMSM72XX(  188): doAudioRouteOrMute() device 1, mMode 0, mMicMute 1
D/AudioHardwareMSM72XX(  188): setVoiceVolume(1.000000)
I/AudioHardwareMSM72XX(  188): Setting in-call volume to 5 (available range is 0 to 5)
I/AudioPolicyService(  188): Loaded audio policy from LEGACY Audio Policy HAL (audio_policy)
I/DEBUG   (   89): *** *** *** *** *** *** *** *** *** *** *** *** *** *** *** ***
I/DEBUG   (   89): Build fingerprint: 'cyanogenmod/htc_marvel/marvel:4.0.4/ASN01/0.1:user/release-keys'
I/DEBUG   (   89): pid: 187, tid: 187  >>> zygote <<<
I/DEBUG   (   89): signal 11 (SIGSEGV), code 1 (SEGV_MAPERR), fault addr deadbaad
I/DEBUG   (   89):  r0 deadbaad  r1 0000000c  r2 00000027  r3 a0000000
I/DEBUG   (   89):  r4 00000000  r5 00000080  r6 401bc6f3  r7 bef18a68
I/DEBUG   (   89):  r8 00000000  r9 00000000  10 00000000  fp 00000000
I/DEBUG   (   89):  ip ffffffff  sp bef18a30  lr 4003ff0f  pc 4003c6c6  cpsr 00000030
I/DEBUG   (   89):  d0  3f4000003f400000  d1  0000000000000000
I/DEBUG   (   89):  d2  0000000000000000  d3  0000000000000000
I/DEBUG   (   89):  d4  0000000000000000  d5  0000000000000000
I/DEBUG   (   89):  d6  0000000000000000  d7  0000000000000000
I/DEBUG   (   89):  d8  0000000000000000  d9  0000000000000000
I/DEBUG   (   89):  d10 0000000000000000  d11 0000000000000000
I/DEBUG   (   89):  d12 0000000000000000  d13 0000000000000000
I/DEBUG   (   89):  d14 0000000000000000  d15 0000000000000000
I/DEBUG   (   89):  scr 60000000
I/DEBUG   (   89): 
I/DEBUG   (   89):          #00  pc 000176c6  /system/lib/libc.so
I/DEBUG   (   89):          #01  pc 0000c658  /system/lib/libnativehelper.so (jniRegisterNativeMethods)
I/DEBUG   (   89): 
I/DEBUG   (   89): code around pc:
I/DEBUG   (   89): 4003c6a4 1c2bd00c 2d00682d e027d1fb 2a0068da  ..+.-h.-..'..h.*
I/DEBUG   (   89): 4003c6b4 4b16d004 447b2001 47906018 22274814  ...K. {D.`.G.H'"
I/DEBUG   (   89): 4003c6c4 70022580 ef74f7f4 f7f62106 aa01e812  .%.p..t..!......
I/DEBUG   (   89): 4003c6d4 05692400 60546091 20061c11 f7f59401  .$i..`T`... ....
I/DEBUG   (   89): 4003c6e4 a905ebce 20022200 ebd6f7f5 ef60f7f4  .....". ......`.
I/DEBUG   (   89): 
I/DEBUG   (   89): code around lr:
I/DEBUG   (   89): 4003feec 4b0db5f0 447bb083 681c2600 68a59001  ...K..{D.&.h...h
I/DEBUG   (   89): 4003fefc e0086867 5ea8220c dd032800 99011c28  gh...".^.(..(...
I/DEBUG   (   89): 4003ff0c 43064788 3f013554 6824d5f4 d1ee2c00  .G.CT5.?..$h.,..
I/DEBUG   (   89): 4003ff1c 1c30b003 46c0bdf0 000285f2 1c0fb5f0  ..0....F........
I/DEBUG   (   89): 4003ff2c b0891c3d a9064355 604d9103 90064914  =...UC....M`.I..
I/DEBUG   (   89): 
I/DEBUG   (   89): memory map around addr deadbaad:
I/DEBUG   (   89): beef8000-bef19000 [stack]
I/DEBUG   (   89): (no map for address)
I/DEBUG   (   89): (no map above)
I/DEBUG   (   89): 
I/DEBUG   (   89): stack:
I/DEBUG   (   89):     bef189f0  00000000  
I/DEBUG   (   89):     bef189f4  5f838cea  
I/DEBUG   (   89):     bef189f8  40068720  /system/lib/libc.so
I/DEBUG   (   89):     bef189fc  400686b0  /system/lib/libc.so
I/DEBUG   (   89):     bef18a00  00000000  
I/DEBUG   (   89):     bef18a04  4003ff0f  /system/lib/libc.so
I/DEBUG   (   89):     bef18a08  401bce09  /system/lib/libandroid_runtime.so
I/DEBUG   (   89):     bef18a0c  4003ec75  /system/lib/libc.so
I/DEBUG   (   89):     bef18a10  ffffffff  
I/DEBUG   (   89):     bef18a14  00000000  
I/DEBUG   (   89):     bef18a18  00000000  
I/DEBUG   (   89):     bef18a1c  401bc6f3  /system/lib/libandroid_runtime.so
I/DEBUG   (   89):     bef18a20  bef18a68  [stack]
I/DEBUG   (   89):     bef18a24  4003f08d  /system/lib/libc.so
I/DEBUG   (   89):     bef18a28  df0027ad  
I/DEBUG   (   89):     bef18a2c  00000000  
I/DEBUG   (   89): #00 bef18a30  0000002d  
I/DEBUG   (   89):     bef18a34  00000100  
I/DEBUG   (   89):     bef18a38  4019180d  /system/lib/libandroid_runtime.so
I/DEBUG   (   89):     bef18a3c  5f838cea  
I/DEBUG   (   89):     bef18a40  bef18a74  [stack]
I/DEBUG   (   89):     bef18a44  fffffbdf  
I/DEBUG   (   89):     bef18a48  0000f2c0  [heap]
I/DEBUG   (   89):     bef18a4c  40868ffd  /system/lib/libdvm.so
I/DEBUG   (   89):     bef18a50  0000f2c0  [heap]
I/DEBUG   (   89):     bef18a54  401f865b  /system/lib/libnativehelper.so
I/DEBUG   (   89): #01 bef18a58  40868ffd  /system/lib/libdvm.so
I/DEBUG   (   89):     bef18a5c  401f865b  /system/lib/libnativehelper.so
I/DEBUG   (   89):     bef18a60  401d2f48  /system/lib/libandroid_runtime.so
I/DEBUG   (   89):     bef18a64  00000036  
I/DEBUG   (   89):     bef18a68  0000f2c0  [heap]
I/DEBUG   (   89):     bef18a6c  1d200031  
I/DEBUG   (   89):     bef18a70  408c3ca8  /system/lib/libdvm.so
I/DEBUG   (   89):     bef18a74  0000f2c0  [heap]
I/DEBUG   (   89):     bef18a78  401bc6f3  /system/lib/libandroid_runtime.so
I/DEBUG   (   89):     bef18a7c  401d5de0  /system/lib/libandroid_runtime.so
I/DEBUG   (   89):     bef18a80  401b8e4b  /system/lib/libandroid_runtime.so
I/DEBUG   (   89):     bef18a84  40175877  /system/lib/libandroid_runtime.so
I/DEBUG   (   89):     bef18a88  0000f2c0  [heap]
I/DEBUG   (   89):     bef18a8c  401904bb  /system/lib/libandroid_runtime.so
I/DEBUG   (   89):     bef18a90  0000f2c0  [heap]
I/DEBUG   (   89):     bef18a94  1d200025  
I/DEBUG   (   89):     bef18a98  00000001  
I/DEBUG   (   89):     bef18a9c  401cc850  /system/lib/libandroid_runtime.so
I/ServiceManager(   86): service 'media.audio_flinger' died
I/ServiceManager(   86): service 'media.player' died
I/ServiceManager(   86): service 'media.camera' died
I/ServiceManager(   86): service 'media.audio_policy' died
I/Netd    (  214): Netd 1.0 starting
D/AndroidRuntime(  215): 
D/AndroidRuntime(  215): >>>>>> AndroidRuntime START com.android.internal.os.ZygoteInit <<<<<<
D/AndroidRuntime(  215): CheckJNI is OFF
I/        (  216): ServiceManager: 0xf958
I/HTC Acoustic(  216): libhtc_acoustic.so version 2.0.0.6.
I/HTC Acoustic(  216): deonvvv gingerbread test.
I/HTC Acoustic(  216): open /system/etc/AudioPara4_WB.csv success.
I/HTC Acoustic(  216): acoustic table version: MAL_WB_20110217
I/HTC Acoustic(  216): read_audio_para_from_file success.
E/dalvikvm(  215): ERROR: couldn't find native method
E/HTC Acoustic(  216): Fail to open /system/etc/AudioPara_ALL.csv -1.
I/HTC Acoustic(  216): open /system/etc/AudioPara4.csv success.
I/HTC Acoustic(  216): acoustic table version: MAL_Gerenic_20110509
E/dalvikvm(  215): Requested: Landroid/content/res/AssetManager;.splitThemePackage:(Ljava/lang/String;Ljava/lang/String;[Ljava/lang/String;)I
E/JNIHelp (  215): RegisterNatives failed for 'android/content/res/AssetManager', aborting
F/libc    (  215): Fatal signal 11 (SIGSEGV) at 0xdeadbaad (code=1)
I/HTC Acoustic(  216): read_audio_para_from_file success.
I/HTC Acoustic(  216): get_audpp_filter
I/HTC Acoustic(  216): open /system/etc/AudioFilter.csv success.
I/HTC Acoustic(  216): MBADRC Filter MBADRC FLAG = ffff.
E/HTC Acoustic(  216): set mbadrc filter error.
I/HTC Acoustic(  216): failed to set audpp parameters, exiting.
I/HTC Acoustic(  216): get_audpre_filter
I/HTC Acoustic(  216): open /system/etc/AudioPreProcess.csv success.
D/AudioHardwareMSM72XX(  216): mNumSndEndpoints = 151
V/AudioHardwareMSM72XX(  216): constructed 151 SND endpoints)
D/AudioHardwareMSM72XX(  216): BT MATCH HANDSET
D/AudioHardwareMSM72XX(  216): BT MATCH SPEAKER
D/AudioHardwareMSM72XX(  216): BT MATCH HEADSET
D/AudioHardwareMSM72XX(  216): BT MATCH BT
D/AudioHardwareMSM72XX(  216): BT MATCH CARKIT
D/AudioHardwareMSM72XX(  216): BT MATCH TTY_FULL
D/AudioHardwareMSM72XX(  216): BT MATCH TTY_VCO
D/AudioHardwareMSM72XX(  216): BT MATCH TTY_HCO
D/AudioHardwareMSM72XX(  216): BT MATCH NO_MIC_HEADSET
D/AudioHardwareMSM72XX(  216): BT MATCH FM_HEADSET
D/AudioHardwareMSM72XX(  216): BT MATCH HEADSET_AND_SPEAKER
D/AudioHardwareMSM72XX(  216): BT MATCH FM_SPEAKER
D/AudioHardwareMSM72XX(  216): BT MATCH BT_EC_OFF
D/AudioHardwareMSM72XX(  216): BT MATCH BT_EC_OFF
D/AudioHardwareMSM72XX(  216): BT MATCH CURRENT
I/AudioFlinger(  216): Loaded primary audio interface from LEGACY Audio HW HAL (audio)
I/AudioFlinger(  216): Using 'LEGACY Audio HW HAL' (audio.primary) as the primary audio interface
I/AudioFlinger(  216): Loaded a2dp audio interface from A2DP Audio HW HAL (audio)
D/AudioHardwareInterface(  216): setMode(NORMAL)
I/AudioHardwareMSM72XX(  216): Set master volume to 5.
I/CameraService(  216): CameraService started (pid=216)
I/AudioFlinger(  216): AudioFlinger's thread 0x16f90 ready to run
W/AudioFlinger(  216): Thread AudioOut_1 cannot connect to the power manager service
V/AudioHardwareMSM72XX(  216): AudioStreamOutMSM72xx::setParameters() routing=2
V/AudioHardwareMSM72XX(  216): set output routing 2
I/AudioHardwareMSM72XX(  216): Routing audio to Speakerphone
V/AudioHardwareMSM72XX(  216): doAudioRouteOrMute() device 1, mMode 0, mMicMute 1
D/AudioHardwareMSM72XX(  216): setVoiceVolume(1.000000)
I/AudioHardwareMSM72XX(  216): Setting in-call volume to 5 (available range is 0 to 5)
I/AudioPolicyService(  216): Loaded audio policy from LEGACY Audio Policy HAL (audio_policy)
I/DEBUG   (   89): *** *** *** *** *** *** *** *** *** *** *** *** *** *** *** ***
I/DEBUG   (   89): Build fingerprint: 'cyanogenmod/htc_marvel/marvel:4.0.4/ASN01/0.1:user/release-keys'
I/DEBUG   (   89): pid: 215, tid: 215  >>> zygote <<<
I/DEBUG   (   89): signal 11 (SIGSEGV), code 1 (SEGV_MAPERR), fault addr deadbaad
I/DEBUG   (   89):  r0 deadbaad  r1 0000000c  r2 00000027  r3 a0000000
I/DEBUG   (   89):  r4 00000000  r5 00000080  r6 401bc6f3  r7 bee6aa68
I/DEBUG   (   89):  r8 00000000  r9 00000000  10 00000000  fp 00000000
I/DEBUG   (   89):  ip ffffffff  sp bee6aa30  lr 4003ff0f  pc 4003c6c6  cpsr 00000030
I/DEBUG   (   89):  d0  3f4000003f400000  d1  0000000000000000
I/DEBUG   (   89):  d2  0000000000000000  d3  0000000000000000
I/DEBUG   (   89):  d4  0000000000000000  d5  0000000000000000
I/DEBUG   (   89):  d6  0000000000000000  d7  0000000000000000
I/DEBUG   (   89):  d8  0000000000000000  d9  0000000000000000
I/DEBUG   (   89):  d10 0000000000000000  d11 0000000000000000
I/DEBUG   (   89):  d12 0000000000000000  d13 0000000000000000
I/DEBUG   (   89):  d14 0000000000000000  d15 0000000000000000
I/DEBUG   (   89):  scr 60000000
I/DEBUG   (   89): 
I/DEBUG   (   89):          #00  pc 000176c6  /system/lib/libc.so
I/DEBUG   (   89):          #01  pc 0000c658  /system/lib/libnativehelper.so (jniRegisterNativeMethods)
I/DEBUG   (   89): 
I/DEBUG   (   89): code around pc:
I/DEBUG   (   89): 4003c6a4 1c2bd00c 2d00682d e027d1fb 2a0068da  ..+.-h.-..'..h.*
I/DEBUG   (   89): 4003c6b4 4b16d004 447b2001 47906018 22274814  ...K. {D.`.G.H'"
I/DEBUG   (   89): 4003c6c4 70022580 ef74f7f4 f7f62106 aa01e812  .%.p..t..!......
I/DEBUG   (   89): 4003c6d4 05692400 60546091 20061c11 f7f59401  .$i..`T`... ....
I/DEBUG   (   89): 4003c6e4 a905ebce 20022200 ebd6f7f5 ef60f7f4  .....". ......`.
I/DEBUG   (   89): 
I/DEBUG   (   89): code around lr:
I/DEBUG   (   89): 4003feec 4b0db5f0 447bb083 681c2600 68a59001  ...K..{D.&.h...h
I/DEBUG   (   89): 4003fefc e0086867 5ea8220c dd032800 99011c28  gh...".^.(..(...
I/DEBUG   (   89): 4003ff0c 43064788 3f013554 6824d5f4 d1ee2c00  .G.CT5.?..$h.,..
I/DEBUG   (   89): 4003ff1c 1c30b003 46c0bdf0 000285f2 1c0fb5f0  ..0....F........
I/DEBUG   (   89): 4003ff2c b0891c3d a9064355 604d9103 90064914  =...UC....M`.I..
I/DEBUG   (   89): 
I/DEBUG   (   89): memory map around addr deadbaad:
I/DEBUG   (   89): bee4a000-bee6b000 [stack]
I/DEBUG   (   89): (no map for address)
I/DEBUG   (   89): (no map above)
I/DEBUG   (   89): 
I/DEBUG   (   89): stack:
I/DEBUG   (   89):     bee6a9f0  00000000  
I/DEBUG   (   89):     bee6a9f4  bda9b63f  
I/DEBUG   (   89):     bee6a9f8  40068720  /system/lib/libc.so
I/DEBUG   (   89):     bee6a9fc  400686b0  /system/lib/libc.so
I/DEBUG   (   89):     bee6aa00  00000000  
I/DEBUG   (   89):     bee6aa04  4003ff0f  /system/lib/libc.so
I/DEBUG   (   89):     bee6aa08  401bce09  /system/lib/libandroid_runtime.so
I/DEBUG   (   89):     bee6aa0c  4003ec75  /system/lib/libc.so
I/DEBUG   (   89):     bee6aa10  ffffffff  
I/DEBUG   (   89):     bee6aa14  00000000  
I/DEBUG   (   89):     bee6aa18  00000000  
I/DEBUG   (   89):     bee6aa1c  401bc6f3  /system/lib/libandroid_runtime.so
I/DEBUG   (   89):     bee6aa20  bee6aa68  [stack]
I/DEBUG   (   89):     bee6aa24  4003f08d  /system/lib/libc.so
I/DEBUG   (   89):     bee6aa28  df0027ad  
I/DEBUG   (   89):     bee6aa2c  00000000  
I/DEBUG   (   89): #00 bee6aa30  0000002d  
I/DEBUG   (   89):     bee6aa34  00000100  
I/DEBUG   (   89):     bee6aa38  4019180d  /system/lib/libandroid_runtime.so
I/DEBUG   (   89):     bee6aa3c  bda9b63f  
I/DEBUG   (   89):     bee6aa40  bee6aa74  [stack]
I/DEBUG   (   89):     bee6aa44  fffffbdf  
I/DEBUG   (   89):     bee6aa48  0000f2c0  [heap]
I/DEBUG   (   89):     bee6aa4c  40868ffd  /system/lib/libdvm.so
I/DEBUG   (   89):     bee6aa50  0000f2c0  [heap]
I/DEBUG   (   89):     bee6aa54  401f865b  /system/lib/libnativehelper.so
I/DEBUG   (   89): #01 bee6aa58  40868ffd  /system/lib/libdvm.so
I/DEBUG   (   89):     bee6aa5c  401f865b  /system/lib/libnativehelper.so
I/DEBUG   (   89):     bee6aa60  401d2f48  /system/lib/libandroid_runtime.so
I/DEBUG   (   89):     bee6aa64  00000036  
I/DEBUG   (   89):     bee6aa68  0000f2c0  [heap]
I/DEBUG   (   89):     bee6aa6c  1d200031  
I/DEBUG   (   89):     bee6aa70  408c3ca8  /system/lib/libdvm.so
I/DEBUG   (   89):     bee6aa74  0000f2c0  [heap]
I/DEBUG   (   89):     bee6aa78  401bc6f3  /system/lib/libandroid_runtime.so
I/DEBUG   (   89):     bee6aa7c  401d5de0  /system/lib/libandroid_runtime.so
I/DEBUG   (   89):     bee6aa80  401b8e4b  /system/lib/libandroid_runtime.so
I/DEBUG   (   89):     bee6aa84  40175877  /system/lib/libandroid_runtime.so
I/DEBUG   (   89):     bee6aa88  0000f2c0  [heap]
I/DEBUG   (   89):     bee6aa8c  401904bb  /system/lib/libandroid_runtime.so
I/DEBUG   (   89):     bee6aa90  0000f2c0  [heap]
I/DEBUG   (   89):     bee6aa94  1d200025  
I/DEBUG   (   89):     bee6aa98  00000001  
I/DEBUG   (   89):     bee6aa9c  401cc850  /system/lib/libandroid_runtime.so
I/ServiceManager(   86): service 'media.audio_flinger' died
I/ServiceManager(   86): service 'media.player' died
I/ServiceManager(   86): service 'media.camera' died
I/ServiceManager(   86): service 'media.audio_policy' died
I/Netd    (  242): Netd 1.0 starting
D/AndroidRuntime(  243): 
D/AndroidRuntime(  243): >>>>>> AndroidRuntime START com.android.internal.os.ZygoteInit <<<<<<
D/AndroidRuntime(  243): CheckJNI is OFF
I/        (  244): ServiceManager: 0xf958
I/HTC Acoustic(  244): libhtc_acoustic.so version 2.0.0.6.
I/HTC Acoustic(  244): deonvvv gingerbread test.
I/HTC Acoustic(  244): open /system/etc/AudioPara4_WB.csv success.
I/HTC Acoustic(  244): acoustic table version: MAL_WB_20110217
I/HTC Acoustic(  244): read_audio_para_from_file success.
E/HTC Acoustic(  244): Fail to open /system/etc/AudioPara_ALL.csv -1.
I/HTC Acoustic(  244): open /system/etc/AudioPara4.csv success.
I/HTC Acoustic(  244): acoustic table version: MAL_Gerenic_20110509
E/dalvikvm(  243): ERROR: couldn't find native method
E/dalvikvm(  243): Requested: Landroid/content/res/AssetManager;.splitThemePackage:(Ljava/lang/String;Ljava/lang/String;[Ljava/lang/String;)I
E/JNIHelp (  243): RegisterNatives failed for 'android/content/res/AssetManager', aborting
F/libc    (  243): Fatal signal 11 (SIGSEGV) at 0xdeadbaad (code=1)
I/HTC Acoustic(  244): read_audio_para_from_file success.
I/HTC Acoustic(  244): get_audpp_filter
I/HTC Acoustic(  244): open /system/etc/AudioFilter.csv success.
I/HTC Acoustic(  244): MBADRC Filter MBADRC FLAG = ffff.
E/HTC Acoustic(  244): set mbadrc filter error.
I/HTC Acoustic(  244): failed to set audpp parameters, exiting.
I/HTC Acoustic(  244): get_audpre_filter
I/HTC Acoustic(  244): open /system/etc/AudioPreProcess.csv success.
D/AudioHardwareMSM72XX(  244): mNumSndEndpoints = 151
V/AudioHardwareMSM72XX(  244): constructed 151 SND endpoints)
D/AudioHardwareMSM72XX(  244): BT MATCH HANDSET
D/AudioHardwareMSM72XX(  244): BT MATCH SPEAKER
D/AudioHardwareMSM72XX(  244): BT MATCH HEADSET
D/AudioHardwareMSM72XX(  244): BT MATCH BT
D/AudioHardwareMSM72XX(  244): BT MATCH CARKIT
D/AudioHardwareMSM72XX(  244): BT MATCH TTY_FULL
D/AudioHardwareMSM72XX(  244): BT MATCH TTY_VCO
D/AudioHardwareMSM72XX(  244): BT MATCH TTY_HCO
D/AudioHardwareMSM72XX(  244): BT MATCH NO_MIC_HEADSET
D/AudioHardwareMSM72XX(  244): BT MATCH FM_HEADSET
D/AudioHardwareMSM72XX(  244): BT MATCH HEADSET_AND_SPEAKER
D/AudioHardwareMSM72XX(  244): BT MATCH FM_SPEAKER
D/AudioHardwareMSM72XX(  244): BT MATCH BT_EC_OFF
D/AudioHardwareMSM72XX(  244): BT MATCH BT_EC_OFF
D/AudioHardwareMSM72XX(  244): BT MATCH CURRENT
I/AudioFlinger(  244): Loaded primary audio interface from LEGACY Audio HW HAL (audio)
I/AudioFlinger(  244): Using 'LEGACY Audio HW HAL' (audio.primary) as the primary audio interface
I/AudioFlinger(  244): Loaded a2dp audio interface from A2DP Audio HW HAL (audio)
D/AudioHardwareInterface(  244): setMode(NORMAL)
I/AudioHardwareMSM72XX(  244): Set master volume to 5.
I/CameraService(  244): CameraService started (pid=244)
I/AudioFlinger(  244): AudioFlinger's thread 0x16fd8 ready to run
W/AudioFlinger(  244): Thread AudioOut_1 cannot connect to the power manager service
V/AudioHardwareMSM72XX(  244): AudioStreamOutMSM72xx::setParameters() routing=2
V/AudioHardwareMSM72XX(  244): set output routing 2
I/AudioHardwareMSM72XX(  244): Routing audio to Speakerphone
V/AudioHardwareMSM72XX(  244): doAudioRouteOrMute() device 1, mMode 0, mMicMute 1
D/AudioHardwareMSM72XX(  244): setVoiceVolume(1.000000)
I/AudioHardwareMSM72XX(  244): Setting in-call volume to 5 (available range is 0 to 5)
I/AudioPolicyService(  244): Loaded audio policy from LEGACY Audio Policy HAL (audio_policy)
I/DEBUG   (   89): *** *** *** *** *** *** *** *** *** *** *** *** *** *** *** ***
I/DEBUG   (   89): Build fingerprint: 'cyanogenmod/htc_marvel/marvel:4.0.4/ASN01/0.1:user/release-keys'
I/DEBUG   (   89): pid: 243, tid: 243  >>> zygote <<<
I/DEBUG   (   89): signal 11 (SIGSEGV), code 1 (SEGV_MAPERR), fault addr deadbaad
I/DEBUG   (   89):  r0 deadbaad  r1 0000000c  r2 00000027  r3 a0000000
I/DEBUG   (   89):  r4 00000000  r5 00000080  r6 401bc6f3  r7 bed3aa68
I/DEBUG   (   89):  r8 00000000  r9 00000000  10 00000000  fp 00000000
I/DEBUG   (   89):  ip ffffffff  sp bed3aa30  lr 4003ff0f  pc 4003c6c6  cpsr 00000030
I/DEBUG   (   89):  d0  3f4000003f400000  d1  0000000000000000
I/DEBUG   (   89):  d2  0000000000000000  d3  0000000000000000
I/DEBUG   (   89):  d4  0000000000000000  d5  0000000000000000
I/DEBUG   (   89):  d6  0000000000000000  d7  0000000000000000
I/DEBUG   (   89):  d8  0000000000000000  d9  0000000000000000
I/DEBUG   (   89):  d10 0000000000000000  d11 0000000000000000
I/DEBUG   (   89):  d12 0000000000000000  d13 0000000000000000
I/DEBUG   (   89):  d14 0000000000000000  d15 0000000000000000
I/DEBUG   (   89):  scr 60000000
I/DEBUG   (   89): 
I/DEBUG   (   89):          #00  pc 000176c6  /system/lib/libc.so
I/DEBUG   (   89):          #01  pc 0000c658  /system/lib/libnativehelper.so (jniRegisterNativeMethods)
I/DEBUG   (   89): 
I/DEBUG   (   89): code around pc:
I/DEBUG   (   89): 4003c6a4 1c2bd00c 2d00682d e027d1fb 2a0068da  ..+.-h.-..'..h.*
I/DEBUG   (   89): 4003c6b4 4b16d004 447b2001 47906018 22274814  ...K. {D.`.G.H'"
I/DEBUG   (   89): 4003c6c4 70022580 ef74f7f4 f7f62106 aa01e812  .%.p..t..!......
I/DEBUG   (   89): 4003c6d4 05692400 60546091 20061c11 f7f59401  .$i..`T`... ....
I/DEBUG   (   89): 4003c6e4 a905ebce 20022200 ebd6f7f5 ef60f7f4  .....". ......`.
I/DEBUG   (   89): 
I/DEBUG   (   89): code around lr:
I/DEBUG   (   89): 4003feec 4b0db5f0 447bb083 681c2600 68a59001  ...K..{D.&.h...h
I/DEBUG   (   89): 4003fefc e0086867 5ea8220c dd032800 99011c28  gh...".^.(..(...
I/DEBUG   (   89): 4003ff0c 43064788 3f013554 6824d5f4 d1ee2c00  .G.CT5.?..$h.,..
I/DEBUG   (   89): 4003ff1c 1c30b003 46c0bdf0 000285f2 1c0fb5f0  ..0....F........
I/DEBUG   (   89): 4003ff2c b0891c3d a9064355 604d9103 90064914  =...UC....M`.I..
I/DEBUG   (   89): 
I/DEBUG   (   89): memory map around addr deadbaad:
I/DEBUG   (   89): bed1a000-bed3b000 [stack]
I/DEBUG   (   89): (no map for address)
I/DEBUG   (   89): (no map above)
I/DEBUG   (   89): 
I/DEBUG   (   89): stack:
I/DEBUG   (   89):     bed3a9f0  00000000  
I/DEBUG   (   89):     bed3a9f4  5811f605  
I/DEBUG   (   89):     bed3a9f8  40068720  /system/lib/libc.so
I/DEBUG   (   89):     bed3a9fc  400686b0  /system/lib/libc.so
I/DEBUG   (   89):     bed3aa00  00000000  
I/DEBUG   (   89):     bed3aa04  4003ff0f  /system/lib/libc.so
I/DEBUG   (   89):     bed3aa08  401bce09  /system/lib/libandroid_runtime.so
I/DEBUG   (   89):     bed3aa0c  4003ec75  /system/lib/libc.so
I/DEBUG   (   89):     bed3aa10  ffffffff  
I/DEBUG   (   89):     bed3aa14  00000000  
I/DEBUG   (   89):     bed3aa18  00000000  
I/DEBUG   (   89):     bed3aa1c  401bc6f3  /system/lib/libandroid_runtime.so
I/DEBUG   (   89):     bed3aa20  bed3aa68  [stack]
I/DEBUG   (   89):     bed3aa24  4003f08d  /system/lib/libc.so
I/DEBUG   (   89):     bed3aa28  df0027ad  
I/DEBUG   (   89):     bed3aa2c  00000000  
I/DEBUG   (   89): #00 bed3aa30  0000002d  
I/DEBUG   (   89):     bed3aa34  00000100  
I/DEBUG   (   89):     bed3aa38  4019180d  /system/lib/libandroid_runtime.so
I/DEBUG   (   89):     bed3aa3c  5811f605  
I/DEBUG   (   89):     bed3aa40  bed3aa74  [stack]
I/DEBUG   (   89):     bed3aa44  fffffbdf  
I/DEBUG   (   89):     bed3aa48  0000f2c0  [heap]
I/DEBUG   (   89):     bed3aa4c  40868ffd  /system/lib/libdvm.so
I/DEBUG   (   89):     bed3aa50  0000f2c0  [heap]
I/DEBUG   (   89):     bed3aa54  401f865b  /system/lib/libnativehelper.so
I/DEBUG   (   89): #01 bed3aa58  40868ffd  /system/lib/libdvm.so
I/DEBUG   (   89):     bed3aa5c  401f865b  /system/lib/libnativehelper.so
I/DEBUG   (   89):     bed3aa60  401d2f48  /system/lib/libandroid_runtime.so
I/DEBUG   (   89):     bed3aa64  00000036  
I/DEBUG   (   89):     bed3aa68  0000f2c0  [heap]
I/DEBUG   (   89):     bed3aa6c  1d200031  
I/DEBUG   (   89):     bed3aa70  408c3ca8  /system/lib/libdvm.so
I/DEBUG   (   89):     bed3aa74  0000f2c0  [heap]
I/DEBUG   (   89):     bed3aa78  401bc6f3  /system/lib/libandroid_runtime.so
I/DEBUG   (   89):     bed3aa7c  401d5de0  /system/lib/libandroid_runtime.so
I/DEBUG   (   89):     bed3aa80  401b8e4b  /system/lib/libandroid_runtime.so
I/DEBUG   (   89):     bed3aa84  40175877  /system/lib/libandroid_runtime.so
I/DEBUG   (   89):     bed3aa88  0000f2c0  [heap]
I/DEBUG   (   89):     bed3aa8c  401904bb  /system/lib/libandroid_runtime.so
I/DEBUG   (   89):     bed3aa90  0000f2c0  [heap]
I/DEBUG   (   89):     bed3aa94  1d200025  
I/DEBUG   (   89):     bed3aa98  00000001  
I/DEBUG   (   89):     bed3aa9c  401cc850  /system/lib/libandroid_runtime.so
I/ServiceManager(   86): service 'media.audio_flinger' died
I/ServiceManager(   86): service 'media.player' died
I/ServiceManager(   86): service 'media.camera' died
I/ServiceManager(   86): service 'media.audio_policy' died
I/Netd    (  270): Netd 1.0 starting
D/AndroidRuntime(  271): 
D/AndroidRuntime(  271): >>>>>> AndroidRuntime START com.android.internal.os.ZygoteInit <<<<<<
D/AndroidRuntime(  271): CheckJNI is OFF
I/        (  272): ServiceManager: 0xf958
I/HTC Acoustic(  272): libhtc_acoustic.so version 2.0.0.6.
I/HTC Acoustic(  272): deonvvv gingerbread test.
I/HTC Acoustic(  272): open /system/etc/AudioPara4_WB.csv success.
I/HTC Acoustic(  272): acoustic table version: MAL_WB_20110217
I/HTC Acoustic(  272): read_audio_para_from_file success.
E/HTC Acoustic(  272): Fail to open /system/etc/AudioPara_ALL.csv -1.
I/HTC Acoustic(  272): open /system/etc/AudioPara4.csv success.
I/HTC Acoustic(  272): acoustic table version: MAL_Gerenic_20110509
I/HTC Acoustic(  272): read_audio_para_from_file success.
