--------- beginning of /dev/log/main
I/cm      (   79): Welcome to Android 4.0.4 / CyanogenMod-9.0.0-RC0-marvel-UNOFFICIAL 
I/cm      (   80):                                                 _  
I/cm      (   81):  __ __ _ ___  _ _  __  ___  __ _ _  _  _  __  __)) 
I/cm      (   82): ((_ \(/'((_( ((\( ((_)((_( (('((\( ((`1( ((_)((_(  
I/cm      (   83):      ))                 _)) 
I/cm      (   84):   
I/DEBUG   (   89): debuggerd: Jun  1 2012 20:39:36
D/AK8975  (   98): AK8975 daemon 1.1.0 Start
D/AK8975  (   98): (Library version : 1.2.1.1125)
--------- beginning of /dev/log/system
I/Vold    (   87): Vold 2.1 (the revenge) firing up
I/Netd    (   88): Netd 1.0 starting
D/Vold    (   87): Volume sdcard state changing -1 (Initializing) -> 0 (No-Media)
D/Vold    (   87): Volume sdcard state changing 0 (No-Media) -> 2 (Pending)
D/DirectVolume(   87): DirectVolume::handlePartitionAdded -> MAJOR 179, MINOR 1, PARTN 1
D/Vold    (   87): Volume sdcard state changing 2 (Pending) -> 1 (Idle-Unmounted)
I/        (   93): ServiceManager: 0x18910
D/AndroidRuntime(   92): 
D/AndroidRuntime(   92): >>>>>> AndroidRuntime START com.android.internal.os.ZygoteInit <<<<<<
D/AndroidRuntime(   92): CheckJNI is OFF
I/SurfaceFlinger(   91): SurfaceFlinger is starting
I/SurfaceFlinger(   91): SurfaceFlinger's main thread ready to run. Initializing graphics H/W...
E/msm7x27.gralloc(   91): We support 3 buffers
I/msm7x27.gralloc(   91): using (fd=12)
I/msm7x27.gralloc(   91): id           = msmfb
I/msm7x27.gralloc(   91): xres         = 320 px
I/msm7x27.gralloc(   91): yres         = 480 px
I/msm7x27.gralloc(   91): xres_virtual = 320 px
I/msm7x27.gralloc(   91): yres_virtual = 1440 px
I/msm7x27.gralloc(   91): bpp          = 32
I/msm7x27.gralloc(   91): r            =  0:8
I/msm7x27.gralloc(   91): g            =  8:8
I/msm7x27.gralloc(   91): b            = 16:8
I/msm7x27.gralloc(   91): width        = 51 mm (159.372543 dpi)
I/msm7x27.gralloc(   91): height       = 76 mm (160.421051 dpi)
I/msm7x27.gralloc(   91): refresh rate = 0.00 Hz
D/CALCFPS (   91): DEBUG_CALC_FPS: 0
D/CALCFPS (   91): period: 10
D/CALCFPS (   91): ignorethresh_us: 500000
D/CALCFPS (   91): DEBUG_CALC_FPS: 0
D/CALCFPS (   91): period: 10
D/CALCFPS (   91): ignorethresh_us: 500000
D/FramebufferNativeWindow(   91): mNumBuffers = 3
D/libEGL  (   91): loaded /system/lib/egl/libGLES_android.so
D/libEGL  (   91): loaded /system/lib/egl/libEGL_adreno200.so
D/libEGL  (   91): loaded /system/lib/egl/libGLESv1_CM_adreno200.so
D/libEGL  (   91): loaded /system/lib/egl/libGLESv2_adreno200.so
I/dalvikvm(   92): DexOpt: source file mod time mismatch (40c481ce vs 40c485d4)
D/dalvikvm(   92): ODEX file is stale or bad; removing and retrying (/data/dalvik-cache/system@framework@framework.jar@classes.dex)
I/SurfaceFlinger(   91): EGL informations:
I/SurfaceFlinger(   91): # of configs : 44
I/SurfaceFlinger(   91): vendor    : Android
I/SurfaceFlinger(   91): version   : 1.4 Android META-EGL
I/SurfaceFlinger(   91): extensions: EGL_KHR_image EGL_KHR_image_base EGL_KHR_image_base EGL_KHR_fence_sync EGL_ANDROID_image_native_buffer EGL_ANDROID_image_native_buffer EGL_ANDROID_get_render_buffer 
I/SurfaceFlinger(   91): Client API: OpenGL ES
I/SurfaceFlinger(   91): EGLSurface: 8-8-8-8, config=0x3
I/SurfaceFlinger(   91): OpenGL informations:
I/SurfaceFlinger(   91): vendor    : Qualcomm
I/SurfaceFlinger(   91): renderer  : Adreno (TM) 200
I/SurfaceFlinger(   91): version   : OpenGL ES-CM 1.1
I/SurfaceFlinger(   91): extensions: GL_AMD_compressed_ATC_texture GL_AMD_performance_monitor GL_APPLE_texture_2D_limited_npot GL_ARB_vertex_buffer_object GL_EXT_texture_filter_anisotropic GL_EXT_texture_format_BGRA8888 GL_EXT_texture_type_2_10_10_10_REV GL_OES_blend_equation_separate GL_OES_blend_func_separate GL_OES_blend_subtract GL_OES_compressed_ETC1_RGB8_texture GL_OES_compressed_paletted_texture GL_OES_depth_texture GL_OES_depth24 GL_OES_draw_texture GL_OES_EGL_image GL_OES_EGL_image_external GL_OES_framebuffer_object GL_OES_matrix_palette GL_OES_packed_depth_stencil GL_OES_point_size_array GL_OES_point_sprite GL_OES_read_format GL_OES_rgb8_rgba8 GL_OES_stencil_wrap GL_OES_texture_cube_map GL_OES_texture_env_crossbar GL_OES_texture_float GL_OES_texture_half_float GL_OES_texture_half_float_linear GL_OES_texture_npot GL_OES_texture_mirrored_repeat GL_QCOM_binning_control GL_QCOM_extended_get GL_QCOM_tiled_rendering GL_AMD_compressed_3DC_texture 
I/SurfaceFlinger(   91): GL_MAX_TEXTURE_SIZE = 4096
I/SurfaceFlinger(   91): GL_MAX_VIEWPORT_DIMS = 4096 x 4096
I/SurfaceFlinger(   91): flags = 00000000
D/CALCFPS (   91): DEBUG_CALC_FPS: 0
D/CALCFPS (   91): period: 10
D/CALCFPS (   91): ignorethresh_us: 500000
I/        (   94): ServiceManager: 0xf958
I/HTC Acoustic(   94): libhtc_acoustic.so version 2.0.0.6.
I/HTC Acoustic(   94): deonvvv gingerbread test.
I/HTC Acoustic(   94): open /system/etc/AudioPara4_WB.csv success.
I/HTC Acoustic(   94): acoustic table version: MAL_WB_20110217
I/HTC Acoustic(   94): read_audio_para_from_file success.
E/HTC Acoustic(   94): Fail to open /system/etc/AudioPara_ALL.csv -1.
I/HTC Acoustic(   94): open /system/etc/AudioPara4.csv success.
I/HTC Acoustic(   94): acoustic table version: MAL_Gerenic_20110509
I/HTC Acoustic(   94): read_audio_para_from_file success.
I/HTC Acoustic(   94): get_audpp_filter
I/HTC Acoustic(   94): open /system/etc/AudioFilter.csv success.
I/HTC Acoustic(   94): MBADRC Filter MBADRC FLAG = ffff.
E/HTC Acoustic(   94): set mbadrc filter error.
I/HTC Acoustic(   94): failed to set audpp parameters, exiting.
I/HTC Acoustic(   94): get_audpre_filter
I/HTC Acoustic(   94): open /system/etc/AudioPreProcess.csv success.
D/libEGL  (  144): loaded /system/lib/egl/libGLES_android.so
D/AudioHardwareMSM72XX(   94): mNumSndEndpoints = 151
V/AudioHardwareMSM72XX(   94): constructed 151 SND endpoints)
D/AudioHardwareMSM72XX(   94): BT MATCH HANDSET
D/AudioHardwareMSM72XX(   94): BT MATCH SPEAKER
D/AudioHardwareMSM72XX(   94): BT MATCH HEADSET
D/AudioHardwareMSM72XX(   94): BT MATCH BT
D/AudioHardwareMSM72XX(   94): BT MATCH CARKIT
D/AudioHardwareMSM72XX(   94): BT MATCH TTY_FULL
D/AudioHardwareMSM72XX(   94): BT MATCH TTY_VCO
D/AudioHardwareMSM72XX(   94): BT MATCH TTY_HCO
D/AudioHardwareMSM72XX(   94): BT MATCH NO_MIC_HEADSET
D/AudioHardwareMSM72XX(   94): BT MATCH FM_HEADSET
D/AudioHardwareMSM72XX(   94): BT MATCH HEADSET_AND_SPEAKER
D/AudioHardwareMSM72XX(   94): BT MATCH FM_SPEAKER
D/AudioHardwareMSM72XX(   94): BT MATCH BT_EC_OFF
D/AudioHardwareMSM72XX(   94): BT MATCH BT_EC_OFF
D/AudioHardwareMSM72XX(   94): BT MATCH CURRENT
I/AudioFlinger(   94): Loaded primary audio interface from LEGACY Audio HW HAL (audio)
I/AudioFlinger(   94): Using 'LEGACY Audio HW HAL' (audio.primary) as the primary audio interface
D/libEGL  (  144): loaded /system/lib/egl/libEGL_adreno200.so
D/libEGL  (  144): loaded /system/lib/egl/libGLESv1_CM_adreno200.so
D/libEGL  (  144): loaded /system/lib/egl/libGLESv2_adreno200.so
I/AudioFlinger(   94): Loaded a2dp audio interface from A2DP Audio HW HAL (audio)
D/AudioHardwareInterface(   94): setMode(NORMAL)
I/AudioHardwareMSM72XX(   94): Set master volume to 5.
D/memalloc(   91): init_pmem_area: Initializing pmem area
D/memalloc(   91): init_pmem_area_locked: Opening master pmem FD
D/memalloc(   91): init_pmem_area_locked: Total pmem size: 16777216
D/memalloc(   91): /dev/pmem: Allocated buffer base:0x41500000 size:614400 offset:0 fd:26
D/memalloc(  144): /dev/pmem: Mapped buffer base:0x407f4000 size:614400 offset:0 fd:16
I/CameraService(   94): CameraService started (pid=94)
I/AudioFlinger(   94): AudioFlinger's thread 0x16fd8 ready to run
W/AudioFlinger(   94): Thread AudioOut_1 cannot connect to the power manager service
V/AudioHardwareMSM72XX(   94): AudioStreamOutMSM72xx::setParameters() routing=2
V/AudioHardwareMSM72XX(   94): set output routing 2
I/AudioHardwareMSM72XX(   94): Routing audio to Speakerphone
V/AudioHardwareMSM72XX(   94): doAudioRouteOrMute() device 1, mMode 0, mMicMute 1
D/AudioHardwareMSM72XX(   94): setVoiceVolume(1.000000)
I/AudioHardwareMSM72XX(   94): Setting in-call volume to 5 (available range is 0 to 5)
I/AudioPolicyService(   94): Loaded audio policy from LEGACY Audio Policy HAL (audio_policy)
D/memalloc(   91): /dev/pmem: Allocated buffer base:0x41500000 size:614400 offset:614400 fd:29
D/memalloc(  144): /dev/pmem: Mapped buffer base:0x40df8000 size:1228800 offset:614400 fd:20
D/memalloc(   91): /dev/pmem: Allocated buffer base:0x41500000 size:614400 offset:1228800 fd:32
D/memalloc(  144): /dev/pmem: Mapped buffer base:0x410e0000 size:1843200 offset:1228800 fd:23
D/dalvikvm(   92): DexOpt: --- BEGIN 'framework.jar' (bootstrap=1) ---
D/dalvikvm(  154): Note: class Landroid/opengl/GLWrapperBase; has 250 unimplemented (abstract) methods
D/dalvikvm(  154): DexOpt: load 2317ms, verify+opt 14477ms
D/dalvikvm(   92): DexOpt: --- END 'framework.jar' (success) ---
D/dalvikvm(   92): DEX prep '/system/framework/framework.jar': unzip in 4107ms, rewrite 21502ms
I/dalvikvm(   92): DexOpt: mismatch dep signature for '/data/dalvik-cache/system@framework@framework.jar@classes.dex'
D/dalvikvm(   92): ODEX file is stale or bad; removing and retrying (/data/dalvik-cache/system@framework@android.policy.jar@classes.dex)
D/dalvikvm(   92): DexOpt: --- BEGIN 'android.policy.jar' (bootstrap=1) ---
D/dalvikvm(  156): DexOpt: load 87ms, verify+opt 362ms
D/dalvikvm(   92): DexOpt: --- END 'android.policy.jar' (success) ---
D/dalvikvm(   92): DEX prep '/system/framework/android.policy.jar': unzip in 68ms, rewrite 626ms
I/dalvikvm(   92): DexOpt: mismatch dep signature for '/data/dalvik-cache/system@framework@framework.jar@classes.dex'
D/dalvikvm(   92): ODEX file is stale or bad; removing and retrying (/data/dalvik-cache/system@framework@services.jar@classes.dex)
D/dalvikvm(   92): DexOpt: --- BEGIN 'services.jar' (bootstrap=1) ---
D/dalvikvm(  157): DexOpt: load 130ms, verify+opt 2935ms
D/dalvikvm(   92): DexOpt: --- END 'services.jar' (success) ---
D/dalvikvm(   92): DEX prep '/system/framework/services.jar': unzip in 491ms, rewrite 3665ms
I/dalvikvm(   92): DexOpt: mismatch dep signature for '/data/dalvik-cache/system@framework@framework.jar@classes.dex'
D/dalvikvm(   92): ODEX file is stale or bad; removing and retrying (/data/dalvik-cache/system@framework@apache-xml.jar@classes.dex)
D/dalvikvm(   92): DexOpt: --- BEGIN 'apache-xml.jar' (bootstrap=1) ---
D/dalvikvm(  158): DexOpt: load 148ms, verify+opt 1221ms
D/dalvikvm(   92): DexOpt: --- END 'apache-xml.jar' (success) ---
D/dalvikvm(   92): DEX prep '/system/framework/apache-xml.jar': unzip in 327ms, rewrite 1807ms
I/dalvikvm(   92): DexOpt: mismatch dep signature for '/data/dalvik-cache/system@framework@framework.jar@classes.dex'
D/dalvikvm(   92): ODEX file is stale or bad; removing and retrying (/data/dalvik-cache/system@framework@filterfw.jar@classes.dex)
D/dalvikvm(   92): DexOpt: --- BEGIN 'filterfw.jar' (bootstrap=1) ---
D/dalvikvm(  159): DexOpt: load 39ms, verify+opt 284ms
D/dalvikvm(   92): DexOpt: --- END 'filterfw.jar' (success) ---
D/dalvikvm(   92): DEX prep '/system/framework/filterfw.jar': unzip in 63ms, rewrite 507ms
W/dalvikvm(   92): VFY: unable to find class referenced in signature (Landroid/content/res/PackageRedirectionMap;)
I/dalvikvm(   92): Could not find method android.content.res.PackageRedirectionMap.getPackageId, referenced from method android.content.res.AssetManager.addRedirections
W/dalvikvm(   92): VFY: unable to resolve virtual method 9335: Landroid/content/res/PackageRedirectionMap;.getPackageId ()I
D/dalvikvm(   92): VFY: replacing opcode 0x6e at 0x000e
E/dalvikvm(   92): ERROR: couldn't find native method
E/dalvikvm(   92): Requested: Landroid/os/Power;.SetUnstableMemoryState:(Z)I
E/JNIHelp (   92): RegisterNatives failed for 'android/os/Power', aborting
F/libc    (   92): Fatal signal 11 (SIGSEGV) at 0xdeadbaad (code=1)
I/DEBUG   (   89): *** *** *** *** *** *** *** *** *** *** *** *** *** *** *** ***
I/DEBUG   (   89): Build fingerprint: 'cyanogenmod/htc_marvel/marvel:4.0.4/ASN01/0.1:user/release-keys'
I/DEBUG   (   89): pid: 92, tid: 92  >>> zygote <<<
I/DEBUG   (   89): signal 11 (SIGSEGV), code 1 (SEGV_MAPERR), fault addr deadbaad
I/DEBUG   (   89):  r0 deadbaad  r1 0000000c  r2 00000027  r3 a0000000
I/DEBUG   (   89):  r4 00000000  r5 00000080  r6 401bab4a  r7 be81ba80
I/DEBUG   (   89):  r8 00000000  r9 00000000  10 00000000  fp 00000000
I/DEBUG   (   89):  ip ffffffff  sp be81ba48  lr 4003ff0f  pc 4003c6c6  cpsr 00000030
I/DEBUG   (   89):  d0  3f4000003f400000  d1  0000000000000000
I/DEBUG   (   89):  d2  0000000000000000  d3  0000000000000000
I/DEBUG   (   89):  d4  0000000000000000  d5  0000000000000000
I/DEBUG   (   89):  d6  0000000000000000  d7  000000003f800000
I/DEBUG   (   89):  d8  0000000000000000  d9  0000000000000000
I/DEBUG   (   89):  d10 0000000000000000  d11 0000000000000000
I/DEBUG   (   89):  d12 0000000000000000  d13 0000000000000000
I/DEBUG   (   89):  d14 0000000000000000  d15 0000000000000000
I/DEBUG   (   89):  scr 60000000
I/DEBUG   (   89): 
I/DEBUG   (   89):          #00  pc 000176c6  /system/lib/libc.so
I/DEBUG   (   89):          #01  pc 0000c658  /system/lib/libnativehelper.so (jniRegisterNativeMethods)
I/DEBUG   (   89): 
I/DEBUG   (   89): code around pc:
I/DEBUG   (   89): 4003c6a4 1c2bd00c 2d00682d e027d1fb 2a0068da  ..+.-h.-..'..h.*
I/DEBUG   (   89): 4003c6b4 4b16d004 447b2001 47906018 22274814  ...K. {D.`.G.H'"
I/DEBUG   (   89): 4003c6c4 70022580 ef74f7f4 f7f62106 aa01e812  .%.p..t..!......
I/DEBUG   (   89): 4003c6d4 05692400 60546091 20061c11 f7f59401  .$i..`T`... ....
I/DEBUG   (   89): 4003c6e4 a905ebce 20022200 ebd6f7f5 ef60f7f4  .....". ......`.
I/DEBUG   (   89): 
I/DEBUG   (   89): code around lr:
I/DEBUG   (   89): 4003feec 4b0db5f0 447bb083 681c2600 68a59001  ...K..{D.&.h...h
I/DEBUG   (   89): 4003fefc e0086867 5ea8220c dd032800 99011c28  gh...".^.(..(...
I/DEBUG   (   89): 4003ff0c 43064788 3f013554 6824d5f4 d1ee2c00  .G.CT5.?..$h.,..
I/DEBUG   (   89): 4003ff1c 1c30b003 46c0bdf0 000285f2 1c0fb5f0  ..0....F........
I/DEBUG   (   89): 4003ff2c b0891c3d a9064355 604d9103 90064914  =...UC....M`.I..
I/DEBUG   (   89): 
I/DEBUG   (   89): memory map around addr deadbaad:
I/DEBUG   (   89): be7fb000-be81c000 [stack]
I/DEBUG   (   89): (no map for address)
I/DEBUG   (   89): (no map above)
I/DEBUG   (   89): 
I/DEBUG   (   89): stack:
I/DEBUG   (   89):     be81ba08  00000001  
I/DEBUG   (   89):     be81ba0c  f96d8c50  
I/DEBUG   (   89):     be81ba10  40068720  /system/lib/libc.so
I/DEBUG   (   89):     be81ba14  400686b0  /system/lib/libc.so
I/DEBUG   (   89):     be81ba18  00000000  
I/DEBUG   (   89):     be81ba1c  4003ff0f  /system/lib/libc.so
I/DEBUG   (   89):     be81ba20  401babb5  /system/lib/libandroid_runtime.so
I/DEBUG   (   89):     be81ba24  4003ec75  /system/lib/libc.so
I/DEBUG   (   89):     be81ba28  ffffffff  
I/DEBUG   (   89):     be81ba2c  00000000  
I/DEBUG   (   89):     be81ba30  00000000  
I/DEBUG   (   89):     be81ba34  401bab4a  /system/lib/libandroid_runtime.so
I/DEBUG   (   89):     be81ba38  be81ba80  [stack]
I/DEBUG   (   89):     be81ba3c  4003f08d  /system/lib/libc.so
I/DEBUG   (   89):     be81ba40  df0027ad  
I/DEBUG   (   89):     be81ba44  00000000  
I/DEBUG   (   89): #00 be81ba48  00000006  
I/DEBUG   (   89):     be81ba4c  00000100  
I/DEBUG   (   89):     be81ba50  4018bb41  /system/lib/libandroid_runtime.so
I/DEBUG   (   89):     be81ba54  f96d8c50  
I/DEBUG   (   89):     be81ba58  401baa6a  /system/lib/libandroid_runtime.so
I/DEBUG   (   89):     be81ba5c  fffffbdf  
I/DEBUG   (   89):     be81ba60  0000f2c0  [heap]
I/DEBUG   (   89):     be81ba64  40868ffd  /system/lib/libdvm.so
I/DEBUG   (   89):     be81ba68  0000f2c0  [heap]
I/DEBUG   (   89):     be81ba6c  401f865b  /system/lib/libnativehelper.so
I/DEBUG   (   89): #01 be81ba70  40868ffd  /system/lib/libdvm.so
I/DEBUG   (   89):     be81ba74  401f865b  /system/lib/libnativehelper.so
I/DEBUG   (   89):     be81ba78  401d2860  /system/lib/libandroid_runtime.so
I/DEBUG   (   89):     be81ba7c  00000007  
I/DEBUG   (   89):     be81ba80  0000f2c0  [heap]
I/DEBUG   (   89):     be81ba84  1d300101  
I/DEBUG   (   89):     be81ba88  0000f2c0  [heap]
I/DEBUG   (   89):     be81ba8c  401cc94c  /system/lib/libandroid_runtime.so
I/DEBUG   (   89):     be81ba90  0000f2c0  [heap]
I/DEBUG   (   89):     be81ba94  401cca10  /system/lib/libandroid_runtime.so
I/DEBUG   (   89):     be81ba98  00000001  
I/DEBUG   (   89):     be81ba9c  40175877  /system/lib/libandroid_runtime.so
I/DEBUG   (   89):     be81baa0  401cc94c  /system/lib/libandroid_runtime.so
I/DEBUG   (   89):     be81baa4  4018bb35  /system/lib/libandroid_runtime.so
I/DEBUG   (   89):     be81baa8  401cc94c  /system/lib/libandroid_runtime.so
I/DEBUG   (   89):     be81baac  40175979  /system/lib/libandroid_runtime.so
I/DEBUG   (   89):     be81bab0  0000f2c0  [heap]
I/DEBUG   (   89):     be81bab4  fffffe38  
I/ServiceManager(   86): service 'media.audio_flinger' died
I/ServiceManager(   86): service 'media.player' died
I/ServiceManager(   86): service 'media.camera' died
I/ServiceManager(   86): service 'media.audio_policy' died
I/Netd    (  164): Netd 1.0 starting
D/AndroidRuntime(  163): 
D/AndroidRuntime(  163): >>>>>> AndroidRuntime START com.android.internal.os.ZygoteInit <<<<<<
D/AndroidRuntime(  163): CheckJNI is OFF
I/        (  165): ServiceManager: 0xf958
I/HTC Acoustic(  165): libhtc_acoustic.so version 2.0.0.6.
I/HTC Acoustic(  165): deonvvv gingerbread test.
I/HTC Acoustic(  165): open /system/etc/AudioPara4_WB.csv success.
I/HTC Acoustic(  165): acoustic table version: MAL_WB_20110217
I/HTC Acoustic(  165): read_audio_para_from_file success.
E/HTC Acoustic(  165): Fail to open /system/etc/AudioPara_ALL.csv -1.
I/HTC Acoustic(  165): open /system/etc/AudioPara4.csv success.
I/HTC Acoustic(  165): acoustic table version: MAL_Gerenic_20110509
W/dalvikvm(  163): VFY: unable to find class referenced in signature (Landroid/content/res/PackageRedirectionMap;)
I/dalvikvm(  163): Could not find method android.content.res.PackageRedirectionMap.getPackageId, referenced from method android.content.res.AssetManager.addRedirections
W/dalvikvm(  163): VFY: unable to resolve virtual method 9335: Landroid/content/res/PackageRedirectionMap;.getPackageId ()I
D/dalvikvm(  163): VFY: replacing opcode 0x6e at 0x000e
I/HTC Acoustic(  165): read_audio_para_from_file success.
I/HTC Acoustic(  165): get_audpp_filter
I/HTC Acoustic(  165): open /system/etc/AudioFilter.csv success.
I/HTC Acoustic(  165): MBADRC Filter MBADRC FLAG = ffff.
E/HTC Acoustic(  165): set mbadrc filter error.
I/HTC Acoustic(  165): failed to set audpp parameters, exiting.
I/HTC Acoustic(  165): get_audpre_filter
I/HTC Acoustic(  165): open /system/etc/AudioPreProcess.csv success.
D/AudioHardwareMSM72XX(  165): mNumSndEndpoints = 151
V/AudioHardwareMSM72XX(  165): constructed 151 SND endpoints)
D/AudioHardwareMSM72XX(  165): BT MATCH HANDSET
D/AudioHardwareMSM72XX(  165): BT MATCH SPEAKER
D/AudioHardwareMSM72XX(  165): BT MATCH HEADSET
D/AudioHardwareMSM72XX(  165): BT MATCH BT
D/AudioHardwareMSM72XX(  165): BT MATCH CARKIT
D/AudioHardwareMSM72XX(  165): BT MATCH TTY_FULL
D/AudioHardwareMSM72XX(  165): BT MATCH TTY_VCO
D/AudioHardwareMSM72XX(  165): BT MATCH TTY_HCO
D/AudioHardwareMSM72XX(  165): BT MATCH NO_MIC_HEADSET
D/AudioHardwareMSM72XX(  165): BT MATCH FM_HEADSET
D/AudioHardwareMSM72XX(  165): BT MATCH HEADSET_AND_SPEAKER
D/AudioHardwareMSM72XX(  165): BT MATCH FM_SPEAKER
D/AudioHardwareMSM72XX(  165): BT MATCH BT_EC_OFF
D/AudioHardwareMSM72XX(  165): BT MATCH BT_EC_OFF
D/AudioHardwareMSM72XX(  165): BT MATCH CURRENT
I/AudioFlinger(  165): Loaded primary audio interface from LEGACY Audio HW HAL (audio)
I/AudioFlinger(  165): Using 'LEGACY Audio HW HAL' (audio.primary) as the primary audio interface
I/AudioFlinger(  165): Loaded a2dp audio interface from A2DP Audio HW HAL (audio)
D/AudioHardwareInterface(  165): setMode(NORMAL)
I/AudioHardwareMSM72XX(  165): Set master volume to 5.
I/CameraService(  165): CameraService started (pid=165)
I/AudioFlinger(  165): AudioFlinger's thread 0x16f90 ready to run
W/AudioFlinger(  165): Thread AudioOut_1 cannot connect to the power manager service
V/AudioHardwareMSM72XX(  165): AudioStreamOutMSM72xx::setParameters() routing=2
V/AudioHardwareMSM72XX(  165): set output routing 2
I/AudioHardwareMSM72XX(  165): Routing audio to Speakerphone
V/AudioHardwareMSM72XX(  165): doAudioRouteOrMute() device 1, mMode 0, mMicMute 1
D/AudioHardwareMSM72XX(  165): setVoiceVolume(1.000000)
I/AudioHardwareMSM72XX(  165): Setting in-call volume to 5 (available range is 0 to 5)
I/AudioPolicyService(  165): Loaded audio policy from LEGACY Audio Policy HAL (audio_policy)
E/dalvikvm(  163): ERROR: couldn't find native method
E/dalvikvm(  163): Requested: Landroid/os/Power;.SetUnstableMemoryState:(Z)I
E/JNIHelp (  163): RegisterNatives failed for 'android/os/Power', aborting
F/libc    (  163): Fatal signal 11 (SIGSEGV) at 0xdeadbaad (code=1)
I/DEBUG   (   89): *** *** *** *** *** *** *** *** *** *** *** *** *** *** *** ***
I/DEBUG   (   89): Build fingerprint: 'cyanogenmod/htc_marvel/marvel:4.0.4/ASN01/0.1:user/release-keys'
I/DEBUG   (   89): pid: 163, tid: 163  >>> zygote <<<
I/DEBUG   (   89): signal 11 (SIGSEGV), code 1 (SEGV_MAPERR), fault addr deadbaad
I/DEBUG   (   89):  r0 deadbaad  r1 0000000c  r2 00000027  r3 a0000000
I/DEBUG   (   89):  r4 00000000  r5 00000080  r6 401bab4a  r7 bec23a80
I/DEBUG   (   89):  r8 00000000  r9 00000000  10 00000000  fp 00000000
I/DEBUG   (   89):  ip ffffffff  sp bec23a48  lr 4003ff0f  pc 4003c6c6  cpsr 00000030
I/DEBUG   (   89):  d0  3f4000003f400000  d1  0000000000000000
I/DEBUG   (   89):  d2  0000000000000000  d3  0000000000000000
I/DEBUG   (   89):  d4  0000000000000000  d5  0000000000000000
I/DEBUG   (   89):  d6  0000000000000000  d7  000000003f800000
I/DEBUG   (   89):  d8  0000000000000000  d9  0000000000000000
I/DEBUG   (   89):  d10 0000000000000000  d11 0000000000000000
I/DEBUG   (   89):  d12 0000000000000000  d13 0000000000000000
I/DEBUG   (   89):  d14 0000000000000000  d15 0000000000000000
I/DEBUG   (   89):  scr 60000000
I/DEBUG   (   89): 
I/DEBUG   (   89):          #00  pc 000176c6  /system/lib/libc.so
I/DEBUG   (   89):          #01  pc 0000c658  /system/lib/libnativehelper.so (jniRegisterNativeMethods)
I/DEBUG   (   89): 
I/DEBUG   (   89): code around pc:
I/DEBUG   (   89): 4003c6a4 1c2bd00c 2d00682d e027d1fb 2a0068da  ..+.-h.-..'..h.*
I/DEBUG   (   89): 4003c6b4 4b16d004 447b2001 47906018 22274814  ...K. {D.`.G.H'"
I/DEBUG   (   89): 4003c6c4 70022580 ef74f7f4 f7f62106 aa01e812  .%.p..t..!......
I/DEBUG   (   89): 4003c6d4 05692400 60546091 20061c11 f7f59401  .$i..`T`... ....
I/DEBUG   (   89): 4003c6e4 a905ebce 20022200 ebd6f7f5 ef60f7f4  .....". ......`.
I/DEBUG   (   89): 
I/DEBUG   (   89): code around lr:
I/DEBUG   (   89): 4003feec 4b0db5f0 447bb083 681c2600 68a59001  ...K..{D.&.h...h
I/DEBUG   (   89): 4003fefc e0086867 5ea8220c dd032800 99011c28  gh...".^.(..(...
I/DEBUG   (   89): 4003ff0c 43064788 3f013554 6824d5f4 d1ee2c00  .G.CT5.?..$h.,..
I/DEBUG   (   89): 4003ff1c 1c30b003 46c0bdf0 000285f2 1c0fb5f0  ..0....F........
I/DEBUG   (   89): 4003ff2c b0891c3d a9064355 604d9103 90064914  =...UC....M`.I..
I/DEBUG   (   89): 
I/DEBUG   (   89): memory map around addr deadbaad:
I/DEBUG   (   89): bec03000-bec24000 [stack]
I/DEBUG   (   89): (no map for address)
I/DEBUG   (   89): (no map above)
I/DEBUG   (   89): 
I/DEBUG   (   89): stack:
I/DEBUG   (   89):     bec23a08  00000001  
I/DEBUG   (   89):     bec23a0c  b013e8c3  
I/DEBUG   (   89):     bec23a10  40068720  /system/lib/libc.so
I/DEBUG   (   89):     bec23a14  400686b0  /system/lib/libc.so
I/DEBUG   (   89):     bec23a18  00000000  
I/DEBUG   (   89):     bec23a1c  4003ff0f  /system/lib/libc.so
I/DEBUG   (   89):     bec23a20  401babb5  /system/lib/libandroid_runtime.so
I/DEBUG   (   89):     bec23a24  4003ec75  /system/lib/libc.so
I/DEBUG   (   89):     bec23a28  ffffffff  
I/DEBUG   (   89):     bec23a2c  00000000  
I/DEBUG   (   89):     bec23a30  00000000  
I/DEBUG   (   89):     bec23a34  401bab4a  /system/lib/libandroid_runtime.so
I/DEBUG   (   89):     bec23a38  bec23a80  [stack]
I/DEBUG   (   89):     bec23a3c  4003f08d  /system/lib/libc.so
I/DEBUG   (   89):     bec23a40  df0027ad  
I/DEBUG   (   89):     bec23a44  00000000  
I/DEBUG   (   89): #00 bec23a48  00000006  
I/DEBUG   (   89):     bec23a4c  00000100  
I/DEBUG   (   89):     bec23a50  4018bb41  /system/lib/libandroid_runtime.so
I/DEBUG   (   89):     bec23a54  b013e8c3  
I/DEBUG   (   89):     bec23a58  401baa6a  /system/lib/libandroid_runtime.so
I/DEBUG   (   89):     bec23a5c  fffffbdf  
I/DEBUG   (   89):     bec23a60  0000f2c0  [heap]
I/DEBUG   (   89):     bec23a64  40868ffd  /system/lib/libdvm.so
I/DEBUG   (   89):     bec23a68  0000f2c0  [heap]
I/DEBUG   (   89):     bec23a6c  401f865b  /system/lib/libnativehelper.so
I/DEBUG   (   89): #01 bec23a70  40868ffd  /system/lib/libdvm.so
I/DEBUG   (   89):     bec23a74  401f865b  /system/lib/libnativehelper.so
I/DEBUG   (   89):     bec23a78  401d2860  /system/lib/libandroid_runtime.so
I/DEBUG   (   89):     bec23a7c  00000007  
I/DEBUG   (   89):     bec23a80  0000f2c0  [heap]
I/DEBUG   (   89):     bec23a84  1d300101  
I/DEBUG   (   89):     bec23a88  0000f2c0  [heap]
I/DEBUG   (   89):     bec23a8c  401cc94c  /system/lib/libandroid_runtime.so
I/DEBUG   (   89):     bec23a90  0000f2c0  [heap]
I/DEBUG   (   89):     bec23a94  401cca10  /system/lib/libandroid_runtime.so
I/DEBUG   (   89):     bec23a98  00000001  
I/DEBUG   (   89):     bec23a9c  40175877  /system/lib/libandroid_runtime.so
I/DEBUG   (   89):     bec23aa0  401cc94c  /system/lib/libandroid_runtime.so
I/DEBUG   (   89):     bec23aa4  4018bb35  /system/lib/libandroid_runtime.so
I/DEBUG   (   89):     bec23aa8  401cc94c  /system/lib/libandroid_runtime.so
I/DEBUG   (   89):     bec23aac  40175979  /system/lib/libandroid_runtime.so
I/DEBUG   (   89):     bec23ab0  0000f2c0  [heap]
I/DEBUG   (   89):     bec23ab4  fffffe38  
I/ServiceManager(   86): service 'media.audio_flinger' died
I/ServiceManager(   86): service 'media.player' died
I/ServiceManager(   86): service 'media.camera' died
I/ServiceManager(   86): service 'media.audio_policy' died
I/Netd    (  191): Netd 1.0 starting
D/AndroidRuntime(  192): 
D/AndroidRuntime(  192): >>>>>> AndroidRuntime START com.android.internal.os.ZygoteInit <<<<<<
D/AndroidRuntime(  192): CheckJNI is OFF
I/        (  193): ServiceManager: 0xf958
I/HTC Acoustic(  193): libhtc_acoustic.so version 2.0.0.6.
I/HTC Acoustic(  193): deonvvv gingerbread test.
I/HTC Acoustic(  193): open /system/etc/AudioPara4_WB.csv success.
I/HTC Acoustic(  193): acoustic table version: MAL_WB_20110217
I/HTC Acoustic(  193): read_audio_para_from_file success.
E/HTC Acoustic(  193): Fail to open /system/etc/AudioPara_ALL.csv -1.
I/HTC Acoustic(  193): open /system/etc/AudioPara4.csv success.
I/HTC Acoustic(  193): acoustic table version: MAL_Gerenic_20110509
I/HTC Acoustic(  193): read_audio_para_from_file success.
I/HTC Acoustic(  193): get_audpp_filter
I/HTC Acoustic(  193): open /system/etc/AudioFilter.csv success.
I/HTC Acoustic(  193): MBADRC Filter MBADRC FLAG = ffff.
E/HTC Acoustic(  193): set mbadrc filter error.
I/HTC Acoustic(  193): failed to set audpp parameters, exiting.
I/HTC Acoustic(  193): get_audpre_filter
I/HTC Acoustic(  193): open /system/etc/AudioPreProcess.csv success.
D/AudioHardwareMSM72XX(  193): mNumSndEndpoints = 151
V/AudioHardwareMSM72XX(  193): constructed 151 SND endpoints)
D/AudioHardwareMSM72XX(  193): BT MATCH HANDSET
D/AudioHardwareMSM72XX(  193): BT MATCH SPEAKER
D/AudioHardwareMSM72XX(  193): BT MATCH HEADSET
D/AudioHardwareMSM72XX(  193): BT MATCH BT
D/AudioHardwareMSM72XX(  193): BT MATCH CARKIT
D/AudioHardwareMSM72XX(  193): BT MATCH TTY_FULL
D/AudioHardwareMSM72XX(  193): BT MATCH TTY_VCO
D/AudioHardwareMSM72XX(  193): BT MATCH TTY_HCO
D/AudioHardwareMSM72XX(  193): BT MATCH NO_MIC_HEADSET
D/AudioHardwareMSM72XX(  193): BT MATCH FM_HEADSET
D/AudioHardwareMSM72XX(  193): BT MATCH HEADSET_AND_SPEAKER
D/AudioHardwareMSM72XX(  193): BT MATCH FM_SPEAKER
D/AudioHardwareMSM72XX(  193): BT MATCH BT_EC_OFF
D/AudioHardwareMSM72XX(  193): BT MATCH BT_EC_OFF
D/AudioHardwareMSM72XX(  193): BT MATCH CURRENT
I/AudioFlinger(  193): Loaded primary audio interface from LEGACY Audio HW HAL (audio)
I/AudioFlinger(  193): Using 'LEGACY Audio HW HAL' (audio.primary) as the primary audio interface
I/AudioFlinger(  193): Loaded a2dp audio interface from A2DP Audio HW HAL (audio)
D/AudioHardwareInterface(  193): setMode(NORMAL)
I/AudioHardwareMSM72XX(  193): Set master volume to 5.
I/CameraService(  193): CameraService started (pid=193)
W/dalvikvm(  192): VFY: unable to find class referenced in signature (Landroid/content/res/PackageRedirectionMap;)
I/dalvikvm(  192): Could not find method android.content.res.PackageRedirectionMap.getPackageId, referenced from method android.content.res.AssetManager.addRedirections
W/dalvikvm(  192): VFY: unable to resolve virtual method 9335: Landroid/content/res/PackageRedirectionMap;.getPackageId ()I
D/dalvikvm(  192): VFY: replacing opcode 0x6e at 0x000e
I/AudioFlinger(  193): AudioFlinger's thread 0x16ff8 ready to run
W/AudioFlinger(  193): Thread AudioOut_1 cannot connect to the power manager service
V/AudioHardwareMSM72XX(  193): AudioStreamOutMSM72xx::setParameters() routing=2
V/AudioHardwareMSM72XX(  193): set output routing 2
I/AudioHardwareMSM72XX(  193): Routing audio to Speakerphone
V/AudioHardwareMSM72XX(  193): doAudioRouteOrMute() device 1, mMode 0, mMicMute 1
D/AudioHardwareMSM72XX(  193): setVoiceVolume(1.000000)
I/AudioHardwareMSM72XX(  193): Setting in-call volume to 5 (available range is 0 to 5)
I/AudioPolicyService(  193): Loaded audio policy from LEGACY Audio Policy HAL (audio_policy)
E/dalvikvm(  192): ERROR: couldn't find native method
E/dalvikvm(  192): Requested: Landroid/os/Power;.SetUnstableMemoryState:(Z)I
E/JNIHelp (  192): RegisterNatives failed for 'android/os/Power', aborting
F/libc    (  192): Fatal signal 11 (SIGSEGV) at 0xdeadbaad (code=1)
I/DEBUG   (   89): *** *** *** *** *** *** *** *** *** *** *** *** *** *** *** ***
I/DEBUG   (   89): Build fingerprint: 'cyanogenmod/htc_marvel/marvel:4.0.4/ASN01/0.1:user/release-keys'
I/DEBUG   (   89): pid: 192, tid: 192  >>> zygote <<<
I/DEBUG   (   89): signal 11 (SIGSEGV), code 1 (SEGV_MAPERR), fault addr deadbaad
I/DEBUG   (   89):  r0 deadbaad  r1 0000000c  r2 00000027  r3 a0000000
I/DEBUG   (   89):  r4 00000000  r5 00000080  r6 401bab4a  r7 beb3ba80
I/DEBUG   (   89):  r8 00000000  r9 00000000  10 00000000  fp 00000000
I/DEBUG   (   89):  ip ffffffff  sp beb3ba48  lr 4003ff0f  pc 4003c6c6  cpsr 00000030
I/DEBUG   (   89):  d0  3f4000003f400000  d1  0000000000000000
I/DEBUG   (   89):  d2  0000000000000000  d3  0000000000000000
I/DEBUG   (   89):  d4  0000000000000000  d5  0000000000000000
I/DEBUG   (   89):  d6  0000000000000000  d7  000000003f800000
I/DEBUG   (   89):  d8  0000000000000000  d9  0000000000000000
I/DEBUG   (   89):  d10 0000000000000000  d11 0000000000000000
I/DEBUG   (   89):  d12 0000000000000000  d13 0000000000000000
I/DEBUG   (   89):  d14 0000000000000000  d15 0000000000000000
I/DEBUG   (   89):  scr 60000000
I/DEBUG   (   89): 
I/DEBUG   (   89):          #00  pc 000176c6  /system/lib/libc.so
I/DEBUG   (   89):          #01  pc 0000c658  /system/lib/libnativehelper.so (jniRegisterNativeMethods)
I/DEBUG   (   89): 
I/DEBUG   (   89): code around pc:
I/DEBUG   (   89): 4003c6a4 1c2bd00c 2d00682d e027d1fb 2a0068da  ..+.-h.-..'..h.*
I/DEBUG   (   89): 4003c6b4 4b16d004 447b2001 47906018 22274814  ...K. {D.`.G.H'"
I/DEBUG   (   89): 4003c6c4 70022580 ef74f7f4 f7f62106 aa01e812  .%.p..t..!......
I/DEBUG   (   89): 4003c6d4 05692400 60546091 20061c11 f7f59401  .$i..`T`... ....
I/DEBUG   (   89): 4003c6e4 a905ebce 20022200 ebd6f7f5 ef60f7f4  .....". ......`.
I/DEBUG   (   89): 
I/DEBUG   (   89): code around lr:
I/DEBUG   (   89): 4003feec 4b0db5f0 447bb083 681c2600 68a59001  ...K..{D.&.h...h
I/DEBUG   (   89): 4003fefc e0086867 5ea8220c dd032800 99011c28  gh...".^.(..(...
I/DEBUG   (   89): 4003ff0c 43064788 3f013554 6824d5f4 d1ee2c00  .G.CT5.?..$h.,..
I/DEBUG   (   89): 4003ff1c 1c30b003 46c0bdf0 000285f2 1c0fb5f0  ..0....F........
I/DEBUG   (   89): 4003ff2c b0891c3d a9064355 604d9103 90064914  =...UC....M`.I..
I/DEBUG   (   89): 
I/DEBUG   (   89): memory map around addr deadbaad:
I/DEBUG   (   89): beb1b000-beb3c000 [stack]
I/DEBUG   (   89): (no map for address)
I/DEBUG   (   89): (no map above)
I/DEBUG   (   89): 
I/DEBUG   (   89): stack:
I/DEBUG   (   89):     beb3ba08  00000001  
I/DEBUG   (   89):     beb3ba0c  05025878  
I/DEBUG   (   89):     beb3ba10  40068720  /system/lib/libc.so
I/DEBUG   (   89):     beb3ba14  400686b0  /system/lib/libc.so
I/DEBUG   (   89):     beb3ba18  00000000  
I/DEBUG   (   89):     beb3ba1c  4003ff0f  /system/lib/libc.so
I/DEBUG   (   89):     beb3ba20  401babb5  /system/lib/libandroid_runtime.so
I/DEBUG   (   89):     beb3ba24  4003ec75  /system/lib/libc.so
I/DEBUG   (   89):     beb3ba28  ffffffff  
I/DEBUG   (   89):     beb3ba2c  00000000  
I/DEBUG   (   89):     beb3ba30  00000000  
I/DEBUG   (   89):     beb3ba34  401bab4a  /system/lib/libandroid_runtime.so
I/DEBUG   (   89):     beb3ba38  beb3ba80  [stack]
I/DEBUG   (   89):     beb3ba3c  4003f08d  /system/lib/libc.so
I/DEBUG   (   89):     beb3ba40  df0027ad  
I/DEBUG   (   89):     beb3ba44  00000000  
I/DEBUG   (   89): #00 beb3ba48  00000006  
I/DEBUG   (   89):     beb3ba4c  00000100  
I/DEBUG   (   89):     beb3ba50  4018bb41  /system/lib/libandroid_runtime.so
I/DEBUG   (   89):     beb3ba54  05025878  
I/DEBUG   (   89):     beb3ba58  401baa6a  /system/lib/libandroid_runtime.so
I/DEBUG   (   89):     beb3ba5c  fffffbdf  
I/DEBUG   (   89):     beb3ba60  0000f2c0  [heap]
I/DEBUG   (   89):     beb3ba64  40868ffd  /system/lib/libdvm.so
I/DEBUG   (   89):     beb3ba68  0000f2c0  [heap]
I/DEBUG   (   89):     beb3ba6c  401f865b  /system/lib/libnativehelper.so
I/DEBUG   (   89): #01 beb3ba70  40868ffd  /system/lib/libdvm.so
I/DEBUG   (   89):     beb3ba74  401f865b  /system/lib/libnativehelper.so
I/DEBUG   (   89):     beb3ba78  401d2860  /system/lib/libandroid_runtime.so
I/DEBUG   (   89):     beb3ba7c  00000007  
I/DEBUG   (   89):     beb3ba80  0000f2c0  [heap]
I/DEBUG   (   89):     beb3ba84  1d300101  
I/DEBUG   (   89):     beb3ba88  0000f2c0  [heap]
I/DEBUG   (   89):     beb3ba8c  401cc94c  /system/lib/libandroid_runtime.so
I/DEBUG   (   89):     beb3ba90  0000f2c0  [heap]
I/DEBUG   (   89):     beb3ba94  401cca10  /system/lib/libandroid_runtime.so
I/DEBUG   (   89):     beb3ba98  00000001  
I/DEBUG   (   89):     beb3ba9c  40175877  /system/lib/libandroid_runtime.so
I/DEBUG   (   89):     beb3baa0  401cc94c  /system/lib/libandroid_runtime.so
I/DEBUG   (   89):     beb3baa4  4018bb35  /system/lib/libandroid_runtime.so
I/DEBUG   (   89):     beb3baa8  401cc94c  /system/lib/libandroid_runtime.so
I/DEBUG   (   89):     beb3baac  40175979  /system/lib/libandroid_runtime.so
I/DEBUG   (   89):     beb3bab0  0000f2c0  [heap]
I/DEBUG   (   89):     beb3bab4  fffffe38  
I/ServiceManager(   86): service 'media.audio_flinger' died
I/ServiceManager(   86): service 'media.player' died
I/ServiceManager(   86): service 'media.camera' died
I/ServiceManager(   86): service 'media.audio_policy' died
I/Netd    (  219): Netd 1.0 starting
D/AndroidRuntime(  220): 
D/AndroidRuntime(  220): >>>>>> AndroidRuntime START com.android.internal.os.ZygoteInit <<<<<<
D/AndroidRuntime(  220): CheckJNI is OFF
I/        (  221): ServiceManager: 0xf958
I/HTC Acoustic(  221): libhtc_acoustic.so version 2.0.0.6.
I/HTC Acoustic(  221): deonvvv gingerbread test.
I/HTC Acoustic(  221): open /system/etc/AudioPara4_WB.csv success.
I/HTC Acoustic(  221): acoustic table version: MAL_WB_20110217
I/HTC Acoustic(  221): read_audio_para_from_file success.
E/HTC Acoustic(  221): Fail to open /system/etc/AudioPara_ALL.csv -1.
I/HTC Acoustic(  221): open /system/etc/AudioPara4.csv success.
I/HTC Acoustic(  221): acoustic table version: MAL_Gerenic_20110509
I/HTC Acoustic(  221): read_audio_para_from_file success.
I/HTC Acoustic(  221): get_audpp_filter
I/HTC Acoustic(  221): open /system/etc/AudioFilter.csv success.
I/HTC Acoustic(  221): MBADRC Filter MBADRC FLAG = ffff.
E/HTC Acoustic(  221): set mbadrc filter error.
I/HTC Acoustic(  221): failed to set audpp parameters, exiting.
I/HTC Acoustic(  221): get_audpre_filter
I/HTC Acoustic(  221): open /system/etc/AudioPreProcess.csv success.
D/AudioHardwareMSM72XX(  221): mNumSndEndpoints = 151
W/dalvikvm(  220): VFY: unable to find class referenced in signature (Landroid/content/res/PackageRedirectionMap;)
V/AudioHardwareMSM72XX(  221): constructed 151 SND endpoints)
D/AudioHardwareMSM72XX(  221): BT MATCH HANDSET
D/AudioHardwareMSM72XX(  221): BT MATCH SPEAKER
D/AudioHardwareMSM72XX(  221): BT MATCH HEADSET
D/AudioHardwareMSM72XX(  221): BT MATCH BT
D/AudioHardwareMSM72XX(  221): BT MATCH CARKIT
D/AudioHardwareMSM72XX(  221): BT MATCH TTY_FULL
D/AudioHardwareMSM72XX(  221): BT MATCH TTY_VCO
D/AudioHardwareMSM72XX(  221): BT MATCH TTY_HCO
D/AudioHardwareMSM72XX(  221): BT MATCH NO_MIC_HEADSET
D/AudioHardwareMSM72XX(  221): BT MATCH FM_HEADSET
D/AudioHardwareMSM72XX(  221): BT MATCH HEADSET_AND_SPEAKER
D/AudioHardwareMSM72XX(  221): BT MATCH FM_SPEAKER
D/AudioHardwareMSM72XX(  221): BT MATCH BT_EC_OFF
D/AudioHardwareMSM72XX(  221): BT MATCH BT_EC_OFF
D/AudioHardwareMSM72XX(  221): BT MATCH CURRENT
I/AudioFlinger(  221): Loaded primary audio interface from LEGACY Audio HW HAL (audio)
I/AudioFlinger(  221): Using 'LEGACY Audio HW HAL' (audio.primary) as the primary audio interface
I/dalvikvm(  220): Could not find method android.content.res.PackageRedirectionMap.getPackageId, referenced from method android.content.res.AssetManager.addRedirections
I/AudioFlinger(  221): Loaded a2dp audio interface from A2DP Audio HW HAL (audio)
W/dalvikvm(  220): VFY: unable to resolve virtual method 9335: Landroid/content/res/PackageRedirectionMap;.getPackageId ()I
D/dalvikvm(  220): VFY: replacing opcode 0x6e at 0x000e
D/AudioHardwareInterface(  221): setMode(NORMAL)
I/AudioHardwareMSM72XX(  221): Set master volume to 5.
I/CameraService(  221): CameraService started (pid=221)
I/AudioFlinger(  221): AudioFlinger's thread 0x16f90 ready to run
W/AudioFlinger(  221): Thread AudioOut_1 cannot connect to the power manager service
V/AudioHardwareMSM72XX(  221): AudioStreamOutMSM72xx::setParameters() routing=2
V/AudioHardwareMSM72XX(  221): set output routing 2
I/AudioHardwareMSM72XX(  221): Routing audio to Speakerphone
V/AudioHardwareMSM72XX(  221): doAudioRouteOrMute() device 1, mMode 0, mMicMute 1
D/AudioHardwareMSM72XX(  221): setVoiceVolume(1.000000)
I/AudioHardwareMSM72XX(  221): Setting in-call volume to 5 (available range is 0 to 5)
I/AudioPolicyService(  221): Loaded audio policy from LEGACY Audio Policy HAL (audio_policy)
E/dalvikvm(  220): ERROR: couldn't find native method
E/dalvikvm(  220): Requested: Landroid/os/Power;.SetUnstableMemoryState:(Z)I
E/JNIHelp (  220): RegisterNatives failed for 'android/os/Power', aborting
F/libc    (  220): Fatal signal 11 (SIGSEGV) at 0xdeadbaad (code=1)
I/DEBUG   (   89): *** *** *** *** *** *** *** *** *** *** *** *** *** *** *** ***
I/DEBUG   (   89): Build fingerprint: 'cyanogenmod/htc_marvel/marvel:4.0.4/ASN01/0.1:user/release-keys'
I/DEBUG   (   89): pid: 220, tid: 220  >>> zygote <<<
I/DEBUG   (   89): signal 11 (SIGSEGV), code 1 (SEGV_MAPERR), fault addr deadbaad
I/DEBUG   (   89):  r0 deadbaad  r1 0000000c  r2 00000027  r3 a0000000
I/DEBUG   (   89):  r4 00000000  r5 00000080  r6 401bab4a  r7 be9bba80
I/DEBUG   (   89):  r8 00000000  r9 00000000  10 00000000  fp 00000000
I/DEBUG   (   89):  ip ffffffff  sp be9bba48  lr 4003ff0f  pc 4003c6c6  cpsr 00000030
I/DEBUG   (   89):  d0  3f4000003f400000  d1  0000000000000000
I/DEBUG   (   89):  d2  0000000000000000  d3  0000000000000000
I/DEBUG   (   89):  d4  0000000000000000  d5  0000000000000000
I/DEBUG   (   89):  d6  0000000000000000  d7  000000003f800000
I/DEBUG   (   89):  d8  0000000000000000  d9  0000000000000000
I/DEBUG   (   89):  d10 0000000000000000  d11 0000000000000000
I/DEBUG   (   89):  d12 0000000000000000  d13 0000000000000000
I/DEBUG   (   89):  d14 0000000000000000  d15 0000000000000000
I/DEBUG   (   89):  scr 60000000
I/DEBUG   (   89): 
I/DEBUG   (   89):          #00  pc 000176c6  /system/lib/libc.so
I/DEBUG   (   89):          #01  pc 0000c658  /system/lib/libnativehelper.so (jniRegisterNativeMethods)
I/DEBUG   (   89): 
I/DEBUG   (   89): code around pc:
I/DEBUG   (   89): 4003c6a4 1c2bd00c 2d00682d e027d1fb 2a0068da  ..+.-h.-..'..h.*
I/DEBUG   (   89): 4003c6b4 4b16d004 447b2001 47906018 22274814  ...K. {D.`.G.H'"
I/DEBUG   (   89): 4003c6c4 70022580 ef74f7f4 f7f62106 aa01e812  .%.p..t..!......
I/DEBUG   (   89): 4003c6d4 05692400 60546091 20061c11 f7f59401  .$i..`T`... ....
I/DEBUG   (   89): 4003c6e4 a905ebce 20022200 ebd6f7f5 ef60f7f4  .....". ......`.
I/DEBUG   (   89): 
I/DEBUG   (   89): code around lr:
I/DEBUG   (   89): 4003feec 4b0db5f0 447bb083 681c2600 68a59001  ...K..{D.&.h...h
I/DEBUG   (   89): 4003fefc e0086867 5ea8220c dd032800 99011c28  gh...".^.(..(...
I/DEBUG   (   89): 4003ff0c 43064788 3f013554 6824d5f4 d1ee2c00  .G.CT5.?..$h.,..
I/DEBUG   (   89): 4003ff1c 1c30b003 46c0bdf0 000285f2 1c0fb5f0  ..0....F........
I/DEBUG   (   89): 4003ff2c b0891c3d a9064355 604d9103 90064914  =...UC....M`.I..
I/DEBUG   (   89): 
I/DEBUG   (   89): memory map around addr deadbaad:
I/DEBUG   (   89): be99b000-be9bc000 [stack]
I/DEBUG   (   89): (no map for address)
I/DEBUG   (   89): (no map above)
I/DEBUG   (   89): 
I/DEBUG   (   89): stack:
I/DEBUG   (   89):     be9bba08  00000001  
I/DEBUG   (   89):     be9bba0c  042b0f6c  
I/DEBUG   (   89):     be9bba10  40068720  /system/lib/libc.so
I/DEBUG   (   89):     be9bba14  400686b0  /system/lib/libc.so
I/DEBUG   (   89):     be9bba18  00000000  
I/DEBUG   (   89):     be9bba1c  4003ff0f  /system/lib/libc.so
I/DEBUG   (   89):     be9bba20  401babb5  /system/lib/libandroid_runtime.so
I/DEBUG   (   89):     be9bba24  4003ec75  /system/lib/libc.so
I/DEBUG   (   89):     be9bba28  ffffffff  
I/DEBUG   (   89):     be9bba2c  00000000  
I/DEBUG   (   89):     be9bba30  00000000  
I/DEBUG   (   89):     be9bba34  401bab4a  /system/lib/libandroid_runtime.so
I/DEBUG   (   89):     be9bba38  be9bba80  [stack]
I/DEBUG   (   89):     be9bba3c  4003f08d  /system/lib/libc.so
I/DEBUG   (   89):     be9bba40  df0027ad  
I/DEBUG   (   89):     be9bba44  00000000  
I/DEBUG   (   89): #00 be9bba48  00000006  
I/DEBUG   (   89):     be9bba4c  00000100  
I/DEBUG   (   89):     be9bba50  4018bb41  /system/lib/libandroid_runtime.so
I/DEBUG   (   89):     be9bba54  042b0f6c  
I/DEBUG   (   89):     be9bba58  401baa6a  /system/lib/libandroid_runtime.so
I/DEBUG   (   89):     be9bba5c  fffffbdf  
I/DEBUG   (   89):     be9bba60  0000f2c0  [heap]
I/DEBUG   (   89):     be9bba64  40868ffd  /system/lib/libdvm.so
I/DEBUG   (   89):     be9bba68  0000f2c0  [heap]
I/DEBUG   (   89):     be9bba6c  401f865b  /system/lib/libnativehelper.so
I/DEBUG   (   89): #01 be9bba70  40868ffd  /system/lib/libdvm.so
I/DEBUG   (   89):     be9bba74  401f865b  /system/lib/libnativehelper.so
I/DEBUG   (   89):     be9bba78  401d2860  /system/lib/libandroid_runtime.so
I/DEBUG   (   89):     be9bba7c  00000007  
I/DEBUG   (   89):     be9bba80  0000f2c0  [heap]
I/DEBUG   (   89):     be9bba84  1d300101  
I/DEBUG   (   89):     be9bba88  0000f2c0  [heap]
I/DEBUG   (   89):     be9bba8c  401cc94c  /system/lib/libandroid_runtime.so
I/DEBUG   (   89):     be9bba90  0000f2c0  [heap]
I/DEBUG   (   89):     be9bba94  401cca10  /system/lib/libandroid_runtime.so
I/DEBUG   (   89):     be9bba98  00000001  
I/DEBUG   (   89):     be9bba9c  40175877  /system/lib/libandroid_runtime.so
I/DEBUG   (   89):     be9bbaa0  401cc94c  /system/lib/libandroid_runtime.so
I/DEBUG   (   89):     be9bbaa4  4018bb35  /system/lib/libandroid_runtime.so
I/DEBUG   (   89):     be9bbaa8  401cc94c  /system/lib/libandroid_runtime.so
I/DEBUG   (   89):     be9bbaac  40175979  /system/lib/libandroid_runtime.so
I/DEBUG   (   89):     be9bbab0  0000f2c0  [heap]
I/DEBUG   (   89):     be9bbab4  fffffe38  
I/ServiceManager(   86): service 'media.audio_flinger' died
I/ServiceManager(   86): service 'media.player' died
I/ServiceManager(   86): service 'media.camera' died
I/ServiceManager(   86): service 'media.audio_policy' died
I/Netd    (  247): Netd 1.0 starting
D/AndroidRuntime(  248): 
D/AndroidRuntime(  248): >>>>>> AndroidRuntime START com.android.internal.os.ZygoteInit <<<<<<
D/AndroidRuntime(  248): CheckJNI is OFF
I/        (  249): ServiceManager: 0xf958
I/HTC Acoustic(  249): libhtc_acoustic.so version 2.0.0.6.
I/HTC Acoustic(  249): deonvvv gingerbread test.
I/HTC Acoustic(  249): open /system/etc/AudioPara4_WB.csv success.
I/HTC Acoustic(  249): acoustic table version: MAL_WB_20110217
I/HTC Acoustic(  249): read_audio_para_from_file success.
E/HTC Acoustic(  249): Fail to open /system/etc/AudioPara_ALL.csv -1.
I/HTC Acoustic(  249): open /system/etc/AudioPara4.csv success.
I/HTC Acoustic(  249): acoustic table version: MAL_Gerenic_20110509
W/dalvikvm(  248): VFY: unable to find class referenced in signature (Landroid/content/res/PackageRedirectionMap;)
I/dalvikvm(  248): Could not find method android.content.res.PackageRedirectionMap.getPackageId, referenced from method android.content.res.AssetManager.addRedirections
W/dalvikvm(  248): VFY: unable to resolve virtual method 9335: Landroid/content/res/PackageRedirectionMap;.getPackageId ()I
D/dalvikvm(  248): VFY: replacing opcode 0x6e at 0x000e
I/HTC Acoustic(  249): read_audio_para_from_file success.
I/HTC Acoustic(  249): get_audpp_filter
I/HTC Acoustic(  249): open /system/etc/AudioFilter.csv success.
I/HTC Acoustic(  249): MBADRC Filter MBADRC FLAG = ffff.
E/HTC Acoustic(  249): set mbadrc filter error.
I/HTC Acoustic(  249): failed to set audpp parameters, exiting.
I/HTC Acoustic(  249): get_audpre_filter
I/HTC Acoustic(  249): open /system/etc/AudioPreProcess.csv success.
D/AudioHardwareMSM72XX(  249): mNumSndEndpoints = 151
V/AudioHardwareMSM72XX(  249): constructed 151 SND endpoints)
D/AudioHardwareMSM72XX(  249): BT MATCH HANDSET
D/AudioHardwareMSM72XX(  249): BT MATCH SPEAKER
D/AudioHardwareMSM72XX(  249): BT MATCH HEADSET
D/AudioHardwareMSM72XX(  249): BT MATCH BT
D/AudioHardwareMSM72XX(  249): BT MATCH CARKIT
D/AudioHardwareMSM72XX(  249): BT MATCH TTY_FULL
D/AudioHardwareMSM72XX(  249): BT MATCH TTY_VCO
D/AudioHardwareMSM72XX(  249): BT MATCH TTY_HCO
D/AudioHardwareMSM72XX(  249): BT MATCH NO_MIC_HEADSET
D/AudioHardwareMSM72XX(  249): BT MATCH FM_HEADSET
D/AudioHardwareMSM72XX(  249): BT MATCH HEADSET_AND_SPEAKER
D/AudioHardwareMSM72XX(  249): BT MATCH FM_SPEAKER
D/AudioHardwareMSM72XX(  249): BT MATCH BT_EC_OFF
D/AudioHardwareMSM72XX(  249): BT MATCH BT_EC_OFF
D/AudioHardwareMSM72XX(  249): BT MATCH CURRENT
I/AudioFlinger(  249): Loaded primary audio interface from LEGACY Audio HW HAL (audio)
I/AudioFlinger(  249): Using 'LEGACY Audio HW HAL' (audio.primary) as the primary audio interface
I/AudioFlinger(  249): Loaded a2dp audio interface from A2DP Audio HW HAL (audio)
D/AudioHardwareInterface(  249): setMode(NORMAL)
I/AudioHardwareMSM72XX(  249): Set master volume to 5.
I/CameraService(  249): CameraService started (pid=249)
I/AudioFlinger(  249): AudioFlinger's thread 0x16f90 ready to run
W/AudioFlinger(  249): Thread AudioOut_1 cannot connect to the power manager service
V/AudioHardwareMSM72XX(  249): AudioStreamOutMSM72xx::setParameters() routing=2
V/AudioHardwareMSM72XX(  249): set output routing 2
I/AudioHardwareMSM72XX(  249): Routing audio to Speakerphone
V/AudioHardwareMSM72XX(  249): doAudioRouteOrMute() device 1, mMode 0, mMicMute 1
D/AudioHardwareMSM72XX(  249): setVoiceVolume(1.000000)
I/AudioHardwareMSM72XX(  249): Setting in-call volume to 5 (available range is 0 to 5)
I/AudioPolicyService(  249): Loaded audio policy from LEGACY Audio Policy HAL (audio_policy)
E/dalvikvm(  248): ERROR: couldn't find native method
E/dalvikvm(  248): Requested: Landroid/os/Power;.SetUnstableMemoryState:(Z)I
E/JNIHelp (  248): RegisterNatives failed for 'android/os/Power', aborting
F/libc    (  248): Fatal signal 11 (SIGSEGV) at 0xdeadbaad (code=1)
I/DEBUG   (   89): *** *** *** *** *** *** *** *** *** *** *** *** *** *** *** ***
I/DEBUG   (   89): Build fingerprint: 'cyanogenmod/htc_marvel/marvel:4.0.4/ASN01/0.1:user/release-keys'
I/DEBUG   (   89): pid: 248, tid: 248  >>> zygote <<<
I/DEBUG   (   89): signal 11 (SIGSEGV), code 1 (SEGV_MAPERR), fault addr deadbaad
I/DEBUG   (   89):  r0 deadbaad  r1 0000000c  r2 00000027  r3 a0000000
I/DEBUG   (   89):  r4 00000000  r5 00000080  r6 401bab4a  r7 bee85a80
I/DEBUG   (   89):  r8 00000000  r9 00000000  10 00000000  fp 00000000
I/DEBUG   (   89):  ip ffffffff  sp bee85a48  lr 4003ff0f  pc 4003c6c6  cpsr 00000030
I/DEBUG   (   89):  d0  3f4000003f400000  d1  0000000000000000
I/DEBUG   (   89):  d2  0000000000000000  d3  0000000000000000
I/DEBUG   (   89):  d4  0000000000000000  d5  0000000000000000
I/DEBUG   (   89):  d6  0000000000000000  d7  000000003f800000
I/DEBUG   (   89):  d8  0000000000000000  d9  0000000000000000
I/DEBUG   (   89):  d10 0000000000000000  d11 0000000000000000
I/DEBUG   (   89):  d12 0000000000000000  d13 0000000000000000
I/DEBUG   (   89):  d14 0000000000000000  d15 0000000000000000
I/DEBUG   (   89):  scr 60000000
I/DEBUG   (   89): 
I/DEBUG   (   89):          #00  pc 000176c6  /system/lib/libc.so
