--------- beginning of /dev/log/main
I/cm      (   79): Welcome to Android 4.0.4 / CyanogenMod-9.0.0-RC0-marvel-UNOFFICIAL 
I/cm      (   80):                                                 _  
I/cm      (   81):  __ __ _ ___  _ _  __  ___  __ _ _  _  _  __  __)) 
I/cm      (   82): ((_ \(/'((_( ((\( ((_)((_( (('((\( ((`1( ((_)((_(  
I/cm      (   83):      ))                 _)) 
I/cm      (   84):   
I/DEBUG   (   89): debuggerd: Jun  1 2012 20:39:36
D/AK8975  (   98): AK8975 daemon 1.1.0 Start
D/AK8975  (   98): (Library version : 1.2.1.1125)
--------- beginning of /dev/log/system
I/Vold    (   87): Vold 2.1 (the revenge) firing up
I/Netd    (   88): Netd 1.0 starting
D/Vold    (   87): Volume sdcard state changing -1 (Initializing) -> 0 (No-Media)
D/Vold    (   87): Volume sdcard state changing 0 (No-Media) -> 2 (Pending)
D/DirectVolume(   87): DirectVolume::handlePartitionAdded -> MAJOR 179, MINOR 1, PARTN 1
D/Vold    (   87): Volume sdcard state changing 2 (Pending) -> 1 (Idle-Unmounted)
I/        (   93): ServiceManager: 0x18910
D/AndroidRuntime(   92): 
D/AndroidRuntime(   92): >>>>>> AndroidRuntime START com.android.internal.os.ZygoteInit <<<<<<
D/AndroidRuntime(   92): CheckJNI is OFF
I/SurfaceFlinger(   91): SurfaceFlinger is starting
I/SurfaceFlinger(   91): SurfaceFlinger's main thread ready to run. Initializing graphics H/W...
E/msm7x27.gralloc(   91): We support 3 buffers
I/msm7x27.gralloc(   91): using (fd=12)
I/msm7x27.gralloc(   91): id           = msmfb
I/msm7x27.gralloc(   91): xres         = 320 px
I/msm7x27.gralloc(   91): yres         = 480 px
I/msm7x27.gralloc(   91): xres_virtual = 320 px
I/msm7x27.gralloc(   91): yres_virtual = 1440 px
I/msm7x27.gralloc(   91): bpp          = 32
I/msm7x27.gralloc(   91): r            =  0:8
I/msm7x27.gralloc(   91): g            =  8:8
I/msm7x27.gralloc(   91): b            = 16:8
I/msm7x27.gralloc(   91): width        = 51 mm (159.372543 dpi)
I/msm7x27.gralloc(   91): height       = 76 mm (160.421051 dpi)
I/msm7x27.gralloc(   91): refresh rate = 0.00 Hz
D/CALCFPS (   91): DEBUG_CALC_FPS: 0
D/CALCFPS (   91): period: 10
D/CALCFPS (   91): ignorethresh_us: 500000
D/CALCFPS (   91): DEBUG_CALC_FPS: 0
D/CALCFPS (   91): period: 10
D/CALCFPS (   91): ignorethresh_us: 500000
D/FramebufferNativeWindow(   91): mNumBuffers = 3
D/libEGL  (   91): loaded /system/lib/egl/libGLES_android.so
D/libEGL  (   91): loaded /system/lib/egl/libEGL_adreno200.so
D/libEGL  (   91): loaded /system/lib/egl/libGLESv1_CM_adreno200.so
D/libEGL  (   91): loaded /system/lib/egl/libGLESv2_adreno200.so
I/SurfaceFlinger(   91): EGL informations:
I/SurfaceFlinger(   91): # of configs : 44
I/SurfaceFlinger(   91): vendor    : Android
I/SurfaceFlinger(   91): version   : 1.4 Android META-EGL
I/SurfaceFlinger(   91): extensions: EGL_KHR_image EGL_KHR_image_base EGL_KHR_image_base EGL_KHR_fence_sync EGL_ANDROID_image_native_buffer EGL_ANDROID_image_native_buffer EGL_ANDROID_get_render_buffer 
I/SurfaceFlinger(   91): Client API: OpenGL ES
I/SurfaceFlinger(   91): EGLSurface: 8-8-8-8, config=0x3
I/SurfaceFlinger(   91): OpenGL informations:
I/SurfaceFlinger(   91): vendor    : Qualcomm
I/SurfaceFlinger(   91): renderer  : Adreno (TM) 200
I/SurfaceFlinger(   91): version   : OpenGL ES-CM 1.1
I/SurfaceFlinger(   91): extensions: GL_AMD_compressed_ATC_texture GL_AMD_performance_monitor GL_APPLE_texture_2D_limited_npot GL_ARB_vertex_buffer_object GL_EXT_texture_filter_anisotropic GL_EXT_texture_format_BGRA8888 GL_EXT_texture_type_2_10_10_10_REV GL_OES_blend_equation_separate GL_OES_blend_func_separate GL_OES_blend_subtract GL_OES_compressed_ETC1_RGB8_texture GL_OES_compressed_paletted_texture GL_OES_depth_texture GL_OES_depth24 GL_OES_draw_texture GL_OES_EGL_image GL_OES_EGL_image_external GL_OES_framebuffer_object GL_OES_matrix_palette GL_OES_packed_depth_stencil GL_OES_point_size_array GL_OES_point_sprite GL_OES_read_format GL_OES_rgb8_rgba8 GL_OES_stencil_wrap GL_OES_texture_cube_map GL_OES_texture_env_crossbar GL_OES_texture_float GL_OES_texture_half_float GL_OES_texture_half_float_linear GL_OES_texture_npot GL_OES_texture_mirrored_repeat GL_QCOM_binning_control GL_QCOM_extended_get GL_QCOM_tiled_rendering GL_AMD_compressed_3DC_texture 
I/SurfaceFlinger(   91): GL_MAX_TEXTURE_SIZE = 4096
I/SurfaceFlinger(   91): GL_MAX_VIEWPORT_DIMS = 4096 x 4096
I/SurfaceFlinger(   91): flags = 00000000
D/CALCFPS (   91): DEBUG_CALC_FPS: 0
D/CALCFPS (   91): period: 10
D/CALCFPS (   91): ignorethresh_us: 500000
I/        (   94): ServiceManager: 0xf958
I/HTC Acoustic(   94): libhtc_acoustic.so version 2.0.0.6.
I/HTC Acoustic(   94): deonvvv gingerbread test.
I/HTC Acoustic(   94): open /system/etc/AudioPara4_WB.csv success.
I/HTC Acoustic(   94): acoustic table version: MAL_WB_20110217
I/HTC Acoustic(   94): read_audio_para_from_file success.
E/HTC Acoustic(   94): Fail to open /system/etc/AudioPara_ALL.csv -1.
I/HTC Acoustic(   94): open /system/etc/AudioPara4.csv success.
I/HTC Acoustic(   94): acoustic table version: MAL_Gerenic_20110509
I/HTC Acoustic(   94): read_audio_para_from_file success.
I/HTC Acoustic(   94): get_audpp_filter
D/libEGL  (  145): loaded /system/lib/egl/libGLES_android.so
I/HTC Acoustic(   94): open /system/etc/AudioFilter.csv success.
I/HTC Acoustic(   94): MBADRC Filter MBADRC FLAG = ffff.
E/HTC Acoustic(   94): set mbadrc filter error.
I/HTC Acoustic(   94): failed to set audpp parameters, exiting.
I/HTC Acoustic(   94): get_audpre_filter
I/HTC Acoustic(   94): open /system/etc/AudioPreProcess.csv success.
D/AudioHardwareMSM72XX(   94): mNumSndEndpoints = 151
V/AudioHardwareMSM72XX(   94): constructed 151 SND endpoints)
D/AudioHardwareMSM72XX(   94): BT MATCH HANDSET
D/libEGL  (  145): loaded /system/lib/egl/libEGL_adreno200.so
D/AudioHardwareMSM72XX(   94): BT MATCH SPEAKER
D/AudioHardwareMSM72XX(   94): BT MATCH HEADSET
D/AudioHardwareMSM72XX(   94): BT MATCH BT
D/AudioHardwareMSM72XX(   94): BT MATCH CARKIT
D/AudioHardwareMSM72XX(   94): BT MATCH TTY_FULL
D/AudioHardwareMSM72XX(   94): BT MATCH TTY_VCO
D/AudioHardwareMSM72XX(   94): BT MATCH TTY_HCO
D/AudioHardwareMSM72XX(   94): BT MATCH NO_MIC_HEADSET
D/AudioHardwareMSM72XX(   94): BT MATCH FM_HEADSET
D/AudioHardwareMSM72XX(   94): BT MATCH HEADSET_AND_SPEAKER
D/AudioHardwareMSM72XX(   94): BT MATCH FM_SPEAKER
D/AudioHardwareMSM72XX(   94): BT MATCH BT_EC_OFF
D/AudioHardwareMSM72XX(   94): BT MATCH BT_EC_OFF
D/AudioHardwareMSM72XX(   94): BT MATCH CURRENT
D/libEGL  (  145): loaded /system/lib/egl/libGLESv1_CM_adreno200.so
I/AudioFlinger(   94): Loaded primary audio interface from LEGACY Audio HW HAL (audio)
I/AudioFlinger(   94): Using 'LEGACY Audio HW HAL' (audio.primary) as the primary audio interface
D/libEGL  (  145): loaded /system/lib/egl/libGLESv2_adreno200.so
I/AudioFlinger(   94): Loaded a2dp audio interface from A2DP Audio HW HAL (audio)
D/AudioHardwareInterface(   94): setMode(NORMAL)
I/AudioHardwareMSM72XX(   94): Set master volume to 5.
I/CameraService(   94): CameraService started (pid=94)
D/memalloc(   91): init_pmem_area: Initializing pmem area
D/memalloc(   91): init_pmem_area_locked: Opening master pmem FD
D/memalloc(   91): init_pmem_area_locked: Total pmem size: 16777216
D/memalloc(   91): /dev/pmem: Allocated buffer base:0x41580000 size:614400 offset:0 fd:26
D/memalloc(  145): /dev/pmem: Mapped buffer base:0x407f4000 size:614400 offset:0 fd:16
I/AudioFlinger(   94): AudioFlinger's thread 0x16fd8 ready to run
W/AudioFlinger(   94): Thread AudioOut_1 cannot connect to the power manager service
V/AudioHardwareMSM72XX(   94): AudioStreamOutMSM72xx::setParameters() routing=2
V/AudioHardwareMSM72XX(   94): set output routing 2
I/AudioHardwareMSM72XX(   94): Routing audio to Speakerphone
V/AudioHardwareMSM72XX(   94): doAudioRouteOrMute() device 1, mMode 0, mMicMute 1
D/AudioHardwareMSM72XX(   94): setVoiceVolume(1.000000)
I/AudioHardwareMSM72XX(   94): Setting in-call volume to 5 (available range is 0 to 5)
I/AudioPolicyService(   94): Loaded audio policy from LEGACY Audio Policy HAL (audio_policy)
D/memalloc(   91): /dev/pmem: Allocated buffer base:0x41580000 size:614400 offset:614400 fd:29
D/memalloc(  145): /dev/pmem: Mapped buffer base:0x40df8000 size:1228800 offset:614400 fd:20
D/memalloc(   91): /dev/pmem: Allocated buffer base:0x41580000 size:614400 offset:1228800 fd:32
D/memalloc(  145): /dev/pmem: Mapped buffer base:0x410e0000 size:1843200 offset:1228800 fd:23
D/dalvikvm(   92): DexOpt: --- BEGIN 'core.jar' (bootstrap=1) ---
D/dalvikvm(  154): Ignoring duplicate verify attempt on Ljava/lang/Object;
D/dalvikvm(  154): Ignoring duplicate verify attempt on Ljava/lang/Class;
D/dalvikvm(  154): Ignoring duplicate verify attempt on Ljava/lang/ref/Reference;
D/dalvikvm(  154): Ignoring duplicate verify attempt on Ljava/lang/ref/ReferenceQueue;
D/dalvikvm(  154): Ignoring duplicate verify attempt on Ljava/lang/ref/FinalizerReference;
D/dalvikvm(  154): DexOpt: load 451ms, verify+opt 5239ms
D/dalvikvm(   92): DexOpt: --- END 'core.jar' (success) ---
D/dalvikvm(   92): DEX prep '/system/framework/core.jar': unzip in 1533ms, rewrite 7107ms
D/dalvikvm(   92): DexOpt: --- BEGIN 'core-junit.jar' (bootstrap=1) ---
D/dalvikvm(  155): DexOpt: load 38ms, verify+opt 61ms
D/dalvikvm(   92): DexOpt: --- END 'core-junit.jar' (success) ---
D/dalvikvm(   92): DEX prep '/system/framework/core-junit.jar': unzip in 4ms, rewrite 233ms
D/dalvikvm(   92): DexOpt: --- BEGIN 'bouncycastle.jar' (bootstrap=1) ---
D/dalvikvm(  156): DexOpt: load 130ms, verify+opt 1707ms
D/dalvikvm(   92): DexOpt: --- END 'bouncycastle.jar' (success) ---
D/dalvikvm(   92): DEX prep '/system/framework/bouncycastle.jar': unzip in 305ms, rewrite 2447ms
D/dalvikvm(   92): DexOpt: --- BEGIN 'ext.jar' (bootstrap=1) ---
D/dalvikvm(  157): DexOpt: load 248ms, verify+opt 2832ms
D/dalvikvm(   92): DexOpt: --- END 'ext.jar' (success) ---
D/dalvikvm(   92): DEX prep '/system/framework/ext.jar': unzip in 475ms, rewrite 3900ms
D/dalvikvm(   92): DexOpt: --- BEGIN 'framework.jar' (bootstrap=1) ---
D/dalvikvm(  158): Note: class Landroid/opengl/GLWrapperBase; has 250 unimplemented (abstract) methods
D/dalvikvm(  158): DexOpt: load 1155ms, verify+opt 10505ms
D/dalvikvm(   92): DexOpt: --- END 'framework.jar' (success) ---
D/dalvikvm(   92): DEX prep '/system/framework/framework.jar': unzip in 3343ms, rewrite 14304ms
D/dalvikvm(   92): DexOpt: --- BEGIN 'android.policy.jar' (bootstrap=1) ---
D/dalvikvm(  159): DexOpt: load 87ms, verify+opt 360ms
D/dalvikvm(   92): DexOpt: --- END 'android.policy.jar' (success) ---
D/dalvikvm(   92): DEX prep '/system/framework/android.policy.jar': unzip in 70ms, rewrite 625ms
D/dalvikvm(   92): DexOpt: --- BEGIN 'services.jar' (bootstrap=1) ---
D/dalvikvm(  160): DexOpt: load 130ms, verify+opt 3003ms
D/dalvikvm(   92): DexOpt: --- END 'services.jar' (success) ---
D/dalvikvm(   92): DEX prep '/system/framework/services.jar': unzip in 490ms, rewrite 3604ms
D/dalvikvm(   92): DexOpt: --- BEGIN 'apache-xml.jar' (bootstrap=1) ---
D/dalvikvm(  161): DexOpt: load 144ms, verify+opt 1222ms
D/dalvikvm(   92): DexOpt: --- END 'apache-xml.jar' (success) ---
D/dalvikvm(   92): DEX prep '/system/framework/apache-xml.jar': unzip in 318ms, rewrite 1822ms
D/dalvikvm(   92): DexOpt: --- BEGIN 'filterfw.jar' (bootstrap=1) ---
D/dalvikvm(  162): DexOpt: load 38ms, verify+opt 281ms
D/dalvikvm(   92): DexOpt: --- END 'filterfw.jar' (success) ---
D/dalvikvm(   92): DEX prep '/system/framework/filterfw.jar': unzip in 67ms, rewrite 501ms
W/dalvikvm(   92): VFY: unable to find class referenced in signature (Landroid/content/res/PackageRedirectionMap;)
I/dalvikvm(   92): Could not find method android.content.res.PackageRedirectionMap.getPackageId, referenced from method android.content.res.AssetManager.addRedirections
W/dalvikvm(   92): VFY: unable to resolve virtual method 9335: Landroid/content/res/PackageRedirectionMap;.getPackageId ()I
D/dalvikvm(   92): VFY: replacing opcode 0x6e at 0x000e
E/dalvikvm(   92): ERROR: couldn't find native method
E/dalvikvm(   92): Requested: Landroid/net/wifi/WifiNative;.loadHotspotDriver:()Z
E/JNIHelp (   92): RegisterNatives failed for 'android/net/wifi/WifiNative', aborting
F/libc    (   92): Fatal signal 11 (SIGSEGV) at 0xdeadbaad (code=1)
I/DEBUG   (   89): *** *** *** *** *** *** *** *** *** *** *** *** *** *** *** ***
I/DEBUG   (   89): Build fingerprint: 'cyanogenmod/htc_marvel/marvel:4.0.4/ASN01/0.1:user/release-keys'
I/DEBUG   (   89): pid: 92, tid: 92  >>> zygote <<<
I/DEBUG   (   89): signal 11 (SIGSEGV), code 1 (SEGV_MAPERR), fault addr deadbaad
I/DEBUG   (   89):  r0 deadbaad  r1 0000000c  r2 00000027  r3 a0000000
I/DEBUG   (   89):  r4 00000000  r5 00000080  r6 401bb874  r7 beffba80
I/DEBUG   (   89):  r8 00000000  r9 00000000  10 00000000  fp 00000000
I/DEBUG   (   89):  ip ffffffff  sp beffba48  lr 4003ff0f  pc 4003c6c6  cpsr 00000030
I/DEBUG   (   89):  d0  3f4000003f400000  d1  0000000000000000
I/DEBUG   (   89):  d2  0000000000000000  d3  0000000000000000
I/DEBUG   (   89):  d4  0000000000000000  d5  0000000000000000
I/DEBUG   (   89):  d6  0000000000000000  d7  000000003f800000
I/DEBUG   (   89):  d8  0000000000000000  d9  0000000000000000
I/DEBUG   (   89):  d10 0000000000000000  d11 0000000000000000
I/DEBUG   (   89):  d12 0000000000000000  d13 0000000000000000
I/DEBUG   (   89):  d14 0000000000000000  d15 0000000000000000
I/DEBUG   (   89):  scr 60000000
I/DEBUG   (   89): 
I/DEBUG   (   89):          #00  pc 000176c6  /system/lib/libc.so
I/DEBUG   (   89):          #01  pc 0000c658  /system/lib/libnativehelper.so (jniRegisterNativeMethods)
I/DEBUG   (   89): 
I/DEBUG   (   89): code around pc:
I/DEBUG   (   89): 4003c6a4 1c2bd00c 2d00682d e027d1fb 2a0068da  ..+.-h.-..'..h.*
I/DEBUG   (   89): 4003c6b4 4b16d004 447b2001 47906018 22274814  ...K. {D.`.G.H'"
I/DEBUG   (   89): 4003c6c4 70022580 ef74f7f4 f7f62106 aa01e812  .%.p..t..!......
I/DEBUG   (   89): 4003c6d4 05692400 60546091 20061c11 f7f59401  .$i..`T`... ....
I/DEBUG   (   89): 4003c6e4 a905ebce 20022200 ebd6f7f5 ef60f7f4  .....". ......`.
I/DEBUG   (   89): 
I/DEBUG   (   89): code around lr:
I/DEBUG   (   89): 4003feec 4b0db5f0 447bb083 681c2600 68a59001  ...K..{D.&.h...h
I/DEBUG   (   89): 4003fefc e0086867 5ea8220c dd032800 99011c28  gh...".^.(..(...
I/DEBUG   (   89): 4003ff0c 43064788 3f013554 6824d5f4 d1ee2c00  .G.CT5.?..$h.,..
I/DEBUG   (   89): 4003ff1c 1c30b003 46c0bdf0 000285f2 1c0fb5f0  ..0....F........
I/DEBUG   (   89): 4003ff2c b0891c3d a9064355 604d9103 90064914  =...UC....M`.I..
I/DEBUG   (   89): 
I/DEBUG   (   89): memory map around addr deadbaad:
I/DEBUG   (   89): befdb000-beffc000 [stack]
I/DEBUG   (   89): (no map for address)
I/DEBUG   (   89): (no map above)
I/DEBUG   (   89): 
I/DEBUG   (   89): stack:
I/DEBUG   (   89):     beffba08  00000000  
I/DEBUG   (   89):     beffba0c  0f7bbef3  
I/DEBUG   (   89):     beffba10  40068720  /system/lib/libc.so
I/DEBUG   (   89):     beffba14  400686b0  /system/lib/libc.so
I/DEBUG   (   89):     beffba18  00000000  
I/DEBUG   (   89):     beffba1c  4003ff0f  /system/lib/libc.so
I/DEBUG   (   89):     beffba20  401b3505  /system/lib/libandroid_runtime.so
I/DEBUG   (   89):     beffba24  4003ec75  /system/lib/libc.so
I/DEBUG   (   89):     beffba28  ffffffff  
I/DEBUG   (   89):     beffba2c  00000000  
I/DEBUG   (   89):     beffba30  00000000  
I/DEBUG   (   89):     beffba34  401bb874  /system/lib/libandroid_runtime.so
I/DEBUG   (   89):     beffba38  beffba80  [stack]
I/DEBUG   (   89):     beffba3c  4003f08d  /system/lib/libc.so
I/DEBUG   (   89):     beffba40  df0027ad  
I/DEBUG   (   89):     beffba44  00000000  
I/DEBUG   (   89): #00 beffba48  00000003  
I/DEBUG   (   89):     beffba4c  00000100  
I/DEBUG   (   89):     beffba50  4018e3e1  /system/lib/libandroid_runtime.so
I/DEBUG   (   89):     beffba54  0f7bbef3  
I/DEBUG   (   89):     beffba58  401bb4c8  /system/lib/libandroid_runtime.so
I/DEBUG   (   89):     beffba5c  fffffbdf  
I/DEBUG   (   89):     beffba60  0000f2c0  [heap]
I/DEBUG   (   89):     beffba64  40868ffd  /system/lib/libdvm.so
I/DEBUG   (   89):     beffba68  0000f2c0  [heap]
I/DEBUG   (   89):     beffba6c  401f865b  /system/lib/libnativehelper.so
I/DEBUG   (   89): #01 beffba70  40868ffd  /system/lib/libdvm.so
I/DEBUG   (   89):     beffba74  401f865b  /system/lib/libnativehelper.so
I/DEBUG   (   89):     beffba78  401d2c00  /system/lib/libandroid_runtime.so
I/DEBUG   (   89):     beffba7c  00000038  
I/DEBUG   (   89):     beffba80  0000f2c0  [heap]
I/DEBUG   (   89):     beffba84  1d400119  
I/DEBUG   (   89):     beffba88  401d5b84  /system/lib/libandroid_runtime.so
I/DEBUG   (   89):     beffba8c  401cc964  /system/lib/libandroid_runtime.so
I/DEBUG   (   89):     beffba90  0000f2c0  [heap]
I/DEBUG   (   89):     beffba94  401cca10  /system/lib/libandroid_runtime.so
I/DEBUG   (   89):     beffba98  00000001  
I/DEBUG   (   89):     beffba9c  40175877  /system/lib/libandroid_runtime.so
I/DEBUG   (   89):     beffbaa0  401cc964  /system/lib/libandroid_runtime.so
I/DEBUG   (   89):     beffbaa4  4018d975  /system/lib/libandroid_runtime.so
I/DEBUG   (   89):     beffbaa8  401cc964  /system/lib/libandroid_runtime.so
I/DEBUG   (   89):     beffbaac  40175979  /system/lib/libandroid_runtime.so
I/DEBUG   (   89):     beffbab0  0000f2c0  [heap]
I/DEBUG   (   89):     beffbab4  fffffe38  
I/ServiceManager(   86): service 'media.audio_flinger' died
I/ServiceManager(   86): service 'media.player' died
I/ServiceManager(   86): service 'media.camera' died
I/ServiceManager(   86): service 'media.audio_policy' died
I/Netd    (  167): Netd 1.0 starting
D/AndroidRuntime(  166): 
D/AndroidRuntime(  166): >>>>>> AndroidRuntime START com.android.internal.os.ZygoteInit <<<<<<
D/AndroidRuntime(  166): CheckJNI is OFF
I/        (  168): ServiceManager: 0xf958
I/HTC Acoustic(  168): libhtc_acoustic.so version 2.0.0.6.
I/HTC Acoustic(  168): deonvvv gingerbread test.
I/HTC Acoustic(  168): open /system/etc/AudioPara4_WB.csv success.
I/HTC Acoustic(  168): acoustic table version: MAL_WB_20110217
I/HTC Acoustic(  168): read_audio_para_from_file success.
E/HTC Acoustic(  168): Fail to open /system/etc/AudioPara_ALL.csv -1.
I/HTC Acoustic(  168): open /system/etc/AudioPara4.csv success.
I/HTC Acoustic(  168): acoustic table version: MAL_Gerenic_20110509
I/HTC Acoustic(  168): read_audio_para_from_file success.
W/dalvikvm(  166): VFY: unable to find class referenced in signature (Landroid/content/res/PackageRedirectionMap;)
I/dalvikvm(  166): Could not find method android.content.res.PackageRedirectionMap.getPackageId, referenced from method android.content.res.AssetManager.addRedirections
W/dalvikvm(  166): VFY: unable to resolve virtual method 9335: Landroid/content/res/PackageRedirectionMap;.getPackageId ()I
D/dalvikvm(  166): VFY: replacing opcode 0x6e at 0x000e
I/HTC Acoustic(  168): get_audpp_filter
I/HTC Acoustic(  168): open /system/etc/AudioFilter.csv success.
I/HTC Acoustic(  168): MBADRC Filter MBADRC FLAG = ffff.
E/HTC Acoustic(  168): set mbadrc filter error.
I/HTC Acoustic(  168): failed to set audpp parameters, exiting.
I/HTC Acoustic(  168): get_audpre_filter
I/HTC Acoustic(  168): open /system/etc/AudioPreProcess.csv success.
D/AudioHardwareMSM72XX(  168): mNumSndEndpoints = 151
V/AudioHardwareMSM72XX(  168): constructed 151 SND endpoints)
D/AudioHardwareMSM72XX(  168): BT MATCH HANDSET
D/AudioHardwareMSM72XX(  168): BT MATCH SPEAKER
D/AudioHardwareMSM72XX(  168): BT MATCH HEADSET
D/AudioHardwareMSM72XX(  168): BT MATCH BT
D/AudioHardwareMSM72XX(  168): BT MATCH CARKIT
D/AudioHardwareMSM72XX(  168): BT MATCH TTY_FULL
D/AudioHardwareMSM72XX(  168): BT MATCH TTY_VCO
D/AudioHardwareMSM72XX(  168): BT MATCH TTY_HCO
D/AudioHardwareMSM72XX(  168): BT MATCH NO_MIC_HEADSET
D/AudioHardwareMSM72XX(  168): BT MATCH FM_HEADSET
D/AudioHardwareMSM72XX(  168): BT MATCH HEADSET_AND_SPEAKER
D/AudioHardwareMSM72XX(  168): BT MATCH FM_SPEAKER
D/AudioHardwareMSM72XX(  168): BT MATCH BT_EC_OFF
D/AudioHardwareMSM72XX(  168): BT MATCH BT_EC_OFF
D/AudioHardwareMSM72XX(  168): BT MATCH CURRENT
I/AudioFlinger(  168): Loaded primary audio interface from LEGACY Audio HW HAL (audio)
I/AudioFlinger(  168): Using 'LEGACY Audio HW HAL' (audio.primary) as the primary audio interface
I/AudioFlinger(  168): Loaded a2dp audio interface from A2DP Audio HW HAL (audio)
D/AudioHardwareInterface(  168): setMode(NORMAL)
I/AudioHardwareMSM72XX(  168): Set master volume to 5.
I/CameraService(  168): CameraService started (pid=168)
I/AudioFlinger(  168): AudioFlinger's thread 0x16f90 ready to run
W/AudioFlinger(  168): Thread AudioOut_1 cannot connect to the power manager service
V/AudioHardwareMSM72XX(  168): AudioStreamOutMSM72xx::setParameters() routing=2
V/AudioHardwareMSM72XX(  168): set output routing 2
I/AudioHardwareMSM72XX(  168): Routing audio to Speakerphone
V/AudioHardwareMSM72XX(  168): doAudioRouteOrMute() device 1, mMode 0, mMicMute 1
D/AudioHardwareMSM72XX(  168): setVoiceVolume(1.000000)
I/AudioHardwareMSM72XX(  168): Setting in-call volume to 5 (available range is 0 to 5)
I/AudioPolicyService(  168): Loaded audio policy from LEGACY Audio Policy HAL (audio_policy)
E/dalvikvm(  166): ERROR: couldn't find native method
E/dalvikvm(  166): Requested: Landroid/net/wifi/WifiNative;.loadHotspotDriver:()Z
E/JNIHelp (  166): RegisterNatives failed for 'android/net/wifi/WifiNative', aborting
F/libc    (  166): Fatal signal 11 (SIGSEGV) at 0xdeadbaad (code=1)
I/DEBUG   (   89): *** *** *** *** *** *** *** *** *** *** *** *** *** *** *** ***
I/DEBUG   (   89): Build fingerprint: 'cyanogenmod/htc_marvel/marvel:4.0.4/ASN01/0.1:user/release-keys'
I/DEBUG   (   89): pid: 166, tid: 166  >>> zygote <<<
I/DEBUG   (   89): signal 11 (SIGSEGV), code 1 (SEGV_MAPERR), fault addr deadbaad
I/DEBUG   (   89):  r0 deadbaad  r1 0000000c  r2 00000027  r3 a0000000
I/DEBUG   (   89):  r4 00000000  r5 00000080  r6 401bb874  r7 bed6ca80
I/DEBUG   (   89):  r8 00000000  r9 00000000  10 00000000  fp 00000000
I/DEBUG   (   89):  ip ffffffff  sp bed6ca48  lr 4003ff0f  pc 4003c6c6  cpsr 00000030
I/DEBUG   (   89):  d0  3f4000003f400000  d1  0000000000000000
I/DEBUG   (   89):  d2  0000000000000000  d3  0000000000000000
I/DEBUG   (   89):  d4  0000000000000000  d5  0000000000000000
I/DEBUG   (   89):  d6  0000000000000000  d7  000000003f800000
I/DEBUG   (   89):  d8  0000000000000000  d9  0000000000000000
I/DEBUG   (   89):  d10 0000000000000000  d11 0000000000000000
I/DEBUG   (   89):  d12 0000000000000000  d13 0000000000000000
I/DEBUG   (   89):  d14 0000000000000000  d15 0000000000000000
I/DEBUG   (   89):  scr 60000000
I/DEBUG   (   89): 
I/DEBUG   (   89):          #00  pc 000176c6  /system/lib/libc.so
I/DEBUG   (   89):          #01  pc 0000c658  /system/lib/libnativehelper.so (jniRegisterNativeMethods)
I/DEBUG   (   89): 
I/DEBUG   (   89): code around pc:
I/DEBUG   (   89): 4003c6a4 1c2bd00c 2d00682d e027d1fb 2a0068da  ..+.-h.-..'..h.*
I/DEBUG   (   89): 4003c6b4 4b16d004 447b2001 47906018 22274814  ...K. {D.`.G.H'"
I/DEBUG   (   89): 4003c6c4 70022580 ef74f7f4 f7f62106 aa01e812  .%.p..t..!......
I/DEBUG   (   89): 4003c6d4 05692400 60546091 20061c11 f7f59401  .$i..`T`... ....
I/DEBUG   (   89): 4003c6e4 a905ebce 20022200 ebd6f7f5 ef60f7f4  .....". ......`.
I/DEBUG   (   89): 
I/DEBUG   (   89): code around lr:
I/DEBUG   (   89): 4003feec 4b0db5f0 447bb083 681c2600 68a59001  ...K..{D.&.h...h
I/DEBUG   (   89): 4003fefc e0086867 5ea8220c dd032800 99011c28  gh...".^.(..(...
I/DEBUG   (   89): 4003ff0c 43064788 3f013554 6824d5f4 d1ee2c00  .G.CT5.?..$h.,..
I/DEBUG   (   89): 4003ff1c 1c30b003 46c0bdf0 000285f2 1c0fb5f0  ..0....F........
I/DEBUG   (   89): 4003ff2c b0891c3d a9064355 604d9103 90064914  =...UC....M`.I..
I/DEBUG   (   89): 
I/DEBUG   (   89): memory map around addr deadbaad:
I/DEBUG   (   89): bed4c000-bed6d000 [stack]
I/DEBUG   (   89): (no map for address)
I/DEBUG   (   89): (no map above)
I/DEBUG   (   89): 
I/DEBUG   (   89): stack:
I/DEBUG   (   89):     bed6ca08  00000000  
I/DEBUG   (   89):     bed6ca0c  7f3d0c96  
I/DEBUG   (   89):     bed6ca10  40068720  /system/lib/libc.so
I/DEBUG   (   89):     bed6ca14  400686b0  /system/lib/libc.so
I/DEBUG   (   89):     bed6ca18  00000000  
I/DEBUG   (   89):     bed6ca1c  4003ff0f  /system/lib/libc.so
I/DEBUG   (   89):     bed6ca20  401b3505  /system/lib/libandroid_runtime.so
I/DEBUG   (   89):     bed6ca24  4003ec75  /system/lib/libc.so
I/DEBUG   (   89):     bed6ca28  ffffffff  
I/DEBUG   (   89):     bed6ca2c  00000000  
I/DEBUG   (   89):     bed6ca30  00000000  
I/DEBUG   (   89):     bed6ca34  401bb874  /system/lib/libandroid_runtime.so
I/DEBUG   (   89):     bed6ca38  bed6ca80  [stack]
I/DEBUG   (   89):     bed6ca3c  4003f08d  /system/lib/libc.so
I/DEBUG   (   89):     bed6ca40  df0027ad  
I/DEBUG   (   89):     bed6ca44  00000000  
I/DEBUG   (   89): #00 bed6ca48  00000003  
I/DEBUG   (   89):     bed6ca4c  00000100  
I/DEBUG   (   89):     bed6ca50  4018e3e1  /system/lib/libandroid_runtime.so
I/DEBUG   (   89):     bed6ca54  7f3d0c96  
I/DEBUG   (   89):     bed6ca58  401bb4c8  /system/lib/libandroid_runtime.so
I/DEBUG   (   89):     bed6ca5c  fffffbdf  
I/DEBUG   (   89):     bed6ca60  0000f2c0  [heap]
I/DEBUG   (   89):     bed6ca64  40868ffd  /system/lib/libdvm.so
I/DEBUG   (   89):     bed6ca68  0000f2c0  [heap]
I/DEBUG   (   89):     bed6ca6c  401f865b  /system/lib/libnativehelper.so
I/DEBUG   (   89): #01 bed6ca70  40868ffd  /system/lib/libdvm.so
I/DEBUG   (   89):     bed6ca74  401f865b  /system/lib/libnativehelper.so
I/DEBUG   (   89):     bed6ca78  401d2c00  /system/lib/libandroid_runtime.so
I/DEBUG   (   89):     bed6ca7c  00000038  
I/DEBUG   (   89):     bed6ca80  0000f2c0  [heap]
I/DEBUG   (   89):     bed6ca84  1d400119  
I/DEBUG   (   89):     bed6ca88  401d5b84  /system/lib/libandroid_runtime.so
I/DEBUG   (   89):     bed6ca8c  401cc964  /system/lib/libandroid_runtime.so
I/DEBUG   (   89):     bed6ca90  0000f2c0  [heap]
I/DEBUG   (   89):     bed6ca94  401cca10  /system/lib/libandroid_runtime.so
I/DEBUG   (   89):     bed6ca98  00000001  
I/DEBUG   (   89):     bed6ca9c  40175877  /system/lib/libandroid_runtime.so
I/DEBUG   (   89):     bed6caa0  401cc964  /system/lib/libandroid_runtime.so
I/DEBUG   (   89):     bed6caa4  4018d975  /system/lib/libandroid_runtime.so
I/DEBUG   (   89):     bed6caa8  401cc964  /system/lib/libandroid_runtime.so
I/DEBUG   (   89):     bed6caac  40175979  /system/lib/libandroid_runtime.so
I/DEBUG   (   89):     bed6cab0  0000f2c0  [heap]
I/DEBUG   (   89):     bed6cab4  fffffe38  
I/ServiceManager(   86): service 'media.audio_flinger' died
I/ServiceManager(   86): service 'media.player' died
I/ServiceManager(   86): service 'media.camera' died
I/ServiceManager(   86): service 'media.audio_policy' died
I/Netd    (  194): Netd 1.0 starting
D/AndroidRuntime(  195): 
D/AndroidRuntime(  195): >>>>>> AndroidRuntime START com.android.internal.os.ZygoteInit <<<<<<
D/AndroidRuntime(  195): CheckJNI is OFF
I/        (  196): ServiceManager: 0xf958
I/HTC Acoustic(  196): libhtc_acoustic.so version 2.0.0.6.
I/HTC Acoustic(  196): deonvvv gingerbread test.
I/HTC Acoustic(  196): open /system/etc/AudioPara4_WB.csv success.
I/HTC Acoustic(  196): acoustic table version: MAL_WB_20110217
I/HTC Acoustic(  196): read_audio_para_from_file success.
E/HTC Acoustic(  196): Fail to open /system/etc/AudioPara_ALL.csv -1.
I/HTC Acoustic(  196): open /system/etc/AudioPara4.csv success.
I/HTC Acoustic(  196): acoustic table version: MAL_Gerenic_20110509
W/dalvikvm(  195): VFY: unable to find class referenced in signature (Landroid/content/res/PackageRedirectionMap;)
I/dalvikvm(  195): Could not find method android.content.res.PackageRedirectionMap.getPackageId, referenced from method android.content.res.AssetManager.addRedirections
W/dalvikvm(  195): VFY: unable to resolve virtual method 9335: Landroid/content/res/PackageRedirectionMap;.getPackageId ()I
D/dalvikvm(  195): VFY: replacing opcode 0x6e at 0x000e
I/HTC Acoustic(  196): read_audio_para_from_file success.
I/HTC Acoustic(  196): get_audpp_filter
I/HTC Acoustic(  196): open /system/etc/AudioFilter.csv success.
I/HTC Acoustic(  196): MBADRC Filter MBADRC FLAG = ffff.
E/HTC Acoustic(  196): set mbadrc filter error.
I/HTC Acoustic(  196): failed to set audpp parameters, exiting.
I/HTC Acoustic(  196): get_audpre_filter
I/HTC Acoustic(  196): open /system/etc/AudioPreProcess.csv success.
D/AudioHardwareMSM72XX(  196): mNumSndEndpoints = 151
V/AudioHardwareMSM72XX(  196): constructed 151 SND endpoints)
D/AudioHardwareMSM72XX(  196): BT MATCH HANDSET
D/AudioHardwareMSM72XX(  196): BT MATCH SPEAKER
D/AudioHardwareMSM72XX(  196): BT MATCH HEADSET
D/AudioHardwareMSM72XX(  196): BT MATCH BT
D/AudioHardwareMSM72XX(  196): BT MATCH CARKIT
D/AudioHardwareMSM72XX(  196): BT MATCH TTY_FULL
D/AudioHardwareMSM72XX(  196): BT MATCH TTY_VCO
D/AudioHardwareMSM72XX(  196): BT MATCH TTY_HCO
D/AudioHardwareMSM72XX(  196): BT MATCH NO_MIC_HEADSET
D/AudioHardwareMSM72XX(  196): BT MATCH FM_HEADSET
D/AudioHardwareMSM72XX(  196): BT MATCH HEADSET_AND_SPEAKER
D/AudioHardwareMSM72XX(  196): BT MATCH FM_SPEAKER
D/AudioHardwareMSM72XX(  196): BT MATCH BT_EC_OFF
D/AudioHardwareMSM72XX(  196): BT MATCH BT_EC_OFF
D/AudioHardwareMSM72XX(  196): BT MATCH CURRENT
I/AudioFlinger(  196): Loaded primary audio interface from LEGACY Audio HW HAL (audio)
I/AudioFlinger(  196): Using 'LEGACY Audio HW HAL' (audio.primary) as the primary audio interface
I/AudioFlinger(  196): Loaded a2dp audio interface from A2DP Audio HW HAL (audio)
D/AudioHardwareInterface(  196): setMode(NORMAL)
I/AudioHardwareMSM72XX(  196): Set master volume to 5.
I/CameraService(  196): CameraService started (pid=196)
I/AudioFlinger(  196): AudioFlinger's thread 0x16f90 ready to run
W/AudioFlinger(  196): Thread AudioOut_1 cannot connect to the power manager service
V/AudioHardwareMSM72XX(  196): AudioStreamOutMSM72xx::setParameters() routing=2
V/AudioHardwareMSM72XX(  196): set output routing 2
I/AudioHardwareMSM72XX(  196): Routing audio to Speakerphone
V/AudioHardwareMSM72XX(  196): doAudioRouteOrMute() device 1, mMode 0, mMicMute 1
D/AudioHardwareMSM72XX(  196): setVoiceVolume(1.000000)
I/AudioHardwareMSM72XX(  196): Setting in-call volume to 5 (available range is 0 to 5)
I/AudioPolicyService(  196): Loaded audio policy from LEGACY Audio Policy HAL (audio_policy)
E/dalvikvm(  195): ERROR: couldn't find native method
E/dalvikvm(  195): Requested: Landroid/net/wifi/WifiNative;.loadHotspotDriver:()Z
E/JNIHelp (  195): RegisterNatives failed for 'android/net/wifi/WifiNative', aborting
F/libc    (  195): Fatal signal 11 (SIGSEGV) at 0xdeadbaad (code=1)
I/DEBUG   (   89): *** *** *** *** *** *** *** *** *** *** *** *** *** *** *** ***
I/DEBUG   (   89): Build fingerprint: 'cyanogenmod/htc_marvel/marvel:4.0.4/ASN01/0.1:user/release-keys'
I/DEBUG   (   89): pid: 195, tid: 195  >>> zygote <<<
I/DEBUG   (   89): signal 11 (SIGSEGV), code 1 (SEGV_MAPERR), fault addr deadbaad
I/DEBUG   (   89):  r0 deadbaad  r1 0000000c  r2 00000027  r3 a0000000
I/DEBUG   (   89):  r4 00000000  r5 00000080  r6 401bb874  r7 bef2ea80
I/DEBUG   (   89):  r8 00000000  r9 00000000  10 00000000  fp 00000000
I/DEBUG   (   89):  ip ffffffff  sp bef2ea48  lr 4003ff0f  pc 4003c6c6  cpsr 00000030
I/DEBUG   (   89):  d0  3f4000003f400000  d1  0000000000000000
I/DEBUG   (   89):  d2  0000000000000000  d3  0000000000000000
I/DEBUG   (   89):  d4  0000000000000000  d5  0000000000000000
I/DEBUG   (   89):  d6  0000000000000000  d7  000000003f800000
I/DEBUG   (   89):  d8  0000000000000000  d9  0000000000000000
I/DEBUG   (   89):  d10 0000000000000000  d11 0000000000000000
I/DEBUG   (   89):  d12 0000000000000000  d13 0000000000000000
I/DEBUG   (   89):  d14 0000000000000000  d15 0000000000000000
I/DEBUG   (   89):  scr 60000000
I/DEBUG   (   89): 
I/DEBUG   (   89):          #00  pc 000176c6  /system/lib/libc.so
I/DEBUG   (   89):          #01  pc 0000c658  /system/lib/libnativehelper.so (jniRegisterNativeMethods)
I/DEBUG   (   89): 
I/DEBUG   (   89): code around pc:
I/DEBUG   (   89): 4003c6a4 1c2bd00c 2d00682d e027d1fb 2a0068da  ..+.-h.-..'..h.*
I/DEBUG   (   89): 4003c6b4 4b16d004 447b2001 47906018 22274814  ...K. {D.`.G.H'"
I/DEBUG   (   89): 4003c6c4 70022580 ef74f7f4 f7f62106 aa01e812  .%.p..t..!......
I/DEBUG   (   89): 4003c6d4 05692400 60546091 20061c11 f7f59401  .$i..`T`... ....
I/DEBUG   (   89): 4003c6e4 a905ebce 20022200 ebd6f7f5 ef60f7f4  .....". ......`.
I/DEBUG   (   89): 
I/DEBUG   (   89): code around lr:
I/DEBUG   (   89): 4003feec 4b0db5f0 447bb083 681c2600 68a59001  ...K..{D.&.h...h
I/DEBUG   (   89): 4003fefc e0086867 5ea8220c dd032800 99011c28  gh...".^.(..(...
I/DEBUG   (   89): 4003ff0c 43064788 3f013554 6824d5f4 d1ee2c00  .G.CT5.?..$h.,..
I/DEBUG   (   89): 4003ff1c 1c30b003 46c0bdf0 000285f2 1c0fb5f0  ..0....F........
I/DEBUG   (   89): 4003ff2c b0891c3d a9064355 604d9103 90064914  =...UC....M`.I..
I/DEBUG   (   89): 
I/DEBUG   (   89): memory map around addr deadbaad:
I/DEBUG   (   89): bef0e000-bef2f000 [stack]
I/DEBUG   (   89): (no map for address)
I/DEBUG   (   89): (no map above)
I/DEBUG   (   89): 
I/DEBUG   (   89): stack:
I/DEBUG   (   89):     bef2ea08  00000000  
I/DEBUG   (   89):     bef2ea0c  b95c8eda  
I/DEBUG   (   89):     bef2ea10  40068720  /system/lib/libc.so
I/DEBUG   (   89):     bef2ea14  400686b0  /system/lib/libc.so
I/DEBUG   (   89):     bef2ea18  00000000  
I/DEBUG   (   89):     bef2ea1c  4003ff0f  /system/lib/libc.so
I/DEBUG   (   89):     bef2ea20  401b3505  /system/lib/libandroid_runtime.so
I/DEBUG   (   89):     bef2ea24  4003ec75  /system/lib/libc.so
I/DEBUG   (   89):     bef2ea28  ffffffff  
I/DEBUG   (   89):     bef2ea2c  00000000  
I/DEBUG   (   89):     bef2ea30  00000000  
I/DEBUG   (   89):     bef2ea34  401bb874  /system/lib/libandroid_runtime.so
I/DEBUG   (   89):     bef2ea38  bef2ea80  [stack]
I/DEBUG   (   89):     bef2ea3c  4003f08d  /system/lib/libc.so
I/DEBUG   (   89):     bef2ea40  df0027ad  
I/DEBUG   (   89):     bef2ea44  00000000  
I/DEBUG   (   89): #00 bef2ea48  00000003  
I/DEBUG   (   89):     bef2ea4c  00000100  
I/DEBUG   (   89):     bef2ea50  4018e3e1  /system/lib/libandroid_runtime.so
I/DEBUG   (   89):     bef2ea54  b95c8eda  
I/DEBUG   (   89):     bef2ea58  401bb4c8  /system/lib/libandroid_runtime.so
I/DEBUG   (   89):     bef2ea5c  fffffbdf  
I/DEBUG   (   89):     bef2ea60  0000f2c0  [heap]
I/DEBUG   (   89):     bef2ea64  40868ffd  /system/lib/libdvm.so
I/DEBUG   (   89):     bef2ea68  0000f2c0  [heap]
I/DEBUG   (   89):     bef2ea6c  401f865b  /system/lib/libnativehelper.so
I/DEBUG   (   89): #01 bef2ea70  40868ffd  /system/lib/libdvm.so
I/DEBUG   (   89):     bef2ea74  401f865b  /system/lib/libnativehelper.so
I/DEBUG   (   89):     bef2ea78  401d2c00  /system/lib/libandroid_runtime.so
I/DEBUG   (   89):     bef2ea7c  00000038  
I/DEBUG   (   89):     bef2ea80  0000f2c0  [heap]
I/DEBUG   (   89):     bef2ea84  1d400119  
I/DEBUG   (   89):     bef2ea88  401d5b84  /system/lib/libandroid_runtime.so
I/DEBUG   (   89):     bef2ea8c  401cc964  /system/lib/libandroid_runtime.so
I/DEBUG   (   89):     bef2ea90  0000f2c0  [heap]
I/DEBUG   (   89):     bef2ea94  401cca10  /system/lib/libandroid_runtime.so
I/DEBUG   (   89):     bef2ea98  00000001  
I/DEBUG   (   89):     bef2ea9c  40175877  /system/lib/libandroid_runtime.so
I/DEBUG   (   89):     bef2eaa0  401cc964  /system/lib/libandroid_runtime.so
I/DEBUG   (   89):     bef2eaa4  4018d975  /system/lib/libandroid_runtime.so
I/DEBUG   (   89):     bef2eaa8  401cc964  /system/lib/libandroid_runtime.so
I/DEBUG   (   89):     bef2eaac  40175979  /system/lib/libandroid_runtime.so
I/DEBUG   (   89):     bef2eab0  0000f2c0  [heap]
I/DEBUG   (   89):     bef2eab4  fffffe38  
I/ServiceManager(   86): service 'media.audio_flinger' died
I/ServiceManager(   86): service 'media.player' died
I/ServiceManager(   86): service 'media.camera' died
I/ServiceManager(   86): service 'media.audio_policy' died
I/Netd    (  222): Netd 1.0 starting
D/AndroidRuntime(  223): 
D/AndroidRuntime(  223): >>>>>> AndroidRuntime START com.android.internal.os.ZygoteInit <<<<<<
D/AndroidRuntime(  223): CheckJNI is OFF
I/        (  224): ServiceManager: 0xf958
I/HTC Acoustic(  224): libhtc_acoustic.so version 2.0.0.6.
I/HTC Acoustic(  224): deonvvv gingerbread test.
I/HTC Acoustic(  224): open /system/etc/AudioPara4_WB.csv success.
I/HTC Acoustic(  224): acoustic table version: MAL_WB_20110217
I/HTC Acoustic(  224): read_audio_para_from_file success.
E/HTC Acoustic(  224): Fail to open /system/etc/AudioPara_ALL.csv -1.
I/HTC Acoustic(  224): open /system/etc/AudioPara4.csv success.
I/HTC Acoustic(  224): acoustic table version: MAL_Gerenic_20110509
W/dalvikvm(  223): VFY: unable to find class referenced in signature (Landroid/content/res/PackageRedirectionMap;)
I/dalvikvm(  223): Could not find method android.content.res.PackageRedirectionMap.getPackageId, referenced from method android.content.res.AssetManager.addRedirections
W/dalvikvm(  223): VFY: unable to resolve virtual method 9335: Landroid/content/res/PackageRedirectionMap;.getPackageId ()I
D/dalvikvm(  223): VFY: replacing opcode 0x6e at 0x000e
I/HTC Acoustic(  224): read_audio_para_from_file success.
I/HTC Acoustic(  224): get_audpp_filter
I/HTC Acoustic(  224): open /system/etc/AudioFilter.csv success.
I/HTC Acoustic(  224): MBADRC Filter MBADRC FLAG = ffff.
E/HTC Acoustic(  224): set mbadrc filter error.
I/HTC Acoustic(  224): failed to set audpp parameters, exiting.
I/HTC Acoustic(  224): get_audpre_filter
I/HTC Acoustic(  224): open /system/etc/AudioPreProcess.csv success.
D/AudioHardwareMSM72XX(  224): mNumSndEndpoints = 151
V/AudioHardwareMSM72XX(  224): constructed 151 SND endpoints)
D/AudioHardwareMSM72XX(  224): BT MATCH HANDSET
D/AudioHardwareMSM72XX(  224): BT MATCH SPEAKER
D/AudioHardwareMSM72XX(  224): BT MATCH HEADSET
D/AudioHardwareMSM72XX(  224): BT MATCH BT
D/AudioHardwareMSM72XX(  224): BT MATCH CARKIT
D/AudioHardwareMSM72XX(  224): BT MATCH TTY_FULL
D/AudioHardwareMSM72XX(  224): BT MATCH TTY_VCO
D/AudioHardwareMSM72XX(  224): BT MATCH TTY_HCO
D/AudioHardwareMSM72XX(  224): BT MATCH NO_MIC_HEADSET
D/AudioHardwareMSM72XX(  224): BT MATCH FM_HEADSET
D/AudioHardwareMSM72XX(  224): BT MATCH HEADSET_AND_SPEAKER
D/AudioHardwareMSM72XX(  224): BT MATCH FM_SPEAKER
D/AudioHardwareMSM72XX(  224): BT MATCH BT_EC_OFF
D/AudioHardwareMSM72XX(  224): BT MATCH BT_EC_OFF
D/AudioHardwareMSM72XX(  224): BT MATCH CURRENT
I/AudioFlinger(  224): Loaded primary audio interface from LEGACY Audio HW HAL (audio)
I/AudioFlinger(  224): Using 'LEGACY Audio HW HAL' (audio.primary) as the primary audio interface
I/AudioFlinger(  224): Loaded a2dp audio interface from A2DP Audio HW HAL (audio)
D/AudioHardwareInterface(  224): setMode(NORMAL)
I/AudioHardwareMSM72XX(  224): Set master volume to 5.
I/CameraService(  224): CameraService started (pid=224)
I/AudioFlinger(  224): AudioFlinger's thread 0x16f90 ready to run
W/AudioFlinger(  224): Thread AudioOut_1 cannot connect to the power manager service
V/AudioHardwareMSM72XX(  224): AudioStreamOutMSM72xx::setParameters() routing=2
V/AudioHardwareMSM72XX(  224): set output routing 2
I/AudioHardwareMSM72XX(  224): Routing audio to Speakerphone
V/AudioHardwareMSM72XX(  224): doAudioRouteOrMute() device 1, mMode 0, mMicMute 1
D/AudioHardwareMSM72XX(  224): setVoiceVolume(1.000000)
I/AudioHardwareMSM72XX(  224): Setting in-call volume to 5 (available range is 0 to 5)
I/AudioPolicyService(  224): Loaded audio policy from LEGACY Audio Policy HAL (audio_policy)
E/dalvikvm(  223): ERROR: couldn't find native method
E/dalvikvm(  223): Requested: Landroid/net/wifi/WifiNative;.loadHotspotDriver:()Z
E/JNIHelp (  223): RegisterNatives failed for 'android/net/wifi/WifiNative', aborting
F/libc    (  223): Fatal signal 11 (SIGSEGV) at 0xdeadbaad (code=1)
I/DEBUG   (   89): *** *** *** *** *** *** *** *** *** *** *** *** *** *** *** ***
I/DEBUG   (   89): Build fingerprint: 'cyanogenmod/htc_marvel/marvel:4.0.4/ASN01/0.1:user/release-keys'
I/DEBUG   (   89): pid: 223, tid: 223  >>> zygote <<<
I/DEBUG   (   89): signal 11 (SIGSEGV), code 1 (SEGV_MAPERR), fault addr deadbaad
I/DEBUG   (   89):  r0 deadbaad  r1 0000000c  r2 00000027  r3 a0000000
I/DEBUG   (   89):  r4 00000000  r5 00000080  r6 401bb874  r7 bec99a80
I/DEBUG   (   89):  r8 00000000  r9 00000000  10 00000000  fp 00000000
I/DEBUG   (   89):  ip ffffffff  sp bec99a48  lr 4003ff0f  pc 4003c6c6  cpsr 00000030
I/DEBUG   (   89):  d0  3f4000003f400000  d1  0000000000000000
I/DEBUG   (   89):  d2  0000000000000000  d3  0000000000000000
I/DEBUG   (   89):  d4  0000000000000000  d5  0000000000000000
I/DEBUG   (   89):  d6  0000000000000000  d7  000000003f800000
I/DEBUG   (   89):  d8  0000000000000000  d9  0000000000000000
I/DEBUG   (   89):  d10 0000000000000000  d11 0000000000000000
I/DEBUG   (   89):  d12 0000000000000000  d13 0000000000000000
I/DEBUG   (   89):  d14 0000000000000000  d15 0000000000000000
I/DEBUG   (   89):  scr 60000000
I/DEBUG   (   89): 
I/DEBUG   (   89):          #00  pc 000176c6  /system/lib/libc.so
I/DEBUG   (   89):          #01  pc 0000c658  /system/lib/libnativehelper.so (jniRegisterNativeMethods)
I/DEBUG   (   89): 
I/DEBUG   (   89): code around pc:
I/DEBUG   (   89): 4003c6a4 1c2bd00c 2d00682d e027d1fb 2a0068da  ..+.-h.-..'..h.*
I/DEBUG   (   89): 4003c6b4 4b16d004 447b2001 47906018 22274814  ...K. {D.`.G.H'"
I/DEBUG   (   89): 4003c6c4 70022580 ef74f7f4 f7f62106 aa01e812  .%.p..t..!......
I/DEBUG   (   89): 4003c6d4 05692400 60546091 20061c11 f7f59401  .$i..`T`... ....
I/DEBUG   (   89): 4003c6e4 a905ebce 20022200 ebd6f7f5 ef60f7f4  .....". ......`.
I/DEBUG   (   89): 
I/DEBUG   (   89): code around lr:
I/DEBUG   (   89): 4003feec 4b0db5f0 447bb083 681c2600 68a59001  ...K..{D.&.h...h
I/DEBUG   (   89): 4003fefc e0086867 5ea8220c dd032800 99011c28  gh...".^.(..(...
I/DEBUG   (   89): 4003ff0c 43064788 3f013554 6824d5f4 d1ee2c00  .G.CT5.?..$h.,..
I/DEBUG   (   89): 4003ff1c 1c30b003 46c0bdf0 000285f2 1c0fb5f0  ..0....F........
I/DEBUG   (   89): 4003ff2c b0891c3d a9064355 604d9103 90064914  =...UC....M`.I..
I/DEBUG   (   89): 
I/DEBUG   (   89): memory map around addr deadbaad:
I/DEBUG   (   89): bec79000-bec9a000 [stack]
I/DEBUG   (   89): (no map for address)
I/DEBUG   (   89): (no map above)
I/DEBUG   (   89): 
I/DEBUG   (   89): stack:
I/DEBUG   (   89):     bec99a08  00000000  
I/DEBUG   (   89):     bec99a0c  ecde2238  
I/DEBUG   (   89):     bec99a10  40068720  /system/lib/libc.so
I/DEBUG   (   89):     bec99a14  400686b0  /system/lib/libc.so
I/DEBUG   (   89):     bec99a18  00000000  
I/DEBUG   (   89):     bec99a1c  4003ff0f  /system/lib/libc.so
I/DEBUG   (   89):     bec99a20  401b3505  /system/lib/libandroid_runtime.so
I/DEBUG   (   89):     bec99a24  4003ec75  /system/lib/libc.so
I/DEBUG   (   89):     bec99a28  ffffffff  
I/DEBUG   (   89):     bec99a2c  00000000  
I/DEBUG   (   89):     bec99a30  00000000  
I/DEBUG   (   89):     bec99a34  401bb874  /system/lib/libandroid_runtime.so
I/DEBUG   (   89):     bec99a38  bec99a80  [stack]
I/DEBUG   (   89):     bec99a3c  4003f08d  /system/lib/libc.so
I/DEBUG   (   89):     bec99a40  df0027ad  
I/DEBUG   (   89):     bec99a44  00000000  
I/DEBUG   (   89): #00 bec99a48  00000003  
I/DEBUG   (   89):     bec99a4c  00000100  
I/DEBUG   (   89):     bec99a50  4018e3e1  /system/lib/libandroid_runtime.so
I/DEBUG   (   89):     bec99a54  ecde2238  
I/DEBUG   (   89):     bec99a58  401bb4c8  /system/lib/libandroid_runtime.so
I/DEBUG   (   89):     bec99a5c  fffffbdf  
I/DEBUG   (   89):     bec99a60  0000f2c0  [heap]
I/DEBUG   (   89):     bec99a64  40868ffd  /system/lib/libdvm.so
I/DEBUG   (   89):     bec99a68  0000f2c0  [heap]
I/DEBUG   (   89):     bec99a6c  401f865b  /system/lib/libnativehelper.so
I/DEBUG   (   89): #01 bec99a70  40868ffd  /system/lib/libdvm.so
I/DEBUG   (   89):     bec99a74  401f865b  /system/lib/libnativehelper.so
I/DEBUG   (   89):     bec99a78  401d2c00  /system/lib/libandroid_runtime.so
I/DEBUG   (   89):     bec99a7c  00000038  
I/DEBUG   (   89):     bec99a80  0000f2c0  [heap]
I/DEBUG   (   89):     bec99a84  1d400119  
I/DEBUG   (   89):     bec99a88  401d5b84  /system/lib/libandroid_runtime.so
I/DEBUG   (   89):     bec99a8c  401cc964  /system/lib/libandroid_runtime.so
I/DEBUG   (   89):     bec99a90  0000f2c0  [heap]
I/DEBUG   (   89):     bec99a94  401cca10  /system/lib/libandroid_runtime.so
I/DEBUG   (   89):     bec99a98  00000001  
I/DEBUG   (   89):     bec99a9c  40175877  /system/lib/libandroid_runtime.so
I/DEBUG   (   89):     bec99aa0  401cc964  /system/lib/libandroid_runtime.so
I/DEBUG   (   89):     bec99aa4  4018d975  /system/lib/libandroid_runtime.so
I/DEBUG   (   89):     bec99aa8  401cc964  /system/lib/libandroid_runtime.so
I/DEBUG   (   89):     bec99aac  40175979  /system/lib/libandroid_runtime.so
I/DEBUG   (   89):     bec99ab0  0000f2c0  [heap]
I/DEBUG   (   89):     bec99ab4  fffffe38  
I/ServiceManager(   86): service 'media.audio_flinger' died
I/ServiceManager(   86): service 'media.player' died
I/ServiceManager(   86): service 'media.camera' died
I/ServiceManager(   86): service 'media.audio_policy' died
I/Netd    (  250): Netd 1.0 starting
D/AndroidRuntime(  251): 
D/AndroidRuntime(  251): >>>>>> AndroidRuntime START com.android.internal.os.ZygoteInit <<<<<<
D/AndroidRuntime(  251): CheckJNI is OFF
I/        (  252): ServiceManager: 0xf958
I/HTC Acoustic(  252): libhtc_acoustic.so version 2.0.0.6.
I/HTC Acoustic(  252): deonvvv gingerbread test.
I/HTC Acoustic(  252): open /system/etc/AudioPara4_WB.csv success.
I/HTC Acoustic(  252): acoustic table version: MAL_WB_20110217
I/HTC Acoustic(  252): read_audio_para_from_file success.
E/HTC Acoustic(  252): Fail to open /system/etc/AudioPara_ALL.csv -1.
I/HTC Acoustic(  252): open /system/etc/AudioPara4.csv success.
I/HTC Acoustic(  252): acoustic table version: MAL_Gerenic_20110509
I/HTC Acoustic(  252): read_audio_para_from_file success.
W/dalvikvm(  251): VFY: unable to find class referenced in signature (Landroid/content/res/PackageRedirectionMap;)
I/dalvikvm(  251): Could not find method android.content.res.PackageRedirectionMap.getPackageId, referenced from method android.content.res.AssetManager.addRedirections
W/dalvikvm(  251): VFY: unable to resolve virtual method 9335: Landroid/content/res/PackageRedirectionMap;.getPackageId ()I
D/dalvikvm(  251): VFY: replacing opcode 0x6e at 0x000e
I/HTC Acoustic(  252): get_audpp_filter
I/HTC Acoustic(  252): open /system/etc/AudioFilter.csv success.
I/HTC Acoustic(  252): MBADRC Filter MBADRC FLAG = ffff.
E/HTC Acoustic(  252): set mbadrc filter error.
I/HTC Acoustic(  252): failed to set audpp parameters, exiting.
I/HTC Acoustic(  252): get_audpre_filter
I/HTC Acoustic(  252): open /system/etc/AudioPreProcess.csv success.
D/AudioHardwareMSM72XX(  252): mNumSndEndpoints = 151
V/AudioHardwareMSM72XX(  252): constructed 151 SND endpoints)
D/AudioHardwareMSM72XX(  252): BT MATCH HANDSET
D/AudioHardwareMSM72XX(  252): BT MATCH SPEAKER
D/AudioHardwareMSM72XX(  252): BT MATCH HEADSET
D/AudioHardwareMSM72XX(  252): BT MATCH BT
D/AudioHardwareMSM72XX(  252): BT MATCH CARKIT
D/AudioHardwareMSM72XX(  252): BT MATCH TTY_FULL
D/AudioHardwareMSM72XX(  252): BT MATCH TTY_VCO
D/AudioHardwareMSM72XX(  252): BT MATCH TTY_HCO
D/AudioHardwareMSM72XX(  252): BT MATCH NO_MIC_HEADSET
D/AudioHardwareMSM72XX(  252): BT MATCH FM_HEADSET
D/AudioHardwareMSM72XX(  252): BT MATCH HEADSET_AND_SPEAKER
D/AudioHardwareMSM72XX(  252): BT MATCH FM_SPEAKER
D/AudioHardwareMSM72XX(  252): BT MATCH BT_EC_OFF
D/AudioHardwareMSM72XX(  252): BT MATCH BT_EC_OFF
D/AudioHardwareMSM72XX(  252): BT MATCH CURRENT
I/AudioFlinger(  252): Loaded primary audio interface from LEGACY Audio HW HAL (audio)
I/AudioFlinger(  252): Using 'LEGACY Audio HW HAL' (audio.primary) as the primary audio interface
I/AudioFlinger(  252): Loaded a2dp audio interface from A2DP Audio HW HAL (audio)
D/AudioHardwareInterface(  252): setMode(NORMAL)
I/AudioHardwareMSM72XX(  252): Set master volume to 5.
I/CameraService(  252): CameraService started (pid=252)
I/AudioFlinger(  252): AudioFlinger's thread 0x16f90 ready to run
W/AudioFlinger(  252): Thread AudioOut_1 cannot connect to the power manager service
V/AudioHardwareMSM72XX(  252): AudioStreamOutMSM72xx::setParameters() routing=2
V/AudioHardwareMSM72XX(  252): set output routing 2
I/AudioHardwareMSM72XX(  252): Routing audio to Speakerphone
V/AudioHardwareMSM72XX(  252): doAudioRouteOrMute() device 1, mMode 0, mMicMute 1
D/AudioHardwareMSM72XX(  252): setVoiceVolume(1.000000)
I/AudioHardwareMSM72XX(  252): Setting in-call volume to 5 (available range is 0 to 5)
I/AudioPolicyService(  252): Loaded audio policy from LEGACY Audio Policy HAL (audio_policy)
E/dalvikvm(  251): ERROR: couldn't find native method
E/dalvikvm(  251): Requested: Landroid/net/wifi/WifiNative;.loadHotspotDriver:()Z
E/JNIHelp (  251): RegisterNatives failed for 'android/net/wifi/WifiNative', aborting
F/libc    (  251): Fatal signal 11 (SIGSEGV) at 0xdeadbaad (code=1)
I/DEBUG   (   89): *** *** *** *** *** *** *** *** *** *** *** *** *** *** *** ***
I/DEBUG   (   89): Build fingerprint: 'cyanogenmod/htc_marvel/marvel:4.0.4/ASN01/0.1:user/release-keys'
I/DEBUG   (   89): pid: 251, tid: 251  >>> zygote <<<
I/DEBUG   (   89): signal 11 (SIGSEGV), code 1 (SEGV_MAPERR), fault addr deadbaad
I/DEBUG   (   89):  r0 deadbaad  r1 0000000c  r2 00000027  r3 a0000000
I/DEBUG   (   89):  r4 00000000  r5 00000080  r6 401bb874  r7 bec74a80
I/DEBUG   (   89):  r8 00000000  r9 00000000  10 00000000  fp 00000000
I/DEBUG   (   89):  ip ffffffff  sp bec74a48  lr 4003ff0f  pc 4003c6c6  cpsr 00000030
I/DEBUG   (   89):  d0  3f4000003f400000  d1  0000000000000000
I/DEBUG   (   89):  d2  0000000000000000  d3  0000000000000000
I/DEBUG   (   89):  d4  0000000000000000  d5  0000000000000000
