I/DEBUG   (   89):  d6  0000000000000000  d7  000000003f800000
I/DEBUG   (   89):  d8  0000000000000000  d9  0000000000000000
I/DEBUG   (   89):  d10 0000000000000000  d11 0000000000000000
I/DEBUG   (   89):  d12 0000000000000000  d13 0000000000000000
I/DEBUG   (   89):  d14 0000000000000000  d15 0000000000000000
I/DEBUG   (   89):  scr 60000000
I/DEBUG   (   89): 
I/DEBUG   (   89):          #00  pc 000176c6  /system/lib/libc.so
I/DEBUG   (   89):          #01  pc 0000c658  /system/lib/libnativehelper.so (jniRegisterNativeMethods)
I/DEBUG   (   89): 
I/DEBUG   (   89): code around pc:
I/DEBUG   (   89): 4003c6a4 1c2bd00c 2d00682d e027d1fb 2a0068da  ..+.-h.-..'..h.*
I/DEBUG   (   89): 4003c6b4 4b16d004 447b2001 47906018 22274814  ...K. {D.`.G.H'"
I/DEBUG   (   89): 4003c6c4 70022580 ef74f7f4 f7f62106 aa01e812  .%.p..t..!......
I/DEBUG   (   89): 4003c6d4 05692400 60546091 20061c11 f7f59401  .$i..`T`... ....
I/DEBUG   (   89): 4003c6e4 a905ebce 20022200 ebd6f7f5 ef60f7f4  .....". ......`.
I/DEBUG   (   89): 
I/DEBUG   (   89): code around lr:
I/DEBUG   (   89): 4003feec 4b0db5f0 447bb083 681c2600 68a59001  ...K..{D.&.h...h
I/DEBUG   (   89): 4003fefc e0086867 5ea8220c dd032800 99011c28  gh...".^.(..(...
I/DEBUG   (   89): 4003ff0c 43064788 3f013554 6824d5f4 d1ee2c00  .G.CT5.?..$h.,..
I/DEBUG   (   89): 4003ff1c 1c30b003 46c0bdf0 000285f2 1c0fb5f0  ..0....F........
I/DEBUG   (   89): 4003ff2c b0891c3d a9064355 604d9103 90064914  =...UC....M`.I..
I/DEBUG   (   89): 
I/DEBUG   (   89): memory map around addr deadbaad:
I/DEBUG   (   89): bec54000-bec75000 [stack]
I/DEBUG   (   89): (no map for address)
I/DEBUG   (   89): (no map above)
I/DEBUG   (   89): 
I/DEBUG   (   89): stack:
I/DEBUG   (   89):     bec74a08  00000000  
I/DEBUG   (   89):     bec74a0c  9c2e8576  
I/DEBUG   (   89):     bec74a10  40068720  /system/lib/libc.so
I/DEBUG   (   89):     bec74a14  400686b0  /system/lib/libc.so
I/DEBUG   (   89):     bec74a18  00000000  
I/DEBUG   (   89):     bec74a1c  4003ff0f  /system/lib/libc.so
I/DEBUG   (   89):     bec74a20  401b3505  /system/lib/libandroid_runtime.so
I/DEBUG   (   89):     bec74a24  4003ec75  /system/lib/libc.so
I/DEBUG   (   89):     bec74a28  ffffffff  
I/DEBUG   (   89):     bec74a2c  00000000  
I/DEBUG   (   89):     bec74a30  00000000  
I/DEBUG   (   89):     bec74a34  401bb874  /system/lib/libandroid_runtime.so
I/DEBUG   (   89):     bec74a38  bec74a80  [stack]
I/DEBUG   (   89):     bec74a3c  4003f08d  /system/lib/libc.so
I/DEBUG   (   89):     bec74a40  df0027ad  
I/DEBUG   (   89):     bec74a44  00000000  
I/DEBUG   (   89): #00 bec74a48  00000003  
I/DEBUG   (   89):     bec74a4c  00000100  
I/DEBUG   (   89):     bec74a50  4018e3e1  /system/lib/libandroid_runtime.so
I/DEBUG   (   89):     bec74a54  9c2e8576  
I/DEBUG   (   89):     bec74a58  401bb4c8  /system/lib/libandroid_runtime.so
I/DEBUG   (   89):     bec74a5c  fffffbdf  
I/DEBUG   (   89):     bec74a60  0000f2c0  [heap]
I/DEBUG   (   89):     bec74a64  40868ffd  /system/lib/libdvm.so
I/DEBUG   (   89):     bec74a68  0000f2c0  [heap]
I/DEBUG   (   89):     bec74a6c  401f865b  /system/lib/libnativehelper.so
I/DEBUG   (   89): #01 bec74a70  40868ffd  /system/lib/libdvm.so
I/DEBUG   (   89):     bec74a74  401f865b  /system/lib/libnativehelper.so
I/DEBUG   (   89):     bec74a78  401d2c00  /system/lib/libandroid_runtime.so
I/DEBUG   (   89):     bec74a7c  00000038  
I/DEBUG   (   89):     bec74a80  0000f2c0  [heap]
I/DEBUG   (   89):     bec74a84  1d400119  
I/DEBUG   (   89):     bec74a88  401d5b84  /system/lib/libandroid_runtime.so
I/DEBUG   (   89):     bec74a8c  401cc964  /system/lib/libandroid_runtime.so
I/DEBUG   (   89):     bec74a90  0000f2c0  [heap]
I/DEBUG   (   89):     bec74a94  401cca10  /system/lib/libandroid_runtime.so
I/DEBUG   (   89):     bec74a98  00000001  
I/DEBUG   (   89):     bec74a9c  40175877  /system/lib/libandroid_runtime.so
I/DEBUG   (   89):     bec74aa0  401cc964  /system/lib/libandroid_runtime.so
I/DEBUG   (   89):     bec74aa4  4018d975  /system/lib/libandroid_runtime.so
I/DEBUG   (   89):     bec74aa8  401cc964  /system/lib/libandroid_runtime.so
I/DEBUG   (   89):     bec74aac  40175979  /system/lib/libandroid_runtime.so
I/DEBUG   (   89):     bec74ab0  0000f2c0  [heap]
I/DEBUG   (   89):     bec74ab4  fffffe38  
I/ServiceManager(   86): service 'media.audio_flinger' died
I/ServiceManager(   86): service 'media.player' died
I/ServiceManager(   86): service 'media.camera' died
I/ServiceManager(   86): service 'media.audio_policy' died
I/Netd    (  278): Netd 1.0 starting
D/AndroidRuntime(  279): 
D/AndroidRuntime(  279): >>>>>> AndroidRuntime START com.android.internal.os.ZygoteInit <<<<<<
D/AndroidRuntime(  279): CheckJNI is OFF
I/        (  280): ServiceManager: 0xf958
I/HTC Acoustic(  280): libhtc_acoustic.so version 2.0.0.6.
I/HTC Acoustic(  280): deonvvv gingerbread test.
I/HTC Acoustic(  280): open /system/etc/AudioPara4_WB.csv success.
I/HTC Acoustic(  280): acoustic table version: MAL_WB_20110217
I/HTC Acoustic(  280): read_audio_para_from_file success.
E/HTC Acoustic(  280): Fail to open /system/etc/AudioPara_ALL.csv -1.
I/HTC Acoustic(  280): open /system/etc/AudioPara4.csv success.
I/HTC Acoustic(  280): acoustic table version: MAL_Gerenic_20110509
W/dalvikvm(  279): VFY: unable to find class referenced in signature (Landroid/content/res/PackageRedirectionMap;)
I/dalvikvm(  279): Could not find method android.content.res.PackageRedirectionMap.getPackageId, referenced from method android.content.res.AssetManager.addRedirections
W/dalvikvm(  279): VFY: unable to resolve virtual method 9335: Landroid/content/res/PackageRedirectionMap;.getPackageId ()I
D/dalvikvm(  279): VFY: replacing opcode 0x6e at 0x000e
I/HTC Acoustic(  280): read_audio_para_from_file success.
I/HTC Acoustic(  280): get_audpp_filter
I/HTC Acoustic(  280): open /system/etc/AudioFilter.csv success.
I/HTC Acoustic(  280): MBADRC Filter MBADRC FLAG = ffff.
E/HTC Acoustic(  280): set mbadrc filter error.
I/HTC Acoustic(  280): failed to set audpp parameters, exiting.
I/HTC Acoustic(  280): get_audpre_filter
I/HTC Acoustic(  280): open /system/etc/AudioPreProcess.csv success.
D/AudioHardwareMSM72XX(  280): mNumSndEndpoints = 151
V/AudioHardwareMSM72XX(  280): constructed 151 SND endpoints)
D/AudioHardwareMSM72XX(  280): BT MATCH HANDSET
D/AudioHardwareMSM72XX(  280): BT MATCH SPEAKER
D/AudioHardwareMSM72XX(  280): BT MATCH HEADSET
D/AudioHardwareMSM72XX(  280): BT MATCH BT
D/AudioHardwareMSM72XX(  280): BT MATCH CARKIT
D/AudioHardwareMSM72XX(  280): BT MATCH TTY_FULL
D/AudioHardwareMSM72XX(  280): BT MATCH TTY_VCO
D/AudioHardwareMSM72XX(  280): BT MATCH TTY_HCO
D/AudioHardwareMSM72XX(  280): BT MATCH NO_MIC_HEADSET
D/AudioHardwareMSM72XX(  280): BT MATCH FM_HEADSET
D/AudioHardwareMSM72XX(  280): BT MATCH HEADSET_AND_SPEAKER
D/AudioHardwareMSM72XX(  280): BT MATCH FM_SPEAKER
D/AudioHardwareMSM72XX(  280): BT MATCH BT_EC_OFF
D/AudioHardwareMSM72XX(  280): BT MATCH BT_EC_OFF
D/AudioHardwareMSM72XX(  280): BT MATCH CURRENT
I/AudioFlinger(  280): Loaded primary audio interface from LEGACY Audio HW HAL (audio)
I/AudioFlinger(  280): Using 'LEGACY Audio HW HAL' (audio.primary) as the primary audio interface
I/AudioFlinger(  280): Loaded a2dp audio interface from A2DP Audio HW HAL (audio)
D/AudioHardwareInterface(  280): setMode(NORMAL)
I/AudioHardwareMSM72XX(  280): Set master volume to 5.
I/CameraService(  280): CameraService started (pid=280)
I/AudioFlinger(  280): AudioFlinger's thread 0x16f90 ready to run
W/AudioFlinger(  280): Thread AudioOut_1 cannot connect to the power manager service
V/AudioHardwareMSM72XX(  280): AudioStreamOutMSM72xx::setParameters() routing=2
V/AudioHardwareMSM72XX(  280): set output routing 2
I/AudioHardwareMSM72XX(  280): Routing audio to Speakerphone
V/AudioHardwareMSM72XX(  280): doAudioRouteOrMute() device 1, mMode 0, mMicMute 1
D/AudioHardwareMSM72XX(  280): setVoiceVolume(1.000000)
I/AudioHardwareMSM72XX(  280): Setting in-call volume to 5 (available range is 0 to 5)
I/AudioPolicyService(  280): Loaded audio policy from LEGACY Audio Policy HAL (audio_policy)
E/dalvikvm(  279): ERROR: couldn't find native method
E/dalvikvm(  279): Requested: Landroid/net/wifi/WifiNative;.loadHotspotDriver:()Z
E/JNIHelp (  279): RegisterNatives failed for 'android/net/wifi/WifiNative', aborting
F/libc    (  279): Fatal signal 11 (SIGSEGV) at 0xdeadbaad (code=1)
I/DEBUG   (   89): *** *** *** *** *** *** *** *** *** *** *** *** *** *** *** ***
I/DEBUG   (   89): Build fingerprint: 'cyanogenmod/htc_marvel/marvel:4.0.4/ASN01/0.1:user/release-keys'
I/DEBUG   (   89): pid: 279, tid: 279  >>> zygote <<<
I/DEBUG   (   89): signal 11 (SIGSEGV), code 1 (SEGV_MAPERR), fault addr deadbaad
I/DEBUG   (   89):  r0 deadbaad  r1 0000000c  r2 00000027  r3 a0000000
I/DEBUG   (   89):  r4 00000000  r5 00000080  r6 401bb874  r7 bebeaa80
I/DEBUG   (   89):  r8 00000000  r9 00000000  10 00000000  fp 00000000
I/DEBUG   (   89):  ip ffffffff  sp bebeaa48  lr 4003ff0f  pc 4003c6c6  cpsr 00000030
I/DEBUG   (   89):  d0  3f4000003f400000  d1  0000000000000000
I/DEBUG   (   89):  d2  0000000000000000  d3  0000000000000000
I/DEBUG   (   89):  d4  0000000000000000  d5  0000000000000000
I/DEBUG   (   89):  d6  0000000000000000  d7  000000003f800000
I/DEBUG   (   89):  d8  0000000000000000  d9  0000000000000000
I/DEBUG   (   89):  d10 0000000000000000  d11 0000000000000000
I/DEBUG   (   89):  d12 0000000000000000  d13 0000000000000000
I/DEBUG   (   89):  d14 0000000000000000  d15 0000000000000000
I/DEBUG   (   89):  scr 60000000
I/DEBUG   (   89): 
I/DEBUG   (   89):          #00  pc 000176c6  /system/lib/libc.so
I/DEBUG   (   89):          #01  pc 0000c658  /system/lib/libnativehelper.so (jniRegisterNativeMethods)
I/DEBUG   (   89): 
I/DEBUG   (   89): code around pc:
I/DEBUG   (   89): 4003c6a4 1c2bd00c 2d00682d e027d1fb 2a0068da  ..+.-h.-..'..h.*
I/DEBUG   (   89): 4003c6b4 4b16d004 447b2001 47906018 22274814  ...K. {D.`.G.H'"
I/DEBUG   (   89): 4003c6c4 70022580 ef74f7f4 f7f62106 aa01e812  .%.p..t..!......
I/DEBUG   (   89): 4003c6d4 05692400 60546091 20061c11 f7f59401  .$i..`T`... ....
I/DEBUG   (   89): 4003c6e4 a905ebce 20022200 ebd6f7f5 ef60f7f4  .....". ......`.
I/DEBUG   (   89): 
I/DEBUG   (   89): code around lr:
I/DEBUG   (   89): 4003feec 4b0db5f0 447bb083 681c2600 68a59001  ...K..{D.&.h...h
I/DEBUG   (   89): 4003fefc e0086867 5ea8220c dd032800 99011c28  gh...".^.(..(...
I/DEBUG   (   89): 4003ff0c 43064788 3f013554 6824d5f4 d1ee2c00  .G.CT5.?..$h.,..
I/DEBUG   (   89): 4003ff1c 1c30b003 46c0bdf0 000285f2 1c0fb5f0  ..0....F........
I/DEBUG   (   89): 4003ff2c b0891c3d a9064355 604d9103 90064914  =...UC....M`.I..
I/DEBUG   (   89): 
I/DEBUG   (   89): memory map around addr deadbaad:
I/DEBUG   (   89): bebca000-bebeb000 [stack]
I/DEBUG   (   89): (no map for address)
I/DEBUG   (   89): (no map above)
I/DEBUG   (   89): 
I/DEBUG   (   89): stack:
I/DEBUG   (   89):     bebeaa08  00000000  
I/DEBUG   (   89):     bebeaa0c  6a036b7d  
I/DEBUG   (   89):     bebeaa10  40068720  /system/lib/libc.so
I/DEBUG   (   89):     bebeaa14  400686b0  /system/lib/libc.so
I/DEBUG   (   89):     bebeaa18  00000000  
I/DEBUG   (   89):     bebeaa1c  4003ff0f  /system/lib/libc.so
I/DEBUG   (   89):     bebeaa20  401b3505  /system/lib/libandroid_runtime.so
I/DEBUG   (   89):     bebeaa24  4003ec75  /system/lib/libc.so
I/DEBUG   (   89):     bebeaa28  ffffffff  
I/DEBUG   (   89):     bebeaa2c  00000000  
I/DEBUG   (   89):     bebeaa30  00000000  
I/DEBUG   (   89):     bebeaa34  401bb874  /system/lib/libandroid_runtime.so
I/DEBUG   (   89):     bebeaa38  bebeaa80  [stack]
I/DEBUG   (   89):     bebeaa3c  4003f08d  /system/lib/libc.so
I/DEBUG   (   89):     bebeaa40  df0027ad  
I/DEBUG   (   89):     bebeaa44  00000000  
I/DEBUG   (   89): #00 bebeaa48  00000003  
I/DEBUG   (   89):     bebeaa4c  00000100  
I/DEBUG   (   89):     bebeaa50  4018e3e1  /system/lib/libandroid_runtime.so
I/DEBUG   (   89):     bebeaa54  6a036b7d  
I/DEBUG   (   89):     bebeaa58  401bb4c8  /system/lib/libandroid_runtime.so
I/DEBUG   (   89):     bebeaa5c  fffffbdf  
I/DEBUG   (   89):     bebeaa60  0000f2c0  [heap]
I/DEBUG   (   89):     bebeaa64  40868ffd  /system/lib/libdvm.so
I/DEBUG   (   89):     bebeaa68  0000f2c0  [heap]
I/DEBUG   (   89):     bebeaa6c  401f865b  /system/lib/libnativehelper.so
I/DEBUG   (   89): #01 bebeaa70  40868ffd  /system/lib/libdvm.so
I/DEBUG   (   89):     bebeaa74  401f865b  /system/lib/libnativehelper.so
I/DEBUG   (   89):     bebeaa78  401d2c00  /system/lib/libandroid_runtime.so
I/DEBUG   (   89):     bebeaa7c  00000038  
I/DEBUG   (   89):     bebeaa80  0000f2c0  [heap]
I/DEBUG   (   89):     bebeaa84  1d400119  
I/DEBUG   (   89):     bebeaa88  401d5b84  /system/lib/libandroid_runtime.so
I/DEBUG   (   89):     bebeaa8c  401cc964  /system/lib/libandroid_runtime.so
I/DEBUG   (   89):     bebeaa90  0000f2c0  [heap]
I/DEBUG   (   89):     bebeaa94  401cca10  /system/lib/libandroid_runtime.so
I/DEBUG   (   89):     bebeaa98  00000001  
I/DEBUG   (   89):     bebeaa9c  40175877  /system/lib/libandroid_runtime.so
I/DEBUG   (   89):     bebeaaa0  401cc964  /system/lib/libandroid_runtime.so
I/DEBUG   (   89):     bebeaaa4  4018d975  /system/lib/libandroid_runtime.so
I/DEBUG   (   89):     bebeaaa8  401cc964  /system/lib/libandroid_runtime.so
I/DEBUG   (   89):     bebeaaac  40175979  /system/lib/libandroid_runtime.so
I/DEBUG   (   89):     bebeaab0  0000f2c0  [heap]
I/DEBUG   (   89):     bebeaab4  fffffe38  
I/ServiceManager(   86): service 'media.audio_flinger' died
I/ServiceManager(   86): service 'media.player' died
I/ServiceManager(   86): service 'media.camera' died
I/ServiceManager(   86): service 'media.audio_policy' died
I/Netd    (  306): Netd 1.0 starting
D/AndroidRuntime(  307): 
D/AndroidRuntime(  307): >>>>>> AndroidRuntime START com.android.internal.os.ZygoteInit <<<<<<
D/AndroidRuntime(  307): CheckJNI is OFF
I/        (  308): ServiceManager: 0xf958
I/HTC Acoustic(  308): libhtc_acoustic.so version 2.0.0.6.
I/HTC Acoustic(  308): deonvvv gingerbread test.
I/HTC Acoustic(  308): open /system/etc/AudioPara4_WB.csv success.
I/HTC Acoustic(  308): acoustic table version: MAL_WB_20110217
I/HTC Acoustic(  308): read_audio_para_from_file success.
W/dalvikvm(  307): VFY: unable to find class referenced in signature (Landroid/content/res/PackageRedirectionMap;)
I/dalvikvm(  307): Could not find method android.content.res.PackageRedirectionMap.getPackageId, referenced from method android.content.res.AssetManager.addRedirections
W/dalvikvm(  307): VFY: unable to resolve virtual method 9335: Landroid/content/res/PackageRedirectionMap;.getPackageId ()I
D/dalvikvm(  307): VFY: replacing opcode 0x6e at 0x000e
E/HTC Acoustic(  308): Fail to open /system/etc/AudioPara_ALL.csv -1.
I/HTC Acoustic(  308): open /system/etc/AudioPara4.csv success.
I/HTC Acoustic(  308): acoustic table version: MAL_Gerenic_20110509
I/HTC Acoustic(  308): read_audio_para_from_file success.
I/HTC Acoustic(  308): get_audpp_filter
I/HTC Acoustic(  308): open /system/etc/AudioFilter.csv success.
I/HTC Acoustic(  308): MBADRC Filter MBADRC FLAG = ffff.
E/HTC Acoustic(  308): set mbadrc filter error.
I/HTC Acoustic(  308): failed to set audpp parameters, exiting.
I/HTC Acoustic(  308): get_audpre_filter
I/HTC Acoustic(  308): open /system/etc/AudioPreProcess.csv success.
D/AudioHardwareMSM72XX(  308): mNumSndEndpoints = 151
V/AudioHardwareMSM72XX(  308): constructed 151 SND endpoints)
D/AudioHardwareMSM72XX(  308): BT MATCH HANDSET
D/AudioHardwareMSM72XX(  308): BT MATCH SPEAKER
D/AudioHardwareMSM72XX(  308): BT MATCH HEADSET
D/AudioHardwareMSM72XX(  308): BT MATCH BT
D/AudioHardwareMSM72XX(  308): BT MATCH CARKIT
D/AudioHardwareMSM72XX(  308): BT MATCH TTY_FULL
D/AudioHardwareMSM72XX(  308): BT MATCH TTY_VCO
D/AudioHardwareMSM72XX(  308): BT MATCH TTY_HCO
D/AudioHardwareMSM72XX(  308): BT MATCH NO_MIC_HEADSET
D/AudioHardwareMSM72XX(  308): BT MATCH FM_HEADSET
D/AudioHardwareMSM72XX(  308): BT MATCH HEADSET_AND_SPEAKER
D/AudioHardwareMSM72XX(  308): BT MATCH FM_SPEAKER
D/AudioHardwareMSM72XX(  308): BT MATCH BT_EC_OFF
D/AudioHardwareMSM72XX(  308): BT MATCH BT_EC_OFF
D/AudioHardwareMSM72XX(  308): BT MATCH CURRENT
I/AudioFlinger(  308): Loaded primary audio interface from LEGACY Audio HW HAL (audio)
I/AudioFlinger(  308): Using 'LEGACY Audio HW HAL' (audio.primary) as the primary audio interface
I/AudioFlinger(  308): Loaded a2dp audio interface from A2DP Audio HW HAL (audio)
D/AudioHardwareInterface(  308): setMode(NORMAL)
I/AudioHardwareMSM72XX(  308): Set master volume to 5.
I/CameraService(  308): CameraService started (pid=308)
I/AudioFlinger(  308): AudioFlinger's thread 0x16f90 ready to run
W/AudioFlinger(  308): Thread AudioOut_1 cannot connect to the power manager service
V/AudioHardwareMSM72XX(  308): AudioStreamOutMSM72xx::setParameters() routing=2
V/AudioHardwareMSM72XX(  308): set output routing 2
I/AudioHardwareMSM72XX(  308): Routing audio to Speakerphone
V/AudioHardwareMSM72XX(  308): doAudioRouteOrMute() device 1, mMode 0, mMicMute 1
D/AudioHardwareMSM72XX(  308): setVoiceVolume(1.000000)
I/AudioHardwareMSM72XX(  308): Setting in-call volume to 5 (available range is 0 to 5)
I/AudioPolicyService(  308): Loaded audio policy from LEGACY Audio Policy HAL (audio_policy)
E/dalvikvm(  307): ERROR: couldn't find native method
E/dalvikvm(  307): Requested: Landroid/net/wifi/WifiNative;.loadHotspotDriver:()Z
E/JNIHelp (  307): RegisterNatives failed for 'android/net/wifi/WifiNative', aborting
F/libc    (  307): Fatal signal 11 (SIGSEGV) at 0xdeadbaad (code=1)
I/DEBUG   (   89): *** *** *** *** *** *** *** *** *** *** *** *** *** *** *** ***
I/DEBUG   (   89): Build fingerprint: 'cyanogenmod/htc_marvel/marvel:4.0.4/ASN01/0.1:user/release-keys'
I/DEBUG   (   89): pid: 307, tid: 307  >>> zygote <<<
I/DEBUG   (   89): signal 11 (SIGSEGV), code 1 (SEGV_MAPERR), fault addr deadbaad
I/DEBUG   (   89):  r0 deadbaad  r1 0000000c  r2 00000027  r3 a0000000
I/DEBUG   (   89):  r4 00000000  r5 00000080  r6 401bb874  r7 bef32a80
I/DEBUG   (   89):  r8 00000000  r9 00000000  10 00000000  fp 00000000
I/DEBUG   (   89):  ip ffffffff  sp bef32a48  lr 4003ff0f  pc 4003c6c6  cpsr 00000030
I/DEBUG   (   89):  d0  3f4000003f400000  d1  0000000000000000
I/DEBUG   (   89):  d2  0000000000000000  d3  0000000000000000
I/DEBUG   (   89):  d4  0000000000000000  d5  0000000000000000
I/DEBUG   (   89):  d6  0000000000000000  d7  000000003f800000
I/DEBUG   (   89):  d8  0000000000000000  d9  0000000000000000
I/DEBUG   (   89):  d10 0000000000000000  d11 0000000000000000
I/DEBUG   (   89):  d12 0000000000000000  d13 0000000000000000
I/DEBUG   (   89):  d14 0000000000000000  d15 0000000000000000
I/DEBUG   (   89):  scr 60000000
I/DEBUG   (   89): 
I/DEBUG   (   89):          #00  pc 000176c6  /system/lib/libc.so
I/DEBUG   (   89):          #01  pc 0000c658  /system/lib/libnativehelper.so (jniRegisterNativeMethods)
I/DEBUG   (   89): 
I/DEBUG   (   89): code around pc:
I/DEBUG   (   89): 4003c6a4 1c2bd00c 2d00682d e027d1fb 2a0068da  ..+.-h.-..'..h.*
I/DEBUG   (   89): 4003c6b4 4b16d004 447b2001 47906018 22274814  ...K. {D.`.G.H'"
I/DEBUG   (   89): 4003c6c4 70022580 ef74f7f4 f7f62106 aa01e812  .%.p..t..!......
I/DEBUG   (   89): 4003c6d4 05692400 60546091 20061c11 f7f59401  .$i..`T`... ....
I/DEBUG   (   89): 4003c6e4 a905ebce 20022200 ebd6f7f5 ef60f7f4  .....". ......`.
I/DEBUG   (   89): 
I/DEBUG   (   89): code around lr:
I/DEBUG   (   89): 4003feec 4b0db5f0 447bb083 681c2600 68a59001  ...K..{D.&.h...h
I/DEBUG   (   89): 4003fefc e0086867 5ea8220c dd032800 99011c28  gh...".^.(..(...
I/DEBUG   (   89): 4003ff0c 43064788 3f013554 6824d5f4 d1ee2c00  .G.CT5.?..$h.,..
I/DEBUG   (   89): 4003ff1c 1c30b003 46c0bdf0 000285f2 1c0fb5f0  ..0....F........
I/DEBUG   (   89): 4003ff2c b0891c3d a9064355 604d9103 90064914  =...UC....M`.I..
I/DEBUG   (   89): 
I/DEBUG   (   89): memory map around addr deadbaad:
I/DEBUG   (   89): bef12000-bef33000 [stack]
I/DEBUG   (   89): (no map for address)
I/DEBUG   (   89): (no map above)
I/DEBUG   (   89): 
I/DEBUG   (   89): stack:
I/DEBUG   (   89):     bef32a08  00000000  
I/DEBUG   (   89):     bef32a0c  eb44afe4  
I/DEBUG   (   89):     bef32a10  40068720  /system/lib/libc.so
I/DEBUG   (   89):     bef32a14  400686b0  /system/lib/libc.so
I/DEBUG   (   89):     bef32a18  00000000  
I/DEBUG   (   89):     bef32a1c  4003ff0f  /system/lib/libc.so
I/DEBUG   (   89):     bef32a20  401b3505  /system/lib/libandroid_runtime.so
I/DEBUG   (   89):     bef32a24  4003ec75  /system/lib/libc.so
I/DEBUG   (   89):     bef32a28  ffffffff  
I/DEBUG   (   89):     bef32a2c  00000000  
I/DEBUG   (   89):     bef32a30  00000000  
I/DEBUG   (   89):     bef32a34  401bb874  /system/lib/libandroid_runtime.so
I/DEBUG   (   89):     bef32a38  bef32a80  [stack]
I/DEBUG   (   89):     bef32a3c  4003f08d  /system/lib/libc.so
I/DEBUG   (   89):     bef32a40  df0027ad  
I/DEBUG   (   89):     bef32a44  00000000  
I/DEBUG   (   89): #00 bef32a48  00000003  
I/DEBUG   (   89):     bef32a4c  00000100  
I/DEBUG   (   89):     bef32a50  4018e3e1  /system/lib/libandroid_runtime.so
I/DEBUG   (   89):     bef32a54  eb44afe4  
I/DEBUG   (   89):     bef32a58  401bb4c8  /system/lib/libandroid_runtime.so
I/DEBUG   (   89):     bef32a5c  fffffbdf  
I/DEBUG   (   89):     bef32a60  0000f2c0  [heap]
I/DEBUG   (   89):     bef32a64  40868ffd  /system/lib/libdvm.so
I/DEBUG   (   89):     bef32a68  0000f2c0  [heap]
I/DEBUG   (   89):     bef32a6c  401f865b  /system/lib/libnativehelper.so
I/DEBUG   (   89): #01 bef32a70  40868ffd  /system/lib/libdvm.so
I/DEBUG   (   89):     bef32a74  401f865b  /system/lib/libnativehelper.so
I/DEBUG   (   89):     bef32a78  401d2c00  /system/lib/libandroid_runtime.so
I/DEBUG   (   89):     bef32a7c  00000038  
I/DEBUG   (   89):     bef32a80  0000f2c0  [heap]
I/DEBUG   (   89):     bef32a84  1d400119  
I/DEBUG   (   89):     bef32a88  401d5b84  /system/lib/libandroid_runtime.so
I/DEBUG   (   89):     bef32a8c  401cc964  /system/lib/libandroid_runtime.so
I/DEBUG   (   89):     bef32a90  0000f2c0  [heap]
I/DEBUG   (   89):     bef32a94  401cca10  /system/lib/libandroid_runtime.so
I/DEBUG   (   89):     bef32a98  00000001  
I/DEBUG   (   89):     bef32a9c  40175877  /system/lib/libandroid_runtime.so
I/DEBUG   (   89):     bef32aa0  401cc964  /system/lib/libandroid_runtime.so
I/DEBUG   (   89):     bef32aa4  4018d975  /system/lib/libandroid_runtime.so
I/DEBUG   (   89):     bef32aa8  401cc964  /system/lib/libandroid_runtime.so
I/DEBUG   (   89):     bef32aac  40175979  /system/lib/libandroid_runtime.so
I/DEBUG   (   89):     bef32ab0  0000f2c0  [heap]
I/DEBUG   (   89):     bef32ab4  fffffe38  
I/ServiceManager(   86): service 'media.audio_flinger' died
I/ServiceManager(   86): service 'media.player' died
I/ServiceManager(   86): service 'media.camera' died
I/ServiceManager(   86): service 'media.audio_policy' died
I/Netd    (  334): Netd 1.0 starting
D/AndroidRuntime(  335): 
D/AndroidRuntime(  335): >>>>>> AndroidRuntime START com.android.internal.os.ZygoteInit <<<<<<
D/AndroidRuntime(  335): CheckJNI is OFF
I/        (  336): ServiceManager: 0xf958
I/HTC Acoustic(  336): libhtc_acoustic.so version 2.0.0.6.
I/HTC Acoustic(  336): deonvvv gingerbread test.
I/HTC Acoustic(  336): open /system/etc/AudioPara4_WB.csv success.
I/HTC Acoustic(  336): acoustic table version: MAL_WB_20110217
I/HTC Acoustic(  336): read_audio_para_from_file success.
E/HTC Acoustic(  336): Fail to open /system/etc/AudioPara_ALL.csv -1.
I/HTC Acoustic(  336): open /system/etc/AudioPara4.csv success.
I/HTC Acoustic(  336): acoustic table version: MAL_Gerenic_20110509
I/HTC Acoustic(  336): read_audio_para_from_file success.
I/HTC Acoustic(  336): get_audpp_filter
I/HTC Acoustic(  336): open /system/etc/AudioFilter.csv success.
I/HTC Acoustic(  336): MBADRC Filter MBADRC FLAG = ffff.
E/HTC Acoustic(  336): set mbadrc filter error.
I/HTC Acoustic(  336): failed to set audpp parameters, exiting.
I/HTC Acoustic(  336): get_audpre_filter
I/HTC Acoustic(  336): open /system/etc/AudioPreProcess.csv success.
D/AudioHardwareMSM72XX(  336): mNumSndEndpoints = 151
V/AudioHardwareMSM72XX(  336): constructed 151 SND endpoints)
D/AudioHardwareMSM72XX(  336): BT MATCH HANDSET
D/AudioHardwareMSM72XX(  336): BT MATCH SPEAKER
D/AudioHardwareMSM72XX(  336): BT MATCH HEADSET
D/AudioHardwareMSM72XX(  336): BT MATCH BT
D/AudioHardwareMSM72XX(  336): BT MATCH CARKIT
D/AudioHardwareMSM72XX(  336): BT MATCH TTY_FULL
D/AudioHardwareMSM72XX(  336): BT MATCH TTY_VCO
D/AudioHardwareMSM72XX(  336): BT MATCH TTY_HCO
D/AudioHardwareMSM72XX(  336): BT MATCH NO_MIC_HEADSET
D/AudioHardwareMSM72XX(  336): BT MATCH FM_HEADSET
D/AudioHardwareMSM72XX(  336): BT MATCH HEADSET_AND_SPEAKER
D/AudioHardwareMSM72XX(  336): BT MATCH FM_SPEAKER
D/AudioHardwareMSM72XX(  336): BT MATCH BT_EC_OFF
D/AudioHardwareMSM72XX(  336): BT MATCH BT_EC_OFF
D/AudioHardwareMSM72XX(  336): BT MATCH CURRENT
I/AudioFlinger(  336): Loaded primary audio interface from LEGACY Audio HW HAL (audio)
I/AudioFlinger(  336): Using 'LEGACY Audio HW HAL' (audio.primary) as the primary audio interface
I/AudioFlinger(  336): Loaded a2dp audio interface from A2DP Audio HW HAL (audio)
D/AudioHardwareInterface(  336): setMode(NORMAL)
I/AudioHardwareMSM72XX(  336): Set master volume to 5.
W/dalvikvm(  335): VFY: unable to find class referenced in signature (Landroid/content/res/PackageRedirectionMap;)
I/CameraService(  336): CameraService started (pid=336)
I/dalvikvm(  335): Could not find method android.content.res.PackageRedirectionMap.getPackageId, referenced from method android.content.res.AssetManager.addRedirections
W/dalvikvm(  335): VFY: unable to resolve virtual method 9335: Landroid/content/res/PackageRedirectionMap;.getPackageId ()I
D/dalvikvm(  335): VFY: replacing opcode 0x6e at 0x000e
I/AudioFlinger(  336): AudioFlinger's thread 0x16f90 ready to run
W/AudioFlinger(  336): Thread AudioOut_1 cannot connect to the power manager service
V/AudioHardwareMSM72XX(  336): AudioStreamOutMSM72xx::setParameters() routing=2
V/AudioHardwareMSM72XX(  336): set output routing 2
I/AudioHardwareMSM72XX(  336): Routing audio to Speakerphone
V/AudioHardwareMSM72XX(  336): doAudioRouteOrMute() device 1, mMode 0, mMicMute 1
D/AudioHardwareMSM72XX(  336): setVoiceVolume(1.000000)
I/AudioHardwareMSM72XX(  336): Setting in-call volume to 5 (available range is 0 to 5)
I/AudioPolicyService(  336): Loaded audio policy from LEGACY Audio Policy HAL (audio_policy)
E/dalvikvm(  335): ERROR: couldn't find native method
E/dalvikvm(  335): Requested: Landroid/net/wifi/WifiNative;.loadHotspotDriver:()Z
E/JNIHelp (  335): RegisterNatives failed for 'android/net/wifi/WifiNative', aborting
F/libc    (  335): Fatal signal 11 (SIGSEGV) at 0xdeadbaad (code=1)
I/DEBUG   (   89): *** *** *** *** *** *** *** *** *** *** *** *** *** *** *** ***
I/DEBUG   (   89): Build fingerprint: 'cyanogenmod/htc_marvel/marvel:4.0.4/ASN01/0.1:user/release-keys'
I/DEBUG   (   89): pid: 335, tid: 335  >>> zygote <<<
I/DEBUG   (   89): signal 11 (SIGSEGV), code 1 (SEGV_MAPERR), fault addr deadbaad
I/DEBUG   (   89):  r0 deadbaad  r1 0000000c  r2 00000027  r3 a0000000
I/DEBUG   (   89):  r4 00000000  r5 00000080  r6 401bb874  r7 beef0a80
I/DEBUG   (   89):  r8 00000000  r9 00000000  10 00000000  fp 00000000
I/DEBUG   (   89):  ip ffffffff  sp beef0a48  lr 4003ff0f  pc 4003c6c6  cpsr 00000030
I/DEBUG   (   89):  d0  3f4000003f400000  d1  0000000000000000
I/DEBUG   (   89):  d2  0000000000000000  d3  0000000000000000
I/DEBUG   (   89):  d4  0000000000000000  d5  0000000000000000
I/DEBUG   (   89):  d6  0000000000000000  d7  000000003f800000
I/DEBUG   (   89):  d8  0000000000000000  d9  0000000000000000
I/DEBUG   (   89):  d10 0000000000000000  d11 0000000000000000
I/DEBUG   (   89):  d12 0000000000000000  d13 0000000000000000
I/DEBUG   (   89):  d14 0000000000000000  d15 0000000000000000
I/DEBUG   (   89):  scr 60000000
I/DEBUG   (   89): 
I/DEBUG   (   89):          #00  pc 000176c6  /system/lib/libc.so
I/DEBUG   (   89):          #01  pc 0000c658  /system/lib/libnativehelper.so (jniRegisterNativeMethods)
I/DEBUG   (   89): 
I/DEBUG   (   89): code around pc:
I/DEBUG   (   89): 4003c6a4 1c2bd00c 2d00682d e027d1fb 2a0068da  ..+.-h.-..'..h.*
I/DEBUG   (   89): 4003c6b4 4b16d004 447b2001 47906018 22274814  ...K. {D.`.G.H'"
I/DEBUG   (   89): 4003c6c4 70022580 ef74f7f4 f7f62106 aa01e812  .%.p..t..!......
I/DEBUG   (   89): 4003c6d4 05692400 60546091 20061c11 f7f59401  .$i..`T`... ....
I/DEBUG   (   89): 4003c6e4 a905ebce 20022200 ebd6f7f5 ef60f7f4  .....". ......`.
I/DEBUG   (   89): 
I/DEBUG   (   89): code around lr:
I/DEBUG   (   89): 4003feec 4b0db5f0 447bb083 681c2600 68a59001  ...K..{D.&.h...h
I/DEBUG   (   89): 4003fefc e0086867 5ea8220c dd032800 99011c28  gh...".^.(..(...
I/DEBUG   (   89): 4003ff0c 43064788 3f013554 6824d5f4 d1ee2c00  .G.CT5.?..$h.,..
I/DEBUG   (   89): 4003ff1c 1c30b003 46c0bdf0 000285f2 1c0fb5f0  ..0....F........
I/DEBUG   (   89): 4003ff2c b0891c3d a9064355 604d9103 90064914  =...UC....M`.I..
I/DEBUG   (   89): 
I/DEBUG   (   89): memory map around addr deadbaad:
I/DEBUG   (   89): beed0000-beef1000 [stack]
I/DEBUG   (   89): (no map for address)
I/DEBUG   (   89): (no map above)
I/DEBUG   (   89): 
I/DEBUG   (   89): stack:
I/DEBUG   (   89):     beef0a08  00000000  
I/DEBUG   (   89):     beef0a0c  47722fb3  /dev/ashmem/dalvik-heap (deleted)
I/DEBUG   (   89):     beef0a10  40068720  /system/lib/libc.so
I/DEBUG   (   89):     beef0a14  400686b0  /system/lib/libc.so
I/DEBUG   (   89):     beef0a18  00000000  
I/DEBUG   (   89):     beef0a1c  4003ff0f  /system/lib/libc.so
I/DEBUG   (   89):     beef0a20  401b3505  /system/lib/libandroid_runtime.so
I/DEBUG   (   89):     beef0a24  4003ec75  /system/lib/libc.so
I/DEBUG   (   89):     beef0a28  ffffffff  
I/DEBUG   (   89):     beef0a2c  00000000  
I/DEBUG   (   89):     beef0a30  00000000  
I/DEBUG   (   89):     beef0a34  401bb874  /system/lib/libandroid_runtime.so
I/DEBUG   (   89):     beef0a38  beef0a80  [stack]
I/DEBUG   (   89):     beef0a3c  4003f08d  /system/lib/libc.so
I/DEBUG   (   89):     beef0a40  df0027ad  
I/DEBUG   (   89):     beef0a44  00000000  
I/DEBUG   (   89): #00 beef0a48  00000003  
I/DEBUG   (   89):     beef0a4c  00000100  
I/DEBUG   (   89):     beef0a50  4018e3e1  /system/lib/libandroid_runtime.so
I/DEBUG   (   89):     beef0a54  47722fb3  /dev/ashmem/dalvik-heap (deleted)
I/DEBUG   (   89):     beef0a58  401bb4c8  /system/lib/libandroid_runtime.so
I/DEBUG   (   89):     beef0a5c  fffffbdf  
I/DEBUG   (   89):     beef0a60  0000f2c0  [heap]
I/DEBUG   (   89):     beef0a64  40868ffd  /system/lib/libdvm.so
I/DEBUG   (   89):     beef0a68  0000f2c0  [heap]
I/DEBUG   (   89):     beef0a6c  401f865b  /system/lib/libnativehelper.so
I/DEBUG   (   89): #01 beef0a70  40868ffd  /system/lib/libdvm.so
I/DEBUG   (   89):     beef0a74  401f865b  /system/lib/libnativehelper.so
I/DEBUG   (   89):     beef0a78  401d2c00  /system/lib/libandroid_runtime.so
I/DEBUG   (   89):     beef0a7c  00000038  
I/DEBUG   (   89):     beef0a80  0000f2c0  [heap]
I/DEBUG   (   89):     beef0a84  1d400119  
I/DEBUG   (   89):     beef0a88  401d5b84  /system/lib/libandroid_runtime.so
I/DEBUG   (   89):     beef0a8c  401cc964  /system/lib/libandroid_runtime.so
I/DEBUG   (   89):     beef0a90  0000f2c0  [heap]
I/DEBUG   (   89):     beef0a94  401cca10  /system/lib/libandroid_runtime.so
I/DEBUG   (   89):     beef0a98  00000001  
I/DEBUG   (   89):     beef0a9c  40175877  /system/lib/libandroid_runtime.so
I/DEBUG   (   89):     beef0aa0  401cc964  /system/lib/libandroid_runtime.so
I/DEBUG   (   89):     beef0aa4  4018d975  /system/lib/libandroid_runtime.so
I/DEBUG   (   89):     beef0aa8  401cc964  /system/lib/libandroid_runtime.so
I/DEBUG   (   89):     beef0aac  40175979  /system/lib/libandroid_runtime.so
I/DEBUG   (   89):     beef0ab0  0000f2c0  [heap]
I/DEBUG   (   89):     beef0ab4  fffffe38  
I/ServiceManager(   86): service 'media.audio_flinger' died
I/ServiceManager(   86): service 'media.player' died
I/ServiceManager(   86): service 'media.camera' died
I/ServiceManager(   86): service 'media.audio_policy' died
I/Netd    (  362): Netd 1.0 starting
D/AndroidRuntime(  363): 
D/AndroidRuntime(  363): >>>>>> AndroidRuntime START com.android.internal.os.ZygoteInit <<<<<<
D/AndroidRuntime(  363): CheckJNI is OFF
