I/DEBUG   (   89):  d8  0000000000000000  d9  0000000000000000
I/DEBUG   (   89):  d10 0000000000000000  d11 0000000000000000
I/DEBUG   (   89):  d12 0000000000000000  d13 0000000000000000
I/DEBUG   (   89):  d14 0000000000000000  d15 0000000000000000
I/DEBUG   (   89):  scr 60000000
I/DEBUG   (   89): 
I/DEBUG   (   89):          #00  pc 000176c6  /system/lib/libc.so
I/DEBUG   (   89):          #01  pc 0000c658  /system/lib/libnativehelper.so (jniRegisterNativeMethods)
I/DEBUG   (   89): 
I/DEBUG   (   89): code around pc:
I/DEBUG   (   89): 4003c6a4 1c2bd00c 2d00682d e027d1fb 2a0068da  ..+.-h.-..'..h.*
I/DEBUG   (   89): 4003c6b4 4b16d004 447b2001 47906018 22274814  ...K. {D.`.G.H'"
I/DEBUG   (   89): 4003c6c4 70022580 ef74f7f4 f7f62106 aa01e812  .%.p..t..!......
I/DEBUG   (   89): 4003c6d4 05692400 60546091 20061c11 f7f59401  .$i..`T`... ....
I/DEBUG   (   89): 4003c6e4 a905ebce 20022200 ebd6f7f5 ef60f7f4  .....". ......`.
I/DEBUG   (   89): 
I/DEBUG   (   89): code around lr:
I/DEBUG   (   89): 4003feec 4b0db5f0 447bb083 681c2600 68a59001  ...K..{D.&.h...h
I/DEBUG   (   89): 4003fefc e0086867 5ea8220c dd032800 99011c28  gh...".^.(..(...
I/DEBUG   (   89): 4003ff0c 43064788 3f013554 6824d5f4 d1ee2c00  .G.CT5.?..$h.,..
I/DEBUG   (   89): 4003ff1c 1c30b003 46c0bdf0 000285f2 1c0fb5f0  ..0....F........
I/DEBUG   (   89): 4003ff2c b0891c3d a9064355 604d9103 90064914  =...UC....M`.I..
I/DEBUG   (   89): 
I/DEBUG   (   89): memory map around addr deadbaad:
I/DEBUG   (   89): be9e4000-bea05000 [stack]
I/DEBUG   (   89): (no map for address)
I/DEBUG   (   89): (no map above)
I/DEBUG   (   89): 
I/DEBUG   (   89): stack:
I/DEBUG   (   89):     bea049f8  00000001  
I/DEBUG   (   89):     bea049fc  dacb05ab  
I/DEBUG   (   89):     bea04a00  40068720  /system/lib/libc.so
I/DEBUG   (   89):     bea04a04  400686b0  /system/lib/libc.so
I/DEBUG   (   89):     bea04a08  00000000  
I/DEBUG   (   89):     bea04a0c  4003ff0f  /system/lib/libc.so
I/DEBUG   (   89):     bea04a10  401bb494  /system/lib/libandroid_runtime.so
I/DEBUG   (   89):     bea04a14  4003ec75  /system/lib/libc.so
I/DEBUG   (   89):     bea04a18  ffffffff  
I/DEBUG   (   89):     bea04a1c  00000000  
I/DEBUG   (   89):     bea04a20  00000000  
I/DEBUG   (   89):     bea04a24  401c6697  /system/lib/libandroid_runtime.so
I/DEBUG   (   89):     bea04a28  bea04a70  [stack]
I/DEBUG   (   89):     bea04a2c  4003f08d  /system/lib/libc.so
I/DEBUG   (   89):     bea04a30  df0027ad  
I/DEBUG   (   89):     bea04a34  00000000  
I/DEBUG   (   89): #00 bea04a38  00000009  
I/DEBUG   (   89):     bea04a3c  00000100  
I/DEBUG   (   89):     bea04a40  401ae05d  /system/lib/libandroid_runtime.so
I/DEBUG   (   89):     bea04a44  dacb05ab  
I/DEBUG   (   89):     bea04a48  401c6766  /system/lib/libandroid_runtime.so
I/DEBUG   (   89):     bea04a4c  fffffbdf  
I/DEBUG   (   89):     bea04a50  0000f2c0  [heap]
I/DEBUG   (   89):     bea04a54  40868ffd  /system/lib/libdvm.so
I/DEBUG   (   89):     bea04a58  0000f2c0  [heap]
I/DEBUG   (   89):     bea04a5c  401f865b  /system/lib/libnativehelper.so
I/DEBUG   (   89): #01 bea04a60  40868ffd  /system/lib/libdvm.so
I/DEBUG   (   89):     bea04a64  401f865b  /system/lib/libnativehelper.so
I/DEBUG   (   89):     bea04a68  401d55dc  /system/lib/libandroid_runtime.so
I/DEBUG   (   89):     bea04a6c  0000000c  
I/DEBUG   (   89):     bea04a70  0000f2c0  [heap]
I/DEBUG   (   89):     bea04a74  1d200185  
I/DEBUG   (   89):     bea04a78  401d5594  /system/lib/libandroid_runtime.so
I/DEBUG   (   89):     bea04a7c  401d61b8  
I/DEBUG   (   89):     bea04a80  0000f2c0  [heap]
I/DEBUG   (   89):     bea04a84  1d500181  
I/DEBUG   (   89):     bea04a88  401c6697  /system/lib/libandroid_runtime.so
I/DEBUG   (   89):     bea04a8c  40175877  /system/lib/libandroid_runtime.so
I/DEBUG   (   89):     bea04a90  401d61b8  
I/DEBUG   (   89):     bea04a94  401ae3ef  /system/lib/libandroid_runtime.so
I/DEBUG   (   89):     bea04a98  00000000  
I/DEBUG   (   89):     bea04a9c  401cc9b8  /system/lib/libandroid_runtime.so
I/DEBUG   (   89):     bea04aa0  0000f2c0  [heap]
I/DEBUG   (   89):     bea04aa4  401cca10  /system/lib/libandroid_runtime.so
I/ServiceManager(   86): service 'media.audio_flinger' died
I/ServiceManager(   86): service 'media.player' died
I/ServiceManager(   86): service 'media.camera' died
I/ServiceManager(   86): service 'media.audio_policy' died
I/Netd    (  252): Netd 1.0 starting
D/AndroidRuntime(  253): 
D/AndroidRuntime(  253): >>>>>> AndroidRuntime START com.android.internal.os.ZygoteInit <<<<<<
D/AndroidRuntime(  253): CheckJNI is OFF
I/        (  254): ServiceManager: 0xf958
I/HTC Acoustic(  254): libhtc_acoustic.so version 2.0.0.6.
I/HTC Acoustic(  254): deonvvv gingerbread test.
I/HTC Acoustic(  254): open /system/etc/AudioPara4_WB.csv success.
I/HTC Acoustic(  254): acoustic table version: MAL_WB_20110217
I/HTC Acoustic(  254): read_audio_para_from_file success.
E/HTC Acoustic(  254): Fail to open /system/etc/AudioPara_ALL.csv -1.
I/HTC Acoustic(  254): open /system/etc/AudioPara4.csv success.
I/HTC Acoustic(  254): acoustic table version: MAL_Gerenic_20110509
I/HTC Acoustic(  254): read_audio_para_from_file success.
I/HTC Acoustic(  254): get_audpp_filter
I/HTC Acoustic(  254): open /system/etc/AudioFilter.csv success.
I/HTC Acoustic(  254): MBADRC Filter MBADRC FLAG = ffff.
E/HTC Acoustic(  254): set mbadrc filter error.
I/HTC Acoustic(  254): failed to set audpp parameters, exiting.
I/HTC Acoustic(  254): get_audpre_filter
I/HTC Acoustic(  254): open /system/etc/AudioPreProcess.csv success.
D/AudioHardwareMSM72XX(  254): mNumSndEndpoints = 151
V/AudioHardwareMSM72XX(  254): constructed 151 SND endpoints)
D/AudioHardwareMSM72XX(  254): BT MATCH HANDSET
D/AudioHardwareMSM72XX(  254): BT MATCH SPEAKER
D/AudioHardwareMSM72XX(  254): BT MATCH HEADSET
D/AudioHardwareMSM72XX(  254): BT MATCH BT
D/AudioHardwareMSM72XX(  254): BT MATCH CARKIT
D/AudioHardwareMSM72XX(  254): BT MATCH TTY_FULL
D/AudioHardwareMSM72XX(  254): BT MATCH TTY_VCO
D/AudioHardwareMSM72XX(  254): BT MATCH TTY_HCO
D/AudioHardwareMSM72XX(  254): BT MATCH NO_MIC_HEADSET
D/AudioHardwareMSM72XX(  254): BT MATCH FM_HEADSET
D/AudioHardwareMSM72XX(  254): BT MATCH HEADSET_AND_SPEAKER
D/AudioHardwareMSM72XX(  254): BT MATCH FM_SPEAKER
D/AudioHardwareMSM72XX(  254): BT MATCH BT_EC_OFF
D/AudioHardwareMSM72XX(  254): BT MATCH BT_EC_OFF
D/AudioHardwareMSM72XX(  254): BT MATCH CURRENT
I/AudioFlinger(  254): Loaded primary audio interface from LEGACY Audio HW HAL (audio)
I/AudioFlinger(  254): Using 'LEGACY Audio HW HAL' (audio.primary) as the primary audio interface
I/AudioFlinger(  254): Loaded a2dp audio interface from A2DP Audio HW HAL (audio)
D/AudioHardwareInterface(  254): setMode(NORMAL)
I/AudioHardwareMSM72XX(  254): Set master volume to 5.
I/CameraService(  254): CameraService started (pid=254)
I/AudioFlinger(  254): AudioFlinger's thread 0x16f90 ready to run
W/AudioFlinger(  254): Thread AudioOut_1 cannot connect to the power manager service
V/AudioHardwareMSM72XX(  254): AudioStreamOutMSM72xx::setParameters() routing=2
V/AudioHardwareMSM72XX(  254): set output routing 2
I/AudioHardwareMSM72XX(  254): Routing audio to Speakerphone
V/AudioHardwareMSM72XX(  254): doAudioRouteOrMute() device 1, mMode 0, mMicMute 1
D/AudioHardwareMSM72XX(  254): setVoiceVolume(1.000000)
I/AudioHardwareMSM72XX(  254): Setting in-call volume to 5 (available range is 0 to 5)
I/AudioPolicyService(  254): Loaded audio policy from LEGACY Audio Policy HAL (audio_policy)
W/dalvikvm(  253): Exception Ljava/lang/NoSuchMethodError; thrown while initializing Ljava/lang/NoSuchFieldError;
E/dalvikvm(  253): ERROR: unable to initialize exception class 'Ljava/lang/NoSuchFieldError;'
W/dalvikvm(  253): Exception thrown (Ljava/lang/ExceptionInInitializerError;) while throwing internal exception (Ljava/lang/InternalError;)
I/dalvikvm(  253): Rejecting re-init on previously-failed class Ljava/lang/NoSuchFieldError; v=0x0
W/dalvikvm(  253): Exception thrown (Ljava/lang/ExceptionInInitializerError;) while throwing internal exception (Ljava/lang/NoClassDefFoundError;)
E/dalvikvm(  253): ERROR: unable to initialize exception class 'Ljava/lang/NoSuchFieldError;'
W/dalvikvm(  253): Exception thrown (Ljava/lang/ExceptionInInitializerError;) while throwing internal exception (Ljava/lang/InternalError;)
I/dalvikvm(  253): Rejecting re-init on previously-failed class Ljava/lang/NoSuchFieldError; v=0x0
W/dalvikvm(  253): Exception thrown (Ljava/lang/ExceptionInInitializerError;) while throwing internal exception (Ljava/lang/NoClassDefFoundError;)
E/dalvikvm(  253): ERROR: unable to initialize exception class 'Ljava/lang/NoSuchFieldError;'
W/dalvikvm(  253): Exception thrown (Ljava/lang/ExceptionInInitializerError;) while throwing internal exception (Ljava/lang/InternalError;)
I/dalvikvm(  253): Rejecting re-init on previously-failed class Ljava/lang/NoSuchFieldError; v=0x0
W/dalvikvm(  253): Exception thrown (Ljava/lang/ExceptionInInitializerError;) while throwing internal exception (Ljava/lang/NoClassDefFoundError;)
E/dalvikvm(  253): ERROR: unable to initialize exception class 'Ljava/lang/NoSuchFieldError;'
W/dalvikvm(  253): Exception thrown (Ljava/lang/ExceptionInInitializerError;) while throwing internal exception (Ljava/lang/InternalError;)
I/dalvikvm(  253): Rejecting re-init on previously-failed class Ljava/lang/NoSuchFieldError; v=0x0
W/dalvikvm(  253): Exception thrown (Ljava/lang/ExceptionInInitializerError;) while throwing internal exception (Ljava/lang/NoClassDefFoundError;)
E/dalvikvm(  253): ERROR: unable to initialize exception class 'Ljava/lang/NoSuchFieldError;'
W/dalvikvm(  253): Exception thrown (Ljava/lang/ExceptionInInitializerError;) while throwing internal exception (Ljava/lang/InternalError;)
I/dalvikvm(  253): Rejecting re-init on previously-failed class Ljava/lang/NoSuchFieldError; v=0x0
W/dalvikvm(  253): Exception thrown (Ljava/lang/ExceptionInInitializerError;) while throwing internal exception (Ljava/lang/NoClassDefFoundError;)
E/dalvikvm(  253): ERROR: unable to initialize exception class 'Ljava/lang/NoSuchFieldError;'
W/dalvikvm(  253): Exception thrown (Ljava/lang/ExceptionInInitializerError;) while throwing internal exception (Ljava/lang/InternalError;)
E/dalvikvm(  253): ERROR: couldn't find native method
E/dalvikvm(  253): Requested: Landroid/server/BluetoothA2dpService;.sendMetaDataNative:(Ljava/lang/String;)Z
E/JNIHelp (  253): RegisterNatives failed for 'android/server/BluetoothA2dpService', aborting
F/libc    (  253): Fatal signal 11 (SIGSEGV) at 0xdeadbaad (code=1)
I/DEBUG   (   89): *** *** *** *** *** *** *** *** *** *** *** *** *** *** *** ***
I/DEBUG   (   89): Build fingerprint: 'cyanogenmod/htc_marvel/marvel:4.0.4/ASN01/0.1:user/release-keys'
I/DEBUG   (   89): pid: 253, tid: 253  >>> zygote <<<
I/DEBUG   (   89): signal 11 (SIGSEGV), code 1 (SEGV_MAPERR), fault addr deadbaad
I/DEBUG   (   89):  r0 deadbaad  r1 0000000c  r2 00000027  r3 a0000000
I/DEBUG   (   89):  r4 00000000  r5 00000080  r6 401c6697  r7 beb03a70
I/DEBUG   (   89):  r8 00000000  r9 00000000  10 00000000  fp 00000000
I/DEBUG   (   89):  ip ffffffff  sp beb03a38  lr 4003ff0f  pc 4003c6c6  cpsr 00000030
I/DEBUG   (   89):  d0  3f4000003f400000  d1  0000000000000000
I/DEBUG   (   89):  d2  0000000000000000  d3  0000000000000000
I/DEBUG   (   89):  d4  0000000000000000  d5  0000000000000000
I/DEBUG   (   89):  d6  0000000000000000  d7  000000003f800000
I/DEBUG   (   89):  d8  0000000000000000  d9  0000000000000000
I/DEBUG   (   89):  d10 0000000000000000  d11 0000000000000000
I/DEBUG   (   89):  d12 0000000000000000  d13 0000000000000000
I/DEBUG   (   89):  d14 0000000000000000  d15 0000000000000000
I/DEBUG   (   89):  scr 60000000
I/DEBUG   (   89): 
I/DEBUG   (   89):          #00  pc 000176c6  /system/lib/libc.so
I/DEBUG   (   89):          #01  pc 0000c658  /system/lib/libnativehelper.so (jniRegisterNativeMethods)
I/DEBUG   (   89): 
I/DEBUG   (   89): code around pc:
I/DEBUG   (   89): 4003c6a4 1c2bd00c 2d00682d e027d1fb 2a0068da  ..+.-h.-..'..h.*
I/DEBUG   (   89): 4003c6b4 4b16d004 447b2001 47906018 22274814  ...K. {D.`.G.H'"
I/DEBUG   (   89): 4003c6c4 70022580 ef74f7f4 f7f62106 aa01e812  .%.p..t..!......
I/DEBUG   (   89): 4003c6d4 05692400 60546091 20061c11 f7f59401  .$i..`T`... ....
I/DEBUG   (   89): 4003c6e4 a905ebce 20022200 ebd6f7f5 ef60f7f4  .....". ......`.
I/DEBUG   (   89): 
I/DEBUG   (   89): code around lr:
I/DEBUG   (   89): 4003feec 4b0db5f0 447bb083 681c2600 68a59001  ...K..{D.&.h...h
I/DEBUG   (   89): 4003fefc e0086867 5ea8220c dd032800 99011c28  gh...".^.(..(...
I/DEBUG   (   89): 4003ff0c 43064788 3f013554 6824d5f4 d1ee2c00  .G.CT5.?..$h.,..
I/DEBUG   (   89): 4003ff1c 1c30b003 46c0bdf0 000285f2 1c0fb5f0  ..0....F........
I/DEBUG   (   89): 4003ff2c b0891c3d a9064355 604d9103 90064914  =...UC....M`.I..
I/DEBUG   (   89): 
I/DEBUG   (   89): memory map around addr deadbaad:
I/DEBUG   (   89): beae3000-beb04000 [stack]
I/DEBUG   (   89): (no map for address)
I/DEBUG   (   89): (no map above)
I/DEBUG   (   89): 
I/DEBUG   (   89): stack:
I/DEBUG   (   89):     beb039f8  00000001  
I/DEBUG   (   89):     beb039fc  9de92e6e  
I/DEBUG   (   89):     beb03a00  40068720  /system/lib/libc.so
I/DEBUG   (   89):     beb03a04  400686b0  /system/lib/libc.so
I/DEBUG   (   89):     beb03a08  00000000  
I/DEBUG   (   89):     beb03a0c  4003ff0f  /system/lib/libc.so
I/DEBUG   (   89):     beb03a10  401bb494  /system/lib/libandroid_runtime.so
I/DEBUG   (   89):     beb03a14  4003ec75  /system/lib/libc.so
I/DEBUG   (   89):     beb03a18  ffffffff  
I/DEBUG   (   89):     beb03a1c  00000000  
I/DEBUG   (   89):     beb03a20  00000000  
I/DEBUG   (   89):     beb03a24  401c6697  /system/lib/libandroid_runtime.so
I/DEBUG   (   89):     beb03a28  beb03a70  [stack]
I/DEBUG   (   89):     beb03a2c  4003f08d  /system/lib/libc.so
I/DEBUG   (   89):     beb03a30  df0027ad  
I/DEBUG   (   89):     beb03a34  00000000  
I/DEBUG   (   89): #00 beb03a38  00000009  
I/DEBUG   (   89):     beb03a3c  00000100  
I/DEBUG   (   89):     beb03a40  401ae05d  /system/lib/libandroid_runtime.so
I/DEBUG   (   89):     beb03a44  9de92e6e  
I/DEBUG   (   89):     beb03a48  401c6766  /system/lib/libandroid_runtime.so
I/DEBUG   (   89):     beb03a4c  fffffbdf  
I/DEBUG   (   89):     beb03a50  0000f2c0  [heap]
I/DEBUG   (   89):     beb03a54  40868ffd  /system/lib/libdvm.so
I/DEBUG   (   89):     beb03a58  0000f2c0  [heap]
I/DEBUG   (   89):     beb03a5c  401f865b  /system/lib/libnativehelper.so
I/DEBUG   (   89): #01 beb03a60  40868ffd  /system/lib/libdvm.so
I/DEBUG   (   89):     beb03a64  401f865b  /system/lib/libnativehelper.so
I/DEBUG   (   89):     beb03a68  401d55dc  /system/lib/libandroid_runtime.so
I/DEBUG   (   89):     beb03a6c  0000000c  
I/DEBUG   (   89):     beb03a70  0000f2c0  [heap]
I/DEBUG   (   89):     beb03a74  1d200185  
I/DEBUG   (   89):     beb03a78  401d5594  /system/lib/libandroid_runtime.so
I/DEBUG   (   89):     beb03a7c  401d61b8  
I/DEBUG   (   89):     beb03a80  0000f2c0  [heap]
I/DEBUG   (   89):     beb03a84  1d500181  
I/DEBUG   (   89):     beb03a88  401c6697  /system/lib/libandroid_runtime.so
I/DEBUG   (   89):     beb03a8c  40175877  /system/lib/libandroid_runtime.so
I/DEBUG   (   89):     beb03a90  401d61b8  
I/DEBUG   (   89):     beb03a94  401ae3ef  /system/lib/libandroid_runtime.so
I/DEBUG   (   89):     beb03a98  00000000  
I/DEBUG   (   89):     beb03a9c  401cc9b8  /system/lib/libandroid_runtime.so
I/DEBUG   (   89):     beb03aa0  0000f2c0  [heap]
I/DEBUG   (   89):     beb03aa4  401cca10  /system/lib/libandroid_runtime.so
I/ServiceManager(   86): service 'media.audio_flinger' died
I/ServiceManager(   86): service 'media.player' died
I/ServiceManager(   86): service 'media.camera' died
I/ServiceManager(   86): service 'media.audio_policy' died
I/Netd    (  280): Netd 1.0 starting
D/AndroidRuntime(  281): 
D/AndroidRuntime(  281): >>>>>> AndroidRuntime START com.android.internal.os.ZygoteInit <<<<<<
D/AndroidRuntime(  281): CheckJNI is OFF
I/        (  282): ServiceManager: 0xf958
I/HTC Acoustic(  282): libhtc_acoustic.so version 2.0.0.6.
I/HTC Acoustic(  282): deonvvv gingerbread test.
I/HTC Acoustic(  282): open /system/etc/AudioPara4_WB.csv success.
I/HTC Acoustic(  282): acoustic table version: MAL_WB_20110217
I/HTC Acoustic(  282): read_audio_para_from_file success.
E/HTC Acoustic(  282): Fail to open /system/etc/AudioPara_ALL.csv -1.
I/HTC Acoustic(  282): open /system/etc/AudioPara4.csv success.
I/HTC Acoustic(  282): acoustic table version: MAL_Gerenic_20110509
I/HTC Acoustic(  282): read_audio_para_from_file success.
I/HTC Acoustic(  282): get_audpp_filter
I/HTC Acoustic(  282): open /system/etc/AudioFilter.csv success.
I/HTC Acoustic(  282): MBADRC Filter MBADRC FLAG = ffff.
E/HTC Acoustic(  282): set mbadrc filter error.
I/HTC Acoustic(  282): failed to set audpp parameters, exiting.
I/HTC Acoustic(  282): get_audpre_filter
I/HTC Acoustic(  282): open /system/etc/AudioPreProcess.csv success.
D/AudioHardwareMSM72XX(  282): mNumSndEndpoints = 151
V/AudioHardwareMSM72XX(  282): constructed 151 SND endpoints)
D/AudioHardwareMSM72XX(  282): BT MATCH HANDSET
D/AudioHardwareMSM72XX(  282): BT MATCH SPEAKER
D/AudioHardwareMSM72XX(  282): BT MATCH HEADSET
D/AudioHardwareMSM72XX(  282): BT MATCH BT
D/AudioHardwareMSM72XX(  282): BT MATCH CARKIT
D/AudioHardwareMSM72XX(  282): BT MATCH TTY_FULL
D/AudioHardwareMSM72XX(  282): BT MATCH TTY_VCO
D/AudioHardwareMSM72XX(  282): BT MATCH TTY_HCO
D/AudioHardwareMSM72XX(  282): BT MATCH NO_MIC_HEADSET
D/AudioHardwareMSM72XX(  282): BT MATCH FM_HEADSET
D/AudioHardwareMSM72XX(  282): BT MATCH HEADSET_AND_SPEAKER
D/AudioHardwareMSM72XX(  282): BT MATCH FM_SPEAKER
D/AudioHardwareMSM72XX(  282): BT MATCH BT_EC_OFF
D/AudioHardwareMSM72XX(  282): BT MATCH BT_EC_OFF
D/AudioHardwareMSM72XX(  282): BT MATCH CURRENT
I/AudioFlinger(  282): Loaded primary audio interface from LEGACY Audio HW HAL (audio)
I/AudioFlinger(  282): Using 'LEGACY Audio HW HAL' (audio.primary) as the primary audio interface
I/AudioFlinger(  282): Loaded a2dp audio interface from A2DP Audio HW HAL (audio)
D/AudioHardwareInterface(  282): setMode(NORMAL)
I/AudioHardwareMSM72XX(  282): Set master volume to 5.
I/CameraService(  282): CameraService started (pid=282)
I/AudioFlinger(  282): AudioFlinger's thread 0x16f90 ready to run
W/AudioFlinger(  282): Thread AudioOut_1 cannot connect to the power manager service
V/AudioHardwareMSM72XX(  282): AudioStreamOutMSM72xx::setParameters() routing=2
V/AudioHardwareMSM72XX(  282): set output routing 2
I/AudioHardwareMSM72XX(  282): Routing audio to Speakerphone
V/AudioHardwareMSM72XX(  282): doAudioRouteOrMute() device 1, mMode 0, mMicMute 1
D/AudioHardwareMSM72XX(  282): setVoiceVolume(1.000000)
I/AudioHardwareMSM72XX(  282): Setting in-call volume to 5 (available range is 0 to 5)
I/AudioPolicyService(  282): Loaded audio policy from LEGACY Audio Policy HAL (audio_policy)
W/dalvikvm(  281): Exception Ljava/lang/NoSuchMethodError; thrown while initializing Ljava/lang/NoSuchFieldError;
E/dalvikvm(  281): ERROR: unable to initialize exception class 'Ljava/lang/NoSuchFieldError;'
W/dalvikvm(  281): Exception thrown (Ljava/lang/ExceptionInInitializerError;) while throwing internal exception (Ljava/lang/InternalError;)
I/dalvikvm(  281): Rejecting re-init on previously-failed class Ljava/lang/NoSuchFieldError; v=0x0
W/dalvikvm(  281): Exception thrown (Ljava/lang/ExceptionInInitializerError;) while throwing internal exception (Ljava/lang/NoClassDefFoundError;)
E/dalvikvm(  281): ERROR: unable to initialize exception class 'Ljava/lang/NoSuchFieldError;'
W/dalvikvm(  281): Exception thrown (Ljava/lang/ExceptionInInitializerError;) while throwing internal exception (Ljava/lang/InternalError;)
I/dalvikvm(  281): Rejecting re-init on previously-failed class Ljava/lang/NoSuchFieldError; v=0x0
W/dalvikvm(  281): Exception thrown (Ljava/lang/ExceptionInInitializerError;) while throwing internal exception (Ljava/lang/NoClassDefFoundError;)
E/dalvikvm(  281): ERROR: unable to initialize exception class 'Ljava/lang/NoSuchFieldError;'
W/dalvikvm(  281): Exception thrown (Ljava/lang/ExceptionInInitializerError;) while throwing internal exception (Ljava/lang/InternalError;)
I/dalvikvm(  281): Rejecting re-init on previously-failed class Ljava/lang/NoSuchFieldError; v=0x0
W/dalvikvm(  281): Exception thrown (Ljava/lang/ExceptionInInitializerError;) while throwing internal exception (Ljava/lang/NoClassDefFoundError;)
E/dalvikvm(  281): ERROR: unable to initialize exception class 'Ljava/lang/NoSuchFieldError;'
W/dalvikvm(  281): Exception thrown (Ljava/lang/ExceptionInInitializerError;) while throwing internal exception (Ljava/lang/InternalError;)
I/dalvikvm(  281): Rejecting re-init on previously-failed class Ljava/lang/NoSuchFieldError; v=0x0
W/dalvikvm(  281): Exception thrown (Ljava/lang/ExceptionInInitializerError;) while throwing internal exception (Ljava/lang/NoClassDefFoundError;)
E/dalvikvm(  281): ERROR: unable to initialize exception class 'Ljava/lang/NoSuchFieldError;'
W/dalvikvm(  281): Exception thrown (Ljava/lang/ExceptionInInitializerError;) while throwing internal exception (Ljava/lang/InternalError;)
I/dalvikvm(  281): Rejecting re-init on previously-failed class Ljava/lang/NoSuchFieldError; v=0x0
W/dalvikvm(  281): Exception thrown (Ljava/lang/ExceptionInInitializerError;) while throwing internal exception (Ljava/lang/NoClassDefFoundError;)
E/dalvikvm(  281): ERROR: unable to initialize exception class 'Ljava/lang/NoSuchFieldError;'
W/dalvikvm(  281): Exception thrown (Ljava/lang/ExceptionInInitializerError;) while throwing internal exception (Ljava/lang/InternalError;)
E/dalvikvm(  281): ERROR: couldn't find native method
E/dalvikvm(  281): Requested: Landroid/server/BluetoothA2dpService;.sendMetaDataNative:(Ljava/lang/String;)Z
E/JNIHelp (  281): RegisterNatives failed for 'android/server/BluetoothA2dpService', aborting
F/libc    (  281): Fatal signal 11 (SIGSEGV) at 0xdeadbaad (code=1)
I/DEBUG   (   89): *** *** *** *** *** *** *** *** *** *** *** *** *** *** *** ***
I/DEBUG   (   89): Build fingerprint: 'cyanogenmod/htc_marvel/marvel:4.0.4/ASN01/0.1:user/release-keys'
I/DEBUG   (   89): pid: 281, tid: 281  >>> zygote <<<
I/DEBUG   (   89): signal 11 (SIGSEGV), code 1 (SEGV_MAPERR), fault addr deadbaad
I/DEBUG   (   89):  r0 deadbaad  r1 0000000c  r2 00000027  r3 a0000000
I/DEBUG   (   89):  r4 00000000  r5 00000080  r6 401c6697  r7 be94ea70
I/DEBUG   (   89):  r8 00000000  r9 00000000  10 00000000  fp 00000000
I/DEBUG   (   89):  ip ffffffff  sp be94ea38  lr 4003ff0f  pc 4003c6c6  cpsr 00000030
I/DEBUG   (   89):  d0  3f4000003f400000  d1  0000000000000000
I/DEBUG   (   89):  d2  0000000000000000  d3  0000000000000000
I/DEBUG   (   89):  d4  0000000000000000  d5  0000000000000000
I/DEBUG   (   89):  d6  0000000000000000  d7  000000003f800000
I/DEBUG   (   89):  d8  0000000000000000  d9  0000000000000000
I/DEBUG   (   89):  d10 0000000000000000  d11 0000000000000000
I/DEBUG   (   89):  d12 0000000000000000  d13 0000000000000000
I/DEBUG   (   89):  d14 0000000000000000  d15 0000000000000000
I/DEBUG   (   89):  scr 60000000
I/DEBUG   (   89): 
I/DEBUG   (   89):          #00  pc 000176c6  /system/lib/libc.so
I/DEBUG   (   89):          #01  pc 0000c658  /system/lib/libnativehelper.so (jniRegisterNativeMethods)
I/DEBUG   (   89): 
I/DEBUG   (   89): code around pc:
I/DEBUG   (   89): 4003c6a4 1c2bd00c 2d00682d e027d1fb 2a0068da  ..+.-h.-..'..h.*
I/DEBUG   (   89): 4003c6b4 4b16d004 447b2001 47906018 22274814  ...K. {D.`.G.H'"
I/DEBUG   (   89): 4003c6c4 70022580 ef74f7f4 f7f62106 aa01e812  .%.p..t..!......
I/DEBUG   (   89): 4003c6d4 05692400 60546091 20061c11 f7f59401  .$i..`T`... ....
I/DEBUG   (   89): 4003c6e4 a905ebce 20022200 ebd6f7f5 ef60f7f4  .....". ......`.
I/DEBUG   (   89): 
I/DEBUG   (   89): code around lr:
I/DEBUG   (   89): 4003feec 4b0db5f0 447bb083 681c2600 68a59001  ...K..{D.&.h...h
I/DEBUG   (   89): 4003fefc e0086867 5ea8220c dd032800 99011c28  gh...".^.(..(...
I/DEBUG   (   89): 4003ff0c 43064788 3f013554 6824d5f4 d1ee2c00  .G.CT5.?..$h.,..
I/DEBUG   (   89): 4003ff1c 1c30b003 46c0bdf0 000285f2 1c0fb5f0  ..0....F........
I/DEBUG   (   89): 4003ff2c b0891c3d a9064355 604d9103 90064914  =...UC....M`.I..
I/DEBUG   (   89): 
I/DEBUG   (   89): memory map around addr deadbaad:
I/DEBUG   (   89): be92e000-be94f000 [stack]
I/DEBUG   (   89): (no map for address)
I/DEBUG   (   89): (no map above)
I/DEBUG   (   89): 
I/DEBUG   (   89): stack:
I/DEBUG   (   89):     be94e9f8  00000001  
I/DEBUG   (   89):     be94e9fc  6aa8c1a2  
I/DEBUG   (   89):     be94ea00  40068720  /system/lib/libc.so
I/DEBUG   (   89):     be94ea04  400686b0  /system/lib/libc.so
I/DEBUG   (   89):     be94ea08  00000000  
I/DEBUG   (   89):     be94ea0c  4003ff0f  /system/lib/libc.so
I/DEBUG   (   89):     be94ea10  401bb494  /system/lib/libandroid_runtime.so
I/DEBUG   (   89):     be94ea14  4003ec75  /system/lib/libc.so
I/DEBUG   (   89):     be94ea18  ffffffff  
I/DEBUG   (   89):     be94ea1c  00000000  
I/DEBUG   (   89):     be94ea20  00000000  
I/DEBUG   (   89):     be94ea24  401c6697  /system/lib/libandroid_runtime.so
I/DEBUG   (   89):     be94ea28  be94ea70  [stack]
I/DEBUG   (   89):     be94ea2c  4003f08d  /system/lib/libc.so
I/DEBUG   (   89):     be94ea30  df0027ad  
I/DEBUG   (   89):     be94ea34  00000000  
I/DEBUG   (   89): #00 be94ea38  00000009  
I/DEBUG   (   89):     be94ea3c  00000100  
I/DEBUG   (   89):     be94ea40  401ae05d  /system/lib/libandroid_runtime.so
I/DEBUG   (   89):     be94ea44  6aa8c1a2  
I/DEBUG   (   89):     be94ea48  401c6766  /system/lib/libandroid_runtime.so
I/DEBUG   (   89):     be94ea4c  fffffbdf  
I/DEBUG   (   89):     be94ea50  0000f2c0  [heap]
I/DEBUG   (   89):     be94ea54  40868ffd  /system/lib/libdvm.so
I/DEBUG   (   89):     be94ea58  0000f2c0  [heap]
I/DEBUG   (   89):     be94ea5c  401f865b  /system/lib/libnativehelper.so
I/DEBUG   (   89): #01 be94ea60  40868ffd  /system/lib/libdvm.so
I/DEBUG   (   89):     be94ea64  401f865b  /system/lib/libnativehelper.so
I/DEBUG   (   89):     be94ea68  401d55dc  /system/lib/libandroid_runtime.so
I/DEBUG   (   89):     be94ea6c  0000000c  
I/DEBUG   (   89):     be94ea70  0000f2c0  [heap]
I/DEBUG   (   89):     be94ea74  1d200185  
I/DEBUG   (   89):     be94ea78  401d5594  /system/lib/libandroid_runtime.so
I/DEBUG   (   89):     be94ea7c  401d61b8  
I/DEBUG   (   89):     be94ea80  0000f2c0  [heap]
I/DEBUG   (   89):     be94ea84  1d500181  
I/DEBUG   (   89):     be94ea88  401c6697  /system/lib/libandroid_runtime.so
I/DEBUG   (   89):     be94ea8c  40175877  /system/lib/libandroid_runtime.so
I/DEBUG   (   89):     be94ea90  401d61b8  
I/DEBUG   (   89):     be94ea94  401ae3ef  /system/lib/libandroid_runtime.so
I/DEBUG   (   89):     be94ea98  00000000  
I/DEBUG   (   89):     be94ea9c  401cc9b8  /system/lib/libandroid_runtime.so
I/DEBUG   (   89):     be94eaa0  0000f2c0  [heap]
I/DEBUG   (   89):     be94eaa4  401cca10  /system/lib/libandroid_runtime.so
I/ServiceManager(   86): service 'media.audio_flinger' died
I/ServiceManager(   86): service 'media.player' died
I/ServiceManager(   86): service 'media.camera' died
I/ServiceManager(   86): service 'media.audio_policy' died
I/Netd    (  308): Netd 1.0 starting
D/AndroidRuntime(  309): 
D/AndroidRuntime(  309): >>>>>> AndroidRuntime START com.android.internal.os.ZygoteInit <<<<<<
D/AndroidRuntime(  309): CheckJNI is OFF
I/        (  310): ServiceManager: 0xf958
I/HTC Acoustic(  310): libhtc_acoustic.so version 2.0.0.6.
I/HTC Acoustic(  310): deonvvv gingerbread test.
I/HTC Acoustic(  310): open /system/etc/AudioPara4_WB.csv success.
I/HTC Acoustic(  310): acoustic table version: MAL_WB_20110217
I/HTC Acoustic(  310): read_audio_para_from_file success.
E/HTC Acoustic(  310): Fail to open /system/etc/AudioPara_ALL.csv -1.
I/HTC Acoustic(  310): open /system/etc/AudioPara4.csv success.
I/HTC Acoustic(  310): acoustic table version: MAL_Gerenic_20110509
I/HTC Acoustic(  310): read_audio_para_from_file success.
I/HTC Acoustic(  310): get_audpp_filter
I/HTC Acoustic(  310): open /system/etc/AudioFilter.csv success.
I/HTC Acoustic(  310): MBADRC Filter MBADRC FLAG = ffff.
E/HTC Acoustic(  310): set mbadrc filter error.
I/HTC Acoustic(  310): failed to set audpp parameters, exiting.
I/HTC Acoustic(  310): get_audpre_filter
I/HTC Acoustic(  310): open /system/etc/AudioPreProcess.csv success.
D/AudioHardwareMSM72XX(  310): mNumSndEndpoints = 151
V/AudioHardwareMSM72XX(  310): constructed 151 SND endpoints)
D/AudioHardwareMSM72XX(  310): BT MATCH HANDSET
D/AudioHardwareMSM72XX(  310): BT MATCH SPEAKER
D/AudioHardwareMSM72XX(  310): BT MATCH HEADSET
D/AudioHardwareMSM72XX(  310): BT MATCH BT
D/AudioHardwareMSM72XX(  310): BT MATCH CARKIT
D/AudioHardwareMSM72XX(  310): BT MATCH TTY_FULL
D/AudioHardwareMSM72XX(  310): BT MATCH TTY_VCO
D/AudioHardwareMSM72XX(  310): BT MATCH TTY_HCO
D/AudioHardwareMSM72XX(  310): BT MATCH NO_MIC_HEADSET
D/AudioHardwareMSM72XX(  310): BT MATCH FM_HEADSET
D/AudioHardwareMSM72XX(  310): BT MATCH HEADSET_AND_SPEAKER
D/AudioHardwareMSM72XX(  310): BT MATCH FM_SPEAKER
D/AudioHardwareMSM72XX(  310): BT MATCH BT_EC_OFF
D/AudioHardwareMSM72XX(  310): BT MATCH BT_EC_OFF
D/AudioHardwareMSM72XX(  310): BT MATCH CURRENT
I/AudioFlinger(  310): Loaded primary audio interface from LEGACY Audio HW HAL (audio)
I/AudioFlinger(  310): Using 'LEGACY Audio HW HAL' (audio.primary) as the primary audio interface
I/AudioFlinger(  310): Loaded a2dp audio interface from A2DP Audio HW HAL (audio)
D/AudioHardwareInterface(  310): setMode(NORMAL)
I/AudioHardwareMSM72XX(  310): Set master volume to 5.
I/CameraService(  310): CameraService started (pid=310)
I/AudioFlinger(  310): AudioFlinger's thread 0x16f90 ready to run
W/AudioFlinger(  310): Thread AudioOut_1 cannot connect to the power manager service
V/AudioHardwareMSM72XX(  310): AudioStreamOutMSM72xx::setParameters() routing=2
V/AudioHardwareMSM72XX(  310): set output routing 2
I/AudioHardwareMSM72XX(  310): Routing audio to Speakerphone
V/AudioHardwareMSM72XX(  310): doAudioRouteOrMute() device 1, mMode 0, mMicMute 1
D/AudioHardwareMSM72XX(  310): setVoiceVolume(1.000000)
I/AudioHardwareMSM72XX(  310): Setting in-call volume to 5 (available range is 0 to 5)
I/AudioPolicyService(  310): Loaded audio policy from LEGACY Audio Policy HAL (audio_policy)
W/dalvikvm(  309): Exception Ljava/lang/NoSuchMethodError; thrown while initializing Ljava/lang/NoSuchFieldError;
E/dalvikvm(  309): ERROR: unable to initialize exception class 'Ljava/lang/NoSuchFieldError;'
W/dalvikvm(  309): Exception thrown (Ljava/lang/ExceptionInInitializerError;) while throwing internal exception (Ljava/lang/InternalError;)
I/dalvikvm(  309): Rejecting re-init on previously-failed class Ljava/lang/NoSuchFieldError; v=0x0
W/dalvikvm(  309): Exception thrown (Ljava/lang/ExceptionInInitializerError;) while throwing internal exception (Ljava/lang/NoClassDefFoundError;)
E/dalvikvm(  309): ERROR: unable to initialize exception class 'Ljava/lang/NoSuchFieldError;'
W/dalvikvm(  309): Exception thrown (Ljava/lang/ExceptionInInitializerError;) while throwing internal exception (Ljava/lang/InternalError;)
I/dalvikvm(  309): Rejecting re-init on previously-failed class Ljava/lang/NoSuchFieldError; v=0x0
W/dalvikvm(  309): Exception thrown (Ljava/lang/ExceptionInInitializerError;) while throwing internal exception (Ljava/lang/NoClassDefFoundError;)
E/dalvikvm(  309): ERROR: unable to initialize exception class 'Ljava/lang/NoSuchFieldError;'
W/dalvikvm(  309): Exception thrown (Ljava/lang/ExceptionInInitializerError;) while throwing internal exception (Ljava/lang/InternalError;)
I/dalvikvm(  309): Rejecting re-init on previously-failed class Ljava/lang/NoSuchFieldError; v=0x0
W/dalvikvm(  309): Exception thrown (Ljava/lang/ExceptionInInitializerError;) while throwing internal exception (Ljava/lang/NoClassDefFoundError;)
E/dalvikvm(  309): ERROR: unable to initialize exception class 'Ljava/lang/NoSuchFieldError;'
W/dalvikvm(  309): Exception thrown (Ljava/lang/ExceptionInInitializerError;) while throwing internal exception (Ljava/lang/InternalError;)
I/dalvikvm(  309): Rejecting re-init on previously-failed class Ljava/lang/NoSuchFieldError; v=0x0
W/dalvikvm(  309): Exception thrown (Ljava/lang/ExceptionInInitializerError;) while throwing internal exception (Ljava/lang/NoClassDefFoundError;)
E/dalvikvm(  309): ERROR: unable to initialize exception class 'Ljava/lang/NoSuchFieldError;'
W/dalvikvm(  309): Exception thrown (Ljava/lang/ExceptionInInitializerError;) while throwing internal exception (Ljava/lang/InternalError;)
I/dalvikvm(  309): Rejecting re-init on previously-failed class Ljava/lang/NoSuchFieldError; v=0x0
W/dalvikvm(  309): Exception thrown (Ljava/lang/ExceptionInInitializerError;) while throwing internal exception (Ljava/lang/NoClassDefFoundError;)
E/dalvikvm(  309): ERROR: unable to initialize exception class 'Ljava/lang/NoSuchFieldError;'
W/dalvikvm(  309): Exception thrown (Ljava/lang/ExceptionInInitializerError;) while throwing internal exception (Ljava/lang/InternalError;)
E/dalvikvm(  309): ERROR: couldn't find native method
E/dalvikvm(  309): Requested: Landroid/server/BluetoothA2dpService;.sendMetaDataNative:(Ljava/lang/String;)Z
E/JNIHelp (  309): RegisterNatives failed for 'android/server/BluetoothA2dpService', aborting
F/libc    (  309): Fatal signal 11 (SIGSEGV) at 0xdeadbaad (code=1)
I/DEBUG   (   89): *** *** *** *** *** *** *** *** *** *** *** *** *** *** *** ***
I/DEBUG   (   89): Build fingerprint: 'cyanogenmod/htc_marvel/marvel:4.0.4/ASN01/0.1:user/release-keys'
I/DEBUG   (   89): pid: 309, tid: 309  >>> zygote <<<
I/DEBUG   (   89): signal 11 (SIGSEGV), code 1 (SEGV_MAPERR), fault addr deadbaad
I/DEBUG   (   89):  r0 deadbaad  r1 0000000c  r2 00000027  r3 a0000000
I/DEBUG   (   89):  r4 00000000  r5 00000080  r6 401c6697  r7 beab4a70
I/DEBUG   (   89):  r8 00000000  r9 00000000  10 00000000  fp 00000000
I/DEBUG   (   89):  ip ffffffff  sp beab4a38  lr 4003ff0f  pc 4003c6c6  cpsr 00000030
I/DEBUG   (   89):  d0  3f4000003f400000  d1  0000000000000000
I/DEBUG   (   89):  d2  0000000000000000  d3  0000000000000000
I/DEBUG   (   89):  d4  0000000000000000  d5  0000000000000000
I/DEBUG   (   89):  d6  0000000000000000  d7  000000003f800000
I/DEBUG   (   89):  d8  0000000000000000  d9  0000000000000000
I/DEBUG   (   89):  d10 0000000000000000  d11 0000000000000000
I/DEBUG   (   89):  d12 0000000000000000  d13 0000000000000000
I/DEBUG   (   89):  d14 0000000000000000  d15 0000000000000000
I/DEBUG   (   89):  scr 60000000
I/DEBUG   (   89): 
I/DEBUG   (   89):          #00  pc 000176c6  /system/lib/libc.so
I/DEBUG   (   89):          #01  pc 0000c658  /system/lib/libnativehelper.so (jniRegisterNativeMethods)
I/DEBUG   (   89): 
I/DEBUG   (   89): code around pc:
I/DEBUG   (   89): 4003c6a4 1c2bd00c 2d00682d e027d1fb 2a0068da  ..+.-h.-..'..h.*
I/DEBUG   (   89): 4003c6b4 4b16d004 447b2001 47906018 22274814  ...K. {D.`.G.H'"
I/DEBUG   (   89): 4003c6c4 70022580 ef74f7f4 f7f62106 aa01e812  .%.p..t..!......
I/DEBUG   (   89): 4003c6d4 05692400 60546091 20061c11 f7f59401  .$i..`T`... ....
I/DEBUG   (   89): 4003c6e4 a905ebce 20022200 ebd6f7f5 ef60f7f4  .....". ......`.
I/DEBUG   (   89): 
I/DEBUG   (   89): code around lr:
I/DEBUG   (   89): 4003feec 4b0db5f0 447bb083 681c2600 68a59001  ...K..{D.&.h...h
I/DEBUG   (   89): 4003fefc e0086867 5ea8220c dd032800 99011c28  gh...".^.(..(...
I/DEBUG   (   89): 4003ff0c 43064788 3f013554 6824d5f4 d1ee2c00  .G.CT5.?..$h.,..
I/DEBUG   (   89): 4003ff1c 1c30b003 46c0bdf0 000285f2 1c0fb5f0  ..0....F........
I/DEBUG   (   89): 4003ff2c b0891c3d a9064355 604d9103 90064914  =...UC....M`.I..
I/DEBUG   (   89): 
I/DEBUG   (   89): memory map around addr deadbaad:
I/DEBUG   (   89): bea94000-beab5000 [stack]
I/DEBUG   (   89): (no map for address)
I/DEBUG   (   89): (no map above)
I/DEBUG   (   89): 
I/DEBUG   (   89): stack:
I/DEBUG   (   89):     beab49f8  00000001  
I/DEBUG   (   89):     beab49fc  a8e19f50  
I/DEBUG   (   89):     beab4a00  40068720  /system/lib/libc.so
I/DEBUG   (   89):     beab4a04  400686b0  /system/lib/libc.so
I/DEBUG   (   89):     beab4a08  00000000  
I/DEBUG   (   89):     beab4a0c  4003ff0f  /system/lib/libc.so
I/DEBUG   (   89):     beab4a10  401bb494  /system/lib/libandroid_runtime.so
I/DEBUG   (   89):     beab4a14  4003ec75  /system/lib/libc.so
I/DEBUG   (   89):     beab4a18  ffffffff  
I/DEBUG   (   89):     beab4a1c  00000000  
I/DEBUG   (   89):     beab4a20  00000000  
I/DEBUG   (   89):     beab4a24  401c6697  /system/lib/libandroid_runtime.so
I/DEBUG   (   89):     beab4a28  beab4a70  [stack]
I/DEBUG   (   89):     beab4a2c  4003f08d  /system/lib/libc.so
I/DEBUG   (   89):     beab4a30  df0027ad  
I/DEBUG   (   89):     beab4a34  00000000  
I/DEBUG   (   89): #00 beab4a38  00000009  
I/DEBUG   (   89):     beab4a3c  00000100  
I/DEBUG   (   89):     beab4a40  401ae05d  /system/lib/libandroid_runtime.so
I/DEBUG   (   89):     beab4a44  a8e19f50  
I/DEBUG   (   89):     beab4a48  401c6766  /system/lib/libandroid_runtime.so
I/DEBUG   (   89):     beab4a4c  fffffbdf  
I/DEBUG   (   89):     beab4a50  0000f2c0  [heap]
I/DEBUG   (   89):     beab4a54  40868ffd  /system/lib/libdvm.so
I/DEBUG   (   89):     beab4a58  0000f2c0  [heap]
I/DEBUG   (   89):     beab4a5c  401f865b  /system/lib/libnativehelper.so
I/DEBUG   (   89): #01 beab4a60  40868ffd  /system/lib/libdvm.so
I/DEBUG   (   89):     beab4a64  401f865b  /system/lib/libnativehelper.so
I/DEBUG   (   89):     beab4a68  401d55dc  /system/lib/libandroid_runtime.so
I/DEBUG   (   89):     beab4a6c  0000000c  
I/DEBUG   (   89):     beab4a70  0000f2c0  [heap]
I/DEBUG   (   89):     beab4a74  1d200185  
I/DEBUG   (   89):     beab4a78  401d5594  /system/lib/libandroid_runtime.so
I/DEBUG   (   89):     beab4a7c  401d61b8  
I/DEBUG   (   89):     beab4a80  0000f2c0  [heap]
I/DEBUG   (   89):     beab4a84  1d500181  
I/DEBUG   (   89):     beab4a88  401c6697  /system/lib/libandroid_runtime.so
I/DEBUG   (   89):     beab4a8c  40175877  /system/lib/libandroid_runtime.so
I/DEBUG   (   89):     beab4a90  401d61b8  
I/DEBUG   (   89):     beab4a94  401ae3ef  /system/lib/libandroid_runtime.so
I/DEBUG   (   89):     beab4a98  00000000  
I/DEBUG   (   89):     beab4a9c  401cc9b8  /system/lib/libandroid_runtime.so
I/DEBUG   (   89):     beab4aa0  0000f2c0  [heap]
I/DEBUG   (   89):     beab4aa4  401cca10  /system/lib/libandroid_runtime.so
I/ServiceManager(   86): service 'media.audio_flinger' died
I/ServiceManager(   86): service 'media.player' died
I/ServiceManager(   86): service 'media.camera' died
I/ServiceManager(   86): service 'media.audio_policy' died
I/Netd    (  336): Netd 1.0 starting
D/AndroidRuntime(  337): 
D/AndroidRuntime(  337): >>>>>> AndroidRuntime START com.android.internal.os.ZygoteInit <<<<<<
D/AndroidRuntime(  337): CheckJNI is OFF
I/        (  338): ServiceManager: 0xf958
I/HTC Acoustic(  338): libhtc_acoustic.so version 2.0.0.6.
I/HTC Acoustic(  338): deonvvv gingerbread test.
I/HTC Acoustic(  338): open /system/etc/AudioPara4_WB.csv success.
I/HTC Acoustic(  338): acoustic table version: MAL_WB_20110217
I/HTC Acoustic(  338): read_audio_para_from_file success.
E/HTC Acoustic(  338): Fail to open /system/etc/AudioPara_ALL.csv -1.
I/HTC Acoustic(  338): open /system/etc/AudioPara4.csv success.
I/HTC Acoustic(  338): acoustic table version: MAL_Gerenic_20110509
I/HTC Acoustic(  338): read_audio_para_from_file success.
I/HTC Acoustic(  338): get_audpp_filter
I/HTC Acoustic(  338): open /system/etc/AudioFilter.csv success.
I/HTC Acoustic(  338): MBADRC Filter MBADRC FLAG = ffff.
E/HTC Acoustic(  338): set mbadrc filter error.
I/HTC Acoustic(  338): failed to set audpp parameters, exiting.
I/HTC Acoustic(  338): get_audpre_filter
I/HTC Acoustic(  338): open /system/etc/AudioPreProcess.csv success.
D/AudioHardwareMSM72XX(  338): mNumSndEndpoints = 151
V/AudioHardwareMSM72XX(  338): constructed 151 SND endpoints)
D/AudioHardwareMSM72XX(  338): BT MATCH HANDSET
D/AudioHardwareMSM72XX(  338): BT MATCH SPEAKER
D/AudioHardwareMSM72XX(  338): BT MATCH HEADSET
D/AudioHardwareMSM72XX(  338): BT MATCH BT
D/AudioHardwareMSM72XX(  338): BT MATCH CARKIT
D/AudioHardwareMSM72XX(  338): BT MATCH TTY_FULL
D/AudioHardwareMSM72XX(  338): BT MATCH TTY_VCO
D/AudioHardwareMSM72XX(  338): BT MATCH TTY_HCO
D/AudioHardwareMSM72XX(  338): BT MATCH NO_MIC_HEADSET
D/AudioHardwareMSM72XX(  338): BT MATCH FM_HEADSET
D/AudioHardwareMSM72XX(  338): BT MATCH HEADSET_AND_SPEAKER
D/AudioHardwareMSM72XX(  338): BT MATCH FM_SPEAKER
D/AudioHardwareMSM72XX(  338): BT MATCH BT_EC_OFF
D/AudioHardwareMSM72XX(  338): BT MATCH BT_EC_OFF
D/AudioHardwareMSM72XX(  338): BT MATCH CURRENT
I/AudioFlinger(  338): Loaded primary audio interface from LEGACY Audio HW HAL (audio)
I/AudioFlinger(  338): Using 'LEGACY Audio HW HAL' (audio.primary) as the primary audio interface
I/AudioFlinger(  338): Loaded a2dp audio interface from A2DP Audio HW HAL (audio)
D/AudioHardwareInterface(  338): setMode(NORMAL)
I/AudioHardwareMSM72XX(  338): Set master volume to 5.
I/CameraService(  338): CameraService started (pid=338)
I/AudioFlinger(  338): AudioFlinger's thread 0x16f90 ready to run
W/AudioFlinger(  338): Thread AudioOut_1 cannot connect to the power manager service
V/AudioHardwareMSM72XX(  338): AudioStreamOutMSM72xx::setParameters() routing=2
V/AudioHardwareMSM72XX(  338): set output routing 2
I/AudioHardwareMSM72XX(  338): Routing audio to Speakerphone
V/AudioHardwareMSM72XX(  338): doAudioRouteOrMute() device 1, mMode 0, mMicMute 1
D/AudioHardwareMSM72XX(  338): setVoiceVolume(1.000000)
I/AudioHardwareMSM72XX(  338): Setting in-call volume to 5 (available range is 0 to 5)
I/AudioPolicyService(  338): Loaded audio policy from LEGACY Audio Policy HAL (audio_policy)
W/dalvikvm(  337): Exception Ljava/lang/NoSuchMethodError; thrown while initializing Ljava/lang/NoSuchFieldError;
E/dalvikvm(  337): ERROR: unable to initialize exception class 'Ljava/lang/NoSuchFieldError;'
W/dalvikvm(  337): Exception thrown (Ljava/lang/ExceptionInInitializerError;) while throwing internal exception (Ljava/lang/InternalError;)
I/dalvikvm(  337): Rejecting re-init on previously-failed class Ljava/lang/NoSuchFieldError; v=0x0
W/dalvikvm(  337): Exception thrown (Ljava/lang/ExceptionInInitializerError;) while throwing internal exception (Ljava/lang/NoClassDefFoundError;)
E/dalvikvm(  337): ERROR: unable to initialize exception class 'Ljava/lang/NoSuchFieldError;'
W/dalvikvm(  337): Exception thrown (Ljava/lang/ExceptionInInitializerError;) while throwing internal exception (Ljava/lang/InternalError;)
I/dalvikvm(  337): Rejecting re-init on previously-failed class Ljava/lang/NoSuchFieldError; v=0x0
W/dalvikvm(  337): Exception thrown (Ljava/lang/ExceptionInInitializerError;) while throwing internal exception (Ljava/lang/NoClassDefFoundError;)
E/dalvikvm(  337): ERROR: unable to initialize exception class 'Ljava/lang/NoSuchFieldError;'
W/dalvikvm(  337): Exception thrown (Ljava/lang/ExceptionInInitializerError;) while throwing internal exception (Ljava/lang/InternalError;)
I/dalvikvm(  337): Rejecting re-init on previously-failed class Ljava/lang/NoSuchFieldError; v=0x0
W/dalvikvm(  337): Exception thrown (Ljava/lang/ExceptionInInitializerError;) while throwing internal exception (Ljava/lang/NoClassDefFoundError;)
E/dalvikvm(  337): ERROR: unable to initialize exception class 'Ljava/lang/NoSuchFieldError;'
W/dalvikvm(  337): Exception thrown (Ljava/lang/ExceptionInInitializerError;) while throwing internal exception (Ljava/lang/InternalError;)
I/dalvikvm(  337): Rejecting re-init on previously-failed class Ljava/lang/NoSuchFieldError; v=0x0
W/dalvikvm(  337): Exception thrown (Ljava/lang/ExceptionInInitializerError;) while throwing internal exception (Ljava/lang/NoClassDefFoundError;)
E/dalvikvm(  337): ERROR: unable to initialize exception class 'Ljava/lang/NoSuchFieldError;'
W/dalvikvm(  337): Exception thrown (Ljava/lang/ExceptionInInitializerError;) while throwing internal exception (Ljava/lang/InternalError;)
I/dalvikvm(  337): Rejecting re-init on previously-failed class Ljava/lang/NoSuchFieldError; v=0x0
W/dalvikvm(  337): Exception thrown (Ljava/lang/ExceptionInInitializerError;) while throwing internal exception (Ljava/lang/NoClassDefFoundError;)
E/dalvikvm(  337): ERROR: unable to initialize exception class 'Ljava/lang/NoSuchFieldError;'
W/dalvikvm(  337): Exception thrown (Ljava/lang/ExceptionInInitializerError;) while throwing internal exception (Ljava/lang/InternalError;)
E/dalvikvm(  337): ERROR: couldn't find native method
E/dalvikvm(  337): Requested: Landroid/server/BluetoothA2dpService;.sendMetaDataNative:(Ljava/lang/String;)Z
E/JNIHelp (  337): RegisterNatives failed for 'android/server/BluetoothA2dpService', aborting
F/libc    (  337): Fatal signal 11 (SIGSEGV) at 0xdeadbaad (code=1)
I/DEBUG   (   89): *** *** *** *** *** *** *** *** *** *** *** *** *** *** *** ***
I/DEBUG   (   89): Build fingerprint: 'cyanogenmod/htc_marvel/marvel:4.0.4/ASN01/0.1:user/release-keys'
I/DEBUG   (   89): pid: 337, tid: 337  >>> zygote <<<
I/DEBUG   (   89): signal 11 (SIGSEGV), code 1 (SEGV_MAPERR), fault addr deadbaad
I/DEBUG   (   89):  r0 deadbaad  r1 0000000c  r2 00000027  r3 a0000000
I/DEBUG   (   89):  r4 00000000  r5 00000080  r6 401c6697  r7 bed00a70
I/DEBUG   (   89):  r8 00000000  r9 00000000  10 00000000  fp 00000000
I/DEBUG   (   89):  ip ffffffff  sp bed00a38  lr 4003ff0f  pc 4003c6c6  cpsr 00000030
I/DEBUG   (   89):  d0  3f4000003f400000  d1  0000000000000000
I/DEBUG   (   89):  d2  0000000000000000  d3  0000000000000000
I/DEBUG   (   89):  d4  0000000000000000  d5  0000000000000000
I/DEBUG   (   89):  d6  0000000000000000  d7  000000003f800000
I/DEBUG   (   89):  d8  0000000000000000  d9  0000000000000000
I/DEBUG   (   89):  d10 0000000000000000  d11 0000000000000000
I/DEBUG   (   89):  d12 0000000000000000  d13 0000000000000000
I/DEBUG   (   89):  d14 0000000000000000  d15 0000000000000000
I/DEBUG   (   89):  scr 60000000
I/DEBUG   (   89): 
I/DEBUG   (   89):          #00  pc 000176c6  /system/lib/libc.so
I/DEBUG   (   89):          #01  pc 0000c658  /system/lib/libnativehelper.so (jniRegisterNativeMethods)
I/DEBUG   (   89): 
I/DEBUG   (   89): code around pc:
I/DEBUG   (   89): 4003c6a4 1c2bd00c 2d00682d e027d1fb 2a0068da  ..+.-h.-..'..h.*
I/DEBUG   (   89): 4003c6b4 4b16d004 447b2001 47906018 22274814  ...K. {D.`.G.H'"
I/DEBUG   (   89): 4003c6c4 70022580 ef74f7f4 f7f62106 aa01e812  .%.p..t..!......
I/DEBUG   (   89): 4003c6d4 05692400 60546091 20061c11 f7f59401  .$i..`T`... ....
I/DEBUG   (   89): 4003c6e4 a905ebce 20022200 ebd6f7f5 ef60f7f4  .....". ......`.
I/DEBUG   (   89): 
I/DEBUG   (   89): code around lr:
I/DEBUG   (   89): 4003feec 4b0db5f0 447bb083 681c2600 68a59001  ...K..{D.&.h...h
I/DEBUG   (   89): 4003fefc e0086867 5ea8220c dd032800 99011c28  gh...".^.(..(...
I/DEBUG   (   89): 4003ff0c 43064788 3f013554 6824d5f4 d1ee2c00  .G.CT5.?..$h.,..
I/DEBUG   (   89): 4003ff1c 1c30b003 46c0bdf0 000285f2 1c0fb5f0  ..0....F........
I/DEBUG   (   89): 4003ff2c b0891c3d a9064355 604d9103 90064914  =...UC....M`.I..
I/DEBUG   (   89): 
I/DEBUG   (   89): memory map around addr deadbaad:
I/DEBUG   (   89): bece0000-bed01000 [stack]
I/DEBUG   (   89): (no map for address)
I/DEBUG   (   89): (no map above)
I/DEBUG   (   89): 
I/DEBUG   (   89): stack:
I/DEBUG   (   89):     bed009f8  00000001  
I/DEBUG   (   89):     bed009fc  feb2f7c3  
I/DEBUG   (   89):     bed00a00  40068720  /system/lib/libc.so
I/DEBUG   (   89):     bed00a04  400686b0  /system/lib/libc.so
I/DEBUG   (   89):     bed00a08  00000000  
I/DEBUG   (   89):     bed00a0c  4003ff0f  /system/lib/libc.so
I/DEBUG   (   89):     bed00a10  401bb494  /system/lib/libandroid_runtime.so
I/DEBUG   (   89):     bed00a14  4003ec75  /system/lib/libc.so
I/DEBUG   (   89):     bed00a18  ffffffff  
I/DEBUG   (   89):     bed00a1c  00000000  
I/DEBUG   (   89):     bed00a20  00000000  
I/DEBUG   (   89):     bed00a24  401c6697  /system/lib/libandroid_runtime.so
I/DEBUG   (   89):     bed00a28  bed00a70  [stack]
I/DEBUG   (   89):     bed00a2c  4003f08d  /system/lib/libc.so
I/DEBUG   (   89):     bed00a30  df0027ad  
I/DEBUG   (   89):     bed00a34  00000000  
I/DEBUG   (   89): #00 bed00a38  00000009  
I/DEBUG   (   89):     bed00a3c  00000100  
I/DEBUG   (   89):     bed00a40  401ae05d  /system/lib/libandroid_runtime.so
I/DEBUG   (   89):     bed00a44  feb2f7c3  
I/DEBUG   (   89):     bed00a48  401c6766  /system/lib/libandroid_runtime.so
I/DEBUG   (   89):     bed00a4c  fffffbdf  
I/DEBUG   (   89):     bed00a50  0000f2c0  [heap]
I/DEBUG   (   89):     bed00a54  40868ffd  /system/lib/libdvm.so
I/DEBUG   (   89):     bed00a58  0000f2c0  [heap]
I/DEBUG   (   89):     bed00a5c  401f865b  /system/lib/libnativehelper.so
I/DEBUG   (   89): #01 bed00a60  40868ffd  /system/lib/libdvm.so
I/DEBUG   (   89):     bed00a64  401f865b  /system/lib/libnativehelper.so
I/DEBUG   (   89):     bed00a68  401d55dc  /system/lib/libandroid_runtime.so
I/DEBUG   (   89):     bed00a6c  0000000c  
I/DEBUG   (   89):     bed00a70  0000f2c0  [heap]
I/DEBUG   (   89):     bed00a74  1d200185  
I/DEBUG   (   89):     bed00a78  401d5594  /system/lib/libandroid_runtime.so
I/DEBUG   (   89):     bed00a7c  401d61b8  
I/DEBUG   (   89):     bed00a80  0000f2c0  [heap]
I/DEBUG   (   89):     bed00a84  1d500181  
I/DEBUG   (   89):     bed00a88  401c6697  /system/lib/libandroid_runtime.so
I/DEBUG   (   89):     bed00a8c  40175877  /system/lib/libandroid_runtime.so
I/DEBUG   (   89):     bed00a90  401d61b8  
I/DEBUG   (   89):     bed00a94  401ae3ef  /system/lib/libandroid_runtime.so
I/DEBUG   (   89):     bed00a98  00000000  
I/DEBUG   (   89):     bed00a9c  401cc9b8  /system/lib/libandroid_runtime.so
