I/DEBUG   (   89):     bed00aa0  0000f2c0  [heap]
I/DEBUG   (   89):     bed00aa4  401cca10  /system/lib/libandroid_runtime.so
I/ServiceManager(   86): service 'media.audio_flinger' died
I/ServiceManager(   86): service 'media.player' died
I/ServiceManager(   86): service 'media.camera' died
I/ServiceManager(   86): service 'media.audio_policy' died
I/Netd    (  364): Netd 1.0 starting
D/AndroidRuntime(  365): 
D/AndroidRuntime(  365): >>>>>> AndroidRuntime START com.android.internal.os.ZygoteInit <<<<<<
D/AndroidRuntime(  365): CheckJNI is OFF
I/        (  366): ServiceManager: 0xf958
I/HTC Acoustic(  366): libhtc_acoustic.so version 2.0.0.6.
I/HTC Acoustic(  366): deonvvv gingerbread test.
I/HTC Acoustic(  366): open /system/etc/AudioPara4_WB.csv success.
I/HTC Acoustic(  366): acoustic table version: MAL_WB_20110217
I/HTC Acoustic(  366): read_audio_para_from_file success.
E/HTC Acoustic(  366): Fail to open /system/etc/AudioPara_ALL.csv -1.
I/HTC Acoustic(  366): open /system/etc/AudioPara4.csv success.
I/HTC Acoustic(  366): acoustic table version: MAL_Gerenic_20110509
I/HTC Acoustic(  366): read_audio_para_from_file success.
I/HTC Acoustic(  366): get_audpp_filter
I/HTC Acoustic(  366): open /system/etc/AudioFilter.csv success.
I/HTC Acoustic(  366): MBADRC Filter MBADRC FLAG = ffff.
E/HTC Acoustic(  366): set mbadrc filter error.
I/HTC Acoustic(  366): failed to set audpp parameters, exiting.
I/HTC Acoustic(  366): get_audpre_filter
I/HTC Acoustic(  366): open /system/etc/AudioPreProcess.csv success.
D/AudioHardwareMSM72XX(  366): mNumSndEndpoints = 151
V/AudioHardwareMSM72XX(  366): constructed 151 SND endpoints)
D/AudioHardwareMSM72XX(  366): BT MATCH HANDSET
D/AudioHardwareMSM72XX(  366): BT MATCH SPEAKER
D/AudioHardwareMSM72XX(  366): BT MATCH HEADSET
D/AudioHardwareMSM72XX(  366): BT MATCH BT
D/AudioHardwareMSM72XX(  366): BT MATCH CARKIT
D/AudioHardwareMSM72XX(  366): BT MATCH TTY_FULL
D/AudioHardwareMSM72XX(  366): BT MATCH TTY_VCO
D/AudioHardwareMSM72XX(  366): BT MATCH TTY_HCO
D/AudioHardwareMSM72XX(  366): BT MATCH NO_MIC_HEADSET
D/AudioHardwareMSM72XX(  366): BT MATCH FM_HEADSET
D/AudioHardwareMSM72XX(  366): BT MATCH HEADSET_AND_SPEAKER
D/AudioHardwareMSM72XX(  366): BT MATCH FM_SPEAKER
D/AudioHardwareMSM72XX(  366): BT MATCH BT_EC_OFF
D/AudioHardwareMSM72XX(  366): BT MATCH BT_EC_OFF
D/AudioHardwareMSM72XX(  366): BT MATCH CURRENT
I/AudioFlinger(  366): Loaded primary audio interface from LEGACY Audio HW HAL (audio)
I/AudioFlinger(  366): Using 'LEGACY Audio HW HAL' (audio.primary) as the primary audio interface
I/AudioFlinger(  366): Loaded a2dp audio interface from A2DP Audio HW HAL (audio)
D/AudioHardwareInterface(  366): setMode(NORMAL)
I/AudioHardwareMSM72XX(  366): Set master volume to 5.
I/CameraService(  366): CameraService started (pid=366)
I/AudioFlinger(  366): AudioFlinger's thread 0x16f90 ready to run
W/AudioFlinger(  366): Thread AudioOut_1 cannot connect to the power manager service
V/AudioHardwareMSM72XX(  366): AudioStreamOutMSM72xx::setParameters() routing=2
V/AudioHardwareMSM72XX(  366): set output routing 2
I/AudioHardwareMSM72XX(  366): Routing audio to Speakerphone
V/AudioHardwareMSM72XX(  366): doAudioRouteOrMute() device 1, mMode 0, mMicMute 1
D/AudioHardwareMSM72XX(  366): setVoiceVolume(1.000000)
I/AudioHardwareMSM72XX(  366): Setting in-call volume to 5 (available range is 0 to 5)
I/AudioPolicyService(  366): Loaded audio policy from LEGACY Audio Policy HAL (audio_policy)
W/dalvikvm(  365): Exception Ljava/lang/NoSuchMethodError; thrown while initializing Ljava/lang/NoSuchFieldError;
E/dalvikvm(  365): ERROR: unable to initialize exception class 'Ljava/lang/NoSuchFieldError;'
W/dalvikvm(  365): Exception thrown (Ljava/lang/ExceptionInInitializerError;) while throwing internal exception (Ljava/lang/InternalError;)
I/dalvikvm(  365): Rejecting re-init on previously-failed class Ljava/lang/NoSuchFieldError; v=0x0
W/dalvikvm(  365): Exception thrown (Ljava/lang/ExceptionInInitializerError;) while throwing internal exception (Ljava/lang/NoClassDefFoundError;)
E/dalvikvm(  365): ERROR: unable to initialize exception class 'Ljava/lang/NoSuchFieldError;'
W/dalvikvm(  365): Exception thrown (Ljava/lang/ExceptionInInitializerError;) while throwing internal exception (Ljava/lang/InternalError;)
I/dalvikvm(  365): Rejecting re-init on previously-failed class Ljava/lang/NoSuchFieldError; v=0x0
W/dalvikvm(  365): Exception thrown (Ljava/lang/ExceptionInInitializerError;) while throwing internal exception (Ljava/lang/NoClassDefFoundError;)
E/dalvikvm(  365): ERROR: unable to initialize exception class 'Ljava/lang/NoSuchFieldError;'
W/dalvikvm(  365): Exception thrown (Ljava/lang/ExceptionInInitializerError;) while throwing internal exception (Ljava/lang/InternalError;)
I/dalvikvm(  365): Rejecting re-init on previously-failed class Ljava/lang/NoSuchFieldError; v=0x0
W/dalvikvm(  365): Exception thrown (Ljava/lang/ExceptionInInitializerError;) while throwing internal exception (Ljava/lang/NoClassDefFoundError;)
E/dalvikvm(  365): ERROR: unable to initialize exception class 'Ljava/lang/NoSuchFieldError;'
W/dalvikvm(  365): Exception thrown (Ljava/lang/ExceptionInInitializerError;) while throwing internal exception (Ljava/lang/InternalError;)
I/dalvikvm(  365): Rejecting re-init on previously-failed class Ljava/lang/NoSuchFieldError; v=0x0
W/dalvikvm(  365): Exception thrown (Ljava/lang/ExceptionInInitializerError;) while throwing internal exception (Ljava/lang/NoClassDefFoundError;)
E/dalvikvm(  365): ERROR: unable to initialize exception class 'Ljava/lang/NoSuchFieldError;'
W/dalvikvm(  365): Exception thrown (Ljava/lang/ExceptionInInitializerError;) while throwing internal exception (Ljava/lang/InternalError;)
I/dalvikvm(  365): Rejecting re-init on previously-failed class Ljava/lang/NoSuchFieldError; v=0x0
W/dalvikvm(  365): Exception thrown (Ljava/lang/ExceptionInInitializerError;) while throwing internal exception (Ljava/lang/NoClassDefFoundError;)
E/dalvikvm(  365): ERROR: unable to initialize exception class 'Ljava/lang/NoSuchFieldError;'
W/dalvikvm(  365): Exception thrown (Ljava/lang/ExceptionInInitializerError;) while throwing internal exception (Ljava/lang/InternalError;)
E/dalvikvm(  365): ERROR: couldn't find native method
E/dalvikvm(  365): Requested: Landroid/server/BluetoothA2dpService;.sendMetaDataNative:(Ljava/lang/String;)Z
E/JNIHelp (  365): RegisterNatives failed for 'android/server/BluetoothA2dpService', aborting
F/libc    (  365): Fatal signal 11 (SIGSEGV) at 0xdeadbaad (code=1)
I/DEBUG   (   89): *** *** *** *** *** *** *** *** *** *** *** *** *** *** *** ***
I/DEBUG   (   89): Build fingerprint: 'cyanogenmod/htc_marvel/marvel:4.0.4/ASN01/0.1:user/release-keys'
I/DEBUG   (   89): pid: 365, tid: 365  >>> zygote <<<
I/DEBUG   (   89): signal 11 (SIGSEGV), code 1 (SEGV_MAPERR), fault addr deadbaad
I/DEBUG   (   89):  r0 deadbaad  r1 0000000c  r2 00000027  r3 a0000000
I/DEBUG   (   89):  r4 00000000  r5 00000080  r6 401c6697  r7 becfca70
I/DEBUG   (   89):  r8 00000000  r9 00000000  10 00000000  fp 00000000
I/DEBUG   (   89):  ip ffffffff  sp becfca38  lr 4003ff0f  pc 4003c6c6  cpsr 00000030
I/DEBUG   (   89):  d0  3f4000003f400000  d1  0000000000000000
I/DEBUG   (   89):  d2  0000000000000000  d3  0000000000000000
I/DEBUG   (   89):  d4  0000000000000000  d5  0000000000000000
I/DEBUG   (   89):  d6  0000000000000000  d7  000000003f800000
I/DEBUG   (   89):  d8  0000000000000000  d9  0000000000000000
I/DEBUG   (   89):  d10 0000000000000000  d11 0000000000000000
I/DEBUG   (   89):  d12 0000000000000000  d13 0000000000000000
I/DEBUG   (   89):  d14 0000000000000000  d15 0000000000000000
I/DEBUG   (   89):  scr 60000000
I/DEBUG   (   89): 
I/DEBUG   (   89):          #00  pc 000176c6  /system/lib/libc.so
I/DEBUG   (   89):          #01  pc 0000c658  /system/lib/libnativehelper.so (jniRegisterNativeMethods)
I/DEBUG   (   89): 
I/DEBUG   (   89): code around pc:
I/DEBUG   (   89): 4003c6a4 1c2bd00c 2d00682d e027d1fb 2a0068da  ..+.-h.-..'..h.*
I/DEBUG   (   89): 4003c6b4 4b16d004 447b2001 47906018 22274814  ...K. {D.`.G.H'"
I/DEBUG   (   89): 4003c6c4 70022580 ef74f7f4 f7f62106 aa01e812  .%.p..t..!......
I/DEBUG   (   89): 4003c6d4 05692400 60546091 20061c11 f7f59401  .$i..`T`... ....
I/DEBUG   (   89): 4003c6e4 a905ebce 20022200 ebd6f7f5 ef60f7f4  .....". ......`.
I/DEBUG   (   89): 
I/DEBUG   (   89): code around lr:
I/DEBUG   (   89): 4003feec 4b0db5f0 447bb083 681c2600 68a59001  ...K..{D.&.h...h
I/DEBUG   (   89): 4003fefc e0086867 5ea8220c dd032800 99011c28  gh...".^.(..(...
I/DEBUG   (   89): 4003ff0c 43064788 3f013554 6824d5f4 d1ee2c00  .G.CT5.?..$h.,..
I/DEBUG   (   89): 4003ff1c 1c30b003 46c0bdf0 000285f2 1c0fb5f0  ..0....F........
I/DEBUG   (   89): 4003ff2c b0891c3d a9064355 604d9103 90064914  =...UC....M`.I..
I/DEBUG   (   89): 
I/DEBUG   (   89): memory map around addr deadbaad:
I/DEBUG   (   89): becdc000-becfd000 [stack]
I/DEBUG   (   89): (no map for address)
I/DEBUG   (   89): (no map above)
I/DEBUG   (   89): 
I/DEBUG   (   89): stack:
I/DEBUG   (   89):     becfc9f8  00000001  
I/DEBUG   (   89):     becfc9fc  3ee855c1  
I/DEBUG   (   89):     becfca00  40068720  /system/lib/libc.so
I/DEBUG   (   89):     becfca04  400686b0  /system/lib/libc.so
I/DEBUG   (   89):     becfca08  00000000  
I/DEBUG   (   89):     becfca0c  4003ff0f  /system/lib/libc.so
I/DEBUG   (   89):     becfca10  401bb494  /system/lib/libandroid_runtime.so
I/DEBUG   (   89):     becfca14  4003ec75  /system/lib/libc.so
I/DEBUG   (   89):     becfca18  ffffffff  
I/DEBUG   (   89):     becfca1c  00000000  
I/DEBUG   (   89):     becfca20  00000000  
I/DEBUG   (   89):     becfca24  401c6697  /system/lib/libandroid_runtime.so
I/DEBUG   (   89):     becfca28  becfca70  [stack]
I/DEBUG   (   89):     becfca2c  4003f08d  /system/lib/libc.so
I/DEBUG   (   89):     becfca30  df0027ad  
I/DEBUG   (   89):     becfca34  00000000  
I/DEBUG   (   89): #00 becfca38  00000009  
I/DEBUG   (   89):     becfca3c  00000100  
I/DEBUG   (   89):     becfca40  401ae05d  /system/lib/libandroid_runtime.so
I/DEBUG   (   89):     becfca44  3ee855c1  
I/DEBUG   (   89):     becfca48  401c6766  /system/lib/libandroid_runtime.so
I/DEBUG   (   89):     becfca4c  fffffbdf  
I/DEBUG   (   89):     becfca50  0000f2c0  [heap]
I/DEBUG   (   89):     becfca54  40868ffd  /system/lib/libdvm.so
I/DEBUG   (   89):     becfca58  0000f2c0  [heap]
I/DEBUG   (   89):     becfca5c  401f865b  /system/lib/libnativehelper.so
I/DEBUG   (   89): #01 becfca60  40868ffd  /system/lib/libdvm.so
I/DEBUG   (   89):     becfca64  401f865b  /system/lib/libnativehelper.so
I/DEBUG   (   89):     becfca68  401d55dc  /system/lib/libandroid_runtime.so
I/DEBUG   (   89):     becfca6c  0000000c  
I/DEBUG   (   89):     becfca70  0000f2c0  [heap]
I/DEBUG   (   89):     becfca74  1d200185  
I/DEBUG   (   89):     becfca78  401d5594  /system/lib/libandroid_runtime.so
I/DEBUG   (   89):     becfca7c  401d61b8  
I/DEBUG   (   89):     becfca80  0000f2c0  [heap]
I/DEBUG   (   89):     becfca84  1d500181  
I/DEBUG   (   89):     becfca88  401c6697  /system/lib/libandroid_runtime.so
I/DEBUG   (   89):     becfca8c  40175877  /system/lib/libandroid_runtime.so
I/DEBUG   (   89):     becfca90  401d61b8  
I/DEBUG   (   89):     becfca94  401ae3ef  /system/lib/libandroid_runtime.so
I/DEBUG   (   89):     becfca98  00000000  
I/DEBUG   (   89):     becfca9c  401cc9b8  /system/lib/libandroid_runtime.so
I/DEBUG   (   89):     becfcaa0  0000f2c0  [heap]
I/DEBUG   (   89):     becfcaa4  401cca10  /system/lib/libandroid_runtime.so
I/ServiceManager(   86): service 'media.audio_flinger' died
I/ServiceManager(   86): service 'media.player' died
I/ServiceManager(   86): service 'media.camera' died
I/ServiceManager(   86): service 'media.audio_policy' died
I/Netd    (  392): Netd 1.0 starting
D/AndroidRuntime(  393): 
D/AndroidRuntime(  393): >>>>>> AndroidRuntime START com.android.internal.os.ZygoteInit <<<<<<
D/AndroidRuntime(  393): CheckJNI is OFF
I/        (  394): ServiceManager: 0xf958
I/HTC Acoustic(  394): libhtc_acoustic.so version 2.0.0.6.
I/HTC Acoustic(  394): deonvvv gingerbread test.
I/HTC Acoustic(  394): open /system/etc/AudioPara4_WB.csv success.
I/HTC Acoustic(  394): acoustic table version: MAL_WB_20110217
I/HTC Acoustic(  394): read_audio_para_from_file success.
E/HTC Acoustic(  394): Fail to open /system/etc/AudioPara_ALL.csv -1.
I/HTC Acoustic(  394): open /system/etc/AudioPara4.csv success.
I/HTC Acoustic(  394): acoustic table version: MAL_Gerenic_20110509
I/HTC Acoustic(  394): read_audio_para_from_file success.
I/HTC Acoustic(  394): get_audpp_filter
I/HTC Acoustic(  394): open /system/etc/AudioFilter.csv success.
I/HTC Acoustic(  394): MBADRC Filter MBADRC FLAG = ffff.
E/HTC Acoustic(  394): set mbadrc filter error.
I/HTC Acoustic(  394): failed to set audpp parameters, exiting.
I/HTC Acoustic(  394): get_audpre_filter
I/HTC Acoustic(  394): open /system/etc/AudioPreProcess.csv success.
D/AudioHardwareMSM72XX(  394): mNumSndEndpoints = 151
V/AudioHardwareMSM72XX(  394): constructed 151 SND endpoints)
D/AudioHardwareMSM72XX(  394): BT MATCH HANDSET
D/AudioHardwareMSM72XX(  394): BT MATCH SPEAKER
D/AudioHardwareMSM72XX(  394): BT MATCH HEADSET
D/AudioHardwareMSM72XX(  394): BT MATCH BT
D/AudioHardwareMSM72XX(  394): BT MATCH CARKIT
D/AudioHardwareMSM72XX(  394): BT MATCH TTY_FULL
D/AudioHardwareMSM72XX(  394): BT MATCH TTY_VCO
D/AudioHardwareMSM72XX(  394): BT MATCH TTY_HCO
D/AudioHardwareMSM72XX(  394): BT MATCH NO_MIC_HEADSET
D/AudioHardwareMSM72XX(  394): BT MATCH FM_HEADSET
D/AudioHardwareMSM72XX(  394): BT MATCH HEADSET_AND_SPEAKER
D/AudioHardwareMSM72XX(  394): BT MATCH FM_SPEAKER
D/AudioHardwareMSM72XX(  394): BT MATCH BT_EC_OFF
D/AudioHardwareMSM72XX(  394): BT MATCH BT_EC_OFF
D/AudioHardwareMSM72XX(  394): BT MATCH CURRENT
I/AudioFlinger(  394): Loaded primary audio interface from LEGACY Audio HW HAL (audio)
I/AudioFlinger(  394): Using 'LEGACY Audio HW HAL' (audio.primary) as the primary audio interface
I/AudioFlinger(  394): Loaded a2dp audio interface from A2DP Audio HW HAL (audio)
D/AudioHardwareInterface(  394): setMode(NORMAL)
I/AudioHardwareMSM72XX(  394): Set master volume to 5.
I/CameraService(  394): CameraService started (pid=394)
I/AudioFlinger(  394): AudioFlinger's thread 0x16f90 ready to run
W/AudioFlinger(  394): Thread AudioOut_1 cannot connect to the power manager service
V/AudioHardwareMSM72XX(  394): AudioStreamOutMSM72xx::setParameters() routing=2
V/AudioHardwareMSM72XX(  394): set output routing 2
I/AudioHardwareMSM72XX(  394): Routing audio to Speakerphone
V/AudioHardwareMSM72XX(  394): doAudioRouteOrMute() device 1, mMode 0, mMicMute 1
D/AudioHardwareMSM72XX(  394): setVoiceVolume(1.000000)
I/AudioHardwareMSM72XX(  394): Setting in-call volume to 5 (available range is 0 to 5)
I/AudioPolicyService(  394): Loaded audio policy from LEGACY Audio Policy HAL (audio_policy)
W/dalvikvm(  393): Exception Ljava/lang/NoSuchMethodError; thrown while initializing Ljava/lang/NoSuchFieldError;
E/dalvikvm(  393): ERROR: unable to initialize exception class 'Ljava/lang/NoSuchFieldError;'
W/dalvikvm(  393): Exception thrown (Ljava/lang/ExceptionInInitializerError;) while throwing internal exception (Ljava/lang/InternalError;)
I/dalvikvm(  393): Rejecting re-init on previously-failed class Ljava/lang/NoSuchFieldError; v=0x0
W/dalvikvm(  393): Exception thrown (Ljava/lang/ExceptionInInitializerError;) while throwing internal exception (Ljava/lang/NoClassDefFoundError;)
E/dalvikvm(  393): ERROR: unable to initialize exception class 'Ljava/lang/NoSuchFieldError;'
W/dalvikvm(  393): Exception thrown (Ljava/lang/ExceptionInInitializerError;) while throwing internal exception (Ljava/lang/InternalError;)
I/dalvikvm(  393): Rejecting re-init on previously-failed class Ljava/lang/NoSuchFieldError; v=0x0
W/dalvikvm(  393): Exception thrown (Ljava/lang/ExceptionInInitializerError;) while throwing internal exception (Ljava/lang/NoClassDefFoundError;)
E/dalvikvm(  393): ERROR: unable to initialize exception class 'Ljava/lang/NoSuchFieldError;'
W/dalvikvm(  393): Exception thrown (Ljava/lang/ExceptionInInitializerError;) while throwing internal exception (Ljava/lang/InternalError;)
I/dalvikvm(  393): Rejecting re-init on previously-failed class Ljava/lang/NoSuchFieldError; v=0x0
W/dalvikvm(  393): Exception thrown (Ljava/lang/ExceptionInInitializerError;) while throwing internal exception (Ljava/lang/NoClassDefFoundError;)
E/dalvikvm(  393): ERROR: unable to initialize exception class 'Ljava/lang/NoSuchFieldError;'
W/dalvikvm(  393): Exception thrown (Ljava/lang/ExceptionInInitializerError;) while throwing internal exception (Ljava/lang/InternalError;)
I/dalvikvm(  393): Rejecting re-init on previously-failed class Ljava/lang/NoSuchFieldError; v=0x0
W/dalvikvm(  393): Exception thrown (Ljava/lang/ExceptionInInitializerError;) while throwing internal exception (Ljava/lang/NoClassDefFoundError;)
E/dalvikvm(  393): ERROR: unable to initialize exception class 'Ljava/lang/NoSuchFieldError;'
W/dalvikvm(  393): Exception thrown (Ljava/lang/ExceptionInInitializerError;) while throwing internal exception (Ljava/lang/InternalError;)
I/dalvikvm(  393): Rejecting re-init on previously-failed class Ljava/lang/NoSuchFieldError; v=0x0
W/dalvikvm(  393): Exception thrown (Ljava/lang/ExceptionInInitializerError;) while throwing internal exception (Ljava/lang/NoClassDefFoundError;)
E/dalvikvm(  393): ERROR: unable to initialize exception class 'Ljava/lang/NoSuchFieldError;'
W/dalvikvm(  393): Exception thrown (Ljava/lang/ExceptionInInitializerError;) while throwing internal exception (Ljava/lang/InternalError;)
E/dalvikvm(  393): ERROR: couldn't find native method
E/dalvikvm(  393): Requested: Landroid/server/BluetoothA2dpService;.sendMetaDataNative:(Ljava/lang/String;)Z
E/JNIHelp (  393): RegisterNatives failed for 'android/server/BluetoothA2dpService', aborting
F/libc    (  393): Fatal signal 11 (SIGSEGV) at 0xdeadbaad (code=1)
I/DEBUG   (   89): *** *** *** *** *** *** *** *** *** *** *** *** *** *** *** ***
I/DEBUG   (   89): Build fingerprint: 'cyanogenmod/htc_marvel/marvel:4.0.4/ASN01/0.1:user/release-keys'
I/DEBUG   (   89): pid: 393, tid: 393  >>> zygote <<<
I/DEBUG   (   89): signal 11 (SIGSEGV), code 1 (SEGV_MAPERR), fault addr deadbaad
I/DEBUG   (   89):  r0 deadbaad  r1 0000000c  r2 00000027  r3 a0000000
I/DEBUG   (   89):  r4 00000000  r5 00000080  r6 401c6697  r7 be847a70
I/DEBUG   (   89):  r8 00000000  r9 00000000  10 00000000  fp 00000000
I/DEBUG   (   89):  ip ffffffff  sp be847a38  lr 4003ff0f  pc 4003c6c6  cpsr 00000030
I/DEBUG   (   89):  d0  3f4000003f400000  d1  0000000000000000
I/DEBUG   (   89):  d2  0000000000000000  d3  0000000000000000
I/DEBUG   (   89):  d4  0000000000000000  d5  0000000000000000
I/DEBUG   (   89):  d6  0000000000000000  d7  000000003f800000
I/DEBUG   (   89):  d8  0000000000000000  d9  0000000000000000
I/DEBUG   (   89):  d10 0000000000000000  d11 0000000000000000
I/DEBUG   (   89):  d12 0000000000000000  d13 0000000000000000
I/DEBUG   (   89):  d14 0000000000000000  d15 0000000000000000
I/DEBUG   (   89):  scr 60000000
I/DEBUG   (   89): 
I/DEBUG   (   89):          #00  pc 000176c6  /system/lib/libc.so
I/DEBUG   (   89):          #01  pc 0000c658  /system/lib/libnativehelper.so (jniRegisterNativeMethods)
I/DEBUG   (   89): 
I/DEBUG   (   89): code around pc:
I/DEBUG   (   89): 4003c6a4 1c2bd00c 2d00682d e027d1fb 2a0068da  ..+.-h.-..'..h.*
I/DEBUG   (   89): 4003c6b4 4b16d004 447b2001 47906018 22274814  ...K. {D.`.G.H'"
I/DEBUG   (   89): 4003c6c4 70022580 ef74f7f4 f7f62106 aa01e812  .%.p..t..!......
I/DEBUG   (   89): 4003c6d4 05692400 60546091 20061c11 f7f59401  .$i..`T`... ....
I/DEBUG   (   89): 4003c6e4 a905ebce 20022200 ebd6f7f5 ef60f7f4  .....". ......`.
I/DEBUG   (   89): 
I/DEBUG   (   89): code around lr:
I/DEBUG   (   89): 4003feec 4b0db5f0 447bb083 681c2600 68a59001  ...K..{D.&.h...h
I/DEBUG   (   89): 4003fefc e0086867 5ea8220c dd032800 99011c28  gh...".^.(..(...
I/DEBUG   (   89): 4003ff0c 43064788 3f013554 6824d5f4 d1ee2c00  .G.CT5.?..$h.,..
I/DEBUG   (   89): 4003ff1c 1c30b003 46c0bdf0 000285f2 1c0fb5f0  ..0....F........
I/DEBUG   (   89): 4003ff2c b0891c3d a9064355 604d9103 90064914  =...UC....M`.I..
I/DEBUG   (   89): 
I/DEBUG   (   89): memory map around addr deadbaad:
I/DEBUG   (   89): be827000-be848000 [stack]
I/DEBUG   (   89): (no map for address)
I/DEBUG   (   89): (no map above)
I/DEBUG   (   89): 
I/DEBUG   (   89): stack:
I/DEBUG   (   89):     be8479f8  00000001  
I/DEBUG   (   89):     be8479fc  a03f8b27  
I/DEBUG   (   89):     be847a00  40068720  /system/lib/libc.so
I/DEBUG   (   89):     be847a04  400686b0  /system/lib/libc.so
I/DEBUG   (   89):     be847a08  00000000  
I/DEBUG   (   89):     be847a0c  4003ff0f  /system/lib/libc.so
I/DEBUG   (   89):     be847a10  401bb494  /system/lib/libandroid_runtime.so
I/DEBUG   (   89):     be847a14  4003ec75  /system/lib/libc.so
I/DEBUG   (   89):     be847a18  ffffffff  
I/DEBUG   (   89):     be847a1c  00000000  
I/DEBUG   (   89):     be847a20  00000000  
I/DEBUG   (   89):     be847a24  401c6697  /system/lib/libandroid_runtime.so
I/DEBUG   (   89):     be847a28  be847a70  [stack]
I/DEBUG   (   89):     be847a2c  4003f08d  /system/lib/libc.so
I/DEBUG   (   89):     be847a30  df0027ad  
I/DEBUG   (   89):     be847a34  00000000  
I/DEBUG   (   89): #00 be847a38  00000009  
I/DEBUG   (   89):     be847a3c  00000100  
I/DEBUG   (   89):     be847a40  401ae05d  /system/lib/libandroid_runtime.so
I/DEBUG   (   89):     be847a44  a03f8b27  
I/DEBUG   (   89):     be847a48  401c6766  /system/lib/libandroid_runtime.so
I/DEBUG   (   89):     be847a4c  fffffbdf  
I/DEBUG   (   89):     be847a50  0000f2c0  [heap]
I/DEBUG   (   89):     be847a54  40868ffd  /system/lib/libdvm.so
I/DEBUG   (   89):     be847a58  0000f2c0  [heap]
I/DEBUG   (   89):     be847a5c  401f865b  /system/lib/libnativehelper.so
I/DEBUG   (   89): #01 be847a60  40868ffd  /system/lib/libdvm.so
I/DEBUG   (   89):     be847a64  401f865b  /system/lib/libnativehelper.so
I/DEBUG   (   89):     be847a68  401d55dc  /system/lib/libandroid_runtime.so
I/DEBUG   (   89):     be847a6c  0000000c  
I/DEBUG   (   89):     be847a70  0000f2c0  [heap]
I/DEBUG   (   89):     be847a74  1d200185  
I/DEBUG   (   89):     be847a78  401d5594  /system/lib/libandroid_runtime.so
I/DEBUG   (   89):     be847a7c  401d61b8  
I/DEBUG   (   89):     be847a80  0000f2c0  [heap]
I/DEBUG   (   89):     be847a84  1d500181  
I/DEBUG   (   89):     be847a88  401c6697  /system/lib/libandroid_runtime.so
I/DEBUG   (   89):     be847a8c  40175877  /system/lib/libandroid_runtime.so
I/DEBUG   (   89):     be847a90  401d61b8  
I/DEBUG   (   89):     be847a94  401ae3ef  /system/lib/libandroid_runtime.so
I/DEBUG   (   89):     be847a98  00000000  
I/DEBUG   (   89):     be847a9c  401cc9b8  /system/lib/libandroid_runtime.so
I/DEBUG   (   89):     be847aa0  0000f2c0  [heap]
I/DEBUG   (   89):     be847aa4  401cca10  /system/lib/libandroid_runtime.so
I/ServiceManager(   86): service 'media.audio_flinger' died
I/ServiceManager(   86): service 'media.player' died
I/ServiceManager(   86): service 'media.camera' died
I/ServiceManager(   86): service 'media.audio_policy' died
I/Netd    (  420): Netd 1.0 starting
D/AndroidRuntime(  421): 
D/AndroidRuntime(  421): >>>>>> AndroidRuntime START com.android.internal.os.ZygoteInit <<<<<<
D/AndroidRuntime(  421): CheckJNI is OFF
I/        (  422): ServiceManager: 0xf958
I/HTC Acoustic(  422): libhtc_acoustic.so version 2.0.0.6.
I/HTC Acoustic(  422): deonvvv gingerbread test.
I/HTC Acoustic(  422): open /system/etc/AudioPara4_WB.csv success.
I/HTC Acoustic(  422): acoustic table version: MAL_WB_20110217
I/HTC Acoustic(  422): read_audio_para_from_file success.
E/HTC Acoustic(  422): Fail to open /system/etc/AudioPara_ALL.csv -1.
I/HTC Acoustic(  422): open /system/etc/AudioPara4.csv success.
I/HTC Acoustic(  422): acoustic table version: MAL_Gerenic_20110509
I/HTC Acoustic(  422): read_audio_para_from_file success.
I/HTC Acoustic(  422): get_audpp_filter
I/HTC Acoustic(  422): open /system/etc/AudioFilter.csv success.
I/HTC Acoustic(  422): MBADRC Filter MBADRC FLAG = ffff.
E/HTC Acoustic(  422): set mbadrc filter error.
I/HTC Acoustic(  422): failed to set audpp parameters, exiting.
I/HTC Acoustic(  422): get_audpre_filter
I/HTC Acoustic(  422): open /system/etc/AudioPreProcess.csv success.
D/AudioHardwareMSM72XX(  422): mNumSndEndpoints = 151
V/AudioHardwareMSM72XX(  422): constructed 151 SND endpoints)
D/AudioHardwareMSM72XX(  422): BT MATCH HANDSET
D/AudioHardwareMSM72XX(  422): BT MATCH SPEAKER
D/AudioHardwareMSM72XX(  422): BT MATCH HEADSET
D/AudioHardwareMSM72XX(  422): BT MATCH BT
D/AudioHardwareMSM72XX(  422): BT MATCH CARKIT
D/AudioHardwareMSM72XX(  422): BT MATCH TTY_FULL
D/AudioHardwareMSM72XX(  422): BT MATCH TTY_VCO
D/AudioHardwareMSM72XX(  422): BT MATCH TTY_HCO
D/AudioHardwareMSM72XX(  422): BT MATCH NO_MIC_HEADSET
D/AudioHardwareMSM72XX(  422): BT MATCH FM_HEADSET
D/AudioHardwareMSM72XX(  422): BT MATCH HEADSET_AND_SPEAKER
D/AudioHardwareMSM72XX(  422): BT MATCH FM_SPEAKER
D/AudioHardwareMSM72XX(  422): BT MATCH BT_EC_OFF
D/AudioHardwareMSM72XX(  422): BT MATCH BT_EC_OFF
D/AudioHardwareMSM72XX(  422): BT MATCH CURRENT
I/AudioFlinger(  422): Loaded primary audio interface from LEGACY Audio HW HAL (audio)
I/AudioFlinger(  422): Using 'LEGACY Audio HW HAL' (audio.primary) as the primary audio interface
I/AudioFlinger(  422): Loaded a2dp audio interface from A2DP Audio HW HAL (audio)
D/AudioHardwareInterface(  422): setMode(NORMAL)
I/AudioHardwareMSM72XX(  422): Set master volume to 5.
I/CameraService(  422): CameraService started (pid=422)
I/AudioFlinger(  422): AudioFlinger's thread 0x16f90 ready to run
W/AudioFlinger(  422): Thread AudioOut_1 cannot connect to the power manager service
V/AudioHardwareMSM72XX(  422): AudioStreamOutMSM72xx::setParameters() routing=2
V/AudioHardwareMSM72XX(  422): set output routing 2
I/AudioHardwareMSM72XX(  422): Routing audio to Speakerphone
V/AudioHardwareMSM72XX(  422): doAudioRouteOrMute() device 1, mMode 0, mMicMute 1
D/AudioHardwareMSM72XX(  422): setVoiceVolume(1.000000)
I/AudioHardwareMSM72XX(  422): Setting in-call volume to 5 (available range is 0 to 5)
I/AudioPolicyService(  422): Loaded audio policy from LEGACY Audio Policy HAL (audio_policy)
W/dalvikvm(  421): Exception Ljava/lang/NoSuchMethodError; thrown while initializing Ljava/lang/NoSuchFieldError;
E/dalvikvm(  421): ERROR: unable to initialize exception class 'Ljava/lang/NoSuchFieldError;'
W/dalvikvm(  421): Exception thrown (Ljava/lang/ExceptionInInitializerError;) while throwing internal exception (Ljava/lang/InternalError;)
I/dalvikvm(  421): Rejecting re-init on previously-failed class Ljava/lang/NoSuchFieldError; v=0x0
W/dalvikvm(  421): Exception thrown (Ljava/lang/ExceptionInInitializerError;) while throwing internal exception (Ljava/lang/NoClassDefFoundError;)
E/dalvikvm(  421): ERROR: unable to initialize exception class 'Ljava/lang/NoSuchFieldError;'
W/dalvikvm(  421): Exception thrown (Ljava/lang/ExceptionInInitializerError;) while throwing internal exception (Ljava/lang/InternalError;)
I/dalvikvm(  421): Rejecting re-init on previously-failed class Ljava/lang/NoSuchFieldError; v=0x0
W/dalvikvm(  421): Exception thrown (Ljava/lang/ExceptionInInitializerError;) while throwing internal exception (Ljava/lang/NoClassDefFoundError;)
E/dalvikvm(  421): ERROR: unable to initialize exception class 'Ljava/lang/NoSuchFieldError;'
W/dalvikvm(  421): Exception thrown (Ljava/lang/ExceptionInInitializerError;) while throwing internal exception (Ljava/lang/InternalError;)
I/dalvikvm(  421): Rejecting re-init on previously-failed class Ljava/lang/NoSuchFieldError; v=0x0
W/dalvikvm(  421): Exception thrown (Ljava/lang/ExceptionInInitializerError;) while throwing internal exception (Ljava/lang/NoClassDefFoundError;)
E/dalvikvm(  421): ERROR: unable to initialize exception class 'Ljava/lang/NoSuchFieldError;'
W/dalvikvm(  421): Exception thrown (Ljava/lang/ExceptionInInitializerError;) while throwing internal exception (Ljava/lang/InternalError;)
I/dalvikvm(  421): Rejecting re-init on previously-failed class Ljava/lang/NoSuchFieldError; v=0x0
W/dalvikvm(  421): Exception thrown (Ljava/lang/ExceptionInInitializerError;) while throwing internal exception (Ljava/lang/NoClassDefFoundError;)
E/dalvikvm(  421): ERROR: unable to initialize exception class 'Ljava/lang/NoSuchFieldError;'
W/dalvikvm(  421): Exception thrown (Ljava/lang/ExceptionInInitializerError;) while throwing internal exception (Ljava/lang/InternalError;)
I/dalvikvm(  421): Rejecting re-init on previously-failed class Ljava/lang/NoSuchFieldError; v=0x0
W/dalvikvm(  421): Exception thrown (Ljava/lang/ExceptionInInitializerError;) while throwing internal exception (Ljava/lang/NoClassDefFoundError;)
E/dalvikvm(  421): ERROR: unable to initialize exception class 'Ljava/lang/NoSuchFieldError;'
W/dalvikvm(  421): Exception thrown (Ljava/lang/ExceptionInInitializerError;) while throwing internal exception (Ljava/lang/InternalError;)
E/dalvikvm(  421): ERROR: couldn't find native method
E/dalvikvm(  421): Requested: Landroid/server/BluetoothA2dpService;.sendMetaDataNative:(Ljava/lang/String;)Z
E/JNIHelp (  421): RegisterNatives failed for 'android/server/BluetoothA2dpService', aborting
F/libc    (  421): Fatal signal 11 (SIGSEGV) at 0xdeadbaad (code=1)
I/DEBUG   (   89): *** *** *** *** *** *** *** *** *** *** *** *** *** *** *** ***
I/DEBUG   (   89): Build fingerprint: 'cyanogenmod/htc_marvel/marvel:4.0.4/ASN01/0.1:user/release-keys'
I/DEBUG   (   89): pid: 421, tid: 421  >>> zygote <<<
I/DEBUG   (   89): signal 11 (SIGSEGV), code 1 (SEGV_MAPERR), fault addr deadbaad
I/DEBUG   (   89):  r0 deadbaad  r1 0000000c  r2 00000027  r3 a0000000
I/DEBUG   (   89):  r4 00000000  r5 00000080  r6 401c6697  r7 bec70a70
I/DEBUG   (   89):  r8 00000000  r9 00000000  10 00000000  fp 00000000
I/DEBUG   (   89):  ip ffffffff  sp bec70a38  lr 4003ff0f  pc 4003c6c6  cpsr 00000030
I/DEBUG   (   89):  d0  3f4000003f400000  d1  0000000000000000
I/DEBUG   (   89):  d2  0000000000000000  d3  0000000000000000
I/DEBUG   (   89):  d4  0000000000000000  d5  0000000000000000
I/DEBUG   (   89):  d6  0000000000000000  d7  000000003f800000
I/DEBUG   (   89):  d8  0000000000000000  d9  0000000000000000
I/DEBUG   (   89):  d10 0000000000000000  d11 0000000000000000
I/DEBUG   (   89):  d12 0000000000000000  d13 0000000000000000
I/DEBUG   (   89):  d14 0000000000000000  d15 0000000000000000
I/DEBUG   (   89):  scr 60000000
I/DEBUG   (   89): 
I/DEBUG   (   89):          #00  pc 000176c6  /system/lib/libc.so
I/DEBUG   (   89):          #01  pc 0000c658  /system/lib/libnativehelper.so (jniRegisterNativeMethods)
I/DEBUG   (   89): 
I/DEBUG   (   89): code around pc:
I/DEBUG   (   89): 4003c6a4 1c2bd00c 2d00682d e027d1fb 2a0068da  ..+.-h.-..'..h.*
I/DEBUG   (   89): 4003c6b4 4b16d004 447b2001 47906018 22274814  ...K. {D.`.G.H'"
I/DEBUG   (   89): 4003c6c4 70022580 ef74f7f4 f7f62106 aa01e812  .%.p..t..!......
I/DEBUG   (   89): 4003c6d4 05692400 60546091 20061c11 f7f59401  .$i..`T`... ....
I/DEBUG   (   89): 4003c6e4 a905ebce 20022200 ebd6f7f5 ef60f7f4  .....". ......`.
I/DEBUG   (   89): 
I/DEBUG   (   89): code around lr:
I/DEBUG   (   89): 4003feec 4b0db5f0 447bb083 681c2600 68a59001  ...K..{D.&.h...h
I/DEBUG   (   89): 4003fefc e0086867 5ea8220c dd032800 99011c28  gh...".^.(..(...
I/DEBUG   (   89): 4003ff0c 43064788 3f013554 6824d5f4 d1ee2c00  .G.CT5.?..$h.,..
I/DEBUG   (   89): 4003ff1c 1c30b003 46c0bdf0 000285f2 1c0fb5f0  ..0....F........
I/DEBUG   (   89): 4003ff2c b0891c3d a9064355 604d9103 90064914  =...UC....M`.I..
I/DEBUG   (   89): 
I/DEBUG   (   89): memory map around addr deadbaad:
I/DEBUG   (   89): bec50000-bec71000 [stack]
I/DEBUG   (   89): (no map for address)
I/DEBUG   (   89): (no map above)
I/DEBUG   (   89): 
I/DEBUG   (   89): stack:
I/DEBUG   (   89):     bec709f8  00000001  
I/DEBUG   (   89):     bec709fc  c17b74f7  
I/DEBUG   (   89):     bec70a00  40068720  /system/lib/libc.so
I/DEBUG   (   89):     bec70a04  400686b0  /system/lib/libc.so
I/DEBUG   (   89):     bec70a08  00000000  
I/DEBUG   (   89):     bec70a0c  4003ff0f  /system/lib/libc.so
I/DEBUG   (   89):     bec70a10  401bb494  /system/lib/libandroid_runtime.so
I/DEBUG   (   89):     bec70a14  4003ec75  /system/lib/libc.so
I/DEBUG   (   89):     bec70a18  ffffffff  
I/DEBUG   (   89):     bec70a1c  00000000  
I/DEBUG   (   89):     bec70a20  00000000  
I/DEBUG   (   89):     bec70a24  401c6697  /system/lib/libandroid_runtime.so
I/DEBUG   (   89):     bec70a28  bec70a70  [stack]
I/DEBUG   (   89):     bec70a2c  4003f08d  /system/lib/libc.so
I/DEBUG   (   89):     bec70a30  df0027ad  
I/DEBUG   (   89):     bec70a34  00000000  
I/DEBUG   (   89): #00 bec70a38  00000009  
I/DEBUG   (   89):     bec70a3c  00000100  
I/DEBUG   (   89):     bec70a40  401ae05d  /system/lib/libandroid_runtime.so
I/DEBUG   (   89):     bec70a44  c17b74f7  
I/DEBUG   (   89):     bec70a48  401c6766  /system/lib/libandroid_runtime.so
I/DEBUG   (   89):     bec70a4c  fffffbdf  
I/DEBUG   (   89):     bec70a50  0000f2c0  [heap]
I/DEBUG   (   89):     bec70a54  40868ffd  /system/lib/libdvm.so
I/DEBUG   (   89):     bec70a58  0000f2c0  [heap]
I/DEBUG   (   89):     bec70a5c  401f865b  /system/lib/libnativehelper.so
I/DEBUG   (   89): #01 bec70a60  40868ffd  /system/lib/libdvm.so
I/DEBUG   (   89):     bec70a64  401f865b  /system/lib/libnativehelper.so
I/DEBUG   (   89):     bec70a68  401d55dc  /system/lib/libandroid_runtime.so
I/DEBUG   (   89):     bec70a6c  0000000c  
I/DEBUG   (   89):     bec70a70  0000f2c0  [heap]
I/DEBUG   (   89):     bec70a74  1d200185  
I/DEBUG   (   89):     bec70a78  401d5594  /system/lib/libandroid_runtime.so
I/DEBUG   (   89):     bec70a7c  401d61b8  
I/DEBUG   (   89):     bec70a80  0000f2c0  [heap]
I/DEBUG   (   89):     bec70a84  1d500181  
I/DEBUG   (   89):     bec70a88  401c6697  /system/lib/libandroid_runtime.so
I/DEBUG   (   89):     bec70a8c  40175877  /system/lib/libandroid_runtime.so
I/DEBUG   (   89):     bec70a90  401d61b8  
I/DEBUG   (   89):     bec70a94  401ae3ef  /system/lib/libandroid_runtime.so
I/DEBUG   (   89):     bec70a98  00000000  
I/DEBUG   (   89):     bec70a9c  401cc9b8  /system/lib/libandroid_runtime.so
I/DEBUG   (   89):     bec70aa0  0000f2c0  [heap]
I/DEBUG   (   89):     bec70aa4  401cca10  /system/lib/libandroid_runtime.so
I/ServiceManager(   86): service 'media.audio_flinger' died
I/ServiceManager(   86): service 'media.player' died
I/ServiceManager(   86): service 'media.camera' died
I/ServiceManager(   86): service 'media.audio_policy' died
I/Netd    (  448): Netd 1.0 starting
D/AndroidRuntime(  449): 
D/AndroidRuntime(  449): >>>>>> AndroidRuntime START com.android.internal.os.ZygoteInit <<<<<<
D/AndroidRuntime(  449): CheckJNI is OFF
I/        (  450): ServiceManager: 0xf958
I/HTC Acoustic(  450): libhtc_acoustic.so version 2.0.0.6.
I/HTC Acoustic(  450): deonvvv gingerbread test.
I/HTC Acoustic(  450): open /system/etc/AudioPara4_WB.csv success.
I/HTC Acoustic(  450): acoustic table version: MAL_WB_20110217
I/HTC Acoustic(  450): read_audio_para_from_file success.
E/HTC Acoustic(  450): Fail to open /system/etc/AudioPara_ALL.csv -1.
I/HTC Acoustic(  450): open /system/etc/AudioPara4.csv success.
I/HTC Acoustic(  450): acoustic table version: MAL_Gerenic_20110509
I/HTC Acoustic(  450): read_audio_para_from_file success.
I/HTC Acoustic(  450): get_audpp_filter
I/HTC Acoustic(  450): open /system/etc/AudioFilter.csv success.
I/HTC Acoustic(  450): MBADRC Filter MBADRC FLAG = ffff.
E/HTC Acoustic(  450): set mbadrc filter error.
I/HTC Acoustic(  450): failed to set audpp parameters, exiting.
I/HTC Acoustic(  450): get_audpre_filter
I/HTC Acoustic(  450): open /system/etc/AudioPreProcess.csv success.
D/AudioHardwareMSM72XX(  450): mNumSndEndpoints = 151
V/AudioHardwareMSM72XX(  450): constructed 151 SND endpoints)
D/AudioHardwareMSM72XX(  450): BT MATCH HANDSET
D/AudioHardwareMSM72XX(  450): BT MATCH SPEAKER
D/AudioHardwareMSM72XX(  450): BT MATCH HEADSET
D/AudioHardwareMSM72XX(  450): BT MATCH BT
D/AudioHardwareMSM72XX(  450): BT MATCH CARKIT
D/AudioHardwareMSM72XX(  450): BT MATCH TTY_FULL
D/AudioHardwareMSM72XX(  450): BT MATCH TTY_VCO
D/AudioHardwareMSM72XX(  450): BT MATCH TTY_HCO
D/AudioHardwareMSM72XX(  450): BT MATCH NO_MIC_HEADSET
D/AudioHardwareMSM72XX(  450): BT MATCH FM_HEADSET
D/AudioHardwareMSM72XX(  450): BT MATCH HEADSET_AND_SPEAKER
D/AudioHardwareMSM72XX(  450): BT MATCH FM_SPEAKER
D/AudioHardwareMSM72XX(  450): BT MATCH BT_EC_OFF
D/AudioHardwareMSM72XX(  450): BT MATCH BT_EC_OFF
D/AudioHardwareMSM72XX(  450): BT MATCH CURRENT
I/AudioFlinger(  450): Loaded primary audio interface from LEGACY Audio HW HAL (audio)
I/AudioFlinger(  450): Using 'LEGACY Audio HW HAL' (audio.primary) as the primary audio interface
I/AudioFlinger(  450): Loaded a2dp audio interface from A2DP Audio HW HAL (audio)
D/AudioHardwareInterface(  450): setMode(NORMAL)
I/AudioHardwareMSM72XX(  450): Set master volume to 5.
I/CameraService(  450): CameraService started (pid=450)
I/AudioFlinger(  450): AudioFlinger's thread 0x16f90 ready to run
W/AudioFlinger(  450): Thread AudioOut_1 cannot connect to the power manager service
V/AudioHardwareMSM72XX(  450): AudioStreamOutMSM72xx::setParameters() routing=2
V/AudioHardwareMSM72XX(  450): set output routing 2
I/AudioHardwareMSM72XX(  450): Routing audio to Speakerphone
V/AudioHardwareMSM72XX(  450): doAudioRouteOrMute() device 1, mMode 0, mMicMute 1
D/AudioHardwareMSM72XX(  450): setVoiceVolume(1.000000)
I/AudioHardwareMSM72XX(  450): Setting in-call volume to 5 (available range is 0 to 5)
I/AudioPolicyService(  450): Loaded audio policy from LEGACY Audio Policy HAL (audio_policy)
W/dalvikvm(  449): Exception Ljava/lang/NoSuchMethodError; thrown while initializing Ljava/lang/NoSuchFieldError;
E/dalvikvm(  449): ERROR: unable to initialize exception class 'Ljava/lang/NoSuchFieldError;'
W/dalvikvm(  449): Exception thrown (Ljava/lang/ExceptionInInitializerError;) while throwing internal exception (Ljava/lang/InternalError;)
I/dalvikvm(  449): Rejecting re-init on previously-failed class Ljava/lang/NoSuchFieldError; v=0x0
W/dalvikvm(  449): Exception thrown (Ljava/lang/ExceptionInInitializerError;) while throwing internal exception (Ljava/lang/NoClassDefFoundError;)
E/dalvikvm(  449): ERROR: unable to initialize exception class 'Ljava/lang/NoSuchFieldError;'
W/dalvikvm(  449): Exception thrown (Ljava/lang/ExceptionInInitializerError;) while throwing internal exception (Ljava/lang/InternalError;)
I/dalvikvm(  449): Rejecting re-init on previously-failed class Ljava/lang/NoSuchFieldError; v=0x0
W/dalvikvm(  449): Exception thrown (Ljava/lang/ExceptionInInitializerError;) while throwing internal exception (Ljava/lang/NoClassDefFoundError;)
E/dalvikvm(  449): ERROR: unable to initialize exception class 'Ljava/lang/NoSuchFieldError;'
W/dalvikvm(  449): Exception thrown (Ljava/lang/ExceptionInInitializerError;) while throwing internal exception (Ljava/lang/InternalError;)
I/dalvikvm(  449): Rejecting re-init on previously-failed class Ljava/lang/NoSuchFieldError; v=0x0
W/dalvikvm(  449): Exception thrown (Ljava/lang/ExceptionInInitializerError;) while throwing internal exception (Ljava/lang/NoClassDefFoundError;)
E/dalvikvm(  449): ERROR: unable to initialize exception class 'Ljava/lang/NoSuchFieldError;'
W/dalvikvm(  449): Exception thrown (Ljava/lang/ExceptionInInitializerError;) while throwing internal exception (Ljava/lang/InternalError;)
I/dalvikvm(  449): Rejecting re-init on previously-failed class Ljava/lang/NoSuchFieldError; v=0x0
W/dalvikvm(  449): Exception thrown (Ljava/lang/ExceptionInInitializerError;) while throwing internal exception (Ljava/lang/NoClassDefFoundError;)
E/dalvikvm(  449): ERROR: unable to initialize exception class 'Ljava/lang/NoSuchFieldError;'
W/dalvikvm(  449): Exception thrown (Ljava/lang/ExceptionInInitializerError;) while throwing internal exception (Ljava/lang/InternalError;)
I/dalvikvm(  449): Rejecting re-init on previously-failed class Ljava/lang/NoSuchFieldError; v=0x0
W/dalvikvm(  449): Exception thrown (Ljava/lang/ExceptionInInitializerError;) while throwing internal exception (Ljava/lang/NoClassDefFoundError;)
E/dalvikvm(  449): ERROR: unable to initialize exception class 'Ljava/lang/NoSuchFieldError;'
W/dalvikvm(  449): Exception thrown (Ljava/lang/ExceptionInInitializerError;) while throwing internal exception (Ljava/lang/InternalError;)
E/dalvikvm(  449): ERROR: couldn't find native method
E/dalvikvm(  449): Requested: Landroid/server/BluetoothA2dpService;.sendMetaDataNative:(Ljava/lang/String;)Z
E/JNIHelp (  449): RegisterNatives failed for 'android/server/BluetoothA2dpService', aborting
F/libc    (  449): Fatal signal 11 (SIGSEGV) at 0xdeadbaad (code=1)
I/DEBUG   (   89): *** *** *** *** *** *** *** *** *** *** *** *** *** *** *** ***
I/DEBUG   (   89): Build fingerprint: 'cyanogenmod/htc_marvel/marvel:4.0.4/ASN01/0.1:user/release-keys'
I/DEBUG   (   89): pid: 449, tid: 449  >>> zygote <<<
I/DEBUG   (   89): signal 11 (SIGSEGV), code 1 (SEGV_MAPERR), fault addr deadbaad
I/DEBUG   (   89):  r0 deadbaad  r1 0000000c  r2 00000027  r3 a0000000
I/DEBUG   (   89):  r4 00000000  r5 00000080  r6 401c6697  r7 bededa70
I/DEBUG   (   89):  r8 00000000  r9 00000000  10 00000000  fp 00000000
I/DEBUG   (   89):  ip ffffffff  sp bededa38  lr 4003ff0f  pc 4003c6c6  cpsr 00000030
I/DEBUG   (   89):  d0  3f4000003f400000  d1  0000000000000000
I/DEBUG   (   89):  d2  0000000000000000  d3  0000000000000000
I/DEBUG   (   89):  d4  0000000000000000  d5  0000000000000000
I/DEBUG   (   89):  d6  0000000000000000  d7  000000003f800000
I/DEBUG   (   89):  d8  0000000000000000  d9  0000000000000000
I/DEBUG   (   89):  d10 0000000000000000  d11 0000000000000000
I/DEBUG   (   89):  d12 0000000000000000  d13 0000000000000000
I/DEBUG   (   89):  d14 0000000000000000  d15 0000000000000000
I/DEBUG   (   89):  scr 60000000
I/DEBUG   (   89): 
I/DEBUG   (   89):          #00  pc 000176c6  /system/lib/libc.so
I/DEBUG   (   89):          #01  pc 0000c658  /system/lib/libnativehelper.so (jniRegisterNativeMethods)
I/DEBUG   (   89): 
I/DEBUG   (   89): code around pc:
I/DEBUG   (   89): 4003c6a4 1c2bd00c 2d00682d e027d1fb 2a0068da  ..+.-h.-..'..h.*
I/DEBUG   (   89): 4003c6b4 4b16d004 447b2001 47906018 22274814  ...K. {D.`.G.H'"
I/DEBUG   (   89): 4003c6c4 70022580 ef74f7f4 f7f62106 aa01e812  .%.p..t..!......
I/DEBUG   (   89): 4003c6d4 05692400 60546091 20061c11 f7f59401  .$i..`T`... ....
I/DEBUG   (   89): 4003c6e4 a905ebce 20022200 ebd6f7f5 ef60f7f4  .....". ......`.
I/DEBUG   (   89): 
I/DEBUG   (   89): code around lr:
I/DEBUG   (   89): 4003feec 4b0db5f0 447bb083 681c2600 68a59001  ...K..{D.&.h...h
I/DEBUG   (   89): 4003fefc e0086867 5ea8220c dd032800 99011c28  gh...".^.(..(...
I/DEBUG   (   89): 4003ff0c 43064788 3f013554 6824d5f4 d1ee2c00  .G.CT5.?..$h.,..
I/DEBUG   (   89): 4003ff1c 1c30b003 46c0bdf0 000285f2 1c0fb5f0  ..0....F........
I/DEBUG   (   89): 4003ff2c b0891c3d a9064355 604d9103 90064914  =...UC....M`.I..
I/DEBUG   (   89): 
I/DEBUG   (   89): memory map around addr deadbaad:
I/DEBUG   (   89): bedcd000-bedee000 [stack]
I/DEBUG   (   89): (no map for address)
I/DEBUG   (   89): (no map above)
I/DEBUG   (   89): 
I/DEBUG   (   89): stack:
I/DEBUG   (   89):     beded9f8  00000001  
I/DEBUG   (   89):     beded9fc  2c9e3b2f  
I/DEBUG   (   89):     bededa00  40068720  /system/lib/libc.so
I/DEBUG   (   89):     bededa04  400686b0  /system/lib/libc.so
I/DEBUG   (   89):     bededa08  00000000  
I/DEBUG   (   89):     bededa0c  4003ff0f  /system/lib/libc.so
I/DEBUG   (   89):     bededa10  401bb494  /system/lib/libandroid_runtime.so
I/DEBUG   (   89):     bededa14  4003ec75  /system/lib/libc.so
I/DEBUG   (   89):     bededa18  ffffffff  
I/DEBUG   (   89):     bededa1c  00000000  
I/DEBUG   (   89):     bededa20  00000000  
I/DEBUG   (   89):     bededa24  401c6697  /system/lib/libandroid_runtime.so
I/DEBUG   (   89):     bededa28  bededa70  [stack]
I/DEBUG   (   89):     bededa2c  4003f08d  /system/lib/libc.so
I/DEBUG   (   89):     bededa30  df0027ad  
I/DEBUG   (   89):     bededa34  00000000  
I/DEBUG   (   89): #00 bededa38  00000009  
I/DEBUG   (   89):     bededa3c  00000100  
I/DEBUG   (   89):     bededa40  401ae05d  /system/lib/libandroid_runtime.so
I/DEBUG   (   89):     bededa44  2c9e3b2f  
I/DEBUG   (   89):     bededa48  401c6766  /system/lib/libandroid_runtime.so
I/DEBUG   (   89):     bededa4c  fffffbdf  
I/DEBUG   (   89):     bededa50  0000f2c0  [heap]
I/DEBUG   (   89):     bededa54  40868ffd  /system/lib/libdvm.so
I/DEBUG   (   89):     bededa58  0000f2c0  [heap]
I/DEBUG   (   89):     bededa5c  401f865b  /system/lib/libnativehelper.so
I/DEBUG   (   89): #01 bededa60  40868ffd  /system/lib/libdvm.so
I/DEBUG   (   89):     bededa64  401f865b  /system/lib/libnativehelper.so
I/DEBUG   (   89):     bededa68  401d55dc  /system/lib/libandroid_runtime.so
I/DEBUG   (   89):     bededa6c  0000000c  
I/DEBUG   (   89):     bededa70  0000f2c0  [heap]
I/DEBUG   (   89):     bededa74  1d200185  
I/DEBUG   (   89):     bededa78  401d5594  /system/lib/libandroid_runtime.so
I/DEBUG   (   89):     bededa7c  401d61b8  
I/DEBUG   (   89):     bededa80  0000f2c0  [heap]
I/DEBUG   (   89):     bededa84  1d500181  
I/DEBUG   (   89):     bededa88  401c6697  /system/lib/libandroid_runtime.so
I/DEBUG   (   89):     bededa8c  40175877  /system/lib/libandroid_runtime.so
I/DEBUG   (   89):     bededa90  401d61b8  
I/DEBUG   (   89):     bededa94  401ae3ef  /system/lib/libandroid_runtime.so
I/DEBUG   (   89):     bededa98  00000000  
I/DEBUG   (   89):     bededa9c  401cc9b8  /system/lib/libandroid_runtime.so
I/DEBUG   (   89):     bededaa0  0000f2c0  [heap]
I/DEBUG   (   89):     bededaa4  401cca10  /system/lib/libandroid_runtime.so
I/ServiceManager(   86): service 'media.audio_flinger' died
I/ServiceManager(   86): service 'media.player' died
I/ServiceManager(   86): service 'media.camera' died
I/ServiceManager(   86): service 'media.audio_policy' died
I/Netd    (  476): Netd 1.0 starting
D/AndroidRuntime(  477): 
D/AndroidRuntime(  477): >>>>>> AndroidRuntime START com.android.internal.os.ZygoteInit <<<<<<
D/AndroidRuntime(  477): CheckJNI is OFF
I/        (  478): ServiceManager: 0xf958
I/HTC Acoustic(  478): libhtc_acoustic.so version 2.0.0.6.
I/HTC Acoustic(  478): deonvvv gingerbread test.
I/HTC Acoustic(  478): open /system/etc/AudioPara4_WB.csv success.
I/HTC Acoustic(  478): acoustic table version: MAL_WB_20110217
I/HTC Acoustic(  478): read_audio_para_from_file success.
E/HTC Acoustic(  478): Fail to open /system/etc/AudioPara_ALL.csv -1.
I/HTC Acoustic(  478): open /system/etc/AudioPara4.csv success.
I/HTC Acoustic(  478): acoustic table version: MAL_Gerenic_20110509
I/HTC Acoustic(  478): read_audio_para_from_file success.
I/HTC Acoustic(  478): get_audpp_filter
I/HTC Acoustic(  478): open /system/etc/AudioFilter.csv success.
I/HTC Acoustic(  478): MBADRC Filter MBADRC FLAG = ffff.
E/HTC Acoustic(  478): set mbadrc filter error.
I/HTC Acoustic(  478): failed to set audpp parameters, exiting.
I/HTC Acoustic(  478): get_audpre_filter
I/HTC Acoustic(  478): open /system/etc/AudioPreProcess.csv success.
D/AudioHardwareMSM72XX(  478): mNumSndEndpoints = 151
V/AudioHardwareMSM72XX(  478): constructed 151 SND endpoints)
D/AudioHardwareMSM72XX(  478): BT MATCH HANDSET
D/AudioHardwareMSM72XX(  478): BT MATCH SPEAKER
D/AudioHardwareMSM72XX(  478): BT MATCH HEADSET
D/AudioHardwareMSM72XX(  478): BT MATCH BT
D/AudioHardwareMSM72XX(  478): BT MATCH CARKIT
D/AudioHardwareMSM72XX(  478): BT MATCH TTY_FULL
D/AudioHardwareMSM72XX(  478): BT MATCH TTY_VCO
D/AudioHardwareMSM72XX(  478): BT MATCH TTY_HCO
D/AudioHardwareMSM72XX(  478): BT MATCH NO_MIC_HEADSET
D/AudioHardwareMSM72XX(  478): BT MATCH FM_HEADSET
D/AudioHardwareMSM72XX(  478): BT MATCH HEADSET_AND_SPEAKER
D/AudioHardwareMSM72XX(  478): BT MATCH FM_SPEAKER
D/AudioHardwareMSM72XX(  478): BT MATCH BT_EC_OFF
D/AudioHardwareMSM72XX(  478): BT MATCH BT_EC_OFF
D/AudioHardwareMSM72XX(  478): BT MATCH CURRENT
I/AudioFlinger(  478): Loaded primary audio interface from LEGACY Audio HW HAL (audio)
I/AudioFlinger(  478): Using 'LEGACY Audio HW HAL' (audio.primary) as the primary audio interface
I/AudioFlinger(  478): Loaded a2dp audio interface from A2DP Audio HW HAL (audio)
D/AudioHardwareInterface(  478): setMode(NORMAL)
I/AudioHardwareMSM72XX(  478): Set master volume to 5.
I/CameraService(  478): CameraService started (pid=478)
I/AudioFlinger(  478): AudioFlinger's thread 0x16f90 ready to run
W/AudioFlinger(  478): Thread AudioOut_1 cannot connect to the power manager service
V/AudioHardwareMSM72XX(  478): AudioStreamOutMSM72xx::setParameters() routing=2
V/AudioHardwareMSM72XX(  478): set output routing 2
I/AudioHardwareMSM72XX(  478): Routing audio to Speakerphone
V/AudioHardwareMSM72XX(  478): doAudioRouteOrMute() device 1, mMode 0, mMicMute 1
D/AudioHardwareMSM72XX(  478): setVoiceVolume(1.000000)
I/AudioHardwareMSM72XX(  478): Setting in-call volume to 5 (available range is 0 to 5)
I/AudioPolicyService(  478): Loaded audio policy from LEGACY Audio Policy HAL (audio_policy)
W/dalvikvm(  477): Exception Ljava/lang/NoSuchMethodError; thrown while initializing Ljava/lang/NoSuchFieldError;
E/dalvikvm(  477): ERROR: unable to initialize exception class 'Ljava/lang/NoSuchFieldError;'
W/dalvikvm(  477): Exception thrown (Ljava/lang/ExceptionInInitializerError;) while throwing internal exception (Ljava/lang/InternalError;)
I/dalvikvm(  477): Rejecting re-init on previously-failed class Ljava/lang/NoSuchFieldError; v=0x0
W/dalvikvm(  477): Exception thrown (Ljava/lang/ExceptionInInitializerError;) while throwing internal exception (Ljava/lang/NoClassDefFoundError;)
