I/DEBUG   (   89):     bebac72c  4f5f93ef  /system/lib/libwebcore.so
I/ServiceManager(   86): service 'media.audio_flinger' died
I/ServiceManager(   86): service 'media.player' died
I/ServiceManager(   86): service 'media.camera' died
I/ServiceManager(   86): service 'media.audio_policy' died
I/Netd    (  336): Netd 1.0 starting
D/AndroidRuntime(  335): 
D/AndroidRuntime(  335): >>>>>> AndroidRuntime START com.android.internal.os.ZygoteInit <<<<<<
D/AndroidRuntime(  335): CheckJNI is OFF
I/        (  337): ServiceManager: 0xf958
I/HTC Acoustic(  337): libhtc_acoustic.so version 2.0.0.6.
I/HTC Acoustic(  337): deonvvv gingerbread test.
I/HTC Acoustic(  337): open /system/etc/AudioPara4_WB.csv success.
I/HTC Acoustic(  337): acoustic table version: MAL_WB_20110217
I/HTC Acoustic(  337): read_audio_para_from_file success.
E/HTC Acoustic(  337): Fail to open /system/etc/AudioPara_ALL.csv -1.
I/HTC Acoustic(  337): open /system/etc/AudioPara4.csv success.
I/HTC Acoustic(  337): acoustic table version: MAL_Gerenic_20110509
I/HTC Acoustic(  337): read_audio_para_from_file success.
I/HTC Acoustic(  337): get_audpp_filter
I/HTC Acoustic(  337): open /system/etc/AudioFilter.csv success.
I/HTC Acoustic(  337): MBADRC Filter MBADRC FLAG = ffff.
E/HTC Acoustic(  337): set mbadrc filter error.
I/HTC Acoustic(  337): failed to set audpp parameters, exiting.
I/HTC Acoustic(  337): get_audpre_filter
I/HTC Acoustic(  337): open /system/etc/AudioPreProcess.csv success.
D/AudioHardwareMSM72XX(  337): mNumSndEndpoints = 151
V/AudioHardwareMSM72XX(  337): constructed 151 SND endpoints)
D/AudioHardwareMSM72XX(  337): BT MATCH HANDSET
D/AudioHardwareMSM72XX(  337): BT MATCH SPEAKER
D/AudioHardwareMSM72XX(  337): BT MATCH HEADSET
D/AudioHardwareMSM72XX(  337): BT MATCH BT
D/AudioHardwareMSM72XX(  337): BT MATCH CARKIT
D/AudioHardwareMSM72XX(  337): BT MATCH TTY_FULL
D/AudioHardwareMSM72XX(  337): BT MATCH TTY_VCO
D/AudioHardwareMSM72XX(  337): BT MATCH TTY_HCO
D/AudioHardwareMSM72XX(  337): BT MATCH NO_MIC_HEADSET
D/AudioHardwareMSM72XX(  337): BT MATCH FM_HEADSET
D/AudioHardwareMSM72XX(  337): BT MATCH HEADSET_AND_SPEAKER
D/AudioHardwareMSM72XX(  337): BT MATCH FM_SPEAKER
D/AudioHardwareMSM72XX(  337): BT MATCH BT_EC_OFF
D/AudioHardwareMSM72XX(  337): BT MATCH BT_EC_OFF
D/AudioHardwareMSM72XX(  337): BT MATCH CURRENT
I/AudioFlinger(  337): Loaded primary audio interface from LEGACY Audio HW HAL (audio)
I/AudioFlinger(  337): Using 'LEGACY Audio HW HAL' (audio.primary) as the primary audio interface
I/AudioFlinger(  337): Loaded a2dp audio interface from A2DP Audio HW HAL (audio)
D/AudioHardwareInterface(  337): setMode(NORMAL)
I/AudioHardwareMSM72XX(  337): Set master volume to 5.
I/CameraService(  337): CameraService started (pid=337)
I/AudioFlinger(  337): AudioFlinger's thread 0x16f90 ready to run
W/AudioFlinger(  337): Thread AudioOut_1 cannot connect to the power manager service
V/AudioHardwareMSM72XX(  337): AudioStreamOutMSM72xx::setParameters() routing=2
V/AudioHardwareMSM72XX(  337): set output routing 2
I/AudioHardwareMSM72XX(  337): Routing audio to Speakerphone
V/AudioHardwareMSM72XX(  337): doAudioRouteOrMute() device 1, mMode 0, mMicMute 1
D/AudioHardwareMSM72XX(  337): setVoiceVolume(1.000000)
I/AudioHardwareMSM72XX(  337): Setting in-call volume to 5 (available range is 0 to 5)
I/AudioPolicyService(  337): Loaded audio policy from LEGACY Audio Policy HAL (audio_policy)
I/SamplingProfilerIntegration(  335): Profiling disabled.
I/Zygote  (  335): Preloading classes...
D/dalvikvm(  335): GC_EXPLICIT freed 37K, 84% free 410K/2560K, paused 1ms+1ms
D/dalvikvm(  335): GC_EXPLICIT freed 4K, 82% free 474K/2560K, paused 0ms+1ms
D/dalvikvm(  335): GC_EXPLICIT freed 20K, 81% free 510K/2560K, paused 0ms+1ms
D/dalvikvm(  335): GC_EXPLICIT freed 27K, 79% free 537K/2560K, paused 1ms+1ms
D/dalvikvm(  335): GC_EXPLICIT freed 15K, 78% free 577K/2560K, paused 4ms+1ms
D/dalvikvm(  335): GC_EXPLICIT freed 79K, 73% free 707K/2560K, paused 1ms+1ms
D/dalvikvm(  335): GC_EXPLICIT freed 31K, 72% free 731K/2560K, paused 2ms+1ms
D/TextLayoutCache(  335): Using debug level: 0 - Debug Enabled: 0
W/Zygote  (  335): Class not found for preloading: android.media.AudioManager$2
I/dalvikvm(  335): threadid=1: recursive native library load attempt (/system/lib/libmedia_jni.so)
D/MtpDeviceJNI(  335): register_android_mtp_MtpDevice
I/dalvikvm(  335): threadid=1: recursive native library load attempt (/system/lib/libmedia_jni.so)
I/dalvikvm(  335): threadid=1: recursive native library load attempt (/system/lib/libmedia_jni.so)
E/MediaProfilesJNI(  335): native_init
E/MediaProfilesJNI(  335): After native_init lock
E/MediaProfilesJNI(  335): Guru : native_init profiles
E/MediaProfiles(  335): getInstance
E/MediaProfiles(  335): Guru :Else 1
E/MediaProfiles(  335): Guru : quality = 0, index = 1
E/MediaProfiles(  335): Guru : quality = 1, index = 0
E/MediaProfiles(  335): Guru : quality = 0, index = 1
E/MediaProfiles(  335): Guru : quality = 1, index = 0
E/MediaProfiles(  335): getInstance e1d58
E/MediaProfilesJNI(  335): retun sProfiles
E/MediaProfilesJNI(  335): native_init
E/MediaProfilesJNI(  335): After native_init lock
E/MediaProfilesJNI(  335): retun sProfiles
W/Zygote  (  335): Class not found for preloading: android.media.IRemoteControlClientDispatcher
W/Zygote  (  335): Class not found for preloading: android.media.IRemoteControlClientDispatcher$Stub
D/dalvikvm(  335): GC_EXPLICIT freed 24K, 71% free 764K/2560K, paused 2ms+3ms
V/MediaProfilesJNI(  335): native_get_num_video_decoders
V/MediaProfilesJNI(  335): native_get_video_decoder_type: 0
D/dalvikvm(  335): GC_EXPLICIT freed 262K, 56% free 1133K/2560K, paused 1ms+2ms
D/dalvikvm(  335): GC_EXPLICIT freed 27K, 55% free 1161K/2560K, paused 2ms+2ms
D/dalvikvm(  335): GC_EXPLICIT freed 8K, 53% free 1209K/2560K, paused 2ms+5ms
D/dalvikvm(  335): GC_EXPLICIT freed 23K, 51% free 1275K/2560K, paused 6ms+3ms
D/dalvikvm(  335): GC_EXPLICIT freed 48K, 40% free 1555K/2560K, paused 4ms+3ms
W/Zygote  (  335): Class not found for preloading: android.text.TextDirectionHeuristics$CharCount
W/Zygote  (  335): Class not found for preloading: android.text.method.WordIterator$1
D/dalvikvm(  335): GC_EXPLICIT freed 35K, 38% free 1589K/2560K, paused 3ms+3ms
D/dalvikvm(  335): GC_EXPLICIT freed 32K, 38% free 1612K/2560K, paused 4ms+4ms
I/dalvikvm(  335): threadid=1: recursive native library load attempt (/system/lib/libwebcore.so)
D/dalvikvm(  335): No JNI_OnLoad found in /system/lib/libchromium_net.so 0x0, skipping init
E/dalvikvm(  335): ERROR: couldn't find native method
E/dalvikvm(  335): Requested: Landroid/webkit/WebViewCore;.nativeGetTextureGeneratorThreadID:()I
E/JNIHelp (  335): RegisterNatives failed for 'android/webkit/WebViewCore', aborting
F/libc    (  335): Fatal signal 11 (SIGSEGV) at 0xdeadbaad (code=1)
I/DEBUG   (   89): *** *** *** *** *** *** *** *** *** *** *** *** *** *** *** ***
I/DEBUG   (   89): Build fingerprint: 'cyanogenmod/htc_marvel/marvel:4.0.4/ASN01/0.1:user/release-keys'
I/DEBUG   (   89): pid: 335, tid: 335  >>> zygote <<<
I/DEBUG   (   89): signal 11 (SIGSEGV), code 1 (SEGV_MAPERR), fault addr deadbaad
I/DEBUG   (   89):  r0 deadbaad  r1 0000000c  r2 00000027  r3 40000000
I/DEBUG   (   89):  r4 00000000  r5 00000080  r6 4f5fe9a7  r7 bee04718
I/DEBUG   (   89):  r8 40832200  r9 00000006  10 4ba0ce08  fp fffffe50
I/DEBUG   (   89):  ip ffffffff  sp bee046e0  lr 4003ff0f  pc 4003c6c6  cpsr 00000030
I/DEBUG   (   89):  d0  00280000427becd0  d1  3f50624d00193148
I/DEBUG   (   89):  d2  bfd3441350baf6de  d3  3fe555b0aaeac752
I/DEBUG   (   89):  d4  3fbc71c71c71c71c  d5  3fcef049fb9094d1
I/DEBUG   (   89):  d6  49c98a408800759c  d7  000000003f800000
I/DEBUG   (   89):  d8  0000000000000000  d9  0000000000000000
I/DEBUG   (   89):  d10 0000000000000000  d11 0000000000000000
I/DEBUG   (   89):  d12 0000000000000000  d13 0000000000000000
I/DEBUG   (   89):  d14 0000000000000000  d15 0000000000000000
I/DEBUG   (   89):  scr 20000010
I/DEBUG   (   89): 
I/DEBUG   (   89):          #00  pc 000176c6  /system/lib/libc.so
I/DEBUG   (   89):          #01  pc 0000c658  /system/lib/libnativehelper.so (jniRegisterNativeMethods)
I/DEBUG   (   89):          #02  pc 005693ec  /system/lib/libwebcore.so
I/DEBUG   (   89):          #03  pc 0005aff0  /system/lib/libdvm.so (_Z17dvmLoadNativeCodePKcP6ObjectPPc)
I/DEBUG   (   89):          #04  pc 000729f4  /system/lib/libdvm.so
I/DEBUG   (   89):          #05  pc 00030e8c  /system/lib/libdvm.so
I/DEBUG   (   89):          #06  pc 000346dc  /system/lib/libdvm.so (_Z12dvmInterpretP6ThreadPK6MethodP6JValue)
I/DEBUG   (   89):          #07  pc 0006c5f8  /system/lib/libdvm.so (_Z14dvmCallMethodVP6ThreadPK6MethodP6ObjectbP6JValueSt9__va_list)
I/DEBUG   (   89):          #08  pc 0006c616  /system/lib/libdvm.so (_Z13dvmCallMethodP6ThreadPK6MethodP6ObjectP6JValuez)
I/DEBUG   (   89):          #09  pc 000769a2  /system/lib/libdvm.so (dvmInitClass)
I/DEBUG   (   89):          #10  pc 00076b12  /system/lib/libdvm.so (_Z12dvmFindClassPKcP6Object)
I/DEBUG   (   89):          #11  pc 0007072c  /system/lib/libdvm.so (_Z18dvmFindClassByNameP12StringObjectP6Objectb)
I/DEBUG   (   89):          #12  pc 000726d8  /system/lib/libdvm.so
I/DEBUG   (   89):          #13  pc 00030e8c  /system/lib/libdvm.so
I/DEBUG   (   89):          #14  pc 000346dc  /system/lib/libdvm.so (_Z12dvmInterpretP6ThreadPK6MethodP6JValue)
I/DEBUG   (   89):          #15  pc 0006c5f8  /system/lib/libdvm.so (_Z14dvmCallMethodVP6ThreadPK6MethodP6ObjectbP6JValueSt9__va_list)
I/DEBUG   (   89):          #16  pc 000552ba  /system/lib/libdvm.so
I/DEBUG   (   89):          #17  pc 00046024  /system/lib/libandroid_runtime.so
I/DEBUG   (   89):          #18  pc 00046b6c  /system/lib/libandroid_runtime.so (_ZN7android14AndroidRuntime5startEPKcS2_)
I/DEBUG   (   89):          #19  pc 00008f46  /system/bin/app_process
I/DEBUG   (   89):          #20  pc 0001655a  /system/lib/libc.so (__libc_init)
I/DEBUG   (   89):          #21  pc 40004eb4  /system/bin/linker
I/DEBUG   (   89): 
I/DEBUG   (   89): code around pc:
I/DEBUG   (   89): 4003c6a4 1c2bd00c 2d00682d e027d1fb 2a0068da  ..+.-h.-..'..h.*
I/DEBUG   (   89): 4003c6b4 4b16d004 447b2001 47906018 22274814  ...K. {D.`.G.H'"
I/DEBUG   (   89): 4003c6c4 70022580 ef74f7f4 f7f62106 aa01e812  .%.p..t..!......
I/DEBUG   (   89): 4003c6d4 05692400 60546091 20061c11 f7f59401  .$i..`T`... ....
I/DEBUG   (   89): 4003c6e4 a905ebce 20022200 ebd6f7f5 ef60f7f4  .....". ......`.
I/DEBUG   (   89): 
I/DEBUG   (   89): code around lr:
I/DEBUG   (   89): 4003feec 4b0db5f0 447bb083 681c2600 68a59001  ...K..{D.&.h...h
I/DEBUG   (   89): 4003fefc e0086867 5ea8220c dd032800 99011c28  gh...".^.(..(...
I/DEBUG   (   89): 4003ff0c 43064788 3f013554 6824d5f4 d1ee2c00  .G.CT5.?..$h.,..
I/DEBUG   (   89): 4003ff1c 1c30b003 46c0bdf0 000285f2 1c0fb5f0  ..0....F........
I/DEBUG   (   89): 4003ff2c b0891c3d a9064355 604d9103 90064914  =...UC....M`.I..
I/DEBUG   (   89): 
I/DEBUG   (   89): memory map around addr deadbaad:
I/DEBUG   (   89): bede4000-bee05000 [stack]
I/DEBUG   (   89): (no map for address)
I/DEBUG   (   89): (no map above)
I/DEBUG   (   89): 
I/DEBUG   (   89): stack:
I/DEBUG   (   89):     bee046a0  00000001  
I/DEBUG   (   89):     bee046a4  1a8b6a5f  
I/DEBUG   (   89):     bee046a8  4006870c  /system/lib/libc.so
I/DEBUG   (   89):     bee046ac  4006d85c  
I/DEBUG   (   89):     bee046b0  00000000  
I/DEBUG   (   89):     bee046b4  4003ff0f  /system/lib/libc.so
I/DEBUG   (   89):     bee046b8  4f600341  /system/lib/libwebcore.so
I/DEBUG   (   89):     bee046bc  4003ec75  /system/lib/libc.so
I/DEBUG   (   89):     bee046c0  ffffffff  
I/DEBUG   (   89):     bee046c4  00000000  
I/DEBUG   (   89):     bee046c8  00000000  
I/DEBUG   (   89):     bee046cc  4f5fe9a7  /system/lib/libwebcore.so
I/DEBUG   (   89):     bee046d0  bee04718  [stack]
I/DEBUG   (   89):     bee046d4  4003f08d  /system/lib/libc.so
I/DEBUG   (   89):     bee046d8  df0027ad  
I/DEBUG   (   89):     bee046dc  00000000  
I/DEBUG   (   89): #00 bee046e0  0000002a  
I/DEBUG   (   89):     bee046e4  00000100  
I/DEBUG   (   89):     bee046e8  4f317881  /system/lib/libwebcore.so
I/DEBUG   (   89):     bee046ec  1a8b6a5f  
I/DEBUG   (   89):     bee046f0  4f5feb5d  /system/lib/libwebcore.so
I/DEBUG   (   89):     bee046f4  fffffbdf  
I/DEBUG   (   89):     bee046f8  0000f2c0  [heap]
I/DEBUG   (   89):     bee046fc  40868ffd  /system/lib/libdvm.so
I/DEBUG   (   89):     bee04700  0000f2c0  [heap]
I/DEBUG   (   89):     bee04704  401f865b  /system/lib/libnativehelper.so
I/DEBUG   (   89): #01 bee04708  40868ffd  /system/lib/libdvm.so
I/DEBUG   (   89):     bee0470c  401f865b  /system/lib/libnativehelper.so
I/DEBUG   (   89):     bee04710  4f78a400  /system/lib/libwebcore.so
I/DEBUG   (   89):     bee04714  0000003c  
I/DEBUG   (   89):     bee04718  0000f2c0  [heap]
I/DEBUG   (   89):     bee0471c  b3600019  
I/DEBUG   (   89):     bee04720  0000f2c0  [heap]
I/DEBUG   (   89):     bee04724  40869f61  /system/lib/libdvm.so
I/DEBUG   (   89):     bee04728  0000f2c0  [heap]
I/DEBUG   (   89):     bee0472c  4f5f93ef  /system/lib/libwebcore.so
I/ServiceManager(   86): service 'media.audio_flinger' died
I/ServiceManager(   86): service 'media.player' died
I/ServiceManager(   86): service 'media.camera' died
I/ServiceManager(   86): service 'media.audio_policy' died
I/Netd    (  364): Netd 1.0 starting
D/AndroidRuntime(  363): 
D/AndroidRuntime(  363): >>>>>> AndroidRuntime START com.android.internal.os.ZygoteInit <<<<<<
D/AndroidRuntime(  363): CheckJNI is OFF
I/        (  365): ServiceManager: 0xf958
I/HTC Acoustic(  365): libhtc_acoustic.so version 2.0.0.6.
I/HTC Acoustic(  365): deonvvv gingerbread test.
I/HTC Acoustic(  365): open /system/etc/AudioPara4_WB.csv success.
I/HTC Acoustic(  365): acoustic table version: MAL_WB_20110217
I/HTC Acoustic(  365): read_audio_para_from_file success.
E/HTC Acoustic(  365): Fail to open /system/etc/AudioPara_ALL.csv -1.
I/HTC Acoustic(  365): open /system/etc/AudioPara4.csv success.
I/HTC Acoustic(  365): acoustic table version: MAL_Gerenic_20110509
I/HTC Acoustic(  365): read_audio_para_from_file success.
I/HTC Acoustic(  365): get_audpp_filter
I/HTC Acoustic(  365): open /system/etc/AudioFilter.csv success.
I/HTC Acoustic(  365): MBADRC Filter MBADRC FLAG = ffff.
E/HTC Acoustic(  365): set mbadrc filter error.
I/HTC Acoustic(  365): failed to set audpp parameters, exiting.
I/HTC Acoustic(  365): get_audpre_filter
I/HTC Acoustic(  365): open /system/etc/AudioPreProcess.csv success.
D/AudioHardwareMSM72XX(  365): mNumSndEndpoints = 151
V/AudioHardwareMSM72XX(  365): constructed 151 SND endpoints)
D/AudioHardwareMSM72XX(  365): BT MATCH HANDSET
D/AudioHardwareMSM72XX(  365): BT MATCH SPEAKER
D/AudioHardwareMSM72XX(  365): BT MATCH HEADSET
D/AudioHardwareMSM72XX(  365): BT MATCH BT
D/AudioHardwareMSM72XX(  365): BT MATCH CARKIT
D/AudioHardwareMSM72XX(  365): BT MATCH TTY_FULL
D/AudioHardwareMSM72XX(  365): BT MATCH TTY_VCO
D/AudioHardwareMSM72XX(  365): BT MATCH TTY_HCO
D/AudioHardwareMSM72XX(  365): BT MATCH NO_MIC_HEADSET
D/AudioHardwareMSM72XX(  365): BT MATCH FM_HEADSET
D/AudioHardwareMSM72XX(  365): BT MATCH HEADSET_AND_SPEAKER
D/AudioHardwareMSM72XX(  365): BT MATCH FM_SPEAKER
D/AudioHardwareMSM72XX(  365): BT MATCH BT_EC_OFF
D/AudioHardwareMSM72XX(  365): BT MATCH BT_EC_OFF
D/AudioHardwareMSM72XX(  365): BT MATCH CURRENT
I/AudioFlinger(  365): Loaded primary audio interface from LEGACY Audio HW HAL (audio)
I/AudioFlinger(  365): Using 'LEGACY Audio HW HAL' (audio.primary) as the primary audio interface
I/AudioFlinger(  365): Loaded a2dp audio interface from A2DP Audio HW HAL (audio)
D/AudioHardwareInterface(  365): setMode(NORMAL)
I/AudioHardwareMSM72XX(  365): Set master volume to 5.
I/CameraService(  365): CameraService started (pid=365)
I/AudioFlinger(  365): AudioFlinger's thread 0x16f90 ready to run
W/AudioFlinger(  365): Thread AudioOut_1 cannot connect to the power manager service
V/AudioHardwareMSM72XX(  365): AudioStreamOutMSM72xx::setParameters() routing=2
V/AudioHardwareMSM72XX(  365): set output routing 2
I/AudioHardwareMSM72XX(  365): Routing audio to Speakerphone
V/AudioHardwareMSM72XX(  365): doAudioRouteOrMute() device 1, mMode 0, mMicMute 1
D/AudioHardwareMSM72XX(  365): setVoiceVolume(1.000000)
I/AudioHardwareMSM72XX(  365): Setting in-call volume to 5 (available range is 0 to 5)
I/AudioPolicyService(  365): Loaded audio policy from LEGACY Audio Policy HAL (audio_policy)
I/SamplingProfilerIntegration(  363): Profiling disabled.
I/Zygote  (  363): Preloading classes...
D/dalvikvm(  363): GC_EXPLICIT freed 37K, 84% free 410K/2560K, paused 4ms+1ms
D/dalvikvm(  363): GC_EXPLICIT freed 4K, 82% free 474K/2560K, paused 0ms+1ms
D/dalvikvm(  363): GC_EXPLICIT freed 20K, 81% free 510K/2560K, paused 0ms+1ms
D/dalvikvm(  363): GC_EXPLICIT freed 27K, 79% free 537K/2560K, paused 2ms+1ms
D/dalvikvm(  363): GC_EXPLICIT freed 15K, 78% free 577K/2560K, paused 1ms+1ms
D/dalvikvm(  363): GC_EXPLICIT freed 79K, 73% free 707K/2560K, paused 1ms+1ms
D/dalvikvm(  363): GC_EXPLICIT freed 31K, 72% free 731K/2560K, paused 0ms+2ms
D/TextLayoutCache(  363): Using debug level: 0 - Debug Enabled: 0
W/Zygote  (  363): Class not found for preloading: android.media.AudioManager$2
I/dalvikvm(  363): threadid=1: recursive native library load attempt (/system/lib/libmedia_jni.so)
D/MtpDeviceJNI(  363): register_android_mtp_MtpDevice
I/dalvikvm(  363): threadid=1: recursive native library load attempt (/system/lib/libmedia_jni.so)
I/dalvikvm(  363): threadid=1: recursive native library load attempt (/system/lib/libmedia_jni.so)
E/MediaProfilesJNI(  363): native_init
E/MediaProfilesJNI(  363): After native_init lock
E/MediaProfilesJNI(  363): Guru : native_init profiles
E/MediaProfiles(  363): getInstance
E/MediaProfiles(  363): Guru :Else 1
E/MediaProfiles(  363): Guru : quality = 0, index = 1
E/MediaProfiles(  363): Guru : quality = 1, index = 0
E/MediaProfiles(  363): Guru : quality = 0, index = 1
E/MediaProfiles(  363): Guru : quality = 1, index = 0
E/MediaProfiles(  363): getInstance e1d40
E/MediaProfilesJNI(  363): retun sProfiles
E/MediaProfilesJNI(  363): native_init
E/MediaProfilesJNI(  363): After native_init lock
E/MediaProfilesJNI(  363): retun sProfiles
W/Zygote  (  363): Class not found for preloading: android.media.IRemoteControlClientDispatcher
W/Zygote  (  363): Class not found for preloading: android.media.IRemoteControlClientDispatcher$Stub
D/dalvikvm(  363): GC_EXPLICIT freed 24K, 71% free 764K/2560K, paused 1ms+2ms
V/MediaProfilesJNI(  363): native_get_num_video_decoders
V/MediaProfilesJNI(  363): native_get_video_decoder_type: 0
D/dalvikvm(  363): GC_EXPLICIT freed 262K, 56% free 1133K/2560K, paused 1ms+1ms
D/dalvikvm(  363): GC_EXPLICIT freed 27K, 55% free 1161K/2560K, paused 2ms+3ms
D/dalvikvm(  363): GC_EXPLICIT freed 8K, 53% free 1209K/2560K, paused 2ms+2ms
D/dalvikvm(  363): GC_EXPLICIT freed 23K, 51% free 1275K/2560K, paused 2ms+4ms
D/dalvikvm(  363): GC_EXPLICIT freed 48K, 40% free 1555K/2560K, paused 3ms+4ms
W/Zygote  (  363): Class not found for preloading: android.text.TextDirectionHeuristics$CharCount
W/Zygote  (  363): Class not found for preloading: android.text.method.WordIterator$1
D/dalvikvm(  363): GC_EXPLICIT freed 35K, 38% free 1589K/2560K, paused 3ms+3ms
D/dalvikvm(  363): GC_EXPLICIT freed 32K, 38% free 1612K/2560K, paused 3ms+3ms
I/dalvikvm(  363): threadid=1: recursive native library load attempt (/system/lib/libwebcore.so)
D/dalvikvm(  363): No JNI_OnLoad found in /system/lib/libchromium_net.so 0x0, skipping init
E/dalvikvm(  363): ERROR: couldn't find native method
E/dalvikvm(  363): Requested: Landroid/webkit/WebViewCore;.nativeGetTextureGeneratorThreadID:()I
E/JNIHelp (  363): RegisterNatives failed for 'android/webkit/WebViewCore', aborting
F/libc    (  363): Fatal signal 11 (SIGSEGV) at 0xdeadbaad (code=1)
I/DEBUG   (   89): *** *** *** *** *** *** *** *** *** *** *** *** *** *** *** ***
I/DEBUG   (   89): Build fingerprint: 'cyanogenmod/htc_marvel/marvel:4.0.4/ASN01/0.1:user/release-keys'
I/DEBUG   (   89): pid: 363, tid: 363  >>> zygote <<<
I/DEBUG   (   89): signal 11 (SIGSEGV), code 1 (SEGV_MAPERR), fault addr deadbaad
I/DEBUG   (   89):  r0 deadbaad  r1 0000000c  r2 00000027  r3 40000000
I/DEBUG   (   89):  r4 00000000  r5 00000080  r6 4f5fe9a7  r7 bee07718
I/DEBUG   (   89):  r8 40832200  r9 00000006  10 4ba0ce08  fp fffffe50
I/DEBUG   (   89):  ip ffffffff  sp bee076e0  lr 4003ff0f  pc 4003c6c6  cpsr 00000030
I/DEBUG   (   89):  d0  00280000427becd0  d1  3f50624d00193148
I/DEBUG   (   89):  d2  bfd3441350baf6de  d3  3fe555b0aaeac752
I/DEBUG   (   89):  d4  3fbc71c71c71c71c  d5  3fcef049fb9094d1
I/DEBUG   (   89):  d6  49c98a408800759c  d7  000000003f800000
I/DEBUG   (   89):  d8  0000000000000000  d9  0000000000000000
I/DEBUG   (   89):  d10 0000000000000000  d11 0000000000000000
I/DEBUG   (   89):  d12 0000000000000000  d13 0000000000000000
I/DEBUG   (   89):  d14 0000000000000000  d15 0000000000000000
I/DEBUG   (   89):  scr 20000010
I/DEBUG   (   89): 
I/DEBUG   (   89):          #00  pc 000176c6  /system/lib/libc.so
I/DEBUG   (   89):          #01  pc 0000c658  /system/lib/libnativehelper.so (jniRegisterNativeMethods)
I/DEBUG   (   89):          #02  pc 005693ec  /system/lib/libwebcore.so
I/DEBUG   (   89):          #03  pc 0005aff0  /system/lib/libdvm.so (_Z17dvmLoadNativeCodePKcP6ObjectPPc)
I/DEBUG   (   89):          #04  pc 000729f4  /system/lib/libdvm.so
I/DEBUG   (   89):          #05  pc 00030e8c  /system/lib/libdvm.so
I/DEBUG   (   89):          #06  pc 000346dc  /system/lib/libdvm.so (_Z12dvmInterpretP6ThreadPK6MethodP6JValue)
I/DEBUG   (   89):          #07  pc 0006c5f8  /system/lib/libdvm.so (_Z14dvmCallMethodVP6ThreadPK6MethodP6ObjectbP6JValueSt9__va_list)
I/DEBUG   (   89):          #08  pc 0006c616  /system/lib/libdvm.so (_Z13dvmCallMethodP6ThreadPK6MethodP6ObjectP6JValuez)
I/DEBUG   (   89):          #09  pc 000769a2  /system/lib/libdvm.so (dvmInitClass)
I/DEBUG   (   89):          #10  pc 00076b12  /system/lib/libdvm.so (_Z12dvmFindClassPKcP6Object)
I/DEBUG   (   89):          #11  pc 0007072c  /system/lib/libdvm.so (_Z18dvmFindClassByNameP12StringObjectP6Objectb)
I/DEBUG   (   89):          #12  pc 000726d8  /system/lib/libdvm.so
I/DEBUG   (   89):          #13  pc 00030e8c  /system/lib/libdvm.so
I/DEBUG   (   89):          #14  pc 000346dc  /system/lib/libdvm.so (_Z12dvmInterpretP6ThreadPK6MethodP6JValue)
I/DEBUG   (   89):          #15  pc 0006c5f8  /system/lib/libdvm.so (_Z14dvmCallMethodVP6ThreadPK6MethodP6ObjectbP6JValueSt9__va_list)
I/DEBUG   (   89):          #16  pc 000552ba  /system/lib/libdvm.so
I/DEBUG   (   89):          #17  pc 00046024  /system/lib/libandroid_runtime.so
I/DEBUG   (   89):          #18  pc 00046b6c  /system/lib/libandroid_runtime.so (_ZN7android14AndroidRuntime5startEPKcS2_)
I/DEBUG   (   89):          #19  pc 00008f46  /system/bin/app_process
I/DEBUG   (   89):          #20  pc 0001655a  /system/lib/libc.so (__libc_init)
I/DEBUG   (   89):          #21  pc 40004eb4  /system/bin/linker
I/DEBUG   (   89): 
I/DEBUG   (   89): code around pc:
I/DEBUG   (   89): 4003c6a4 1c2bd00c 2d00682d e027d1fb 2a0068da  ..+.-h.-..'..h.*
I/DEBUG   (   89): 4003c6b4 4b16d004 447b2001 47906018 22274814  ...K. {D.`.G.H'"
I/DEBUG   (   89): 4003c6c4 70022580 ef74f7f4 f7f62106 aa01e812  .%.p..t..!......
I/DEBUG   (   89): 4003c6d4 05692400 60546091 20061c11 f7f59401  .$i..`T`... ....
I/DEBUG   (   89): 4003c6e4 a905ebce 20022200 ebd6f7f5 ef60f7f4  .....". ......`.
I/DEBUG   (   89): 
I/DEBUG   (   89): code around lr:
I/DEBUG   (   89): 4003feec 4b0db5f0 447bb083 681c2600 68a59001  ...K..{D.&.h...h
I/DEBUG   (   89): 4003fefc e0086867 5ea8220c dd032800 99011c28  gh...".^.(..(...
I/DEBUG   (   89): 4003ff0c 43064788 3f013554 6824d5f4 d1ee2c00  .G.CT5.?..$h.,..
I/DEBUG   (   89): 4003ff1c 1c30b003 46c0bdf0 000285f2 1c0fb5f0  ..0....F........
I/DEBUG   (   89): 4003ff2c b0891c3d a9064355 604d9103 90064914  =...UC....M`.I..
I/DEBUG   (   89): 
I/DEBUG   (   89): memory map around addr deadbaad:
I/DEBUG   (   89): bede7000-bee08000 [stack]
I/DEBUG   (   89): (no map for address)
I/DEBUG   (   89): (no map above)
I/DEBUG   (   89): 
I/DEBUG   (   89): stack:
I/DEBUG   (   89):     bee076a0  00000001  
I/DEBUG   (   89):     bee076a4  605daa2d  
I/DEBUG   (   89):     bee076a8  4006870c  /system/lib/libc.so
I/DEBUG   (   89):     bee076ac  4006d85c  
I/DEBUG   (   89):     bee076b0  00000000  
I/DEBUG   (   89):     bee076b4  4003ff0f  /system/lib/libc.so
I/DEBUG   (   89):     bee076b8  4f600341  /system/lib/libwebcore.so
I/DEBUG   (   89):     bee076bc  4003ec75  /system/lib/libc.so
I/DEBUG   (   89):     bee076c0  ffffffff  
I/DEBUG   (   89):     bee076c4  00000000  
I/DEBUG   (   89):     bee076c8  00000000  
I/DEBUG   (   89):     bee076cc  4f5fe9a7  /system/lib/libwebcore.so
I/DEBUG   (   89):     bee076d0  bee07718  [stack]
I/DEBUG   (   89):     bee076d4  4003f08d  /system/lib/libc.so
I/DEBUG   (   89):     bee076d8  df0027ad  
I/DEBUG   (   89):     bee076dc  00000000  
I/DEBUG   (   89): #00 bee076e0  0000002a  
I/DEBUG   (   89):     bee076e4  00000100  
I/DEBUG   (   89):     bee076e8  4f317881  /system/lib/libwebcore.so
I/DEBUG   (   89):     bee076ec  605daa2d  
I/DEBUG   (   89):     bee076f0  4f5feb5d  /system/lib/libwebcore.so
I/DEBUG   (   89):     bee076f4  fffffbdf  
I/DEBUG   (   89):     bee076f8  0000f2c0  [heap]
I/DEBUG   (   89):     bee076fc  40868ffd  /system/lib/libdvm.so
I/DEBUG   (   89):     bee07700  0000f2c0  [heap]
I/DEBUG   (   89):     bee07704  401f865b  /system/lib/libnativehelper.so
I/DEBUG   (   89): #01 bee07708  40868ffd  /system/lib/libdvm.so
I/DEBUG   (   89):     bee0770c  401f865b  /system/lib/libnativehelper.so
I/DEBUG   (   89):     bee07710  4f78a400  /system/lib/libwebcore.so
I/DEBUG   (   89):     bee07714  0000003c  
I/DEBUG   (   89):     bee07718  0000f2c0  [heap]
I/DEBUG   (   89):     bee0771c  b3600019  
I/DEBUG   (   89):     bee07720  0000f2c0  [heap]
I/DEBUG   (   89):     bee07724  40869f61  /system/lib/libdvm.so
I/DEBUG   (   89):     bee07728  0000f2c0  [heap]
I/DEBUG   (   89):     bee0772c  4f5f93ef  /system/lib/libwebcore.so
I/ServiceManager(   86): service 'media.audio_flinger' died
I/ServiceManager(   86): service 'media.player' died
I/ServiceManager(   86): service 'media.camera' died
I/ServiceManager(   86): service 'media.audio_policy' died
I/Netd    (  392): Netd 1.0 starting
D/AndroidRuntime(  391): 
D/AndroidRuntime(  391): >>>>>> AndroidRuntime START com.android.internal.os.ZygoteInit <<<<<<
D/AndroidRuntime(  391): CheckJNI is OFF
I/        (  393): ServiceManager: 0xf958
I/HTC Acoustic(  393): libhtc_acoustic.so version 2.0.0.6.
I/HTC Acoustic(  393): deonvvv gingerbread test.
I/HTC Acoustic(  393): open /system/etc/AudioPara4_WB.csv success.
I/HTC Acoustic(  393): acoustic table version: MAL_WB_20110217
I/HTC Acoustic(  393): read_audio_para_from_file success.
E/HTC Acoustic(  393): Fail to open /system/etc/AudioPara_ALL.csv -1.
I/HTC Acoustic(  393): open /system/etc/AudioPara4.csv success.
I/HTC Acoustic(  393): acoustic table version: MAL_Gerenic_20110509
I/HTC Acoustic(  393): read_audio_para_from_file success.
I/HTC Acoustic(  393): get_audpp_filter
I/HTC Acoustic(  393): open /system/etc/AudioFilter.csv success.
I/HTC Acoustic(  393): MBADRC Filter MBADRC FLAG = ffff.
E/HTC Acoustic(  393): set mbadrc filter error.
I/HTC Acoustic(  393): failed to set audpp parameters, exiting.
I/HTC Acoustic(  393): get_audpre_filter
I/HTC Acoustic(  393): open /system/etc/AudioPreProcess.csv success.
D/AudioHardwareMSM72XX(  393): mNumSndEndpoints = 151
V/AudioHardwareMSM72XX(  393): constructed 151 SND endpoints)
D/AudioHardwareMSM72XX(  393): BT MATCH HANDSET
D/AudioHardwareMSM72XX(  393): BT MATCH SPEAKER
D/AudioHardwareMSM72XX(  393): BT MATCH HEADSET
D/AudioHardwareMSM72XX(  393): BT MATCH BT
D/AudioHardwareMSM72XX(  393): BT MATCH CARKIT
D/AudioHardwareMSM72XX(  393): BT MATCH TTY_FULL
D/AudioHardwareMSM72XX(  393): BT MATCH TTY_VCO
D/AudioHardwareMSM72XX(  393): BT MATCH TTY_HCO
D/AudioHardwareMSM72XX(  393): BT MATCH NO_MIC_HEADSET
D/AudioHardwareMSM72XX(  393): BT MATCH FM_HEADSET
D/AudioHardwareMSM72XX(  393): BT MATCH HEADSET_AND_SPEAKER
D/AudioHardwareMSM72XX(  393): BT MATCH FM_SPEAKER
D/AudioHardwareMSM72XX(  393): BT MATCH BT_EC_OFF
D/AudioHardwareMSM72XX(  393): BT MATCH BT_EC_OFF
D/AudioHardwareMSM72XX(  393): BT MATCH CURRENT
I/AudioFlinger(  393): Loaded primary audio interface from LEGACY Audio HW HAL (audio)
I/AudioFlinger(  393): Using 'LEGACY Audio HW HAL' (audio.primary) as the primary audio interface
I/AudioFlinger(  393): Loaded a2dp audio interface from A2DP Audio HW HAL (audio)
D/AudioHardwareInterface(  393): setMode(NORMAL)
I/AudioHardwareMSM72XX(  393): Set master volume to 5.
I/CameraService(  393): CameraService started (pid=393)
I/AudioFlinger(  393): AudioFlinger's thread 0x16f90 ready to run
W/AudioFlinger(  393): Thread AudioOut_1 cannot connect to the power manager service
V/AudioHardwareMSM72XX(  393): AudioStreamOutMSM72xx::setParameters() routing=2
V/AudioHardwareMSM72XX(  393): set output routing 2
I/AudioHardwareMSM72XX(  393): Routing audio to Speakerphone
V/AudioHardwareMSM72XX(  393): doAudioRouteOrMute() device 1, mMode 0, mMicMute 1
D/AudioHardwareMSM72XX(  393): setVoiceVolume(1.000000)
I/AudioHardwareMSM72XX(  393): Setting in-call volume to 5 (available range is 0 to 5)
I/AudioPolicyService(  393): Loaded audio policy from LEGACY Audio Policy HAL (audio_policy)
I/SamplingProfilerIntegration(  391): Profiling disabled.
I/Zygote  (  391): Preloading classes...
D/dalvikvm(  391): GC_EXPLICIT freed 37K, 84% free 410K/2560K, paused 0ms+1ms
D/dalvikvm(  391): GC_EXPLICIT freed 4K, 82% free 474K/2560K, paused 0ms+1ms
D/dalvikvm(  391): GC_EXPLICIT freed 20K, 81% free 510K/2560K, paused 1ms+1ms
D/dalvikvm(  391): GC_EXPLICIT freed 27K, 79% free 537K/2560K, paused 0ms+1ms
D/dalvikvm(  391): GC_EXPLICIT freed 15K, 78% free 577K/2560K, paused 1ms+1ms
D/dalvikvm(  391): GC_EXPLICIT freed 79K, 73% free 707K/2560K, paused 1ms+1ms
D/dalvikvm(  391): GC_EXPLICIT freed 31K, 72% free 731K/2560K, paused 1ms+2ms
D/TextLayoutCache(  391): Using debug level: 0 - Debug Enabled: 0
W/Zygote  (  391): Class not found for preloading: android.media.AudioManager$2
I/dalvikvm(  391): threadid=1: recursive native library load attempt (/system/lib/libmedia_jni.so)
D/MtpDeviceJNI(  391): register_android_mtp_MtpDevice
I/dalvikvm(  391): threadid=1: recursive native library load attempt (/system/lib/libmedia_jni.so)
I/dalvikvm(  391): threadid=1: recursive native library load attempt (/system/lib/libmedia_jni.so)
E/MediaProfilesJNI(  391): native_init
E/MediaProfilesJNI(  391): After native_init lock
E/MediaProfilesJNI(  391): Guru : native_init profiles
E/MediaProfiles(  391): getInstance
E/MediaProfiles(  391): Guru :Else 1
E/MediaProfiles(  391): Guru : quality = 0, index = 1
E/MediaProfiles(  391): Guru : quality = 1, index = 0
E/MediaProfiles(  391): Guru : quality = 0, index = 1
E/MediaProfiles(  391): Guru : quality = 1, index = 0
E/MediaProfiles(  391): getInstance e1d40
E/MediaProfilesJNI(  391): retun sProfiles
E/MediaProfilesJNI(  391): native_init
E/MediaProfilesJNI(  391): After native_init lock
E/MediaProfilesJNI(  391): retun sProfiles
W/Zygote  (  391): Class not found for preloading: android.media.IRemoteControlClientDispatcher
W/Zygote  (  391): Class not found for preloading: android.media.IRemoteControlClientDispatcher$Stub
D/dalvikvm(  391): GC_EXPLICIT freed 24K, 71% free 764K/2560K, paused 2ms+1ms
V/MediaProfilesJNI(  391): native_get_num_video_decoders
V/MediaProfilesJNI(  391): native_get_video_decoder_type: 0
D/dalvikvm(  391): GC_EXPLICIT freed 262K, 56% free 1133K/2560K, paused 1ms+4ms
D/dalvikvm(  391): GC_EXPLICIT freed 27K, 55% free 1161K/2560K, paused 1ms+5ms
D/dalvikvm(  391): GC_EXPLICIT freed 8K, 53% free 1209K/2560K, paused 2ms+4ms
D/dalvikvm(  391): GC_EXPLICIT freed 23K, 51% free 1275K/2560K, paused 2ms+2ms
D/dalvikvm(  391): GC_EXPLICIT freed 48K, 40% free 1555K/2560K, paused 2ms+4ms
W/Zygote  (  391): Class not found for preloading: android.text.TextDirectionHeuristics$CharCount
W/Zygote  (  391): Class not found for preloading: android.text.method.WordIterator$1
D/dalvikvm(  391): GC_EXPLICIT freed 35K, 38% free 1589K/2560K, paused 6ms+3ms
D/dalvikvm(  391): GC_EXPLICIT freed 32K, 38% free 1612K/2560K, paused 3ms+4ms
I/dalvikvm(  391): threadid=1: recursive native library load attempt (/system/lib/libwebcore.so)
D/dalvikvm(  391): No JNI_OnLoad found in /system/lib/libchromium_net.so 0x0, skipping init
E/dalvikvm(  391): ERROR: couldn't find native method
E/dalvikvm(  391): Requested: Landroid/webkit/WebViewCore;.nativeGetTextureGeneratorThreadID:()I
E/JNIHelp (  391): RegisterNatives failed for 'android/webkit/WebViewCore', aborting
F/libc    (  391): Fatal signal 11 (SIGSEGV) at 0xdeadbaad (code=1)
I/DEBUG   (   89): *** *** *** *** *** *** *** *** *** *** *** *** *** *** *** ***
I/DEBUG   (   89): Build fingerprint: 'cyanogenmod/htc_marvel/marvel:4.0.4/ASN01/0.1:user/release-keys'
I/DEBUG   (   89): pid: 391, tid: 391  >>> zygote <<<
I/DEBUG   (   89): signal 11 (SIGSEGV), code 1 (SEGV_MAPERR), fault addr deadbaad
I/DEBUG   (   89):  r0 deadbaad  r1 0000000c  r2 00000027  r3 40000000
I/DEBUG   (   89):  r4 00000000  r5 00000080  r6 4f5fe9a7  r7 be81a718
I/DEBUG   (   89):  r8 40832200  r9 00000006  10 4ba0ce08  fp fffffe50
I/DEBUG   (   89):  ip ffffffff  sp be81a6e0  lr 4003ff0f  pc 4003c6c6  cpsr 00000030
I/DEBUG   (   89):  d0  00280000427becd0  d1  3f50624d00193148
I/DEBUG   (   89):  d2  bfd3441350baf6de  d3  3fe555b0aaeac752
I/DEBUG   (   89):  d4  3fbc71c71c71c71c  d5  3fcef049fb9094d1
I/DEBUG   (   89):  d6  49c98a408800759c  d7  000000003f800000
I/DEBUG   (   89):  d8  0000000000000000  d9  0000000000000000
I/DEBUG   (   89):  d10 0000000000000000  d11 0000000000000000
I/DEBUG   (   89):  d12 0000000000000000  d13 0000000000000000
I/DEBUG   (   89):  d14 0000000000000000  d15 0000000000000000
I/DEBUG   (   89):  scr 20000010
I/DEBUG   (   89): 
I/DEBUG   (   89):          #00  pc 000176c6  /system/lib/libc.so
I/DEBUG   (   89):          #01  pc 0000c658  /system/lib/libnativehelper.so (jniRegisterNativeMethods)
I/DEBUG   (   89):          #02  pc 005693ec  /system/lib/libwebcore.so
I/DEBUG   (   89):          #03  pc 0005aff0  /system/lib/libdvm.so (_Z17dvmLoadNativeCodePKcP6ObjectPPc)
I/DEBUG   (   89):          #04  pc 000729f4  /system/lib/libdvm.so
I/DEBUG   (   89):          #05  pc 00030e8c  /system/lib/libdvm.so
I/DEBUG   (   89):          #06  pc 000346dc  /system/lib/libdvm.so (_Z12dvmInterpretP6ThreadPK6MethodP6JValue)
I/DEBUG   (   89):          #07  pc 0006c5f8  /system/lib/libdvm.so (_Z14dvmCallMethodVP6ThreadPK6MethodP6ObjectbP6JValueSt9__va_list)
I/DEBUG   (   89):          #08  pc 0006c616  /system/lib/libdvm.so (_Z13dvmCallMethodP6ThreadPK6MethodP6ObjectP6JValuez)
I/DEBUG   (   89):          #09  pc 000769a2  /system/lib/libdvm.so (dvmInitClass)
I/DEBUG   (   89):          #10  pc 00076b12  /system/lib/libdvm.so (_Z12dvmFindClassPKcP6Object)
I/DEBUG   (   89):          #11  pc 0007072c  /system/lib/libdvm.so (_Z18dvmFindClassByNameP12StringObjectP6Objectb)
I/DEBUG   (   89):          #12  pc 000726d8  /system/lib/libdvm.so
I/DEBUG   (   89):          #13  pc 00030e8c  /system/lib/libdvm.so
I/DEBUG   (   89):          #14  pc 000346dc  /system/lib/libdvm.so (_Z12dvmInterpretP6ThreadPK6MethodP6JValue)
I/DEBUG   (   89):          #15  pc 0006c5f8  /system/lib/libdvm.so (_Z14dvmCallMethodVP6ThreadPK6MethodP6ObjectbP6JValueSt9__va_list)
I/DEBUG   (   89):          #16  pc 000552ba  /system/lib/libdvm.so
I/DEBUG   (   89):          #17  pc 00046024  /system/lib/libandroid_runtime.so
I/DEBUG   (   89):          #18  pc 00046b6c  /system/lib/libandroid_runtime.so (_ZN7android14AndroidRuntime5startEPKcS2_)
I/DEBUG   (   89):          #19  pc 00008f46  /system/bin/app_process
I/DEBUG   (   89):          #20  pc 0001655a  /system/lib/libc.so (__libc_init)
I/DEBUG   (   89):          #21  pc 40004eb4  /system/bin/linker
I/DEBUG   (   89): 
I/DEBUG   (   89): code around pc:
I/DEBUG   (   89): 4003c6a4 1c2bd00c 2d00682d e027d1fb 2a0068da  ..+.-h.-..'..h.*
I/DEBUG   (   89): 4003c6b4 4b16d004 447b2001 47906018 22274814  ...K. {D.`.G.H'"
I/DEBUG   (   89): 4003c6c4 70022580 ef74f7f4 f7f62106 aa01e812  .%.p..t..!......
I/DEBUG   (   89): 4003c6d4 05692400 60546091 20061c11 f7f59401  .$i..`T`... ....
I/DEBUG   (   89): 4003c6e4 a905ebce 20022200 ebd6f7f5 ef60f7f4  .....". ......`.
I/DEBUG   (   89): 
I/DEBUG   (   89): code around lr:
I/DEBUG   (   89): 4003feec 4b0db5f0 447bb083 681c2600 68a59001  ...K..{D.&.h...h
I/DEBUG   (   89): 4003fefc e0086867 5ea8220c dd032800 99011c28  gh...".^.(..(...
I/DEBUG   (   89): 4003ff0c 43064788 3f013554 6824d5f4 d1ee2c00  .G.CT5.?..$h.,..
I/DEBUG   (   89): 4003ff1c 1c30b003 46c0bdf0 000285f2 1c0fb5f0  ..0....F........
I/DEBUG   (   89): 4003ff2c b0891c3d a9064355 604d9103 90064914  =...UC....M`.I..
I/DEBUG   (   89): 
I/DEBUG   (   89): memory map around addr deadbaad:
I/DEBUG   (   89): be7fa000-be81b000 [stack]
I/DEBUG   (   89): (no map for address)
I/DEBUG   (   89): (no map above)
I/DEBUG   (   89): 
I/DEBUG   (   89): stack:
I/DEBUG   (   89):     be81a6a0  00000001  
I/DEBUG   (   89):     be81a6a4  12648643  
I/DEBUG   (   89):     be81a6a8  4006870c  /system/lib/libc.so
I/DEBUG   (   89):     be81a6ac  4006d85c  
I/DEBUG   (   89):     be81a6b0  00000000  
I/DEBUG   (   89):     be81a6b4  4003ff0f  /system/lib/libc.so
I/DEBUG   (   89):     be81a6b8  4f600341  /system/lib/libwebcore.so
I/DEBUG   (   89):     be81a6bc  4003ec75  /system/lib/libc.so
I/DEBUG   (   89):     be81a6c0  ffffffff  
I/DEBUG   (   89):     be81a6c4  00000000  
I/DEBUG   (   89):     be81a6c8  00000000  
I/DEBUG   (   89):     be81a6cc  4f5fe9a7  /system/lib/libwebcore.so
I/DEBUG   (   89):     be81a6d0  be81a718  [stack]
I/DEBUG   (   89):     be81a6d4  4003f08d  /system/lib/libc.so
I/DEBUG   (   89):     be81a6d8  df0027ad  
I/DEBUG   (   89):     be81a6dc  00000000  
I/DEBUG   (   89): #00 be81a6e0  0000002a  
I/DEBUG   (   89):     be81a6e4  00000100  
I/DEBUG   (   89):     be81a6e8  4f317881  /system/lib/libwebcore.so
I/DEBUG   (   89):     be81a6ec  12648643  
I/DEBUG   (   89):     be81a6f0  4f5feb5d  /system/lib/libwebcore.so
I/DEBUG   (   89):     be81a6f4  fffffbdf  
I/DEBUG   (   89):     be81a6f8  0000f2c0  [heap]
I/DEBUG   (   89):     be81a6fc  40868ffd  /system/lib/libdvm.so
I/DEBUG   (   89):     be81a700  0000f2c0  [heap]
I/DEBUG   (   89):     be81a704  401f865b  /system/lib/libnativehelper.so
I/DEBUG   (   89): #01 be81a708  40868ffd  /system/lib/libdvm.so
I/DEBUG   (   89):     be81a70c  401f865b  /system/lib/libnativehelper.so
I/DEBUG   (   89):     be81a710  4f78a400  /system/lib/libwebcore.so
I/DEBUG   (   89):     be81a714  0000003c  
I/DEBUG   (   89):     be81a718  0000f2c0  [heap]
I/DEBUG   (   89):     be81a71c  b3600019  
I/DEBUG   (   89):     be81a720  0000f2c0  [heap]
I/DEBUG   (   89):     be81a724  40869f61  /system/lib/libdvm.so
I/DEBUG   (   89):     be81a728  0000f2c0  [heap]
I/DEBUG   (   89):     be81a72c  4f5f93ef  /system/lib/libwebcore.so
I/ServiceManager(   86): service 'media.audio_flinger' died
I/ServiceManager(   86): service 'media.player' died
I/ServiceManager(   86): service 'media.camera' died
I/ServiceManager(   86): service 'media.audio_policy' died
I/Netd    (  420): Netd 1.0 starting
D/AndroidRuntime(  419): 
D/AndroidRuntime(  419): >>>>>> AndroidRuntime START com.android.internal.os.ZygoteInit <<<<<<
D/AndroidRuntime(  419): CheckJNI is OFF
I/        (  421): ServiceManager: 0xf958
I/HTC Acoustic(  421): libhtc_acoustic.so version 2.0.0.6.
I/HTC Acoustic(  421): deonvvv gingerbread test.
I/HTC Acoustic(  421): open /system/etc/AudioPara4_WB.csv success.
I/HTC Acoustic(  421): acoustic table version: MAL_WB_20110217
I/HTC Acoustic(  421): read_audio_para_from_file success.
E/HTC Acoustic(  421): Fail to open /system/etc/AudioPara_ALL.csv -1.
I/HTC Acoustic(  421): open /system/etc/AudioPara4.csv success.
I/HTC Acoustic(  421): acoustic table version: MAL_Gerenic_20110509
I/HTC Acoustic(  421): read_audio_para_from_file success.
I/HTC Acoustic(  421): get_audpp_filter
I/HTC Acoustic(  421): open /system/etc/AudioFilter.csv success.
I/HTC Acoustic(  421): MBADRC Filter MBADRC FLAG = ffff.
E/HTC Acoustic(  421): set mbadrc filter error.
I/HTC Acoustic(  421): failed to set audpp parameters, exiting.
I/HTC Acoustic(  421): get_audpre_filter
I/HTC Acoustic(  421): open /system/etc/AudioPreProcess.csv success.
D/AudioHardwareMSM72XX(  421): mNumSndEndpoints = 151
V/AudioHardwareMSM72XX(  421): constructed 151 SND endpoints)
D/AudioHardwareMSM72XX(  421): BT MATCH HANDSET
D/AudioHardwareMSM72XX(  421): BT MATCH SPEAKER
D/AudioHardwareMSM72XX(  421): BT MATCH HEADSET
D/AudioHardwareMSM72XX(  421): BT MATCH BT
D/AudioHardwareMSM72XX(  421): BT MATCH CARKIT
D/AudioHardwareMSM72XX(  421): BT MATCH TTY_FULL
D/AudioHardwareMSM72XX(  421): BT MATCH TTY_VCO
D/AudioHardwareMSM72XX(  421): BT MATCH TTY_HCO
D/AudioHardwareMSM72XX(  421): BT MATCH NO_MIC_HEADSET
D/AudioHardwareMSM72XX(  421): BT MATCH FM_HEADSET
D/AudioHardwareMSM72XX(  421): BT MATCH HEADSET_AND_SPEAKER
D/AudioHardwareMSM72XX(  421): BT MATCH FM_SPEAKER
D/AudioHardwareMSM72XX(  421): BT MATCH BT_EC_OFF
D/AudioHardwareMSM72XX(  421): BT MATCH BT_EC_OFF
D/AudioHardwareMSM72XX(  421): BT MATCH CURRENT
I/AudioFlinger(  421): Loaded primary audio interface from LEGACY Audio HW HAL (audio)
I/AudioFlinger(  421): Using 'LEGACY Audio HW HAL' (audio.primary) as the primary audio interface
I/AudioFlinger(  421): Loaded a2dp audio interface from A2DP Audio HW HAL (audio)
D/AudioHardwareInterface(  421): setMode(NORMAL)
I/AudioHardwareMSM72XX(  421): Set master volume to 5.
I/CameraService(  421): CameraService started (pid=421)
I/AudioFlinger(  421): AudioFlinger's thread 0x16f90 ready to run
W/AudioFlinger(  421): Thread AudioOut_1 cannot connect to the power manager service
V/AudioHardwareMSM72XX(  421): AudioStreamOutMSM72xx::setParameters() routing=2
V/AudioHardwareMSM72XX(  421): set output routing 2
I/AudioHardwareMSM72XX(  421): Routing audio to Speakerphone
V/AudioHardwareMSM72XX(  421): doAudioRouteOrMute() device 1, mMode 0, mMicMute 1
D/AudioHardwareMSM72XX(  421): setVoiceVolume(1.000000)
I/AudioHardwareMSM72XX(  421): Setting in-call volume to 5 (available range is 0 to 5)
I/AudioPolicyService(  421): Loaded audio policy from LEGACY Audio Policy HAL (audio_policy)
I/SamplingProfilerIntegration(  419): Profiling disabled.
I/Zygote  (  419): Preloading classes...
D/dalvikvm(  419): GC_EXPLICIT freed 37K, 84% free 410K/2560K, paused 0ms+1ms
D/dalvikvm(  419): GC_EXPLICIT freed 4K, 82% free 474K/2560K, paused 1ms+1ms
D/dalvikvm(  419): GC_EXPLICIT freed 20K, 81% free 510K/2560K, paused 0ms+1ms
D/dalvikvm(  419): GC_EXPLICIT freed 27K, 79% free 537K/2560K, paused 1ms+1ms
D/dalvikvm(  419): GC_EXPLICIT freed 15K, 78% free 577K/2560K, paused 1ms+1ms
D/dalvikvm(  419): GC_EXPLICIT freed 79K, 73% free 707K/2560K, paused 1ms+1ms
D/dalvikvm(  419): GC_EXPLICIT freed 31K, 72% free 731K/2560K, paused 0ms+1ms
D/TextLayoutCache(  419): Using debug level: 0 - Debug Enabled: 0
W/Zygote  (  419): Class not found for preloading: android.media.AudioManager$2
I/dalvikvm(  419): threadid=1: recursive native library load attempt (/system/lib/libmedia_jni.so)
D/MtpDeviceJNI(  419): register_android_mtp_MtpDevice
I/dalvikvm(  419): threadid=1: recursive native library load attempt (/system/lib/libmedia_jni.so)
I/dalvikvm(  419): threadid=1: recursive native library load attempt (/system/lib/libmedia_jni.so)
E/MediaProfilesJNI(  419): native_init
E/MediaProfilesJNI(  419): After native_init lock
E/MediaProfilesJNI(  419): Guru : native_init profiles
E/MediaProfiles(  419): getInstance
E/MediaProfiles(  419): Guru :Else 1
E/MediaProfiles(  419): Guru : quality = 0, index = 1
E/MediaProfiles(  419): Guru : quality = 1, index = 0
E/MediaProfiles(  419): Guru : quality = 0, index = 1
E/MediaProfiles(  419): Guru : quality = 1, index = 0
E/MediaProfiles(  419): getInstance e1d40
E/MediaProfilesJNI(  419): retun sProfiles
E/MediaProfilesJNI(  419): native_init
E/MediaProfilesJNI(  419): After native_init lock
E/MediaProfilesJNI(  419): retun sProfiles
W/Zygote  (  419): Class not found for preloading: android.media.IRemoteControlClientDispatcher
W/Zygote  (  419): Class not found for preloading: android.media.IRemoteControlClientDispatcher$Stub
D/dalvikvm(  419): GC_EXPLICIT freed 24K, 71% free 764K/2560K, paused 1ms+1ms
V/MediaProfilesJNI(  419): native_get_num_video_decoders
V/MediaProfilesJNI(  419): native_get_video_decoder_type: 0
D/dalvikvm(  419): GC_EXPLICIT freed 262K, 56% free 1133K/2560K, paused 1ms+1ms
D/dalvikvm(  419): GC_EXPLICIT freed 27K, 55% free 1161K/2560K, paused 2ms+2ms
D/dalvikvm(  419): GC_EXPLICIT freed 8K, 53% free 1209K/2560K, paused 2ms+2ms
D/dalvikvm(  419): GC_EXPLICIT freed 23K, 51% free 1275K/2560K, paused 2ms+6ms
D/dalvikvm(  419): GC_EXPLICIT freed 48K, 40% free 1555K/2560K, paused 2ms+3ms
W/Zygote  (  419): Class not found for preloading: android.text.TextDirectionHeuristics$CharCount
W/Zygote  (  419): Class not found for preloading: android.text.method.WordIterator$1
D/dalvikvm(  419): GC_EXPLICIT freed 35K, 38% free 1589K/2560K, paused 3ms+3ms
D/dalvikvm(  419): GC_EXPLICIT freed 32K, 38% free 1612K/2560K, paused 3ms+4ms
I/dalvikvm(  419): threadid=1: recursive native library load attempt (/system/lib/libwebcore.so)
D/dalvikvm(  419): No JNI_OnLoad found in /system/lib/libchromium_net.so 0x0, skipping init
E/dalvikvm(  419): ERROR: couldn't find native method
E/dalvikvm(  419): Requested: Landroid/webkit/WebViewCore;.nativeGetTextureGeneratorThreadID:()I
E/JNIHelp (  419): RegisterNatives failed for 'android/webkit/WebViewCore', aborting
F/libc    (  419): Fatal signal 11 (SIGSEGV) at 0xdeadbaad (code=1)
I/DEBUG   (   89): *** *** *** *** *** *** *** *** *** *** *** *** *** *** *** ***
I/DEBUG   (   89): Build fingerprint: 'cyanogenmod/htc_marvel/marvel:4.0.4/ASN01/0.1:user/release-keys'
I/DEBUG   (   89): pid: 419, tid: 419  >>> zygote <<<
I/DEBUG   (   89): signal 11 (SIGSEGV), code 1 (SEGV_MAPERR), fault addr deadbaad
I/DEBUG   (   89):  r0 deadbaad  r1 0000000c  r2 00000027  r3 40000000
I/DEBUG   (   89):  r4 00000000  r5 00000080  r6 4f5fe9a7  r7 bea1b718
I/DEBUG   (   89):  r8 40832200  r9 00000006  10 4ba0ce08  fp fffffe50
I/DEBUG   (   89):  ip ffffffff  sp bea1b6e0  lr 4003ff0f  pc 4003c6c6  cpsr 00000030
I/DEBUG   (   89):  d0  00280000427becd0  d1  3f50624d00193148
I/DEBUG   (   89):  d2  bfd3441350baf6de  d3  3fe555b0aaeac752
I/DEBUG   (   89):  d4  3fbc71c71c71c71c  d5  3fcef049fb9094d1
I/DEBUG   (   89):  d6  49c98a408800759c  d7  000000003f800000
I/DEBUG   (   89):  d8  0000000000000000  d9  0000000000000000
I/DEBUG   (   89):  d10 0000000000000000  d11 0000000000000000
I/DEBUG   (   89):  d12 0000000000000000  d13 0000000000000000
I/DEBUG   (   89):  d14 0000000000000000  d15 0000000000000000
I/DEBUG   (   89):  scr 20000010
I/DEBUG   (   89): 
I/DEBUG   (   89):          #00  pc 000176c6  /system/lib/libc.so
I/DEBUG   (   89):          #01  pc 0000c658  /system/lib/libnativehelper.so (jniRegisterNativeMethods)
I/DEBUG   (   89):          #02  pc 005693ec  /system/lib/libwebcore.so
I/DEBUG   (   89):          #03  pc 0005aff0  /system/lib/libdvm.so (_Z17dvmLoadNativeCodePKcP6ObjectPPc)
I/DEBUG   (   89):          #04  pc 000729f4  /system/lib/libdvm.so
I/DEBUG   (   89):          #05  pc 00030e8c  /system/lib/libdvm.so
I/DEBUG   (   89):          #06  pc 000346dc  /system/lib/libdvm.so (_Z12dvmInterpretP6ThreadPK6MethodP6JValue)
I/DEBUG   (   89):          #07  pc 0006c5f8  /system/lib/libdvm.so (_Z14dvmCallMethodVP6ThreadPK6MethodP6ObjectbP6JValueSt9__va_list)
I/DEBUG   (   89):          #08  pc 0006c616  /system/lib/libdvm.so (_Z13dvmCallMethodP6ThreadPK6MethodP6ObjectP6JValuez)
I/DEBUG   (   89):          #09  pc 000769a2  /system/lib/libdvm.so (dvmInitClass)
I/DEBUG   (   89):          #10  pc 00076b12  /system/lib/libdvm.so (_Z12dvmFindClassPKcP6Object)
I/DEBUG   (   89):          #11  pc 0007072c  /system/lib/libdvm.so (_Z18dvmFindClassByNameP12StringObjectP6Objectb)
I/DEBUG   (   89):          #12  pc 000726d8  /system/lib/libdvm.so
I/DEBUG   (   89):          #13  pc 00030e8c  /system/lib/libdvm.so
I/DEBUG   (   89):          #14  pc 000346dc  /system/lib/libdvm.so (_Z12dvmInterpretP6ThreadPK6MethodP6JValue)
I/DEBUG   (   89):          #15  pc 0006c5f8  /system/lib/libdvm.so (_Z14dvmCallMethodVP6ThreadPK6MethodP6ObjectbP6JValueSt9__va_list)
I/DEBUG   (   89):          #16  pc 000552ba  /system/lib/libdvm.so
I/DEBUG   (   89):          #17  pc 00046024  /system/lib/libandroid_runtime.so
I/DEBUG   (   89):          #18  pc 00046b6c  /system/lib/libandroid_runtime.so (_ZN7android14AndroidRuntime5startEPKcS2_)
I/DEBUG   (   89):          #19  pc 00008f46  /system/bin/app_process
I/DEBUG   (   89):          #20  pc 0001655a  /system/lib/libc.so (__libc_init)
I/DEBUG   (   89):          #21  pc 40004eb4  /system/bin/linker
I/DEBUG   (   89): 
I/DEBUG   (   89): code around pc:
I/DEBUG   (   89): 4003c6a4 1c2bd00c 2d00682d e027d1fb 2a0068da  ..+.-h.-..'..h.*
I/DEBUG   (   89): 4003c6b4 4b16d004 447b2001 47906018 22274814  ...K. {D.`.G.H'"
I/DEBUG   (   89): 4003c6c4 70022580 ef74f7f4 f7f62106 aa01e812  .%.p..t..!......
I/DEBUG   (   89): 4003c6d4 05692400 60546091 20061c11 f7f59401  .$i..`T`... ....
I/DEBUG   (   89): 4003c6e4 a905ebce 20022200 ebd6f7f5 ef60f7f4  .....". ......`.
I/DEBUG   (   89): 
I/DEBUG   (   89): code around lr:
I/DEBUG   (   89): 4003feec 4b0db5f0 447bb083 681c2600 68a59001  ...K..{D.&.h...h
