E/AndroidRuntime(  167): 	at miui.util.HapticFeedbackUtil$SettingsObserver.observe(HapticFeedbackUtil.java:92)
E/AndroidRuntime(  167): 	at miui.util.HapticFeedbackUtil.<init>(HapticFeedbackUtil.java:75)
E/AndroidRuntime(  167): 	at com.android.internal.policy.impl.MiuiPhoneWindowManager.init(MiuiPhoneWindowManager.java:106)
E/AndroidRuntime(  167): 	at com.android.server.wm.WindowManagerService$PolicyThread.run(WindowManagerService.java:737)
I/Process (  167): Sending signal. PID: 167 SIG: 9
I/ServiceManager(   86): service 'permission' died
I/ServiceManager(   86): service 'activity' died
I/ServiceManager(   86): service 'content' died
I/ServiceManager(   86): service 'account' died
I/ServiceManager(   86): service 'entropy' died
I/ServiceManager(   86): service 'cpuinfo' died
I/ServiceManager(   86): service 'power' died
I/ServiceManager(   86): service 'sensorservice' died
I/ServiceManager(   86): service 'meminfo' died
I/ServiceManager(   86): service 'alarm' died
I/ServiceManager(   86): service 'batteryinfo' died
I/ServiceManager(   86): service 'package' died
I/ServiceManager(   86): service 'battery' died
I/ServiceManager(   86): service 'gfxinfo' died
I/ServiceManager(   86): service 'telephony.registry' died
I/ServiceManager(   86): service 'usagestats' died
I/ServiceManager(   86): service 'hardware' died
I/ServiceManager(   86): service 'vibrator' died
E/installd(   96): eof
E/installd(   96): failed to read size
I/installd(   96): closing connection
I/Zygote  (   92): Exit zygote because system server (167) has terminated
E/OMXCodec(   94): Attempting to allocate OMX node 'OMX.google.vorbis.decoder'
E/OMXCodec(   94): Successfully allocated OMX node 'OMX.google.vorbis.decoder'
I/ServiceManager(   86): service 'media.audio_flinger' died
I/ServiceManager(   86): service 'media.player' died
I/ServiceManager(   86): service 'media.camera' died
I/ServiceManager(   86): service 'media.audio_policy' died
I/Netd    (  223): Netd 1.0 starting
D/AK8975  (   98): Compass CLOSE 
D/AndroidRuntime(  222): 
D/AndroidRuntime(  222): >>>>>> AndroidRuntime START com.android.internal.os.ZygoteInit <<<<<<
D/AndroidRuntime(  222): CheckJNI is OFF
I/        (  224): ServiceManager: 0xf958
I/HTC Acoustic(  224): libhtc_acoustic.so version 2.0.0.6.
I/HTC Acoustic(  224): deonvvv gingerbread test.
I/HTC Acoustic(  224): open /system/etc/AudioPara4_WB.csv success.
I/HTC Acoustic(  224): acoustic table version: MAL_WB_20110217
I/HTC Acoustic(  224): read_audio_para_from_file success.
E/HTC Acoustic(  224): Fail to open /system/etc/AudioPara_ALL.csv -1.
I/HTC Acoustic(  224): open /system/etc/AudioPara4.csv success.
I/HTC Acoustic(  224): acoustic table version: MAL_Gerenic_20110509
I/HTC Acoustic(  224): read_audio_para_from_file success.
I/HTC Acoustic(  224): get_audpp_filter
I/HTC Acoustic(  224): open /system/etc/AudioFilter.csv success.
I/HTC Acoustic(  224): MBADRC Filter MBADRC FLAG = ffff.
E/HTC Acoustic(  224): set mbadrc filter error.
I/HTC Acoustic(  224): failed to set audpp parameters, exiting.
I/HTC Acoustic(  224): get_audpre_filter
I/HTC Acoustic(  224): open /system/etc/AudioPreProcess.csv success.
D/AudioHardwareMSM72XX(  224): mNumSndEndpoints = 151
V/AudioHardwareMSM72XX(  224): constructed 151 SND endpoints)
D/AudioHardwareMSM72XX(  224): BT MATCH HANDSET
D/AudioHardwareMSM72XX(  224): BT MATCH SPEAKER
D/AudioHardwareMSM72XX(  224): BT MATCH HEADSET
D/AudioHardwareMSM72XX(  224): BT MATCH BT
D/AudioHardwareMSM72XX(  224): BT MATCH CARKIT
D/AudioHardwareMSM72XX(  224): BT MATCH TTY_FULL
D/AudioHardwareMSM72XX(  224): BT MATCH TTY_VCO
D/AudioHardwareMSM72XX(  224): BT MATCH TTY_HCO
D/AudioHardwareMSM72XX(  224): BT MATCH NO_MIC_HEADSET
D/AudioHardwareMSM72XX(  224): BT MATCH FM_HEADSET
D/AudioHardwareMSM72XX(  224): BT MATCH HEADSET_AND_SPEAKER
D/AudioHardwareMSM72XX(  224): BT MATCH FM_SPEAKER
D/AudioHardwareMSM72XX(  224): BT MATCH BT_EC_OFF
D/AudioHardwareMSM72XX(  224): BT MATCH BT_EC_OFF
D/AudioHardwareMSM72XX(  224): BT MATCH CURRENT
I/AudioFlinger(  224): Loaded primary audio interface from LEGACY Audio HW HAL (audio)
I/AudioFlinger(  224): Using 'LEGACY Audio HW HAL' (audio.primary) as the primary audio interface
I/AudioFlinger(  224): Loaded a2dp audio interface from A2DP Audio HW HAL (audio)
D/AudioHardwareInterface(  224): setMode(NORMAL)
I/AudioHardwareMSM72XX(  224): Set master volume to 5.
I/CameraService(  224): CameraService started (pid=224)
I/AudioFlinger(  224): AudioFlinger's thread 0x16f90 ready to run
W/AudioFlinger(  224): Thread AudioOut_1 cannot connect to the power manager service
V/AudioHardwareMSM72XX(  224): AudioStreamOutMSM72xx::setParameters() routing=2
V/AudioHardwareMSM72XX(  224): set output routing 2
I/AudioHardwareMSM72XX(  224): Routing audio to Speakerphone
V/AudioHardwareMSM72XX(  224): doAudioRouteOrMute() device 1, mMode 0, mMicMute 1
D/AudioHardwareMSM72XX(  224): setVoiceVolume(1.000000)
I/AudioHardwareMSM72XX(  224): Setting in-call volume to 5 (available range is 0 to 5)
I/AudioPolicyService(  224): Loaded audio policy from LEGACY Audio Policy HAL (audio_policy)
I/SamplingProfilerIntegration(  222): Profiling disabled.
I/Zygote  (  222): Preloading classes...
D/dalvikvm(  222): GC_EXPLICIT freed 37K, 84% free 410K/2560K, paused 0ms+1ms
D/dalvikvm(  222): GC_EXPLICIT freed 4K, 82% free 474K/2560K, paused 1ms+1ms
D/dalvikvm(  222): GC_EXPLICIT freed 20K, 81% free 510K/2560K, paused 1ms+1ms
D/dalvikvm(  222): GC_EXPLICIT freed 27K, 79% free 537K/2560K, paused 1ms+2ms
D/dalvikvm(  222): GC_EXPLICIT freed 15K, 78% free 577K/2560K, paused 1ms+3ms
D/dalvikvm(  222): GC_EXPLICIT freed 79K, 73% free 707K/2560K, paused 0ms+3ms
D/dalvikvm(  222): GC_EXPLICIT freed 31K, 72% free 731K/2560K, paused 1ms+1ms
D/TextLayoutCache(  222): Using debug level: 0 - Debug Enabled: 0
W/Zygote  (  222): Class not found for preloading: android.media.AudioManager$2
I/dalvikvm(  222): threadid=1: recursive native library load attempt (/system/lib/libmedia_jni.so)
D/MtpDeviceJNI(  222): register_android_mtp_MtpDevice
I/dalvikvm(  222): threadid=1: recursive native library load attempt (/system/lib/libmedia_jni.so)
I/dalvikvm(  222): threadid=1: recursive native library load attempt (/system/lib/libmedia_jni.so)
E/MediaProfilesJNI(  222): native_init
E/MediaProfilesJNI(  222): After native_init lock
E/MediaProfilesJNI(  222): Guru : native_init profiles
E/MediaProfiles(  222): getInstance
E/MediaProfiles(  222): Guru :Else 1
E/MediaProfiles(  222): Guru : quality = 0, index = 1
E/MediaProfiles(  222): Guru : quality = 1, index = 0
E/MediaProfiles(  222): Guru : quality = 0, index = 1
E/MediaProfiles(  222): Guru : quality = 1, index = 0
E/MediaProfiles(  222): getInstance ea880
E/MediaProfilesJNI(  222): retun sProfiles
E/MediaProfilesJNI(  222): native_init
E/MediaProfilesJNI(  222): After native_init lock
E/MediaProfilesJNI(  222): retun sProfiles
W/Zygote  (  222): Class not found for preloading: android.media.IRemoteControlClientDispatcher
W/Zygote  (  222): Class not found for preloading: android.media.IRemoteControlClientDispatcher$Stub
D/dalvikvm(  222): GC_EXPLICIT freed 24K, 71% free 764K/2560K, paused 2ms+1ms
V/MediaProfilesJNI(  222): native_get_num_video_decoders
V/MediaProfilesJNI(  222): native_get_video_decoder_type: 0
D/dalvikvm(  222): GC_EXPLICIT freed 262K, 56% free 1133K/2560K, paused 1ms+2ms
D/dalvikvm(  222): GC_EXPLICIT freed 27K, 55% free 1161K/2560K, paused 5ms+2ms
D/dalvikvm(  222): GC_EXPLICIT freed 8K, 53% free 1209K/2560K, paused 2ms+3ms
D/dalvikvm(  222): GC_EXPLICIT freed 23K, 51% free 1275K/2560K, paused 2ms+3ms
D/dalvikvm(  222): GC_EXPLICIT freed 48K, 40% free 1555K/2560K, paused 3ms+3ms
W/Zygote  (  222): Class not found for preloading: android.text.TextDirectionHeuristics$CharCount
W/Zygote  (  222): Class not found for preloading: android.text.method.WordIterator$1
D/dalvikvm(  222): GC_EXPLICIT freed 35K, 38% free 1589K/2560K, paused 3ms+3ms
D/dalvikvm(  222): GC_EXPLICIT freed 32K, 38% free 1612K/2560K, paused 4ms+3ms
I/dalvikvm(  222): threadid=1: recursive native library load attempt (/system/lib/libwebcore.so)
D/dalvikvm(  222): No JNI_OnLoad found in /system/lib/libchromium_net.so 0x0, skipping init
D/dalvikvm(  222): GC_EXPLICIT freed 26K, 36% free 1660K/2560K, paused 5ms+3ms
W/Zygote  (  222): Class not found for preloading: android.widget.EdgeGlow
D/dalvikvm(  222): GC_EXPLICIT freed 25K, 34% free 1689K/2560K, paused 3ms+3ms
D/dalvikvm(  222): GC_EXPLICIT freed 71K, 33% free 1735K/2560K, paused 3ms+4ms
E/PhonePolicy(  222): Could not preload class for phone policy: com.android.internal.policy.impl.PhoneWindow$ContextMenuCallback
D/dalvikvm(  222): GC_EXPLICIT freed 32K, 32% free 1757K/2560K, paused 4ms+3ms
D/dalvikvm(  222): GC_EXPLICIT freed 28K, 31% free 1785K/2560K, paused 4ms+4ms
D/dalvikvm(  222): GC_EXPLICIT freed 26K, 30% free 1816K/2560K, paused 3ms+3ms
D/dalvikvm(  222): GC_EXPLICIT freed 32K, 29% free 1841K/2560K, paused 3ms+4ms
D/dalvikvm(  222): GC_EXPLICIT freed 31K, 27% free 1869K/2560K, paused 3ms+4ms
D/dalvikvm(  222): GC_EXPLICIT freed 71K, 25% free 1925K/2560K, paused 3ms+4ms
D/dalvikvm(  222): GC_EXPLICIT freed 39K, 25% free 1941K/2560K, paused 4ms+7ms
I/System  (  222): Loaded time zone names for  in 1020ms (1005ms in ICU)
I/System  (  222): Loaded time zone names for en_US in 767ms (754ms in ICU)
D/dalvikvm(  222): GC_EXPLICIT freed 325K, 20% free 2058K/2560K, paused 4ms+4ms
D/dalvikvm(  222): GC_EXPLICIT freed 41K, 18% free 2120K/2560K, paused 4ms+4ms
D/dalvikvm(  222): GC_EXPLICIT freed 51K, 16% free 2151K/2560K, paused 3ms+4ms
D/dalvikvm(  222): GC_EXPLICIT freed 28K, 15% free 2183K/2560K, paused 3ms+4ms
D/dalvikvm(  222): GC_EXPLICIT freed 37K, 15% free 2199K/2560K, paused 3ms+3ms
D/dalvikvm(  222): GC_EXPLICIT freed 32K, 14% free 2222K/2560K, paused 3ms+4ms
I/Zygote  (  222): ...preloaded 2297 classes in 4930ms.
D/dalvikvm(  222): GC_EXPLICIT freed 22K, 14% free 2226K/2560K, paused 4ms+4ms
I/Zygote  (  222): Preloading resources...
D/dalvikvm(  222): GC_EXPLICIT freed 27K, 13% free 2251K/2560K, paused 4ms+4ms
D/dalvikvm(  222): GC_EXPLICIT freed 47K, 12% free 2271K/2560K, paused 4ms+4ms
D/dalvikvm(  222): GC_EXPLICIT freed 70K, 11% free 2303K/2560K, paused 5ms+8ms
D/dalvikvm(  222): GC_EXPLICIT freed 35K, 10% free 2317K/2560K, paused 3ms+4ms
D/dalvikvm(  222): GC_EXPLICIT freed 34K, 9% free 2333K/2560K, paused 5ms+8ms
D/dalvikvm(  222): GC_EXPLICIT freed 39K, 9% free 2351K/2560K, paused 4ms+4ms
D/dalvikvm(  222): GC_EXPLICIT freed 40K, 10% free 2369K/2627K, paused 3ms+4ms
D/dalvikvm(  222): GC_EXPLICIT freed 37K, 10% free 2386K/2627K, paused 4ms+4ms
D/dalvikvm(  222): GC_EXPLICIT freed 50K, 9% free 2409K/2627K, paused 4ms+4ms
D/dalvikvm(  222): GC_EXPLICIT freed 51K, 10% free 2431K/2691K, paused 8ms+5ms
D/dalvikvm(  222): GC_EXPLICIT freed 40K, 10% free 2449K/2691K, paused 4ms+4ms
D/dalvikvm(  222): GC_EXPLICIT freed 37K, 9% free 2465K/2691K, paused 4ms+5ms
D/dalvikvm(  222): GC_EXPLICIT freed 46K, 8% free 2487K/2691K, paused 3ms+4ms
D/dalvikvm(  222): GC_EXPLICIT freed 44K, 10% free 2506K/2755K, paused 4ms+4ms
D/dalvikvm(  222): GC_EXPLICIT freed 33K, 9% free 2530K/2755K, paused 7ms+8ms
D/dalvikvm(  222): GC_EXPLICIT freed 36K, 8% free 2546K/2755K, paused 3ms+4ms
D/dalvikvm(  222): GC_EXPLICIT freed 36K, 8% free 2562K/2755K, paused 4ms+4ms
D/dalvikvm(  222): GC_EXPLICIT freed 39K, 9% free 2580K/2819K, paused 4ms+4ms
D/dalvikvm(  222): GC_EXPLICIT freed 37K, 8% free 2596K/2819K, paused 4ms+4ms
D/dalvikvm(  222): GC_EXPLICIT freed 37K, 8% free 2613K/2819K, paused 8ms+4ms
D/dalvikvm(  222): GC_EXPLICIT freed 37K, 7% free 2629K/2819K, paused 4ms+4ms
D/dalvikvm(  222): GC_EXPLICIT freed 39K, 9% free 2647K/2883K, paused 4ms+4ms
D/dalvikvm(  222): GC_EXPLICIT freed 51K, 8% free 2672K/2883K, paused 4ms+4ms
D/dalvikvm(  222): GC_EXPLICIT freed 39K, 7% free 2690K/2883K, paused 4ms+4ms
D/dalvikvm(  222): GC_EXPLICIT freed 43K, 9% free 2710K/2947K, paused 3ms+4ms
D/dalvikvm(  222): GC_EXPLICIT freed 36K, 8% free 2726K/2947K, paused 5ms+4ms
D/dalvikvm(  222): GC_EXPLICIT freed 45K, 7% free 2747K/2947K, paused 4ms+4ms
D/dalvikvm(  222): GC_EXPLICIT freed 38K, 9% free 2763K/3011K, paused 4ms+4ms
D/dalvikvm(  222): GC_EXPLICIT freed 62K, 8% free 2797K/3011K, paused 4ms+4ms
D/dalvikvm(  222): GC_EXPLICIT freed 36K, 9% free 2812K/3075K, paused 3ms+4ms
D/dalvikvm(  222): GC_EXPLICIT freed 35K, 9% free 2828K/3075K, paused 4ms+4ms
D/dalvikvm(  222): GC_EXPLICIT freed 35K, 8% free 2844K/3075K, paused 7ms+4ms
D/dalvikvm(  222): GC_EXPLICIT freed 35K, 8% free 2860K/3075K, paused 3ms+4ms
D/dalvikvm(  222): GC_EXPLICIT freed 38K, 7% free 2878K/3075K, paused 4ms+4ms
D/dalvikvm(  222): GC_EXPLICIT freed 39K, 6% free 2896K/3075K, paused 6ms+4ms
D/dalvikvm(  222): GC_EXPLICIT freed 39K, 8% free 2913K/3139K, paused 3ms+3ms
D/dalvikvm(  222): GC_EXPLICIT freed 39K, 7% free 2931K/3139K, paused 4ms+4ms
D/dalvikvm(  222): GC_EXPLICIT freed 39K, 7% free 2948K/3139K, paused 4ms+7ms
D/dalvikvm(  222): GC_EXPLICIT freed 43K, 6% free 2972K/3139K, paused 4ms+4ms
D/dalvikvm(  222): GC_EXPLICIT freed 39K, 7% free 2989K/3203K, paused 4ms+4ms
D/dalvikvm(  222): GC_EXPLICIT freed 31K, 7% free 3008K/3203K, paused 3ms+4ms
D/dalvikvm(  222): GC_EXPLICIT freed 40K, 6% free 3027K/3203K, paused 4ms+5ms
D/dalvikvm(  222): GC_EXPLICIT freed 40K, 5% free 3046K/3203K, paused 4ms+4ms
D/dalvikvm(  222): GC_EXPLICIT freed 39K, 5% free 3064K/3203K, paused 3ms+4ms
D/dalvikvm(  222): GC_EXPLICIT freed 40K, 6% free 3083K/3267K, paused 4ms+4ms
D/dalvikvm(  222): GC_EXPLICIT freed 145K, 7% free 3166K/3395K, paused 8ms+8ms
D/dalvikvm(  222): GC_EXPLICIT freed 86K, 6% free 3202K/3395K, paused 5ms+4ms
D/dalvikvm(  222): GC_EXPLICIT freed 42K, 6% free 3219K/3395K, paused 4ms+4ms
D/dalvikvm(  222): GC_EXPLICIT freed 51K, 7% free 3242K/3459K, paused 4ms+4ms
D/dalvikvm(  222): GC_EXPLICIT freed 38K, 6% free 3260K/3459K, paused 4ms+4ms
D/dalvikvm(  222): GC_EXPLICIT freed 69K, 5% free 3299K/3459K, paused 4ms+4ms
D/dalvikvm(  222): GC_EXPLICIT freed 87K, 6% free 3338K/3523K, paused 4ms+4ms
D/dalvikvm(  222): GC_EXPLICIT freed 38K, 5% free 3362K/3523K, paused 3ms+4ms
W/Zygote  (  222): Preloaded drawable resource #0x10803e3 (res/drawable-hdpi/menu_hardkey_panel_holo_dark.9.png) that varies with configuration!!
D/dalvikvm(  222): GC_EXPLICIT freed 36K, 5% free 3377K/3523K, paused 8ms+7ms
W/Zygote  (  222): Preloaded drawable resource #0x10803e4 (res/drawable-hdpi/menu_hardkey_panel_holo_light.9.png) that varies with configuration!!
D/dalvikvm(  222): GC_EXPLICIT freed 43K, 4% free 3394K/3523K, paused 4ms+4ms
D/dalvikvm(  222): GC_EXPLICIT freed 70K, 5% free 3428K/3587K, paused 4ms+4ms
D/dalvikvm(  222): GC_EXPLICIT freed 80K, 6% free 3464K/3651K, paused 4ms+4ms
D/dalvikvm(  222): GC_EXPLICIT freed 622K, 19% free 3739K/4611K, paused 4ms+4ms
D/dalvikvm(  222): GC_EXPLICIT freed 40K, 19% free 3758K/4611K, paused 4ms+4ms
D/dalvikvm(  222): GC_EXPLICIT freed 37K, 19% free 3776K/4611K, paused 5ms+5ms
D/dalvikvm(  222): GC_EXPLICIT freed 34K, 18% free 3794K/4611K, paused 4ms+4ms
D/dalvikvm(  222): GC_EXPLICIT freed 41K, 18% free 3812K/4611K, paused 3ms+4ms
D/dalvikvm(  222): GC_EXPLICIT freed 45K, 17% free 3833K/4611K, paused 4ms+5ms
D/dalvikvm(  222): GC_EXPLICIT freed 56K, 17% free 3858K/4611K, paused 4ms+4ms
D/dalvikvm(  222): GC_EXPLICIT freed 36K, 16% free 3880K/4611K, paused 4ms+4ms
D/dalvikvm(  222): GC_EXPLICIT freed 423K, 12% free 4069K/4611K, paused 4ms+4ms
D/dalvikvm(  222): GC_EXPLICIT freed 108K, 11% free 4112K/4611K, paused 4ms+4ms
D/dalvikvm(  222): GC_EXPLICIT freed 43K, 11% free 4132K/4611K, paused 4ms+7ms
D/dalvikvm(  222): GC_EXPLICIT freed 15K, 9% free 5648K/6147K, paused 4ms+5ms
D/dalvikvm(  222): GC_EXPLICIT freed 5K, 8% free 7145K/7683K, paused 4ms+4ms
D/dalvikvm(  222): GC_EXPLICIT freed 33K, 7% free 7165K/7683K, paused 4ms+5ms
D/dalvikvm(  222): GC_EXPLICIT freed 45K, 7% free 7184K/7683K, paused 5ms+9ms
D/dalvikvm(  222): GC_EXPLICIT freed 34K, 7% free 7201K/7683K, paused 3ms+5ms
D/dalvikvm(  222): GC_EXPLICIT freed 40K, 7% free 7222K/7683K, paused 3ms+4ms
D/dalvikvm(  222): GC_EXPLICIT freed 38K, 6% free 7238K/7683K, paused 4ms+5ms
D/dalvikvm(  222): GC_EXPLICIT freed 34K, 6% free 7255K/7683K, paused 4ms+5ms
D/dalvikvm(  222): GC_EXPLICIT freed 42K, 6% free 7276K/7683K, paused 4ms+5ms
D/dalvikvm(  222): GC_EXPLICIT freed 41K, 6% free 7294K/7683K, paused 8ms+5ms
D/dalvikvm(  222): GC_EXPLICIT freed 40K, 5% free 7311K/7683K, paused 4ms+5ms
D/dalvikvm(  222): GC_EXPLICIT freed 40K, 5% free 7330K/7683K, paused 3ms+4ms
D/dalvikvm(  222): GC_EXPLICIT freed 78K, 5% free 7364K/7683K, paused 3ms+5ms
D/dalvikvm(  222): GC_EXPLICIT freed 35K, 4% free 7379K/7683K, paused 4ms+5ms
D/dalvikvm(  222): GC_EXPLICIT freed 47K, 4% free 7401K/7683K, paused 4ms+5ms
D/dalvikvm(  222): GC_EXPLICIT freed 34K, 4% free 7416K/7683K, paused 4ms+5ms
D/dalvikvm(  222): GC_EXPLICIT freed 46K, 4% free 7437K/7683K, paused 3ms+4ms
D/dalvikvm(  222): GC_EXPLICIT freed 35K, 3% free 7455K/7683K, paused 4ms+4ms
D/dalvikvm(  222): GC_EXPLICIT freed 37K, 3% free 7471K/7683K, paused 7ms+10ms
D/dalvikvm(  222): GC_EXPLICIT freed 39K, 3% free 7490K/7683K, paused 3ms+5ms
D/dalvikvm(  222): GC_EXPLICIT freed 35K, 3% free 7507K/7683K, paused 4ms+5ms
D/dalvikvm(  222): GC_EXPLICIT freed 44K, 3% free 7528K/7683K, paused 4ms+5ms
D/dalvikvm(  222): GC_EXPLICIT freed 61K, 2% free 7559K/7683K, paused 4ms+5ms
D/dalvikvm(  222): GC_EXPLICIT freed 49K, 2% free 7578K/7683K, paused 4ms+4ms
D/dalvikvm(  222): GC_EXPLICIT freed 49K, 2% free 7603K/7683K, paused 9ms+6ms
D/dalvikvm(  222): GC_EXPLICIT freed 49K, 2% free 7623K/7747K, paused 4ms+4ms
D/dalvikvm(  222): GC_EXPLICIT freed 35K, 2% free 7645K/7747K, paused 4ms+4ms
D/dalvikvm(  222): GC_EXPLICIT freed 46K, 1% free 7672K/7747K, paused 4ms+9ms
I/Zygote  (  222): ...preloaded 379 resources in 7568ms.
D/dalvikvm(  222): GC_EXPLICIT freed 41K, 1% free 7684K/7747K, paused 4ms+5ms
I/Zygote  (  222): ...preloaded 31 resources in 93ms.
D/dalvikvm(  222): GC_EXPLICIT freed 11K, 1% free 7674K/7747K, paused 4ms+9ms
D/dalvikvm(  222): GC_EXPLICIT freed <1K, 1% free 7673K/7747K, paused 4ms+5ms
D/dalvikvm(  222): GC_EXPLICIT freed <1K, 1% free 7673K/7747K, paused 5ms+5ms
I/dalvikvm(  222): System server process 250 has been created
I/Zygote  (  222): Accepting command socket connections
I/sysproc (  250): Entered system_init()
I/sysproc (  250): ServiceManager: 0x1eff70
D/SensorService(  250): nuSensorService starting...
I/SensorService(  250): BMA150 3-axis Accelerometer
I/SensorService(  250): AK8975 3-axis Magnetic field sensor
I/SensorService(  250): AK8975 Orientation sensor
I/SensorService(  250): CM3602 Proximity sensor
I/SensorService(  250): CM3602 Light sensor
D/AK8975  (   98): Compass Start
I/sysproc (  250): System server: starting Android runtime.
I/sysproc (  250): System server: starting Android services.
D/SensorService(  250): nuSensorService thread starting...
I/sysproc (  250): System server: entering thread pool.
I/SystemServer(  250): Entered the Android system server!
I/SystemServer(  250): Entropy Service
I/SystemServer(  250): Power Manager
I/SystemServer(  250): Activity Manager
I/ActivityManager(  250): Memory class: 48
W/UsageStats(  250): Usage stats version changed; dropping
I/SystemServer(  250): Telephony Registry
I/SystemServer(  250): Package Manager
D/AK8975  (   98): Compass CLOSE 
W/ResourceType(  250): No known package when getting value for resource number 0x030d0015
W/ResourceType(  250): No known package when getting value for resource number 0x030d0015
W/ResourceType(  250): No known package when getting value for resource number 0x030d0015
W/ResourceType(  250): No known package when getting value for resource number 0x030d0015
W/ResourceType(  250): No known package when getting value for resource number 0x030d0020
W/ResourceType(  250): No known package when getting value for resource number 0x030d0015
W/ResourceType(  250): No known package when getting value for resource number 0x030d0015
W/ResourceType(  250): No known package when getting value for resource number 0x030d0015
W/ResourceType(  250): No known package when getting value for resource number 0x030d0020
W/ResourceType(  250): No known package when getting value for resource number 0x030d0020
W/ResourceType(  250): No known package when getting value for resource number 0x030d0020
W/ResourceType(  250): No known package when getting value for resource number 0x030d0020
W/ResourceType(  250): No known package when getting value for resource number 0x030d0023
W/ResourceType(  250): No known package when getting value for resource number 0x030d0023
W/ResourceType(  250): No known package when getting value for resource number 0x030d0015
W/ResourceType(  250): No known package when getting value for resource number 0x030d0015
W/ResourceType(  250): No known package when getting value for resource number 0x030d0015
W/ResourceType(  250): No known package when getting value for resource number 0x030d0015
W/ResourceType(  250): No known package when getting value for resource number 0x030d0015
W/ResourceType(  250): No known package when getting value for resource number 0x030d0015
W/ResourceType(  250): No known package when getting value for resource number 0x030d0015
W/ResourceType(  250): No known package when getting value for resource number 0x030d0020
W/ResourceType(  250): No known package when getting value for resource number 0x030d0020
W/ResourceType(  250): No known package when getting value for resource number 0x030d0020
W/ResourceType(  250): No known package when getting value for resource number 0x030d0020
W/ResourceType(  250): No known package when getting value for resource number 0x030d0020
W/ResourceType(  250): No known package when getting value for resource number 0x030d0015
W/ResourceType(  250): No known package when getting value for resource number 0x030d0015
W/ResourceType(  250): No known package when getting value for resource number 0x030d0015
W/ResourceType(  250): No known package when getting value for resource number 0x030d0015
W/ResourceType(  250): No known package when getting value for resource number 0x030d0015
W/PackageManager(  250): Package com.miui.gallery desires unavailable shared library com.google.android.media.effects; ignoring!
I/PackageManager(  250): /system/app/GoogleBackupTransport.apk changed; collecting certs
W/PackageManager(  250): Signature mismatch for shared user : SharedUserSetting{41245978 android.uid.system/1000}
E/PackageManager(  250): Package com.google.android.backup has no signatures that match those in shared user android.uid.system; ignoring!
W/ResourceType(  250): No known package when getting value for resource number 0x030d0015
W/ResourceType(  250): No known package when getting value for resource number 0x030d0015
W/PackageParser(  250): No actions in intent filter at /system/app/Contacts.apk Binary XML file line #570
W/ResourceType(  250): No known package when getting value for resource number 0x030d0015
W/PackageManager(  250): Package com.android.camera desires unavailable shared library com.google.android.media.effects; ignoring!
W/PackageParser(  250): No actions in intent filter at /system/app/Bluetooth.apk Binary XML file line #112
W/ResourceType(  250): No known package when getting value for resource number 0x030d0015
W/ResourceType(  250): No known package when getting value for resource number 0x030d0015
W/ResourceType(  250): No known package when getting value for resource number 0x030d0015
W/ResourceType(  250): No known package when getting value for resource number 0x030d0015
D/PackageManager(  250): No files in app dir /vendor/app
I/installd(   96): new connection
I/Installer(  250): connecting...
I/PackageManager(  250): Time to scan packages: 1.455 seconds
W/PackageManager(  250): Removing dangling permission: com.tmobile.permission.ACCESS_DRM_THEME from package null
W/PackageManager(  250): Unknown permission com.android.vending.permission.UPDATE_MARKET_FAILURE in package com.android.vending.updater
W/PackageManager(  250): Unknown permission android.permission.ADD_SYSTEM_SERVICE in package com.android.phone
W/PackageManager(  250): Unknown permission android.permission.WRITE_INTERNAL_STORAGE in package com.miui.player
W/PackageManager(  250): Unknown permission com.android.vending.billing.IBillingAccountService.BIND2 in package com.google.android.gsf.login
W/PackageManager(  250): Not granting permission android.permission.SEND_DOWNLOAD_COMPLETED_INTENTS to package com.android.browser (protectionLevel=2 flags=0x9be45)
W/PackageManager(  250): Unknown permission android.permission.WRITE_INTERNAL_STORAGE in package com.android.updater
W/PackageManager(  250): Unknown permission android.permission.READ_EXTERNAL_STORAGE in package com.android.vending
W/PackageManager(  250): Unknown permission com.google.android.voicesearch.AUDIO_FILE_ACCESS in package com.google.android.gm
W/PackageManager(  250): Not granting permission android.permission.DEVICE_POWER to package com.android.deskclock (protectionLevel=2 flags=0x8be45)
W/PackageManager(  250): Unknown permission com.sonyericsson.permission.FACEBOOK in package com.sonyericsson.home
D/dalvikvm(  250): GC_EXPLICIT freed 2030K, 27% free 9442K/12867K, paused 6ms+14ms
I/SystemServer(  250): Account Manager
D/PackageManager(  250): generateServicesMap(android.accounts.AccountAuthenticator): 4 services unchanged
I/SystemServer(  250): Content Manager
D/PackageManager(  250): generateServicesMap(android.content.SyncAdapter): 10 services unchanged
I/ActivityThread(  250): Pub yellowpage: com.miui.providers.telocation.YellowPageProvider
I/SystemServer(  250): System Content Providers
I/ActivityThread(  250): Pub settings: com.android.providers.settings.SettingsProvider
I/ActivityThread(  250): Pub telocation: com.miui.providers.telocation.TelocationProvider
D/SettingsProvider(  250): cache for settings table 'secure' rows=29; fullycached=true
D/SettingsProvider(  250): cache for settings table 'system' rows=47; fullycached=true
I/SystemServer(  250): Lights Service
I/SystemServer(  250): Battery Service
I/SystemServer(  250): Vibrator Service
I/power   (  250): *** set_screen_state 1
I/SystemServer(  250): Alarm Manager
I/SystemServer(  250): Init Watchdog
I/SystemServer(  250): Window Manager
I/InputManager(  250): Initializing input manager
W/StatusBarManager(  250): warning: no STATUS_BAR_SERVICE
W/StatusBarManager(  250): warning: no STATUS_BAR_SERVICE
E/ExtendedExtractor(  224): Failed to open MM_PARSER_LIB, dlerror = Cannot load library: load_library[1143]: Library 'libmmparser.so' not found 
E/ExtendedExtractor(  224): Failed to open MM_PARSER_LITE_LIB, dlerror = Cannot load library: load_library[1143]: Library 'libmmparser_lite.so' not found 
W/ResourceType(  250): No known package when getting value for resource number 0x03060008
W/dalvikvm(  250): threadid=24: thread exiting with uncaught exception (group=0x40a6a1f8)
D/AK8975  (   98): Compass Start
E/AndroidRuntime(  250): *** FATAL EXCEPTION IN SYSTEM PROCESS: WindowManagerPolicy
E/AndroidRuntime(  250): android.content.res.Resources$NotFoundException: Resource ID #0x3060008
E/AndroidRuntime(  250): 	at android.content.res.Resources.getValue(Resources.java:1022)
E/AndroidRuntime(  250): 	at android.content.res.MiuiResources.getValue(MiuiResources.java:56)
E/AndroidRuntime(  250): 	at miui.util.ResourceMapper.resolveReference(ResourceMapper.java:9)
E/AndroidRuntime(  250): 	at miui.util.HapticFeedbackUtil.updateSettings(HapticFeedbackUtil.java:109)
E/AndroidRuntime(  250): 	at miui.util.HapticFeedbackUtil$SettingsObserver.observe(HapticFeedbackUtil.java:92)
E/AndroidRuntime(  250): 	at miui.util.HapticFeedbackUtil.<init>(HapticFeedbackUtil.java:75)
E/AndroidRuntime(  250): 	at com.android.internal.policy.impl.MiuiPhoneWindowManager.init(MiuiPhoneWindowManager.java:106)
E/AndroidRuntime(  250): 	at com.android.server.wm.WindowManagerService$PolicyThread.run(WindowManagerService.java:737)
I/Process (  250): Sending signal. PID: 250 SIG: 9
E/OMXCodec(  224): Attempting to allocate OMX node 'OMX.google.vorbis.decoder'
E/OMXCodec(  224): Successfully allocated OMX node 'OMX.google.vorbis.decoder'
I/ServiceManager(   86): service 'alarm' died
I/ServiceManager(   86): service 'gfxinfo' died
I/ServiceManager(   86): service 'cpuinfo' died
I/ServiceManager(   86): service 'content' died
I/ServiceManager(   86): service 'power' died
I/ServiceManager(   86): service 'telephony.registry' died
I/ServiceManager(   86): service 'activity' died
I/ServiceManager(   86): service 'batteryinfo' died
I/ServiceManager(   86): service 'meminfo' died
I/ServiceManager(   86): service 'sensorservice' died
I/ServiceManager(   86): service 'entropy' died
I/ServiceManager(   86): service 'package' died
I/ServiceManager(   86): service 'battery' died
I/ServiceManager(   86): service 'vibrator' died
I/ServiceManager(   86): service 'account' died
I/ServiceManager(   86): service 'hardware' died
I/ServiceManager(   86): service 'usagestats' died
I/ServiceManager(   86): service 'permission' died
E/installd(   96): eof
E/installd(   96): failed to read size
I/installd(   96): closing connection
I/Zygote  (  222): Exit zygote because system server (250) has terminated
I/ServiceManager(   86): service 'media.audio_flinger' died
I/ServiceManager(   86): service 'media.player' died
I/ServiceManager(   86): service 'media.camera' died
I/ServiceManager(   86): service 'media.audio_policy' died
I/Netd    (  291): Netd 1.0 starting
D/AK8975  (   98): Compass CLOSE 
D/AndroidRuntime(  290): 
D/AndroidRuntime(  290): >>>>>> AndroidRuntime START com.android.internal.os.ZygoteInit <<<<<<
D/AndroidRuntime(  290): CheckJNI is OFF
I/        (  292): ServiceManager: 0xf958
I/HTC Acoustic(  292): libhtc_acoustic.so version 2.0.0.6.
I/HTC Acoustic(  292): deonvvv gingerbread test.
I/HTC Acoustic(  292): open /system/etc/AudioPara4_WB.csv success.
I/HTC Acoustic(  292): acoustic table version: MAL_WB_20110217
I/HTC Acoustic(  292): read_audio_para_from_file success.
E/HTC Acoustic(  292): Fail to open /system/etc/AudioPara_ALL.csv -1.
I/HTC Acoustic(  292): open /system/etc/AudioPara4.csv success.
I/HTC Acoustic(  292): acoustic table version: MAL_Gerenic_20110509
I/HTC Acoustic(  292): read_audio_para_from_file success.
I/HTC Acoustic(  292): get_audpp_filter
I/HTC Acoustic(  292): open /system/etc/AudioFilter.csv success.
I/HTC Acoustic(  292): MBADRC Filter MBADRC FLAG = ffff.
E/HTC Acoustic(  292): set mbadrc filter error.
I/HTC Acoustic(  292): failed to set audpp parameters, exiting.
I/HTC Acoustic(  292): get_audpre_filter
I/HTC Acoustic(  292): open /system/etc/AudioPreProcess.csv success.
D/AudioHardwareMSM72XX(  292): mNumSndEndpoints = 151
V/AudioHardwareMSM72XX(  292): constructed 151 SND endpoints)
D/AudioHardwareMSM72XX(  292): BT MATCH HANDSET
D/AudioHardwareMSM72XX(  292): BT MATCH SPEAKER
D/AudioHardwareMSM72XX(  292): BT MATCH HEADSET
D/AudioHardwareMSM72XX(  292): BT MATCH BT
D/AudioHardwareMSM72XX(  292): BT MATCH CARKIT
D/AudioHardwareMSM72XX(  292): BT MATCH TTY_FULL
D/AudioHardwareMSM72XX(  292): BT MATCH TTY_VCO
D/AudioHardwareMSM72XX(  292): BT MATCH TTY_HCO
D/AudioHardwareMSM72XX(  292): BT MATCH NO_MIC_HEADSET
D/AudioHardwareMSM72XX(  292): BT MATCH FM_HEADSET
D/AudioHardwareMSM72XX(  292): BT MATCH HEADSET_AND_SPEAKER
D/AudioHardwareMSM72XX(  292): BT MATCH FM_SPEAKER
D/AudioHardwareMSM72XX(  292): BT MATCH BT_EC_OFF
D/AudioHardwareMSM72XX(  292): BT MATCH BT_EC_OFF
D/AudioHardwareMSM72XX(  292): BT MATCH CURRENT
I/AudioFlinger(  292): Loaded primary audio interface from LEGACY Audio HW HAL (audio)
I/AudioFlinger(  292): Using 'LEGACY Audio HW HAL' (audio.primary) as the primary audio interface
I/AudioFlinger(  292): Loaded a2dp audio interface from A2DP Audio HW HAL (audio)
D/AudioHardwareInterface(  292): setMode(NORMAL)
I/AudioHardwareMSM72XX(  292): Set master volume to 5.
I/CameraService(  292): CameraService started (pid=292)
I/AudioFlinger(  292): AudioFlinger's thread 0x16f90 ready to run
W/AudioFlinger(  292): Thread AudioOut_1 cannot connect to the power manager service
V/AudioHardwareMSM72XX(  292): AudioStreamOutMSM72xx::setParameters() routing=2
V/AudioHardwareMSM72XX(  292): set output routing 2
I/AudioHardwareMSM72XX(  292): Routing audio to Speakerphone
V/AudioHardwareMSM72XX(  292): doAudioRouteOrMute() device 1, mMode 0, mMicMute 1
D/AudioHardwareMSM72XX(  292): setVoiceVolume(1.000000)
I/AudioHardwareMSM72XX(  292): Setting in-call volume to 5 (available range is 0 to 5)
I/AudioPolicyService(  292): Loaded audio policy from LEGACY Audio Policy HAL (audio_policy)
I/SamplingProfilerIntegration(  290): Profiling disabled.
I/Zygote  (  290): Preloading classes...
D/dalvikvm(  290): GC_EXPLICIT freed 37K, 84% free 410K/2560K, paused 1ms+1ms
D/dalvikvm(  290): GC_EXPLICIT freed 4K, 82% free 474K/2560K, paused 1ms+1ms
D/dalvikvm(  290): GC_EXPLICIT freed 20K, 81% free 510K/2560K, paused 1ms+1ms
D/dalvikvm(  290): GC_EXPLICIT freed 27K, 79% free 537K/2560K, paused 0ms+1ms
D/dalvikvm(  290): GC_EXPLICIT freed 15K, 78% free 577K/2560K, paused 1ms+1ms
D/dalvikvm(  290): GC_EXPLICIT freed 79K, 73% free 707K/2560K, paused 1ms+1ms
D/dalvikvm(  290): GC_EXPLICIT freed 31K, 72% free 731K/2560K, paused 1ms+1ms
D/TextLayoutCache(  290): Using debug level: 0 - Debug Enabled: 0
W/Zygote  (  290): Class not found for preloading: android.media.AudioManager$2
I/dalvikvm(  290): threadid=1: recursive native library load attempt (/system/lib/libmedia_jni.so)
D/MtpDeviceJNI(  290): register_android_mtp_MtpDevice
I/dalvikvm(  290): threadid=1: recursive native library load attempt (/system/lib/libmedia_jni.so)
I/dalvikvm(  290): threadid=1: recursive native library load attempt (/system/lib/libmedia_jni.so)
E/MediaProfilesJNI(  290): native_init
E/MediaProfilesJNI(  290): After native_init lock
E/MediaProfilesJNI(  290): Guru : native_init profiles
E/MediaProfiles(  290): getInstance
E/MediaProfiles(  290): Guru :Else 1
E/MediaProfiles(  290): Guru : quality = 0, index = 1
E/MediaProfiles(  290): Guru : quality = 1, index = 0
E/MediaProfiles(  290): Guru : quality = 0, index = 1
E/MediaProfiles(  290): Guru : quality = 1, index = 0
E/MediaProfiles(  290): getInstance ea8c0
E/MediaProfilesJNI(  290): retun sProfiles
E/MediaProfilesJNI(  290): native_init
E/MediaProfilesJNI(  290): After native_init lock
E/MediaProfilesJNI(  290): retun sProfiles
W/Zygote  (  290): Class not found for preloading: android.media.IRemoteControlClientDispatcher
W/Zygote  (  290): Class not found for preloading: android.media.IRemoteControlClientDispatcher$Stub
D/dalvikvm(  290): GC_EXPLICIT freed 24K, 71% free 764K/2560K, paused 1ms+1ms
V/MediaProfilesJNI(  290): native_get_num_video_decoders
V/MediaProfilesJNI(  290): native_get_video_decoder_type: 0
D/dalvikvm(  290): GC_EXPLICIT freed 262K, 56% free 1133K/2560K, paused 2ms+2ms
D/dalvikvm(  290): GC_EXPLICIT freed 27K, 55% free 1161K/2560K, paused 2ms+5ms
D/dalvikvm(  290): GC_EXPLICIT freed 8K, 53% free 1209K/2560K, paused 2ms+3ms
D/dalvikvm(  290): GC_EXPLICIT freed 23K, 51% free 1275K/2560K, paused 2ms+3ms
D/dalvikvm(  290): GC_EXPLICIT freed 48K, 40% free 1555K/2560K, paused 3ms+3ms
W/Zygote  (  290): Class not found for preloading: android.text.TextDirectionHeuristics$CharCount
W/Zygote  (  290): Class not found for preloading: android.text.method.WordIterator$1
D/dalvikvm(  290): GC_EXPLICIT freed 35K, 38% free 1589K/2560K, paused 3ms+3ms
D/dalvikvm(  290): GC_EXPLICIT freed 32K, 38% free 1612K/2560K, paused 3ms+3ms
I/dalvikvm(  290): threadid=1: recursive native library load attempt (/system/lib/libwebcore.so)
D/dalvikvm(  290): No JNI_OnLoad found in /system/lib/libchromium_net.so 0x0, skipping init
D/dalvikvm(  290): GC_EXPLICIT freed 26K, 36% free 1660K/2560K, paused 3ms+3ms
W/Zygote  (  290): Class not found for preloading: android.widget.EdgeGlow
D/dalvikvm(  290): GC_EXPLICIT freed 25K, 34% free 1689K/2560K, paused 3ms+3ms
D/dalvikvm(  290): GC_EXPLICIT freed 71K, 33% free 1735K/2560K, paused 3ms+4ms
E/PhonePolicy(  290): Could not preload class for phone policy: com.android.internal.policy.impl.PhoneWindow$ContextMenuCallback
D/dalvikvm(  290): GC_EXPLICIT freed 32K, 32% free 1757K/2560K, paused 3ms+8ms
D/dalvikvm(  290): GC_EXPLICIT freed 28K, 31% free 1785K/2560K, paused 3ms+5ms
D/dalvikvm(  290): GC_EXPLICIT freed 26K, 30% free 1816K/2560K, paused 4ms+3ms
D/dalvikvm(  290): GC_EXPLICIT freed 32K, 29% free 1841K/2560K, paused 3ms+3ms
D/dalvikvm(  290): GC_EXPLICIT freed 31K, 27% free 1869K/2560K, paused 3ms+4ms
D/dalvikvm(  290): GC_EXPLICIT freed 71K, 25% free 1925K/2560K, paused 4ms+3ms
D/dalvikvm(  290): GC_EXPLICIT freed 39K, 25% free 1941K/2560K, paused 3ms+4ms
I/System  (  290): Loaded time zone names for  in 1013ms (1002ms in ICU)
I/System  (  290): Loaded time zone names for en_US in 770ms (758ms in ICU)
D/dalvikvm(  290): GC_EXPLICIT freed 325K, 20% free 2058K/2560K, paused 4ms+3ms
D/dalvikvm(  290): GC_EXPLICIT freed 41K, 18% free 2120K/2560K, paused 4ms+4ms
D/dalvikvm(  290): GC_EXPLICIT freed 51K, 16% free 2151K/2560K, paused 4ms+5ms
D/dalvikvm(  290): GC_EXPLICIT freed 28K, 15% free 2183K/2560K, paused 4ms+8ms
D/dalvikvm(  290): GC_EXPLICIT freed 37K, 15% free 2199K/2560K, paused 7ms+3ms
D/dalvikvm(  290): GC_EXPLICIT freed 32K, 14% free 2222K/2560K, paused 4ms+6ms
I/Zygote  (  290): ...preloaded 2297 classes in 4924ms.
D/dalvikvm(  290): GC_EXPLICIT freed 22K, 14% free 2226K/2560K, paused 3ms+4ms
I/Zygote  (  290): Preloading resources...
D/dalvikvm(  290): GC_EXPLICIT freed 27K, 13% free 2251K/2560K, paused 4ms+4ms
D/dalvikvm(  290): GC_EXPLICIT freed 47K, 12% free 2271K/2560K, paused 8ms+3ms
D/dalvikvm(  290): GC_EXPLICIT freed 70K, 11% free 2303K/2560K, paused 4ms+4ms
D/dalvikvm(  290): GC_EXPLICIT freed 35K, 10% free 2317K/2560K, paused 3ms+4ms
D/dalvikvm(  290): GC_EXPLICIT freed 34K, 9% free 2333K/2560K, paused 4ms+4ms
D/dalvikvm(  290): GC_EXPLICIT freed 39K, 9% free 2351K/2560K, paused 4ms+4ms
