--------- beginning of /dev/log/main
I/cm      (   79): Welcome to Android 4.0.4 / CyanogenMod-9.0.0-RC0-marvel-UNOFFICIAL 
I/cm      (   80):                                                 _  
I/cm      (   81):  __ __ _ ___  _ _  __  ___  __ _ _  _  _  __  __)) 
I/cm      (   82): ((_ \(/'((_( ((\( ((_)((_( (('((\( ((`1( ((_)((_(  
I/cm      (   83):      ))                 _)) 
I/cm      (   84):   
I/DEBUG   (   89): debuggerd: Jun  1 2012 20:39:36
D/AK8975  (   98): AK8975 daemon 1.1.0 Start
D/AK8975  (   98): (Library version : 1.2.1.1125)
--------- beginning of /dev/log/system
I/Vold    (   87): Vold 2.1 (the revenge) firing up
I/Netd    (   88): Netd 1.0 starting
D/Vold    (   87): Volume sdcard state changing -1 (Initializing) -> 0 (No-Media)
D/Vold    (   87): Volume sdcard state changing 0 (No-Media) -> 2 (Pending)
D/DirectVolume(   87): DirectVolume::handlePartitionAdded -> MAJOR 179, MINOR 1, PARTN 1
D/Vold    (   87): Volume sdcard state changing 2 (Pending) -> 1 (Idle-Unmounted)
I/        (   93): ServiceManager: 0x18910
D/AndroidRuntime(   92): 
D/AndroidRuntime(   92): >>>>>> AndroidRuntime START com.android.internal.os.ZygoteInit <<<<<<
D/AndroidRuntime(   92): CheckJNI is OFF
I/SurfaceFlinger(   91): SurfaceFlinger is starting
I/SurfaceFlinger(   91): SurfaceFlinger's main thread ready to run. Initializing graphics H/W...
E/msm7x27.gralloc(   91): We support 3 buffers
I/msm7x27.gralloc(   91): using (fd=12)
I/msm7x27.gralloc(   91): id           = msmfb
I/msm7x27.gralloc(   91): xres         = 320 px
I/msm7x27.gralloc(   91): yres         = 480 px
I/msm7x27.gralloc(   91): xres_virtual = 320 px
I/msm7x27.gralloc(   91): yres_virtual = 1440 px
I/msm7x27.gralloc(   91): bpp          = 32
I/msm7x27.gralloc(   91): r            =  0:8
I/msm7x27.gralloc(   91): g            =  8:8
I/msm7x27.gralloc(   91): b            = 16:8
I/msm7x27.gralloc(   91): width        = 51 mm (159.372543 dpi)
I/msm7x27.gralloc(   91): height       = 76 mm (160.421051 dpi)
I/msm7x27.gralloc(   91): refresh rate = 0.00 Hz
D/CALCFPS (   91): DEBUG_CALC_FPS: 0
D/CALCFPS (   91): period: 10
D/CALCFPS (   91): ignorethresh_us: 500000
D/CALCFPS (   91): DEBUG_CALC_FPS: 0
D/CALCFPS (   91): period: 10
D/CALCFPS (   91): ignorethresh_us: 500000
D/FramebufferNativeWindow(   91): mNumBuffers = 3
D/libEGL  (   91): loaded /system/lib/egl/libGLES_android.so
D/libEGL  (   91): loaded /system/lib/egl/libEGL_adreno200.so
D/libEGL  (   91): loaded /system/lib/egl/libGLESv1_CM_adreno200.so
D/libEGL  (   91): loaded /system/lib/egl/libGLESv2_adreno200.so
I/SurfaceFlinger(   91): EGL informations:
I/SurfaceFlinger(   91): # of configs : 44
I/SurfaceFlinger(   91): vendor    : Android
I/SurfaceFlinger(   91): version   : 1.4 Android META-EGL
I/SurfaceFlinger(   91): extensions: EGL_KHR_image EGL_KHR_image_base EGL_KHR_image_base EGL_KHR_fence_sync EGL_ANDROID_image_native_buffer EGL_ANDROID_image_native_buffer EGL_ANDROID_get_render_buffer 
I/SurfaceFlinger(   91): Client API: OpenGL ES
I/SurfaceFlinger(   91): EGLSurface: 8-8-8-8, config=0x3
I/SurfaceFlinger(   91): OpenGL informations:
I/SurfaceFlinger(   91): vendor    : Qualcomm
I/SurfaceFlinger(   91): renderer  : Adreno (TM) 200
I/SurfaceFlinger(   91): version   : OpenGL ES-CM 1.1
I/SurfaceFlinger(   91): extensions: GL_AMD_compressed_ATC_texture GL_AMD_performance_monitor GL_APPLE_texture_2D_limited_npot GL_ARB_vertex_buffer_object GL_EXT_texture_filter_anisotropic GL_EXT_texture_format_BGRA8888 GL_EXT_texture_type_2_10_10_10_REV GL_OES_blend_equation_separate GL_OES_blend_func_separate GL_OES_blend_subtract GL_OES_compressed_ETC1_RGB8_texture GL_OES_compressed_paletted_texture GL_OES_depth_texture GL_OES_depth24 GL_OES_draw_texture GL_OES_EGL_image GL_OES_EGL_image_external GL_OES_framebuffer_object GL_OES_matrix_palette GL_OES_packed_depth_stencil GL_OES_point_size_array GL_OES_point_sprite GL_OES_read_format GL_OES_rgb8_rgba8 GL_OES_stencil_wrap GL_OES_texture_cube_map GL_OES_texture_env_crossbar GL_OES_texture_float GL_OES_texture_half_float GL_OES_texture_half_float_linear GL_OES_texture_npot GL_OES_texture_mirrored_repeat GL_QCOM_binning_control GL_QCOM_extended_get GL_QCOM_tiled_rendering GL_AMD_compressed_3DC_texture 
I/SurfaceFlinger(   91): GL_MAX_TEXTURE_SIZE = 4096
I/SurfaceFlinger(   91): GL_MAX_VIEWPORT_DIMS = 4096 x 4096
I/SurfaceFlinger(   91): flags = 00000000
D/CALCFPS (   91): DEBUG_CALC_FPS: 0
D/CALCFPS (   91): period: 10
D/CALCFPS (   91): ignorethresh_us: 500000
I/        (   94): ServiceManager: 0xf958
I/HTC Acoustic(   94): libhtc_acoustic.so version 2.0.0.6.
I/HTC Acoustic(   94): deonvvv gingerbread test.
I/HTC Acoustic(   94): open /system/etc/AudioPara4_WB.csv success.
I/HTC Acoustic(   94): acoustic table version: MAL_WB_20110217
I/HTC Acoustic(   94): read_audio_para_from_file success.
E/HTC Acoustic(   94): Fail to open /system/etc/AudioPara_ALL.csv -1.
I/HTC Acoustic(   94): open /system/etc/AudioPara4.csv success.
I/HTC Acoustic(   94): acoustic table version: MAL_Gerenic_20110509
D/libEGL  (  142): loaded /system/lib/egl/libGLES_android.so
D/libEGL  (  142): loaded /system/lib/egl/libEGL_adreno200.so
I/HTC Acoustic(   94): read_audio_para_from_file success.
D/libEGL  (  142): loaded /system/lib/egl/libGLESv1_CM_adreno200.so
I/HTC Acoustic(   94): get_audpp_filter
D/libEGL  (  142): loaded /system/lib/egl/libGLESv2_adreno200.so
I/HTC Acoustic(   94): open /system/etc/AudioFilter.csv success.
I/HTC Acoustic(   94): MBADRC Filter MBADRC FLAG = ffff.
E/HTC Acoustic(   94): set mbadrc filter error.
I/HTC Acoustic(   94): failed to set audpp parameters, exiting.
I/HTC Acoustic(   94): get_audpre_filter
I/HTC Acoustic(   94): open /system/etc/AudioPreProcess.csv success.
D/AudioHardwareMSM72XX(   94): mNumSndEndpoints = 151
V/AudioHardwareMSM72XX(   94): constructed 151 SND endpoints)
D/AudioHardwareMSM72XX(   94): BT MATCH HANDSET
D/AudioHardwareMSM72XX(   94): BT MATCH SPEAKER
D/AudioHardwareMSM72XX(   94): BT MATCH HEADSET
D/AudioHardwareMSM72XX(   94): BT MATCH BT
D/AudioHardwareMSM72XX(   94): BT MATCH CARKIT
D/AudioHardwareMSM72XX(   94): BT MATCH TTY_FULL
D/AudioHardwareMSM72XX(   94): BT MATCH TTY_VCO
D/AudioHardwareMSM72XX(   94): BT MATCH TTY_HCO
D/AudioHardwareMSM72XX(   94): BT MATCH NO_MIC_HEADSET
D/AudioHardwareMSM72XX(   94): BT MATCH FM_HEADSET
D/AudioHardwareMSM72XX(   94): BT MATCH HEADSET_AND_SPEAKER
D/AudioHardwareMSM72XX(   94): BT MATCH FM_SPEAKER
D/AudioHardwareMSM72XX(   94): BT MATCH BT_EC_OFF
D/AudioHardwareMSM72XX(   94): BT MATCH BT_EC_OFF
D/AudioHardwareMSM72XX(   94): BT MATCH CURRENT
D/memalloc(   91): init_pmem_area: Initializing pmem area
D/memalloc(   91): init_pmem_area_locked: Opening master pmem FD
D/memalloc(   91): init_pmem_area_locked: Total pmem size: 16777216
I/AudioFlinger(   94): Loaded primary audio interface from LEGACY Audio HW HAL (audio)
I/AudioFlinger(   94): Using 'LEGACY Audio HW HAL' (audio.primary) as the primary audio interface
D/memalloc(   91): /dev/pmem: Allocated buffer base:0x41504000 size:614400 offset:0 fd:26
D/memalloc(  142): /dev/pmem: Mapped buffer base:0x407f0000 size:614400 offset:0 fd:16
I/AudioFlinger(   94): Loaded a2dp audio interface from A2DP Audio HW HAL (audio)
D/AudioHardwareInterface(   94): setMode(NORMAL)
I/AudioHardwareMSM72XX(   94): Set master volume to 5.
I/CameraService(   94): CameraService started (pid=94)
I/AudioFlinger(   94): AudioFlinger's thread 0x16fd8 ready to run
W/AudioFlinger(   94): Thread AudioOut_1 cannot connect to the power manager service
V/AudioHardwareMSM72XX(   94): AudioStreamOutMSM72xx::setParameters() routing=2
V/AudioHardwareMSM72XX(   94): set output routing 2
I/AudioHardwareMSM72XX(   94): Routing audio to Speakerphone
V/AudioHardwareMSM72XX(   94): doAudioRouteOrMute() device 1, mMode 0, mMicMute 1
D/AudioHardwareMSM72XX(   94): setVoiceVolume(1.000000)
I/AudioHardwareMSM72XX(   94): Setting in-call volume to 5 (available range is 0 to 5)
I/AudioPolicyService(   94): Loaded audio policy from LEGACY Audio Policy HAL (audio_policy)
D/memalloc(   91): /dev/pmem: Allocated buffer base:0x41504000 size:614400 offset:614400 fd:29
D/memalloc(  142): /dev/pmem: Mapped buffer base:0x40df8000 size:1228800 offset:614400 fd:20
D/memalloc(   91): /dev/pmem: Allocated buffer base:0x41504000 size:614400 offset:1228800 fd:32
D/memalloc(  142): /dev/pmem: Mapped buffer base:0x410e0000 size:1843200 offset:1228800 fd:23
D/dalvikvm(   92): DexOpt: --- BEGIN 'core.jar' (bootstrap=1) ---
D/dalvikvm(  154): Ignoring duplicate verify attempt on Ljava/lang/Object;
D/dalvikvm(  154): Ignoring duplicate verify attempt on Ljava/lang/Class;
D/dalvikvm(  154): Ignoring duplicate verify attempt on Ljava/lang/ref/Reference;
D/dalvikvm(  154): Ignoring duplicate verify attempt on Ljava/lang/ref/ReferenceQueue;
D/dalvikvm(  154): Ignoring duplicate verify attempt on Ljava/lang/ref/FinalizerReference;
D/dalvikvm(  154): DexOpt: load 452ms, verify+opt 5258ms
D/dalvikvm(   92): DexOpt: --- END 'core.jar' (success) ---
D/dalvikvm(   92): DEX prep '/system/framework/core.jar': unzip in 1507ms, rewrite 7133ms
D/dalvikvm(   92): DexOpt: --- BEGIN 'core-junit.jar' (bootstrap=1) ---
D/dalvikvm(  155): DexOpt: load 26ms, verify+opt 71ms
D/dalvikvm(   92): DexOpt: --- END 'core-junit.jar' (success) ---
D/dalvikvm(   92): DEX prep '/system/framework/core-junit.jar': unzip in 4ms, rewrite 249ms
D/dalvikvm(   92): DexOpt: --- BEGIN 'bouncycastle.jar' (bootstrap=1) ---
D/dalvikvm(  156): DexOpt: load 131ms, verify+opt 1707ms
D/dalvikvm(   92): DexOpt: --- END 'bouncycastle.jar' (success) ---
D/dalvikvm(   92): DEX prep '/system/framework/bouncycastle.jar': unzip in 286ms, rewrite 2465ms
D/dalvikvm(   92): DexOpt: --- BEGIN 'ext.jar' (bootstrap=1) ---
D/dalvikvm(  157): DexOpt: load 242ms, verify+opt 2817ms
D/dalvikvm(   92): DexOpt: --- END 'ext.jar' (success) ---
D/dalvikvm(   92): DEX prep '/system/framework/ext.jar': unzip in 465ms, rewrite 3880ms
D/dalvikvm(   92): DexOpt: --- BEGIN 'framework.jar' (bootstrap=1) ---
D/dalvikvm(  158): Note: class Landroid/opengl/GLWrapperBase; has 250 unimplemented (abstract) methods
D/dalvikvm(  158): DexOpt: couldn't find static field Landroid/os/SystemProperties;.QCOM_HARDWARE
D/dalvikvm(  158): DexOpt: load 1166ms, verify+opt 10680ms
D/dalvikvm(   92): DexOpt: --- END 'framework.jar' (success) ---
D/dalvikvm(   92): DEX prep '/system/framework/framework.jar': unzip in 3366ms, rewrite 14494ms
D/dalvikvm(   92): DexOpt: --- BEGIN 'android.policy.jar' (bootstrap=1) ---
D/dalvikvm(  160): DexOpt: load 87ms, verify+opt 360ms
D/dalvikvm(   92): DexOpt: --- END 'android.policy.jar' (success) ---
D/dalvikvm(   92): DEX prep '/system/framework/android.policy.jar': unzip in 68ms, rewrite 618ms
D/dalvikvm(   92): DexOpt: --- BEGIN 'services.jar' (bootstrap=1) ---
D/dalvikvm(  161): DexOpt: load 130ms, verify+opt 2964ms
D/dalvikvm(   92): DexOpt: --- END 'services.jar' (success) ---
D/dalvikvm(   92): DEX prep '/system/framework/services.jar': unzip in 491ms, rewrite 3570ms
D/dalvikvm(   92): DexOpt: --- BEGIN 'apache-xml.jar' (bootstrap=1) ---
D/dalvikvm(  162): DexOpt: load 141ms, verify+opt 1223ms
D/dalvikvm(   92): DexOpt: --- END 'apache-xml.jar' (success) ---
D/dalvikvm(   92): DEX prep '/system/framework/apache-xml.jar': unzip in 325ms, rewrite 1821ms
D/dalvikvm(   92): DexOpt: --- BEGIN 'filterfw.jar' (bootstrap=1) ---
D/dalvikvm(  163): DexOpt: load 38ms, verify+opt 285ms
D/dalvikvm(   92): DexOpt: --- END 'filterfw.jar' (success) ---
D/dalvikvm(   92): DEX prep '/system/framework/filterfw.jar': unzip in 63ms, rewrite 510ms
I/SamplingProfilerIntegration(   92): Profiling disabled.
I/Zygote  (   92): Preloading classes...
D/dalvikvm(   92): GC_EXPLICIT freed 37K, 84% free 410K/2560K, paused 2ms+2ms
D/dalvikvm(   92): GC_EXPLICIT freed 4K, 82% free 474K/2560K, paused 1ms+1ms
D/dalvikvm(   92): GC_EXPLICIT freed 20K, 81% free 510K/2560K, paused 1ms+1ms
D/dalvikvm(   92): GC_EXPLICIT freed 27K, 79% free 537K/2560K, paused 1ms+1ms
D/dalvikvm(   92): GC_EXPLICIT freed 15K, 78% free 577K/2560K, paused 1ms+1ms
D/dalvikvm(   92): GC_EXPLICIT freed 79K, 73% free 707K/2560K, paused 2ms+1ms
D/dalvikvm(   92): GC_EXPLICIT freed 31K, 72% free 731K/2560K, paused 1ms+2ms
D/TextLayoutCache(   92): Using debug level: 0 - Debug Enabled: 0
W/Zygote  (   92): Class not found for preloading: android.media.AudioManager$2
I/dalvikvm(   92): threadid=1: recursive native library load attempt (/system/lib/libmedia_jni.so)
D/MtpDeviceJNI(   92): register_android_mtp_MtpDevice
I/dalvikvm(   92): threadid=1: recursive native library load attempt (/system/lib/libmedia_jni.so)
I/dalvikvm(   92): threadid=1: recursive native library load attempt (/system/lib/libmedia_jni.so)
E/MediaProfilesJNI(   92): native_init
E/MediaProfilesJNI(   92): After native_init lock
E/MediaProfilesJNI(   92): Guru : native_init profiles
E/MediaProfiles(   92): getInstance
E/MediaProfiles(   92): Guru :Else 1
E/MediaProfiles(   92): Guru : quality = 0, index = 1
E/MediaProfiles(   92): Guru : quality = 1, index = 0
E/MediaProfiles(   92): Guru : quality = 0, index = 1
E/MediaProfiles(   92): Guru : quality = 1, index = 0
E/MediaProfiles(   92): getInstance 10be20
E/MediaProfilesJNI(   92): retun sProfiles
E/MediaProfilesJNI(   92): native_init
E/MediaProfilesJNI(   92): After native_init lock
E/MediaProfilesJNI(   92): retun sProfiles
W/Zygote  (   92): Class not found for preloading: android.media.IRemoteControlClientDispatcher
W/Zygote  (   92): Class not found for preloading: android.media.IRemoteControlClientDispatcher$Stub
D/dalvikvm(   92): GC_EXPLICIT freed 24K, 71% free 764K/2560K, paused 1ms+6ms
V/MediaProfilesJNI(   92): native_get_num_video_decoders
V/MediaProfilesJNI(   92): native_get_video_decoder_type: 0
D/dalvikvm(   92): GC_EXPLICIT freed 262K, 56% free 1133K/2560K, paused 1ms+1ms
D/dalvikvm(   92): GC_EXPLICIT freed 27K, 55% free 1161K/2560K, paused 2ms+2ms
D/dalvikvm(   92): GC_EXPLICIT freed 8K, 53% free 1209K/2560K, paused 2ms+10ms
D/dalvikvm(   92): GC_EXPLICIT freed 23K, 51% free 1275K/2560K, paused 3ms+3ms
D/dalvikvm(   92): GC_EXPLICIT freed 48K, 40% free 1555K/2560K, paused 3ms+3ms
W/Zygote  (   92): Class not found for preloading: android.text.TextDirectionHeuristics$CharCount
W/Zygote  (   92): Class not found for preloading: android.text.method.WordIterator$1
D/dalvikvm(   92): GC_EXPLICIT freed 35K, 38% free 1589K/2560K, paused 4ms+8ms
D/dalvikvm(   92): GC_EXPLICIT freed 32K, 38% free 1612K/2560K, paused 6ms+3ms
I/dalvikvm(   92): Could not find method android.webkit.WebViewCore$EventHub.access$8200, referenced from method android.webkit.WebViewCore.contentScrollTo
W/dalvikvm(   92): VFY: unable to resolve static method 38717: Landroid/webkit/WebViewCore$EventHub;.access$8200 (Landroid/webkit/WebViewCore$EventHub;Landroid/os/Message;)V
D/dalvikvm(   92): VFY: replacing opcode 0x71 at 0x0034
I/dalvikvm(   92): Could not find method android.webkit.WebViewCore$EventHub.access$8500, referenced from method android.webkit.WebViewCore.setupViewport
W/dalvikvm(   92): VFY: unable to resolve static method 38720: Landroid/webkit/WebViewCore$EventHub;.access$8500 (Landroid/webkit/WebViewCore$EventHub;I)V
D/dalvikvm(   92): VFY: replacing opcode 0x71 at 0x0208
I/dalvikvm(   92): Could not find method android.webkit.WebViewCore$EventHub.access$8500, referenced from method android.webkit.WebViewCore.setupViewport
W/dalvikvm(   92): VFY: unable to resolve static method 38720: Landroid/webkit/WebViewCore$EventHub;.access$8500 (Landroid/webkit/WebViewCore$EventHub;I)V
D/dalvikvm(   92): VFY: replacing opcode 0x71 at 0x02ff
I/dalvikvm(   92): Could not find method android.webkit.WebViewCore$EventHub.access$8200, referenced from method android.webkit.WebViewCore.viewSizeChanged
W/dalvikvm(   92): VFY: unable to resolve static method 38717: Landroid/webkit/WebViewCore$EventHub;.access$8200 (Landroid/webkit/WebViewCore$EventHub;Landroid/os/Message;)V
D/dalvikvm(   92): VFY: replacing opcode 0x71 at 0x0052
I/dalvikvm(   92): Could not find method android.webkit.WebViewCore$EventHub.access$8200, referenced from method android.webkit.WebViewCore.webkitDraw
W/dalvikvm(   92): VFY: unable to resolve static method 38717: Landroid/webkit/WebViewCore$EventHub;.access$8200 (Landroid/webkit/WebViewCore$EventHub;Landroid/os/Message;)V
D/dalvikvm(   92): VFY: replacing opcode 0x71 at 0x002b
I/dalvikvm(   92): Could not find method android.webkit.WebViewCore$EventHub.access$8200, referenced from method android.webkit.WebViewCore.contentDraw
W/dalvikvm(   92): VFY: unable to resolve static method 38717: Landroid/webkit/WebViewCore$EventHub;.access$8200 (Landroid/webkit/WebViewCore$EventHub;Landroid/os/Message;)V
D/dalvikvm(   92): VFY: replacing opcode 0x71 at 0x002e
I/dalvikvm(   92): Could not find method android.webkit.WebViewCore$EventHub.access$1402, referenced from method android.webkit.WebViewCore.destroy
W/dalvikvm(   92): VFY: unable to resolve static method 38704: Landroid/webkit/WebViewCore$EventHub;.access$1402 (Landroid/webkit/WebViewCore$EventHub;Z)Z
D/dalvikvm(   92): VFY: replacing opcode 0x71 at 0x0006
I/dalvikvm(   92): Could not find method android.webkit.WebViewCore$EventHub.access$8200, referenced from method android.webkit.WebViewCore.layersDraw
W/dalvikvm(   92): VFY: unable to resolve static method 38717: Landroid/webkit/WebViewCore$EventHub;.access$8200 (Landroid/webkit/WebViewCore$EventHub;Landroid/os/Message;)V
D/dalvikvm(   92): VFY: replacing opcode 0x71 at 0x0013
I/dalvikvm(   92): Could not find method android.webkit.WebViewCore$EventHub.access$8600, referenced from method android.webkit.WebViewCore.removeMessages
W/dalvikvm(   92): VFY: unable to resolve static method 38721: Landroid/webkit/WebViewCore$EventHub;.access$8600 (Landroid/webkit/WebViewCore$EventHub;)V
D/dalvikvm(   92): VFY: replacing opcode 0x71 at 0x0002
I/dalvikvm(   92): Could not find method android.webkit.WebViewCore$EventHub.access$8500, referenced from method android.webkit.WebViewCore.removeMessages
W/dalvikvm(   92): VFY: unable to resolve static method 38720: Landroid/webkit/WebViewCore$EventHub;.access$8500 (Landroid/webkit/WebViewCore$EventHub;I)V
D/dalvikvm(   92): VFY: replacing opcode 0x71 at 0x0002
I/dalvikvm(   92): Could not find method android.webkit.WebViewCore$EventHub.access$8200, referenced from method android.webkit.WebViewCore.sendMessage
W/dalvikvm(   92): VFY: unable to resolve static method 38717: Landroid/webkit/WebViewCore$EventHub;.access$8200 (Landroid/webkit/WebViewCore$EventHub;Landroid/os/Message;)V
D/dalvikvm(   92): VFY: replacing opcode 0x71 at 0x0007
I/dalvikvm(   92): Could not find method android.webkit.WebViewCore$EventHub.access$8200, referenced from method android.webkit.WebViewCore.sendMessage
W/dalvikvm(   92): VFY: unable to resolve static method 38717: Landroid/webkit/WebViewCore$EventHub;.access$8200 (Landroid/webkit/WebViewCore$EventHub;Landroid/os/Message;)V
D/dalvikvm(   92): VFY: replacing opcode 0x71 at 0x0008
I/dalvikvm(   92): Could not find method android.webkit.WebViewCore$EventHub.access$8200, referenced from method android.webkit.WebViewCore.sendMessage
W/dalvikvm(   92): VFY: unable to resolve static method 38717: Landroid/webkit/WebViewCore$EventHub;.access$8200 (Landroid/webkit/WebViewCore$EventHub;Landroid/os/Message;)V
D/dalvikvm(   92): VFY: replacing opcode 0x71 at 0x0007
I/dalvikvm(   92): Could not find method android.webkit.WebViewCore$EventHub.access$8200, referenced from method android.webkit.WebViewCore.sendMessage
W/dalvikvm(   92): VFY: unable to resolve static method 38717: Landroid/webkit/WebViewCore$EventHub;.access$8200 (Landroid/webkit/WebViewCore$EventHub;Landroid/os/Message;)V
D/dalvikvm(   92): VFY: replacing opcode 0x71 at 0x0007
I/dalvikvm(   92): Could not find method android.webkit.WebViewCore$EventHub.access$8200, referenced from method android.webkit.WebViewCore.sendMessage
W/dalvikvm(   92): VFY: unable to resolve static method 38717: Landroid/webkit/WebViewCore$EventHub;.access$8200 (Landroid/webkit/WebViewCore$EventHub;Landroid/os/Message;)V
D/dalvikvm(   92): VFY: replacing opcode 0x71 at 0x0008
I/dalvikvm(   92): Could not find method android.webkit.WebViewCore$EventHub.access$8200, referenced from method android.webkit.WebViewCore.sendMessage
W/dalvikvm(   92): VFY: unable to resolve static method 38717: Landroid/webkit/WebViewCore$EventHub;.access$8200 (Landroid/webkit/WebViewCore$EventHub;Landroid/os/Message;)V
D/dalvikvm(   92): VFY: replacing opcode 0x71 at 0x0007
I/dalvikvm(   92): Could not find method android.webkit.WebViewCore$EventHub.access$8200, referenced from method android.webkit.WebViewCore.sendMessage
W/dalvikvm(   92): VFY: unable to resolve static method 38717: Landroid/webkit/WebViewCore$EventHub;.access$8200 (Landroid/webkit/WebViewCore$EventHub;Landroid/os/Message;)V
D/dalvikvm(   92): VFY: replacing opcode 0x71 at 0x0002
I/dalvikvm(   92): Could not find method android.webkit.WebViewCore$EventHub.access$8300, referenced from method android.webkit.WebViewCore.sendMessageAtFrontOfQueue
W/dalvikvm(   92): VFY: unable to resolve static method 38718: Landroid/webkit/WebViewCore$EventHub;.access$8300 (Landroid/webkit/WebViewCore$EventHub;Landroid/os/Message;)V
D/dalvikvm(   92): VFY: replacing opcode 0x71 at 0x0007
I/dalvikvm(   92): Could not find method android.webkit.WebViewCore$EventHub.access$8400, referenced from method android.webkit.WebViewCore.sendMessageDelayed
W/dalvikvm(   92): VFY: unable to resolve static method 38719: Landroid/webkit/WebViewCore$EventHub;.access$8400 (Landroid/webkit/WebViewCore$EventHub;Landroid/os/Message;J)V
D/dalvikvm(   92): VFY: replacing opcode 0x71 at 0x0007
I/dalvikvm(   92): threadid=1: recursive native library load attempt (/system/lib/libwebcore.so)
D/dalvikvm(   92): No JNI_OnLoad found in /system/lib/libchromium_net.so 0x0, skipping init
I/dalvikvm(   92): Could not find method android.webkit.WebViewCore.resumePriority, referenced from method android.webkit.WebView.cancelTouch
W/dalvikvm(   92): VFY: unable to resolve static method 39007: Landroid/webkit/WebViewCore;.resumePriority ()V
D/dalvikvm(   92): VFY: replacing opcode 0x71 at 0x001b
I/dalvikvm(   92): Could not find method android.webkit.WebViewCore.resumePriority, referenced from method android.webkit.WebView.doFling
W/dalvikvm(   92): VFY: unable to resolve static method 39007: Landroid/webkit/WebViewCore;.resumePriority ()V
D/dalvikvm(   92): VFY: replacing opcode 0x71 at 0x0084
I/dalvikvm(   92): Could not find method android.webkit.WebViewCore.resumePriority, referenced from method android.webkit.WebView.handleTouchEventCommon
W/dalvikvm(   92): VFY: unable to resolve static method 39007: Landroid/webkit/WebViewCore;.resumePriority ()V
D/dalvikvm(   92): VFY: replacing opcode 0x71 at 0x0947
I/dalvikvm(   92): Could not find method android.webkit.WebViewCore.resumePriority, referenced from method android.webkit.WebView.stopTouch
W/dalvikvm(   92): VFY: unable to resolve static method 39007: Landroid/webkit/WebViewCore;.resumePriority ()V
D/dalvikvm(   92): VFY: replacing opcode 0x71 at 0x0017
I/dalvikvm(   92): Could not find method android.webkit.WebViewCore.resumePriority, referenced from method android.webkit.WebView.computeScroll
W/dalvikvm(   92): VFY: unable to resolve static method 39007: Landroid/webkit/WebViewCore;.resumePriority ()V
D/dalvikvm(   92): VFY: replacing opcode 0x71 at 0x006c
I/dalvikvm(   92): Could not find method android.webkit.WebViewCore.resumePriority, referenced from method android.webkit.WebView.selectionDone
W/dalvikvm(   92): VFY: unable to resolve static method 39007: Landroid/webkit/WebViewCore;.resumePriority ()V
D/dalvikvm(   92): VFY: replacing opcode 0x71 at 0x000f
D/dalvikvm(   92): GC_EXPLICIT freed 26K, 35% free 1687K/2560K, paused 3ms+3ms
W/Zygote  (   92): Class not found for preloading: android.widget.EdgeGlow
D/dalvikvm(   92): GC_EXPLICIT freed 25K, 33% free 1715K/2560K, paused 3ms+5ms
D/dalvikvm(   92): GC_EXPLICIT freed 71K, 32% free 1759K/2560K, paused 3ms+3ms
E/PhonePolicy(   92): Could not preload class for phone policy: com.android.internal.policy.impl.PhoneWindow$ContextMenuCallback
D/dalvikvm(   92): GC_EXPLICIT freed 33K, 31% free 1780K/2560K, paused 4ms+4ms
D/dalvikvm(   92): GC_EXPLICIT freed 28K, 30% free 1809K/2560K, paused 7ms+3ms
D/dalvikvm(   92): GC_EXPLICIT freed 26K, 29% free 1839K/2560K, paused 4ms+3ms
D/dalvikvm(   92): GC_EXPLICIT freed 32K, 28% free 1865K/2560K, paused 3ms+8ms
D/dalvikvm(   92): GC_EXPLICIT freed 31K, 27% free 1893K/2560K, paused 6ms+4ms
D/dalvikvm(   92): GC_EXPLICIT freed 71K, 24% free 1948K/2560K, paused 4ms+4ms
D/dalvikvm(   92): GC_EXPLICIT freed 39K, 24% free 1964K/2560K, paused 4ms+4ms
I/System  (   92): Loaded time zone names for  in 1096ms (1085ms in ICU)
I/System  (   92): Loaded time zone names for en_US in 808ms (796ms in ICU)
D/dalvikvm(   92): GC_EXPLICIT freed 324K, 19% free 2081K/2560K, paused 4ms+3ms
D/dalvikvm(   92): GC_EXPLICIT freed 41K, 17% free 2143K/2560K, paused 3ms+4ms
D/dalvikvm(   92): GC_EXPLICIT freed 51K, 16% free 2174K/2560K, paused 4ms+4ms
D/dalvikvm(   92): GC_EXPLICIT freed 28K, 14% free 2206K/2560K, paused 4ms+4ms
D/dalvikvm(   92): GC_EXPLICIT freed 37K, 14% free 2222K/2560K, paused 4ms+4ms
D/dalvikvm(   92): GC_EXPLICIT freed 32K, 13% free 2245K/2560K, paused 4ms+4ms
I/Zygote  (   92): ...preloaded 2297 classes in 6388ms.
D/dalvikvm(   92): GC_EXPLICIT freed 22K, 13% free 2249K/2560K, paused 4ms+4ms
I/Zygote  (   92): Preloading resources...
D/dalvikvm(   92): GC_EXPLICIT freed 2K, 10% free 2305K/2560K, paused 4ms+4ms
D/dalvikvm(   92): GC_EXPLICIT freed 1K, 8% free 2356K/2560K, paused 5ms+4ms
D/dalvikvm(   92): GC_EXPLICIT freed 3K, 7% free 2403K/2560K, paused 5ms+4ms
D/dalvikvm(   92): GC_EXPLICIT freed 4K, 7% free 2450K/2627K, paused 4ms+6ms
D/dalvikvm(   92): GC_EXPLICIT freed 5K, 8% free 2498K/2691K, paused 8ms+11ms
D/dalvikvm(   92): GC_EXPLICIT freed 5K, 6% free 2548K/2691K, paused 8ms+9ms
D/dalvikvm(   92): GC_EXPLICIT freed 4K, 6% free 2595K/2755K, paused 11ms+4ms
D/dalvikvm(   92): GC_EXPLICIT freed 5K, 5% free 2640K/2755K, paused 4ms+4ms
D/dalvikvm(   92): GC_EXPLICIT freed 4K, 5% free 2690K/2819K, paused 4ms+4ms
D/dalvikvm(   92): GC_EXPLICIT freed 4K, 6% free 2739K/2883K, paused 4ms+4ms
D/dalvikvm(   92): GC_EXPLICIT freed 5K, 6% free 2800K/2947K, paused 4ms+4ms
D/dalvikvm(   92): GC_EXPLICIT freed 2K, 4% free 2849K/2947K, paused 4ms+4ms
D/dalvikvm(   92): GC_EXPLICIT freed 4K, 4% free 2896K/3011K, paused 4ms+4ms
D/dalvikvm(   92): GC_EXPLICIT freed 7K, 5% free 2944K/3075K, paused 4ms+5ms
D/dalvikvm(   92): GC_EXPLICIT freed 7K, 3% free 2987K/3075K, paused 5ms+5ms
D/dalvikvm(   92): GC_EXPLICIT freed 5K, 4% free 3035K/3139K, paused 4ms+4ms
D/dalvikvm(   92): GC_EXPLICIT freed 8K, 2% free 3079K/3139K, paused 4ms+5ms
D/dalvikvm(   92): GC_EXPLICIT freed 10K, 2% free 3162K/3203K, paused 4ms+4ms
D/dalvikvm(   92): GC_EXPLICIT freed 6K, 2% free 3207K/3267K, paused 5ms+5ms
D/dalvikvm(   92): GC_EXPLICIT freed 5K, 3% free 3257K/3331K, paused 4ms+4ms
D/dalvikvm(   92): GC_EXPLICIT freed 4K, 1% free 3304K/3331K, paused 4ms+5ms
D/dalvikvm(   92): GC_EXPLICIT freed 6K, 1% free 3380K/3395K, paused 5ms+5ms
D/dalvikvm(   92): GC_EXPLICIT freed 4K, 3% free 3695K/3779K, paused 4ms+4ms
D/dalvikvm(   92): GC_EXPLICIT freed 7K, 1% free 3747K/3779K, paused 4ms+5ms
D/dalvikvm(   92): GC_EXPLICIT freed 2K, 2% free 3798K/3843K, paused 4ms+5ms
D/dalvikvm(   92): GC_EXPLICIT freed 5K, 2% free 3847K/3907K, paused 4ms+5ms
D/dalvikvm(   92): GC_EXPLICIT freed 4K, 1% free 4021K/4035K, paused 5ms+5ms
D/dalvikvm(   92): GC_EXPLICIT freed 3K, 1% free 4067K/4099K, paused 4ms+4ms
D/dalvikvm(   92): GC_EXPLICIT freed 5K, 3% free 5127K/5251K, paused 4ms+5ms
D/dalvikvm(   92): GC_EXPLICIT freed 5K, 4% free 6148K/6339K, paused 4ms+6ms
D/dalvikvm(   92): GC_EXPLICIT freed 5K, 3% free 6197K/6339K, paused 9ms+6ms
D/dalvikvm(   92): GC_EXPLICIT freed 8K, 2% free 6241K/6339K, paused 4ms+5ms
D/dalvikvm(   92): GC_EXPLICIT freed 7K, 1% free 6289K/6339K, paused 5ms+6ms
D/dalvikvm(   92): GC_EXPLICIT freed 5K, 2% free 6337K/6403K, paused 5ms+5ms
D/dalvikvm(   92): GC_EXPLICIT freed 2K, 1% free 6388K/6403K, paused 5ms+5ms
D/dalvikvm(   92): GC_EXPLICIT freed 5K, 1% free 6436K/6467K, paused 4ms+5ms
D/dalvikvm(   92): GC_EXPLICIT freed 7K, 1% free 6497K/6531K, paused 4ms+5ms
D/dalvikvm(   92): GC_EXPLICIT freed 4K, 1% free 6562K/6595K, paused 4ms+5ms
I/Zygote  (   92): ...preloaded 379 resources in 3560ms.
D/dalvikvm(   92): GC_EXPLICIT freed 20K, 1% free 6596K/6659K, paused 4ms+5ms
I/Zygote  (   92): ...preloaded 31 resources in 104ms.
D/dalvikvm(   92): GC_EXPLICIT freed 14K, 1% free 6600K/6659K, paused 4ms+5ms
D/dalvikvm(   92): GC_EXPLICIT freed 6K, 2% free 6593K/6659K, paused 8ms+5ms
D/dalvikvm(   92): GC_EXPLICIT freed <1K, 2% free 6593K/6659K, paused 5ms+5ms
I/dalvikvm(   92): System server process 167 has been created
I/Zygote  (   92): Accepting command socket connections
E/dalvikvm(  167): ERROR: couldn't find native method
E/dalvikvm(  167): Requested: Lcom/android/server/wm/InputManager;.nativeSetKeyLayout:(Ljava/lang/String;Ljava/lang/String;)V
E/JNIHelp (  167): RegisterNatives failed for 'com/android/server/wm/InputManager', aborting
F/libc    (  167): Fatal signal 11 (SIGSEGV) at 0xdeadbaad (code=1)
I/DEBUG   (   89): *** *** *** *** *** *** *** *** *** *** *** *** *** *** *** ***
I/DEBUG   (   89): Build fingerprint: 'cyanogenmod/htc_marvel/marvel:4.0.4/ASN01/0.1:user/release-keys'
I/DEBUG   (   89): pid: 167, tid: 167  >>> system_server <<<
I/DEBUG   (   89): signal 11 (SIGSEGV), code 1 (SEGV_MAPERR), fault addr deadbaad
I/DEBUG   (   89):  r0 deadbaad  r1 0000000c  r2 00000027  r3 40000000
I/DEBUG   (   89):  r4 00000000  r5 00000080  r6 504bfb2e  r7 bec98778
I/DEBUG   (   89):  r8 40832200  r9 00000006  10 4ba0ce1c  fp fffffe50
I/DEBUG   (   89):  ip ffffffff  sp bec98740  lr 4003ff0f  pc 4003c6c6  cpsr 00000030
I/DEBUG   (   89):  d0  3fe99999a0000000  d1  3ff0000000000000
I/DEBUG   (   89):  d2  bebbbc6c1a570a20  d3  3f1155e54e7e8408
I/DEBUG   (   89):  d4  bfb1be5a93a83e1d  d5  4000000000000000
I/DEBUG   (   89):  d6  4ace0b1000000000  d7  000000624e20f8a4
I/DEBUG   (   89):  d8  0000000000000000  d9  0000000000000000
I/DEBUG   (   89):  d10 0000000000000000  d11 0000000000000000
I/DEBUG   (   89):  d12 0000000000000000  d13 0000000000000000
I/DEBUG   (   89):  d14 0000000000000000  d15 0000000000000000
I/DEBUG   (   89):  scr 80000012
I/DEBUG   (   89): 
I/DEBUG   (   89):          #00  pc 000176c6  /system/lib/libc.so
I/DEBUG   (   89):          #01  pc 0000c658  /system/lib/libnativehelper.so (jniRegisterNativeMethods)
I/DEBUG   (   89): 
I/DEBUG   (   89): code around pc:
I/DEBUG   (   89): 4003c6a4 1c2bd00c 2d00682d e027d1fb 2a0068da  ..+.-h.-..'..h.*
I/DEBUG   (   89): 4003c6b4 4b16d004 447b2001 47906018 22274814  ...K. {D.`.G.H'"
I/DEBUG   (   89): 4003c6c4 70022580 ef74f7f4 f7f62106 aa01e812  .%.p..t..!......
I/DEBUG   (   89): 4003c6d4 05692400 60546091 20061c11 f7f59401  .$i..`T`... ....
I/DEBUG   (   89): 4003c6e4 a905ebce 20022200 ebd6f7f5 ef60f7f4  .....". ......`.
I/DEBUG   (   89): 
I/DEBUG   (   89): code around lr:
I/DEBUG   (   89): 4003feec 4b0db5f0 447bb083 681c2600 68a59001  ...K..{D.&.h...h
I/DEBUG   (   89): 4003fefc e0086867 5ea8220c dd032800 99011c28  gh...".^.(..(...
I/DEBUG   (   89): 4003ff0c 43064788 3f013554 6824d5f4 d1ee2c00  .G.CT5.?..$h.,..
I/DEBUG   (   89): 4003ff1c 1c30b003 46c0bdf0 000285f2 1c0fb5f0  ..0....F........
I/DEBUG   (   89): 4003ff2c b0891c3d a9064355 604d9103 90064914  =...UC....M`.I..
I/DEBUG   (   89): 
I/DEBUG   (   89): memory map around addr deadbaad:
I/DEBUG   (   89): bec78000-bec99000 [stack]
I/DEBUG   (   89): (no map for address)
I/DEBUG   (   89): (no map above)
I/DEBUG   (   89): 
I/DEBUG   (   89): stack:
I/DEBUG   (   89):     bec98700  00000000  
I/DEBUG   (   89):     bec98704  3b286a22  
I/DEBUG   (   89):     bec98708  4006870c  /system/lib/libc.so
I/DEBUG   (   89):     bec9870c  4006d85c  
I/DEBUG   (   89):     bec98710  00000000  
I/DEBUG   (   89):     bec98714  4003ff0f  /system/lib/libc.so
I/DEBUG   (   89):     bec98718  504c05af  /system/lib/libandroid_servers.so
I/DEBUG   (   89):     bec9871c  4003ec75  /system/lib/libc.so
I/DEBUG   (   89):     bec98720  ffffffff  
I/DEBUG   (   89):     bec98724  00000000  
I/DEBUG   (   89):     bec98728  00000000  
I/DEBUG   (   89):     bec9872c  504bfb2e  /system/lib/libandroid_servers.so
I/DEBUG   (   89):     bec98730  bec98778  [stack]
I/DEBUG   (   89):     bec98734  4003f08d  /system/lib/libc.so
I/DEBUG   (   89):     bec98738  df0027ad  
I/DEBUG   (   89):     bec9873c  00000000  
I/DEBUG   (   89): #00 bec98740  00000018  
I/DEBUG   (   89):     bec98744  00000100  
I/DEBUG   (   89):     bec98748  504ba089  /system/lib/libandroid_servers.so
I/DEBUG   (   89):     bec9874c  3b286a22  
I/DEBUG   (   89):     bec98750  410e1b48  /dev/ashmem/dalvik-heap (deleted)
I/DEBUG   (   89):     bec98754  fffffbdf  
I/DEBUG   (   89):     bec98758  0000f2c0  [heap]
I/DEBUG   (   89):     bec9875c  40868ffd  /system/lib/libdvm.so
I/DEBUG   (   89):     bec98760  0000f2c0  [heap]
I/DEBUG   (   89):     bec98764  401f865b  /system/lib/libnativehelper.so
I/DEBUG   (   89): #01 bec98768  40868ffd  /system/lib/libdvm.so
I/DEBUG   (   89):     bec9876c  401f865b  /system/lib/libnativehelper.so
I/DEBUG   (   89):     bec98770  504c295c  /system/lib/libandroid_servers.so
I/DEBUG   (   89):     bec98774  00000019  
I/DEBUG   (   89):     bec98778  0000f2c0  [heap]
I/DEBUG   (   89):     bec9877c  a0700025  
I/DEBUG   (   89):     bec98780  504bf6fc  /system/lib/libandroid_servers.so
I/DEBUG   (   89):     bec98784  504bf265  /system/lib/libandroid_servers.so
I/DEBUG   (   89):     bec98788  0000f2c0  [heap]
I/DEBUG   (   89):     bec9878c  00012828  [heap]
I/DEBUG   (   89):     bec98790  00000000  
I/DEBUG   (   89):     bec98794  504bac63  /system/lib/libandroid_servers.so
I/DEBUG   (   89):     bec98798  00012b80  [heap]
I/DEBUG   (   89):     bec9879c  504bf265  /system/lib/libandroid_servers.so
I/DEBUG   (   89):     bec987a0  0021c4b8  [heap]
I/DEBUG   (   89):     bec987a4  00012828  [heap]
I/DEBUG   (   89):     bec987a8  00000000  
I/DEBUG   (   89):     bec987ac  504bf2a5  /system/lib/libandroid_servers.so
D/Zygote  (   92): Process 167 terminated by signal (11)
I/Zygote  (   92): Exit zygote because system server (167) has terminated
I/ServiceManager(   86): service 'media.audio_flinger' died
I/ServiceManager(   86): service 'media.player' died
I/ServiceManager(   86): service 'media.camera' died
I/ServiceManager(   86): service 'media.audio_policy' died
I/Netd    (  181): Netd 1.0 starting
D/AndroidRuntime(  180): 
D/AndroidRuntime(  180): >>>>>> AndroidRuntime START com.android.internal.os.ZygoteInit <<<<<<
D/AndroidRuntime(  180): CheckJNI is OFF
I/        (  182): ServiceManager: 0xf958
I/HTC Acoustic(  182): libhtc_acoustic.so version 2.0.0.6.
I/HTC Acoustic(  182): deonvvv gingerbread test.
I/HTC Acoustic(  182): open /system/etc/AudioPara4_WB.csv success.
I/HTC Acoustic(  182): acoustic table version: MAL_WB_20110217
I/HTC Acoustic(  182): read_audio_para_from_file success.
E/HTC Acoustic(  182): Fail to open /system/etc/AudioPara_ALL.csv -1.
I/HTC Acoustic(  182): open /system/etc/AudioPara4.csv success.
I/HTC Acoustic(  182): acoustic table version: MAL_Gerenic_20110509
I/HTC Acoustic(  182): read_audio_para_from_file success.
I/HTC Acoustic(  182): get_audpp_filter
I/HTC Acoustic(  182): open /system/etc/AudioFilter.csv success.
I/HTC Acoustic(  182): MBADRC Filter MBADRC FLAG = ffff.
E/HTC Acoustic(  182): set mbadrc filter error.
I/HTC Acoustic(  182): failed to set audpp parameters, exiting.
I/HTC Acoustic(  182): get_audpre_filter
I/HTC Acoustic(  182): open /system/etc/AudioPreProcess.csv success.
D/AudioHardwareMSM72XX(  182): mNumSndEndpoints = 151
V/AudioHardwareMSM72XX(  182): constructed 151 SND endpoints)
D/AudioHardwareMSM72XX(  182): BT MATCH HANDSET
D/AudioHardwareMSM72XX(  182): BT MATCH SPEAKER
D/AudioHardwareMSM72XX(  182): BT MATCH HEADSET
D/AudioHardwareMSM72XX(  182): BT MATCH BT
D/AudioHardwareMSM72XX(  182): BT MATCH CARKIT
D/AudioHardwareMSM72XX(  182): BT MATCH TTY_FULL
D/AudioHardwareMSM72XX(  182): BT MATCH TTY_VCO
D/AudioHardwareMSM72XX(  182): BT MATCH TTY_HCO
D/AudioHardwareMSM72XX(  182): BT MATCH NO_MIC_HEADSET
D/AudioHardwareMSM72XX(  182): BT MATCH FM_HEADSET
D/AudioHardwareMSM72XX(  182): BT MATCH HEADSET_AND_SPEAKER
D/AudioHardwareMSM72XX(  182): BT MATCH FM_SPEAKER
D/AudioHardwareMSM72XX(  182): BT MATCH BT_EC_OFF
D/AudioHardwareMSM72XX(  182): BT MATCH BT_EC_OFF
D/AudioHardwareMSM72XX(  182): BT MATCH CURRENT
I/AudioFlinger(  182): Loaded primary audio interface from LEGACY Audio HW HAL (audio)
I/AudioFlinger(  182): Using 'LEGACY Audio HW HAL' (audio.primary) as the primary audio interface
I/AudioFlinger(  182): Loaded a2dp audio interface from A2DP Audio HW HAL (audio)
D/AudioHardwareInterface(  182): setMode(NORMAL)
I/AudioHardwareMSM72XX(  182): Set master volume to 5.
I/CameraService(  182): CameraService started (pid=182)
I/AudioFlinger(  182): AudioFlinger's thread 0x16f90 ready to run
W/AudioFlinger(  182): Thread AudioOut_1 cannot connect to the power manager service
V/AudioHardwareMSM72XX(  182): AudioStreamOutMSM72xx::setParameters() routing=2
V/AudioHardwareMSM72XX(  182): set output routing 2
I/AudioHardwareMSM72XX(  182): Routing audio to Speakerphone
V/AudioHardwareMSM72XX(  182): doAudioRouteOrMute() device 1, mMode 0, mMicMute 1
D/AudioHardwareMSM72XX(  182): setVoiceVolume(1.000000)
I/AudioHardwareMSM72XX(  182): Setting in-call volume to 5 (available range is 0 to 5)
I/AudioPolicyService(  182): Loaded audio policy from LEGACY Audio Policy HAL (audio_policy)
I/SamplingProfilerIntegration(  180): Profiling disabled.
I/Zygote  (  180): Preloading classes...
D/dalvikvm(  180): GC_EXPLICIT freed 37K, 84% free 410K/2560K, paused 1ms+1ms
D/dalvikvm(  180): GC_EXPLICIT freed 4K, 82% free 474K/2560K, paused 1ms+1ms
D/dalvikvm(  180): GC_EXPLICIT freed 20K, 81% free 510K/2560K, paused 1ms+1ms
D/dalvikvm(  180): GC_EXPLICIT freed 27K, 79% free 537K/2560K, paused 1ms+1ms
D/dalvikvm(  180): GC_EXPLICIT freed 15K, 78% free 577K/2560K, paused 1ms+1ms
D/dalvikvm(  180): GC_EXPLICIT freed 79K, 73% free 707K/2560K, paused 1ms+1ms
D/dalvikvm(  180): GC_EXPLICIT freed 31K, 72% free 731K/2560K, paused 1ms+3ms
D/TextLayoutCache(  180): Using debug level: 0 - Debug Enabled: 0
W/Zygote  (  180): Class not found for preloading: android.media.AudioManager$2
I/dalvikvm(  180): threadid=1: recursive native library load attempt (/system/lib/libmedia_jni.so)
D/MtpDeviceJNI(  180): register_android_mtp_MtpDevice
I/dalvikvm(  180): threadid=1: recursive native library load attempt (/system/lib/libmedia_jni.so)
I/dalvikvm(  180): threadid=1: recursive native library load attempt (/system/lib/libmedia_jni.so)
E/MediaProfilesJNI(  180): native_init
E/MediaProfilesJNI(  180): After native_init lock
E/MediaProfilesJNI(  180): Guru : native_init profiles
E/MediaProfiles(  180): getInstance
E/MediaProfiles(  180): Guru :Else 1
E/MediaProfiles(  180): Guru : quality = 0, index = 1
E/MediaProfiles(  180): Guru : quality = 1, index = 0
E/MediaProfiles(  180): Guru : quality = 0, index = 1
E/MediaProfiles(  180): Guru : quality = 1, index = 0
E/MediaProfiles(  180): getInstance e1cf0
E/MediaProfilesJNI(  180): retun sProfiles
E/MediaProfilesJNI(  180): native_init
E/MediaProfilesJNI(  180): After native_init lock
E/MediaProfilesJNI(  180): retun sProfiles
W/Zygote  (  180): Class not found for preloading: android.media.IRemoteControlClientDispatcher
W/Zygote  (  180): Class not found for preloading: android.media.IRemoteControlClientDispatcher$Stub
D/dalvikvm(  180): GC_EXPLICIT freed 24K, 71% free 764K/2560K, paused 1ms+1ms
V/MediaProfilesJNI(  180): native_get_num_video_decoders
V/MediaProfilesJNI(  180): native_get_video_decoder_type: 0
D/dalvikvm(  180): GC_EXPLICIT freed 262K, 56% free 1133K/2560K, paused 2ms+2ms
D/dalvikvm(  180): GC_EXPLICIT freed 27K, 55% free 1161K/2560K, paused 2ms+2ms
D/dalvikvm(  180): GC_EXPLICIT freed 8K, 53% free 1209K/2560K, paused 2ms+2ms
D/dalvikvm(  180): GC_EXPLICIT freed 23K, 51% free 1275K/2560K, paused 2ms+3ms
D/dalvikvm(  180): GC_EXPLICIT freed 48K, 40% free 1555K/2560K, paused 3ms+4ms
W/Zygote  (  180): Class not found for preloading: android.text.TextDirectionHeuristics$CharCount
W/Zygote  (  180): Class not found for preloading: android.text.method.WordIterator$1
D/dalvikvm(  180): GC_EXPLICIT freed 35K, 38% free 1589K/2560K, paused 3ms+3ms
D/dalvikvm(  180): GC_EXPLICIT freed 32K, 38% free 1612K/2560K, paused 3ms+4ms
I/dalvikvm(  180): Could not find method android.webkit.WebViewCore$EventHub.access$8200, referenced from method android.webkit.WebViewCore.contentScrollTo
W/dalvikvm(  180): VFY: unable to resolve static method 38717: Landroid/webkit/WebViewCore$EventHub;.access$8200 (Landroid/webkit/WebViewCore$EventHub;Landroid/os/Message;)V
D/dalvikvm(  180): VFY: replacing opcode 0x71 at 0x0034
I/dalvikvm(  180): Could not find method android.webkit.WebViewCore$EventHub.access$8500, referenced from method android.webkit.WebViewCore.setupViewport
W/dalvikvm(  180): VFY: unable to resolve static method 38720: Landroid/webkit/WebViewCore$EventHub;.access$8500 (Landroid/webkit/WebViewCore$EventHub;I)V
D/dalvikvm(  180): VFY: replacing opcode 0x71 at 0x0208
I/dalvikvm(  180): Could not find method android.webkit.WebViewCore$EventHub.access$8500, referenced from method android.webkit.WebViewCore.setupViewport
W/dalvikvm(  180): VFY: unable to resolve static method 38720: Landroid/webkit/WebViewCore$EventHub;.access$8500 (Landroid/webkit/WebViewCore$EventHub;I)V
D/dalvikvm(  180): VFY: replacing opcode 0x71 at 0x02ff
I/dalvikvm(  180): Could not find method android.webkit.WebViewCore$EventHub.access$8200, referenced from method android.webkit.WebViewCore.viewSizeChanged
W/dalvikvm(  180): VFY: unable to resolve static method 38717: Landroid/webkit/WebViewCore$EventHub;.access$8200 (Landroid/webkit/WebViewCore$EventHub;Landroid/os/Message;)V
D/dalvikvm(  180): VFY: replacing opcode 0x71 at 0x0052
I/dalvikvm(  180): Could not find method android.webkit.WebViewCore$EventHub.access$8200, referenced from method android.webkit.WebViewCore.webkitDraw
W/dalvikvm(  180): VFY: unable to resolve static method 38717: Landroid/webkit/WebViewCore$EventHub;.access$8200 (Landroid/webkit/WebViewCore$EventHub;Landroid/os/Message;)V
D/dalvikvm(  180): VFY: replacing opcode 0x71 at 0x002b
I/dalvikvm(  180): Could not find method android.webkit.WebViewCore$EventHub.access$8200, referenced from method android.webkit.WebViewCore.contentDraw
W/dalvikvm(  180): VFY: unable to resolve static method 38717: Landroid/webkit/WebViewCore$EventHub;.access$8200 (Landroid/webkit/WebViewCore$EventHub;Landroid/os/Message;)V
D/dalvikvm(  180): VFY: replacing opcode 0x71 at 0x002e
I/dalvikvm(  180): Could not find method android.webkit.WebViewCore$EventHub.access$1402, referenced from method android.webkit.WebViewCore.destroy
W/dalvikvm(  180): VFY: unable to resolve static method 38704: Landroid/webkit/WebViewCore$EventHub;.access$1402 (Landroid/webkit/WebViewCore$EventHub;Z)Z
D/dalvikvm(  180): VFY: replacing opcode 0x71 at 0x0006
I/dalvikvm(  180): Could not find method android.webkit.WebViewCore$EventHub.access$8200, referenced from method android.webkit.WebViewCore.layersDraw
W/dalvikvm(  180): VFY: unable to resolve static method 38717: Landroid/webkit/WebViewCore$EventHub;.access$8200 (Landroid/webkit/WebViewCore$EventHub;Landroid/os/Message;)V
D/dalvikvm(  180): VFY: replacing opcode 0x71 at 0x0013
I/dalvikvm(  180): Could not find method android.webkit.WebViewCore$EventHub.access$8600, referenced from method android.webkit.WebViewCore.removeMessages
W/dalvikvm(  180): VFY: unable to resolve static method 38721: Landroid/webkit/WebViewCore$EventHub;.access$8600 (Landroid/webkit/WebViewCore$EventHub;)V
D/dalvikvm(  180): VFY: replacing opcode 0x71 at 0x0002
I/dalvikvm(  180): Could not find method android.webkit.WebViewCore$EventHub.access$8500, referenced from method android.webkit.WebViewCore.removeMessages
W/dalvikvm(  180): VFY: unable to resolve static method 38720: Landroid/webkit/WebViewCore$EventHub;.access$8500 (Landroid/webkit/WebViewCore$EventHub;I)V
D/dalvikvm(  180): VFY: replacing opcode 0x71 at 0x0002
I/dalvikvm(  180): Could not find method android.webkit.WebViewCore$EventHub.access$8200, referenced from method android.webkit.WebViewCore.sendMessage
W/dalvikvm(  180): VFY: unable to resolve static method 38717: Landroid/webkit/WebViewCore$EventHub;.access$8200 (Landroid/webkit/WebViewCore$EventHub;Landroid/os/Message;)V
D/dalvikvm(  180): VFY: replacing opcode 0x71 at 0x0007
I/dalvikvm(  180): Could not find method android.webkit.WebViewCore$EventHub.access$8200, referenced from method android.webkit.WebViewCore.sendMessage
W/dalvikvm(  180): VFY: unable to resolve static method 38717: Landroid/webkit/WebViewCore$EventHub;.access$8200 (Landroid/webkit/WebViewCore$EventHub;Landroid/os/Message;)V
D/dalvikvm(  180): VFY: replacing opcode 0x71 at 0x0008
I/dalvikvm(  180): Could not find method android.webkit.WebViewCore$EventHub.access$8200, referenced from method android.webkit.WebViewCore.sendMessage
W/dalvikvm(  180): VFY: unable to resolve static method 38717: Landroid/webkit/WebViewCore$EventHub;.access$8200 (Landroid/webkit/WebViewCore$EventHub;Landroid/os/Message;)V
D/dalvikvm(  180): VFY: replacing opcode 0x71 at 0x0007
I/dalvikvm(  180): Could not find method android.webkit.WebViewCore$EventHub.access$8200, referenced from method android.webkit.WebViewCore.sendMessage
W/dalvikvm(  180): VFY: unable to resolve static method 38717: Landroid/webkit/WebViewCore$EventHub;.access$8200 (Landroid/webkit/WebViewCore$EventHub;Landroid/os/Message;)V
D/dalvikvm(  180): VFY: replacing opcode 0x71 at 0x0007
I/dalvikvm(  180): Could not find method android.webkit.WebViewCore$EventHub.access$8200, referenced from method android.webkit.WebViewCore.sendMessage
W/dalvikvm(  180): VFY: unable to resolve static method 38717: Landroid/webkit/WebViewCore$EventHub;.access$8200 (Landroid/webkit/WebViewCore$EventHub;Landroid/os/Message;)V
D/dalvikvm(  180): VFY: replacing opcode 0x71 at 0x0008
I/dalvikvm(  180): Could not find method android.webkit.WebViewCore$EventHub.access$8200, referenced from method android.webkit.WebViewCore.sendMessage
W/dalvikvm(  180): VFY: unable to resolve static method 38717: Landroid/webkit/WebViewCore$EventHub;.access$8200 (Landroid/webkit/WebViewCore$EventHub;Landroid/os/Message;)V
D/dalvikvm(  180): VFY: replacing opcode 0x71 at 0x0007
I/dalvikvm(  180): Could not find method android.webkit.WebViewCore$EventHub.access$8200, referenced from method android.webkit.WebViewCore.sendMessage
W/dalvikvm(  180): VFY: unable to resolve static method 38717: Landroid/webkit/WebViewCore$EventHub;.access$8200 (Landroid/webkit/WebViewCore$EventHub;Landroid/os/Message;)V
D/dalvikvm(  180): VFY: replacing opcode 0x71 at 0x0002
I/dalvikvm(  180): Could not find method android.webkit.WebViewCore$EventHub.access$8300, referenced from method android.webkit.WebViewCore.sendMessageAtFrontOfQueue
W/dalvikvm(  180): VFY: unable to resolve static method 38718: Landroid/webkit/WebViewCore$EventHub;.access$8300 (Landroid/webkit/WebViewCore$EventHub;Landroid/os/Message;)V
D/dalvikvm(  180): VFY: replacing opcode 0x71 at 0x0007
I/dalvikvm(  180): Could not find method android.webkit.WebViewCore$EventHub.access$8400, referenced from method android.webkit.WebViewCore.sendMessageDelayed
W/dalvikvm(  180): VFY: unable to resolve static method 38719: Landroid/webkit/WebViewCore$EventHub;.access$8400 (Landroid/webkit/WebViewCore$EventHub;Landroid/os/Message;J)V
D/dalvikvm(  180): VFY: replacing opcode 0x71 at 0x0007
I/dalvikvm(  180): threadid=1: recursive native library load attempt (/system/lib/libwebcore.so)
D/dalvikvm(  180): No JNI_OnLoad found in /system/lib/libchromium_net.so 0x0, skipping init
I/dalvikvm(  180): Could not find method android.webkit.WebViewCore.resumePriority, referenced from method android.webkit.WebView.cancelTouch
W/dalvikvm(  180): VFY: unable to resolve static method 39007: Landroid/webkit/WebViewCore;.resumePriority ()V
D/dalvikvm(  180): VFY: replacing opcode 0x71 at 0x001b
I/dalvikvm(  180): Could not find method android.webkit.WebViewCore.resumePriority, referenced from method android.webkit.WebView.doFling
W/dalvikvm(  180): VFY: unable to resolve static method 39007: Landroid/webkit/WebViewCore;.resumePriority ()V
D/dalvikvm(  180): VFY: replacing opcode 0x71 at 0x0084
I/dalvikvm(  180): Could not find method android.webkit.WebViewCore.resumePriority, referenced from method android.webkit.WebView.handleTouchEventCommon
W/dalvikvm(  180): VFY: unable to resolve static method 39007: Landroid/webkit/WebViewCore;.resumePriority ()V
D/dalvikvm(  180): VFY: replacing opcode 0x71 at 0x0947
I/dalvikvm(  180): Could not find method android.webkit.WebViewCore.resumePriority, referenced from method android.webkit.WebView.stopTouch
W/dalvikvm(  180): VFY: unable to resolve static method 39007: Landroid/webkit/WebViewCore;.resumePriority ()V
D/dalvikvm(  180): VFY: replacing opcode 0x71 at 0x0017
I/dalvikvm(  180): Could not find method android.webkit.WebViewCore.resumePriority, referenced from method android.webkit.WebView.computeScroll
W/dalvikvm(  180): VFY: unable to resolve static method 39007: Landroid/webkit/WebViewCore;.resumePriority ()V
D/dalvikvm(  180): VFY: replacing opcode 0x71 at 0x006c
I/dalvikvm(  180): Could not find method android.webkit.WebViewCore.resumePriority, referenced from method android.webkit.WebView.selectionDone
