D/Launcher(  313): onCreate
D/dalvikvm(  313): GC_FOR_ALLOC freed 875K, 10% free 15812K/17543K, paused 51ms
D/Launcher.Workspace(  313): Screens loaded [1, 2, 3]
D/dalvikvm(  313): GC_FOR_ALLOC freed 1514K, 18% free 14982K/18247K, paused 60ms
D/dalvikvm(  313): GC_FOR_ALLOC freed 1247K, 15% free 15537K/18247K, paused 52ms
D/dalvikvm(  313): GC_FOR_ALLOC freed 168K, 9% free 16734K/18247K, paused 57ms
D/Launcher.Model(  313): startLoader isLaunching=true
D/Launcher.Model(  313): step 1: loading workspace
D/Launcher.Model(  313): loadAndBindWorkspace loaded=true
D/PhoneStatusBar(  218): disable: < expand icons alerts ticker system_info back home recent clock >
D/dalvikvm(  313): GC_FOR_ALLOC freed 2175K, 14% free 17038K/19783K, paused 115ms
V/PhoneStatusBar(  218): setLightsOn(true)
D/memalloc(   82): /dev/pmem: Allocated buffer base:0x41520000 size:614400 offset:4177920 fd:47
D/memalloc(  313): /dev/pmem: Mapped buffer base:0x51220000 size:4792320 offset:4177920 fd:83
D/dalvikvm(  313): GC_FOR_ALLOC freed 1652K, 9% free 18094K/19847K, paused 71ms
D/memalloc(   82): /dev/pmem: Allocated buffer base:0x41520000 size:614400 offset:4792320 fd:50
D/memalloc(  313): /dev/pmem: Mapped buffer base:0x516b4000 size:5406720 offset:4792320 fd:58
D/OpenGLRenderer(  934): Flushing caches (mode 0)
D/memalloc(  934): /dev/pmem: Unmapping buffer base:0x515a8000 size:1187840 offset:573440
D/memalloc(  934): /dev/pmem: Unmapping buffer base:0x51864000 size:3563520 offset:2949120
D/memalloc(  934): /dev/pmem: Unmapping buffer base:0x51c40000 size:4177920 offset:3563520
D/memalloc(   82): /dev/pmem: Freeing buffer base:0x415ac000 size:614400 offset:573440 fd:34
D/memalloc(   82): /dev/pmem: Freeing buffer base:0x417f0000 size:614400 offset:2949120 fd:38
W/InputManagerService(  146): Starting input on non-focused client com.android.internal.view.IInputMethodClient$Stub$Proxy@414408a8 (uid=1001 pid=934)
D/memalloc(   82): /dev/pmem: Allocated buffer base:0x41520000 size:614400 offset:2949120 fd:34
D/memalloc(  313): /dev/pmem: Mapped buffer base:0x51bdc000 size:3563520 offset:2949120 fd:62
D/memalloc(   82): /dev/pmem: Allocated buffer base:0x41520000 size:614400 offset:573440 fd:38
D/memalloc(  313): /dev/pmem: Mapped buffer base:0x50460000 size:1187840 offset:573440 fd:67
D/Launcher.Model(  313): load workspace in 1853ms
D/Launcher.Model(  313): Setting thread priority to BACKGROUND
D/memalloc(   82): /dev/pmem: Freeing buffer base:0x41886000 size:614400 offset:3563520 fd:44
D/Launcher.Model(  313): Going to start binding widgets soon.
I/ScreenElementRoot(  313): init target density: 160
D/Launcher.Model(  313): bind workspace in 739ms
D/Launcher.Model(  313): done with previous binding step
D/Launcher.Model(  313): waited 728ms for previous step to finish binding
D/Launcher.Model(  313): step 2: loading missing icons
D/dalvikvm(  313): GC_FOR_ALLOC freed 1372K, 8% free 19881K/21383K, paused 94ms
V/AudioHardwareMSM72XX(   85): open driver
V/AudioHardwareMSM72XX(   85): get config
V/AudioHardwareMSM72XX(   85): set config
V/AudioHardwareMSM72XX(   85): buffer_size: 4800
V/AudioHardwareMSM72XX(   85): buffer_count: 2
V/AudioHardwareMSM72XX(   85): channel_count: 2
V/AudioHardwareMSM72XX(   85): sample_rate: 44100
I/ActivityManager(  146): START {act=android.intent.action.MAIN cat=[android.intent.category.LAUNCHER] flg=0x10200000 cmp=com.speedsoftware.rootexplorer/.RootExplorer bnds=[157,212][237,302]} from pid 313
V/AudioHardwareMSM72XX(   85): open driver
V/AudioHardwareMSM72XX(   85): get config
V/AudioHardwareMSM72XX(   85): set config
V/AudioHardwareMSM72XX(   85): buffer_size: 4800
V/AudioHardwareMSM72XX(   85): buffer_count: 2
V/AudioHardwareMSM72XX(   85): channel_count: 2
V/AudioHardwareMSM72XX(   85): sample_rate: 44100
D/PhoneStatusBar(  218): disable: < expand icons alerts ticker system_info back home recent clock >
V/PhoneStatusBar(  218): setLightsOn(true)
D/memalloc(   82): /dev/pmem: Allocated buffer base:0x41520000 size:614400 offset:3563520 fd:44
D/memalloc(  290): /dev/pmem: Mapped buffer base:0x505b8000 size:4177920 offset:3563520 fd:49
D/memalloc(   82): /dev/pmem: Allocated buffer base:0x41520000 size:614400 offset:5406720 fd:53
D/memalloc(  290): /dev/pmem: Mapped buffer base:0x509b4000 size:6021120 offset:5406720 fd:55
D/memalloc(  290): /dev/pmem: Unmapping buffer base:0x509b4000 size:6021120 offset:5406720
D/memalloc(   82): /dev/pmem: Freeing buffer base:0x41a48000 size:614400 offset:5406720 fd:53
D/        ( 1043): 10047 /system/bin/mksh executing 0 /system/bin/sh using shell /system/bin/sh : sh
D/memalloc(  290): /dev/pmem: Unmapping buffer base:0x505b8000 size:4177920 offset:3563520
D/memalloc(   82): /dev/pmem: Freeing buffer base:0x41886000 size:614400 offset:3563520 fd:44
V/PhoneStatusBar(  218): setLightsOn(true)
D/memalloc(   82): /dev/pmem: Allocated buffer base:0x41520000 size:614400 offset:3563520 fd:44
D/memalloc(  760): /dev/pmem: Mapped buffer base:0x50c54000 size:4177920 offset:3563520 fd:57
D/memalloc(  313): /dev/pmem: Unmapping buffer base:0x51bdc000 size:3563520 offset:2949120
D/OpenGLRenderer(  313): Flushing caches (mode 0)
D/memalloc(  313): /dev/pmem: Unmapping buffer base:0x51220000 size:4792320 offset:4177920
D/memalloc(  313): /dev/pmem: Unmapping buffer base:0x516b4000 size:5406720 offset:4792320
D/memalloc(  313): /dev/pmem: Unmapping buffer base:0x50460000 size:1187840 offset:573440
D/memalloc(   82): /dev/pmem: Freeing buffer base:0x4191c000 size:614400 offset:4177920 fd:47
D/memalloc(   82): /dev/pmem: Freeing buffer base:0x415ac000 size:614400 offset:573440 fd:38
D/memalloc(   82): /dev/pmem: Freeing buffer base:0x419b2000 size:614400 offset:4792320 fd:50
D/memalloc(   82): /dev/pmem: Freeing buffer base:0x417f0000 size:614400 offset:2949120 fd:34
D/dalvikvm(  313): GC_EXPLICIT freed 6718K, 34% free 15204K/22919K, paused 5ms+10ms
D/memalloc(   82): /dev/pmem: Allocated buffer base:0x41520000 size:614400 offset:2949120 fd:34
D/memalloc(  760): /dev/pmem: Mapped buffer base:0x512bc000 size:3563520 offset:2949120 fd:60
V/AudioHardwareMSM72XX(   85): open driver
V/AudioHardwareMSM72XX(   85): get config
V/AudioHardwareMSM72XX(   85): set config
V/AudioHardwareMSM72XX(   85): buffer_size: 4800
V/AudioHardwareMSM72XX(   85): buffer_count: 2
V/AudioHardwareMSM72XX(   85): channel_count: 2
V/AudioHardwareMSM72XX(   85): sample_rate: 44100
D/dalvikvm(  760): GC_CONCURRENT freed 1341K, 27% free 9416K/12867K, paused 6ms+10ms
V/AudioHardwareMSM72XX(   85): open driver
V/AudioHardwareMSM72XX(   85): get config
V/AudioHardwareMSM72XX(   85): set config
V/AudioHardwareMSM72XX(   85): buffer_size: 4800
V/AudioHardwareMSM72XX(   85): buffer_count: 2
V/AudioHardwareMSM72XX(   85): channel_count: 2
V/AudioHardwareMSM72XX(   85): sample_rate: 44100
W/HapticFeedbackUtil(  146): vibrate: null or empty pattern
I/dalvikvm(  760): Jit: resizing JitTable from 2048 to 4096
W/HapticFeedbackUtil(  146): vibrate: null or empty pattern
D/memalloc(   82): /dev/pmem: Allocated buffer base:0x41520000 size:491520 offset:573440 fd:38
D/memalloc(  218): /dev/pmem: Mapped buffer base:0x507cc000 size:1064960 offset:573440 fd:78
I/ActivityManager(  146): START {act=android.intent.action.MAIN cat=[android.intent.category.HOME] flg=0x10200000 cmp=com.miui.home/.launcher.Launcher} from pid 146
D/PhoneStatusBar(  218): disable: < expand icons alerts ticker system_info back home recent clock >
D/memalloc(   82): /dev/pmem: Allocated buffer base:0x41520000 size:614400 offset:1064960 fd:47
D/memalloc(  313): /dev/pmem: Mapped buffer base:0x5103c000 size:1679360 offset:1064960 fd:54
D/memalloc(   82): /dev/pmem: Allocated buffer base:0x41520000 size:614400 offset:4177920 fd:50
D/memalloc(  313): /dev/pmem: Mapped buffer base:0x511d8000 size:4792320 offset:4177920 fd:60
D/memalloc(   82): /dev/pmem: Allocated buffer base:0x41520000 size:614400 offset:4792320 fd:53
D/memalloc(  313): /dev/pmem: Mapped buffer base:0x5166c000 size:5406720 offset:4792320 fd:63
V/PhoneStatusBar(  218): setLightsOn(true)
D/memalloc(  760): /dev/pmem: Unmapping buffer base:0x512bc000 size:3563520 offset:2949120
D/memalloc(   82): /dev/pmem: Freeing buffer base:0x417f0000 size:614400 offset:2949120 fd:34
D/memalloc(  760): /dev/pmem: Unmapping buffer base:0x50c54000 size:4177920 offset:3563520
W/InputManagerService(  146): Starting input on non-focused client com.android.internal.view.IInputMethodClient$Stub$Proxy@412f1168 (uid=10047 pid=760)
D/memalloc(   82): /dev/pmem: Freeing buffer base:0x41886000 size:614400 offset:3563520 fd:44
D/memalloc(   82): /dev/pmem: Allocated buffer base:0x41520000 size:614400 offset:2949120 fd:34
D/memalloc(  313): /dev/pmem: Mapped buffer base:0x51b94000 size:3563520 offset:2949120 fd:66
I/ActivityManager(  146): START {act=android.intent.action.MAIN cat=[android.intent.category.LAUNCHER] flg=0x10200000 cmp=com.android.thememanager/.ThemeResourceTabActivity bnds=[231,212][311,302]} from pid 313
V/AudioHardwareMSM72XX(   85): open driver
V/AudioHardwareMSM72XX(   85): get config
V/AudioHardwareMSM72XX(   85): set config
V/AudioHardwareMSM72XX(   85): buffer_size: 4800
V/AudioHardwareMSM72XX(   85): buffer_count: 2
V/AudioHardwareMSM72XX(   85): channel_count: 2
V/AudioHardwareMSM72XX(   85): sample_rate: 44100
D/PhoneStatusBar(  218): disable: < expand icons alerts ticker system_info back home recent clock >
D/memalloc(   82): /dev/pmem: Allocated buffer base:0x41520000 size:614400 offset:3563520 fd:44
D/memalloc(  934): /dev/pmem: Mapped buffer base:0x51c40000 size:4177920 offset:3563520 fd:52
D/OpenGLRenderer(  313): Flushing caches (mode 1)
D/memalloc(   82): /dev/pmem: Allocated buffer base:0x41520000 size:614400 offset:5406720 fd:56
D/memalloc(  934): /dev/pmem: Mapped buffer base:0x5203c000 size:6021120 offset:5406720 fd:59
V/PhoneStatusBar(  218): setLightsOn(true)
D/memalloc(   82): /dev/pmem: Allocated buffer base:0x41520000 size:614400 offset:6021120 fd:59
D/memalloc(  934): /dev/pmem: Mapped buffer base:0x525fc000 size:6635520 offset:6021120 fd:62
D/memalloc(  313): /dev/pmem: Unmapping buffer base:0x511d8000 size:4792320 offset:4177920
D/OpenGLRenderer(  313): Flushing caches (mode 0)
D/memalloc(  313): /dev/pmem: Unmapping buffer base:0x5103c000 size:1679360 offset:1064960
D/memalloc(  313): /dev/pmem: Unmapping buffer base:0x5166c000 size:5406720 offset:4792320
D/memalloc(  313): /dev/pmem: Unmapping buffer base:0x51b94000 size:3563520 offset:2949120
D/memalloc(   82): /dev/pmem: Freeing buffer base:0x41624000 size:614400 offset:1064960 fd:47
D/memalloc(   82): /dev/pmem: Freeing buffer base:0x417f0000 size:614400 offset:2949120 fd:34
D/memalloc(   82): /dev/pmem: Freeing buffer base:0x419b2000 size:614400 offset:4792320 fd:53
D/memalloc(   82): /dev/pmem: Freeing buffer base:0x4191c000 size:614400 offset:4177920 fd:50
D/dalvikvm(  313): GC_EXPLICIT freed 33K, 34% free 15195K/22919K, paused 9ms+16ms
V/AudioHardwareMSM72XX(   85): open driver
V/AudioHardwareMSM72XX(   85): get config
V/AudioHardwareMSM72XX(   85): set config
V/AudioHardwareMSM72XX(   85): buffer_size: 4800
V/AudioHardwareMSM72XX(   85): buffer_count: 2
V/AudioHardwareMSM72XX(   85): channel_count: 2
V/AudioHardwareMSM72XX(   85): sample_rate: 44100
I/ResourceOperation(  934): OperationHandler.handleApplyEvent(): /system/media/theme/default.mtz
D/memalloc(   82): /dev/pmem: Allocated buffer base:0x41520000 size:204800 offset:2949120 fd:34
D/memalloc(  934): /dev/pmem: Mapped buffer base:0x51864000 size:3153920 offset:2949120 fd:74
D/memalloc(   82): /dev/pmem: Allocated buffer base:0x41520000 size:204800 offset:3153920 fd:47
D/memalloc(  934): /dev/pmem: Mapped buffer base:0x52c50000 size:3358720 offset:3153920 fd:77
F/libc    ( 1099): Fatal signal 4 (SIGILL) at 0x000086b0 (code=1)
I/DEBUG   (   80): *** *** *** *** *** *** *** *** *** *** *** *** *** *** *** ***
I/DEBUG   (   80): Build fingerprint: 'cyanogenmod/htc_marvel/marvel:4.0.4/ASN01/0.1:user/release-keys'
I/DEBUG   (   80): pid: 1099, tid: 1099  >>> /system/xbin/invoke-as <<<
I/DEBUG   (   80): signal 4 (SIGILL), code 1 (ILL_ILLOPC), fault addr 000086b0
I/DEBUG   (   80):  r0 00000003  r1 bea39c04  r2 bea39c14  r3 4007100c
I/DEBUG   (   80):  r4 bea39c04  r5 00000003  r6 bea39c14  r7 00008694
I/DEBUG   (   80):  r8 00000000  r9 00000000  10 00000000  fp 00000000
I/DEBUG   (   80):  ip 00000000  sp bea39be8  lr 4003755d  pc 000086b0  cpsr 00000030
I/DEBUG   (   80):  d0  0000000000000000  d1  0000000000000000
I/DEBUG   (   80):  d2  0000000000000000  d3  0000000000000000
I/DEBUG   (   80):  d4  0000000000000000  d5  0000000000000000
I/DEBUG   (   80):  d6  0000000000000000  d7  0000000000000000
I/DEBUG   (   80):  d8  0000000000000000  d9  0000000000000000
I/DEBUG   (   80):  d10 0000000000000000  d11 0000000000000000
I/DEBUG   (   80):  d12 0000000000000000  d13 0000000000000000
I/DEBUG   (   80):  d14 0000000000000000  d15 0000000000000000
I/DEBUG   (   80):  scr 00000000
I/DEBUG   (   80): 
I/DEBUG   (   80):          #00  pc 000086b0  /system/xbin/invoke-as
I/DEBUG   (   80):          #01  pc 0001655a  /system/lib/libc.so (__libc_init)
I/DEBUG   (   80):          #02  pc 40004eb4  /system/bin/linker
I/DEBUG   (   80): 
I/DEBUG   (   80): code around pc:
I/DEBUG   (   80): 00008690 eaffffd0 ea00007b 00009000 00009008  ....{...........
I/DEBUG   (   80): 000086a0 00009010 00009018 e1a00000 e1a00000  ................
I/DEBUG   (   80): 000086b0 4ff8e92d 46894682 ef94f7ff 447c4c62  -..O.F.F....bL|D
I/DEBUG   (   80): 000086c0 bf181e03 f5b02301 bf0c7f7a f0032300  .....#..z....#..
I/DEBUG   (   80): 000086d0 b1bb0301 31e9f240 d0134288 485c4a5b  ....@..1.B..[J\H
I/DEBUG   (   80): 
I/DEBUG   (   80): code around lr:
I/DEBUG   (   80): 4003753c 1c681c17 19a60086 d0052900 22004b05  ..h......)...K."
I/DEBUG   (   80): 4003754c 6818447b f874f008 1c321c21 47b81c28  {D.h..t.!.2.(..G
I/DEBUG   (   80): 4003755c f9f2f008 0002cf4c 4805b510 68032200  ....L......H.".h
I/DEBUG   (   80): 4003756c 60da68d8 fe76f010 fd12f7ff 46c0bd10  .h.`..v........F
I/DEBUG   (   80): 4003757c ffff0ff0 e24dd008 e2102003 f5d0f000  ......M.. ......
I/DEBUG   (   80): 
I/DEBUG   (   80): memory map around addr 000086b0:
I/DEBUG   (   80): (no map below)
I/DEBUG   (   80): 00008000-00009000 /system/xbin/invoke-as
I/DEBUG   (   80): 00009000-0000a000 /system/xbin/invoke-as
I/DEBUG   (   80): 
I/DEBUG   (   80): stack:
I/DEBUG   (   80):     bea39ba8  4006455c  /system/lib/libc.so
I/DEBUG   (   80):     bea39bac  00001000  
I/DEBUG   (   80):     bea39bb0  40071000  
I/DEBUG   (   80):     bea39bb4  40048229  /system/lib/libc.so
I/DEBUG   (   80):     bea39bb8  ffffffff  
I/DEBUG   (   80):     bea39bbc  00000000  
I/DEBUG   (   80):     bea39bc0  40014b14  /system/bin/linker
I/DEBUG   (   80):     bea39bc4  40048229  /system/lib/libc.so
I/DEBUG   (   80):     bea39bc8  00009010  /system/xbin/invoke-as
I/DEBUG   (   80):     bea39bcc  00000000  
I/DEBUG   (   80):     bea39bd0  00000000  
I/DEBUG   (   80):     bea39bd4  bea39c04  [stack]
I/DEBUG   (   80):     bea39bd8  00000003  
I/DEBUG   (   80):     bea39bdc  bea39c14  [stack]
I/DEBUG   (   80):     bea39be0  df0027ad  
I/DEBUG   (   80):     bea39be4  00000000  
I/DEBUG   (   80): #01 bea39be8  00008698  /system/xbin/invoke-as
I/DEBUG   (   80):     bea39bec  00000000  
I/DEBUG   (   80):     bea39bf0  00000000  
I/DEBUG   (   80):     bea39bf4  00000000  
I/DEBUG   (   80):     bea39bf8  00000000  
I/DEBUG   (   80):     bea39bfc  40004eb9  /system/bin/linker
I/BootReceiver(  146): Copying /data/tombstones/tombstone_04 to DropBox (SYSTEM_TOMBSTONE)
F/libc    ( 1101): Fatal signal 4 (SIGILL) at 0x000086b0 (code=1)
D/memalloc(   82): /dev/pmem: Allocated buffer base:0x41520000 size:204800 offset:3358720 fd:50
D/memalloc(  934): /dev/pmem: Mapped buffer base:0x52f84000 size:3563520 offset:3358720 fd:82
I/DEBUG   (   80): *** *** *** *** *** *** *** *** *** *** *** *** *** *** *** ***
I/DEBUG   (   80): Build fingerprint: 'cyanogenmod/htc_marvel/marvel:4.0.4/ASN01/0.1:user/release-keys'
I/DEBUG   (   80): pid: 1101, tid: 1101  >>> /system/xbin/invoke-as <<<
I/DEBUG   (   80): signal 4 (SIGILL), code 1 (ILL_ILLOPC), fault addr 000086b0
I/DEBUG   (   80):  r0 00000003  r1 bed38c04  r2 bed38c14  r3 4007100c
I/DEBUG   (   80):  r4 bed38c04  r5 00000003  r6 bed38c14  r7 00008694
I/DEBUG   (   80):  r8 00000000  r9 00000000  10 00000000  fp 00000000
I/DEBUG   (   80):  ip 00000000  sp bed38be8  lr 4003755d  pc 000086b0  cpsr 00000030
I/DEBUG   (   80):  d0  0000000000000000  d1  0000000000000000
I/DEBUG   (   80):  d2  0000000000000000  d3  0000000000000000
I/DEBUG   (   80):  d4  0000000000000000  d5  0000000000000000
I/DEBUG   (   80):  d6  0000000000000000  d7  0000000000000000
I/DEBUG   (   80):  d8  0000000000000000  d9  0000000000000000
I/DEBUG   (   80):  d10 0000000000000000  d11 0000000000000000
I/DEBUG   (   80):  d12 0000000000000000  d13 0000000000000000
I/DEBUG   (   80):  d14 0000000000000000  d15 0000000000000000
I/DEBUG   (   80):  scr 00000000
I/DEBUG   (   80): 
I/DEBUG   (   80):          #00  pc 000086b0  /system/xbin/invoke-as
I/DEBUG   (   80):          #01  pc 0001655a  /system/lib/libc.so (__libc_init)
I/DEBUG   (   80):          #02  pc 40004eb4  /system/bin/linker
I/DEBUG   (   80): 
I/DEBUG   (   80): code around pc:
I/DEBUG   (   80): 00008690 eaffffd0 ea00007b 00009000 00009008  ....{...........
I/DEBUG   (   80): 000086a0 00009010 00009018 e1a00000 e1a00000  ................
I/DEBUG   (   80): 000086b0 4ff8e92d 46894682 ef94f7ff 447c4c62  -..O.F.F....bL|D
I/DEBUG   (   80): 000086c0 bf181e03 f5b02301 bf0c7f7a f0032300  .....#..z....#..
I/DEBUG   (   80): 000086d0 b1bb0301 31e9f240 d0134288 485c4a5b  ....@..1.B..[J\H
I/DEBUG   (   80): 
I/DEBUG   (   80): code around lr:
I/DEBUG   (   80): 4003753c 1c681c17 19a60086 d0052900 22004b05  ..h......)...K."
I/DEBUG   (   80): 4003754c 6818447b f874f008 1c321c21 47b81c28  {D.h..t.!.2.(..G
I/DEBUG   (   80): 4003755c f9f2f008 0002cf4c 4805b510 68032200  ....L......H.".h
I/DEBUG   (   80): 4003756c 60da68d8 fe76f010 fd12f7ff 46c0bd10  .h.`..v........F
I/DEBUG   (   80): 4003757c ffff0ff0 e24dd008 e2102003 f5d0f000  ......M.. ......
I/DEBUG   (   80): 
I/DEBUG   (   80): memory map around addr 000086b0:
I/DEBUG   (   80): (no map below)
I/DEBUG   (   80): 00008000-00009000 /system/xbin/invoke-as
I/DEBUG   (   80): 00009000-0000a000 /system/xbin/invoke-as
I/DEBUG   (   80): 
I/DEBUG   (   80): stack:
I/DEBUG   (   80):     bed38ba8  4006455c  /system/lib/libc.so
I/DEBUG   (   80):     bed38bac  00001000  
I/DEBUG   (   80):     bed38bb0  40071000  
I/DEBUG   (   80):     bed38bb4  40048229  /system/lib/libc.so
I/DEBUG   (   80):     bed38bb8  ffffffff  
I/DEBUG   (   80):     bed38bbc  00000000  
I/DEBUG   (   80):     bed38bc0  40014b14  /system/bin/linker
I/DEBUG   (   80):     bed38bc4  40048229  /system/lib/libc.so
I/DEBUG   (   80):     bed38bc8  00009010  /system/xbin/invoke-as
I/DEBUG   (   80):     bed38bcc  00000000  
I/DEBUG   (   80):     bed38bd0  00000000  
I/DEBUG   (   80):     bed38bd4  bed38c04  [stack]
I/DEBUG   (   80):     bed38bd8  00000003  
I/DEBUG   (   80):     bed38bdc  bed38c14  [stack]
I/DEBUG   (   80):     bed38be0  df0027ad  
I/DEBUG   (   80):     bed38be4  00000000  
I/DEBUG   (   80): #01 bed38be8  00008698  /system/xbin/invoke-as
I/DEBUG   (   80):     bed38bec  00000000  
I/DEBUG   (   80):     bed38bf0  00000000  
I/DEBUG   (   80):     bed38bf4  00000000  
I/DEBUG   (   80):     bed38bf8  00000000  
I/DEBUG   (   80):     bed38bfc  40004eb9  /system/bin/linker
I/BootReceiver(  146): Copying /data/tombstones/tombstone_05 to DropBox (SYSTEM_TOMBSTONE)
W/System.err(  934): java.io.FileNotFoundException: /data/system/theme/description.xml: open failed: EACCES (Permission denied)
W/System.err(  934): 	at libcore.io.IoBridge.open(IoBridge.java:406)
W/System.err(  934): 	at java.io.FileOutputStream.<init>(FileOutputStream.java:88)
W/System.err(  934): 	at java.io.FileOutputStream.<init>(FileOutputStream.java:128)
W/System.err(  934): 	at java.io.FileOutputStream.<init>(FileOutputStream.java:117)
W/System.err(  934): 	at miui.app.resourcebrowser.ResourceHelper.writeTo(ResourceHelper.java:470)
W/System.err(  934): 	at com.android.thememanager.Helper.unzip(Helper.java:143)
W/System.err(  934): 	at com.android.thememanager.ThemeInfo.apply(ThemeInfo.java:462)
W/System.err(  934): 	at com.android.thememanager.ThemeInfo.access$000(ThemeInfo.java:40)
W/System.err(  934): 	at com.android.thememanager.ThemeInfo$ApplyThemeTask.doInBackground(ThemeInfo.java:627)
W/System.err(  934): 	at com.android.thememanager.ThemeInfo$ApplyThemeTask.doInBackground(ThemeInfo.java:591)
W/System.err(  934): 	at android.os.AsyncTask$2.call(AsyncTask.java:264)
W/System.err(  934): 	at java.util.concurrent.FutureTask$Sync.innerRun(FutureTask.java:305)
W/System.err(  934): 	at java.util.concurrent.FutureTask.run(FutureTask.java:137)
W/System.err(  934): 	at java.util.concurrent.ThreadPoolExecutor.runWorker(ThreadPoolExecutor.java:1076)
W/System.err(  934): 	at java.util.concurrent.ThreadPoolExecutor$Worker.run(ThreadPoolExecutor.java:569)
W/System.err(  934): 	at java.lang.Thread.run(Thread.java:856)
W/System.err(  934): Caused by: libcore.io.ErrnoException: open failed: EACCES (Permission denied)
W/System.err(  934): 	at libcore.io.Posix.open(Native Method)
W/System.err(  934): 	at libcore.io.BlockGuardOs.open(BlockGuardOs.java:110)
W/System.err(  934): 	at libcore.io.IoBridge.open(IoBridge.java:390)
W/System.err(  934): 	... 15 more
W/System.err(  934): java.io.FileNotFoundException: /data/system/theme/preview/preview_animation_0.png: open failed: ENOENT (No such file or directory)
W/System.err(  934): 	at libcore.io.IoBridge.open(IoBridge.java:406)
W/System.err(  934): 	at java.io.FileOutputStream.<init>(FileOutputStream.java:88)
W/System.err(  934): 	at java.io.FileOutputStream.<init>(FileOutputStream.java:128)
W/System.err(  934): 	at java.io.FileOutputStream.<init>(FileOutputStream.java:117)
W/System.err(  934): 	at miui.app.resourcebrowser.ResourceHelper.writeTo(ResourceHelper.java:470)
W/System.err(  934): 	at com.android.thememanager.Helper.unzip(Helper.java:143)
W/System.err(  934): 	at com.android.thememanager.ThemeInfo.apply(ThemeInfo.java:462)
W/System.err(  934): 	at com.android.thememanager.ThemeInfo.access$000(ThemeInfo.java:40)
W/System.err(  934): 	at com.android.thememanager.ThemeInfo$ApplyThemeTask.doInBackground(ThemeInfo.java:627)
W/System.err(  934): 	at com.android.thememanager.ThemeInfo$ApplyThemeTask.doInBackground(ThemeInfo.java:591)
W/System.err(  934): 	at android.os.AsyncTask$2.call(AsyncTask.java:264)
W/System.err(  934): 	at java.util.concurrent.FutureTask$Sync.innerRun(FutureTask.java:305)
W/System.err(  934): 	at java.util.concurrent.FutureTask.run(FutureTask.java:137)
W/System.err(  934): 	at java.util.concurrent.ThreadPoolExecutor.runWorker(ThreadPoolExecutor.java:1076)
W/System.err(  934): 	at java.util.concurrent.ThreadPoolExecutor$Worker.run(ThreadPoolExecutor.java:569)
W/System.err(  934): 	at java.lang.Thread.run(Thread.java:856)
W/System.err(  934): Caused by: libcore.io.ErrnoException: open failed: ENOENT (No such file or directory)
W/System.err(  934): 	at libcore.io.Posix.open(Native Method)
W/System.err(  934): 	at libcore.io.BlockGuardOs.open(BlockGuardOs.java:110)
W/System.err(  934): 	at libcore.io.IoBridge.open(IoBridge.java:390)
W/System.err(  934): 	... 15 more
W/System.err(  934): java.io.FileNotFoundException: /data/system/theme/preview/preview_contact_0.jpg: open failed: ENOENT (No such file or directory)
W/System.err(  934): 	at libcore.io.IoBridge.open(IoBridge.java:406)
W/System.err(  934): 	at java.io.FileOutputStream.<init>(FileOutputStream.java:88)
W/System.err(  934): 	at java.io.FileOutputStream.<init>(FileOutputStream.java:128)
W/System.err(  934): 	at java.io.FileOutputStream.<init>(FileOutputStream.java:117)
W/System.err(  934): 	at miui.app.resourcebrowser.ResourceHelper.writeTo(ResourceHelper.java:470)
W/System.err(  934): 	at com.android.thememanager.Helper.unzip(Helper.java:143)
W/System.err(  934): 	at com.android.thememanager.ThemeInfo.apply(ThemeInfo.java:462)
W/System.err(  934): 	at com.android.thememanager.ThemeInfo.access$000(ThemeInfo.java:40)
W/System.err(  934): 	at com.android.thememanager.ThemeInfo$ApplyThemeTask.doInBackground(ThemeInfo.java:627)
W/System.err(  934): 	at com.android.thememanager.ThemeInfo$ApplyThemeTask.doInBackground(ThemeInfo.java:591)
W/System.err(  934): 	at android.os.AsyncTask$2.call(AsyncTask.java:264)
W/System.err(  934): 	at java.util.concurrent.FutureTask$Sync.innerRun(FutureTask.java:305)
W/System.err(  934): 	at java.util.concurrent.FutureTask.run(FutureTask.java:137)
W/System.err(  934): 	at java.util.concurrent.ThreadPoolExecutor.runWorker(ThreadPoolExecutor.java:1076)
W/System.err(  934): 	at java.util.concurrent.ThreadPoolExecutor$Worker.run(ThreadPoolExecutor.java:569)
W/System.err(  934): 	at java.lang.Thread.run(Thread.java:856)
W/System.err(  934): Caused by: libcore.io.ErrnoException: open failed: ENOENT (No such file or directory)
W/System.err(  934): 	at libcore.io.Posix.open(Native Method)
W/System.err(  934): 	at libcore.io.BlockGuardOs.open(BlockGuardOs.java:110)
W/System.err(  934): 	at libcore.io.IoBridge.open(IoBridge.java:390)
W/System.err(  934): 	... 15 more
W/System.err(  934): java.io.FileNotFoundException: /data/system/theme/preview/preview_contact_1.jpg: open failed: ENOENT (No such file or directory)
W/System.err(  934): 	at libcore.io.IoBridge.open(IoBridge.java:406)
W/System.err(  934): 	at java.io.FileOutputStream.<init>(FileOutputStream.java:88)
W/System.err(  934): 	at java.io.FileOutputStream.<init>(FileOutputStream.java:128)
W/System.err(  934): 	at java.io.FileOutputStream.<init>(FileOutputStream.java:117)
W/System.err(  934): 	at miui.app.resourcebrowser.ResourceHelper.writeTo(ResourceHelper.java:470)
W/System.err(  934): 	at com.android.thememanager.Helper.unzip(Helper.java:143)
W/System.err(  934): 	at com.android.thememanager.ThemeInfo.apply(ThemeInfo.java:462)
W/System.err(  934): 	at com.android.thememanager.ThemeInfo.access$000(ThemeInfo.java:40)
W/System.err(  934): 	at com.android.thememanager.ThemeInfo$ApplyThemeTask.doInBackground(ThemeInfo.java:627)
W/System.err(  934): 	at com.android.thememanager.ThemeInfo$ApplyThemeTask.doInBackground(ThemeInfo.java:591)
W/System.err(  934): 	at android.os.AsyncTask$2.call(AsyncTask.java:264)
W/System.err(  934): 	at java.util.concurrent.FutureTask$Sync.innerRun(FutureTask.java:305)
W/System.err(  934): 	at java.util.concurrent.FutureTask.run(FutureTask.java:137)
W/System.err(  934): 	at java.util.concurrent.ThreadPoolExecutor.runWorker(ThreadPoolExecutor.java:1076)
W/System.err(  934): 	at java.util.concurrent.ThreadPoolExecutor$Worker.run(ThreadPoolExecutor.java:569)
W/System.err(  934): 	at java.lang.Thread.run(Thread.java:856)
W/System.err(  934): Caused by: libcore.io.ErrnoException: open failed: ENOENT (No such file or directory)
W/System.err(  934): 	at libcore.io.Posix.open(Native Method)
W/System.err(  934): 	at libcore.io.BlockGuardOs.open(BlockGuardOs.java:110)
W/System.err(  934): 	at libcore.io.IoBridge.open(IoBridge.java:390)
W/System.err(  934): 	... 15 more
W/System.err(  934): java.io.FileNotFoundException: /data/system/theme/preview/preview_fonts_0.jpg: open failed: ENOENT (No such file or directory)
W/System.err(  934): 	at libcore.io.IoBridge.open(IoBridge.java:406)
W/System.err(  934): 	at java.io.FileOutputStream.<init>(FileOutputStream.java:88)
W/System.err(  934): 	at java.io.FileOutputStream.<init>(FileOutputStream.java:128)
W/System.err(  934): 	at java.io.FileOutputStream.<init>(FileOutputStream.java:117)
W/System.err(  934): 	at miui.app.resourcebrowser.ResourceHelper.writeTo(ResourceHelper.java:470)
W/System.err(  934): 	at com.android.thememanager.Helper.unzip(Helper.java:143)
W/System.err(  934): 	at com.android.thememanager.ThemeInfo.apply(ThemeInfo.java:462)
W/System.err(  934): 	at com.android.thememanager.ThemeInfo.access$000(ThemeInfo.java:40)
W/System.err(  934): 	at com.android.thememanager.ThemeInfo$ApplyThemeTask.doInBackground(ThemeInfo.java:627)
W/System.err(  934): 	at com.android.thememanager.ThemeInfo$ApplyThemeTask.doInBackground(ThemeInfo.java:591)
W/System.err(  934): 	at android.os.AsyncTask$2.call(AsyncTask.java:264)
W/System.err(  934): 	at java.util.concurrent.FutureTask$Sync.innerRun(FutureTask.java:305)
W/System.err(  934): 	at java.util.concurrent.FutureTask.run(FutureTask.java:137)
W/System.err(  934): 	at java.util.concurrent.ThreadPoolExecutor.runWorker(ThreadPoolExecutor.java:1076)
W/System.err(  934): 	at java.util.concurrent.ThreadPoolExecutor$Worker.run(ThreadPoolExecutor.java:569)
W/System.err(  934): 	at java.lang.Thread.run(Thread.java:856)
W/System.err(  934): Caused by: libcore.io.ErrnoException: open failed: ENOENT (No such file or directory)
W/System.err(  934): 	at libcore.io.Posix.open(Native Method)
W/System.err(  934): 	at libcore.io.BlockGuardOs.open(BlockGuardOs.java:110)
W/System.err(  934): 	at libcore.io.IoBridge.open(IoBridge.java:390)
W/System.err(  934): 	... 15 more
W/System.err(  934): java.io.FileNotFoundException: /data/system/theme/preview/preview_fonts_small_0.jpg: open failed: ENOENT (No such file or directory)
W/System.err(  934): 	at libcore.io.IoBridge.open(IoBridge.java:406)
W/System.err(  934): 	at java.io.FileOutputStream.<init>(FileOutputStream.java:88)
W/System.err(  934): 	at java.io.FileOutputStream.<init>(FileOutputStream.java:128)
W/System.err(  934): 	at java.io.FileOutputStream.<init>(FileOutputStream.java:117)
W/System.err(  934): 	at miui.app.resourcebrowser.ResourceHelper.writeTo(ResourceHelper.java:470)
W/System.err(  934): 	at com.android.thememanager.Helper.unzip(Helper.java:143)
W/System.err(  934): 	at com.android.thememanager.ThemeInfo.apply(ThemeInfo.java:462)
W/System.err(  934): 	at com.android.thememanager.ThemeInfo.access$000(ThemeInfo.java:40)
W/System.err(  934): 	at com.android.thememanager.ThemeInfo$ApplyThemeTask.doInBackground(ThemeInfo.java:627)
W/System.err(  934): 	at com.android.thememanager.ThemeInfo$ApplyThemeTask.doInBackground(ThemeInfo.java:591)
W/System.err(  934): 	at android.os.AsyncTask$2.call(AsyncTask.java:264)
W/System.err(  934): 	at java.util.concurrent.FutureTask$Sync.innerRun(FutureTask.java:305)
W/System.err(  934): 	at java.util.concurrent.FutureTask.run(FutureTask.java:137)
W/System.err(  934): 	at java.util.concurrent.ThreadPoolExecutor.runWorker(ThreadPoolExecutor.java:1076)
W/System.err(  934): 	at java.util.concurrent.ThreadPoolExecutor$Worker.run(ThreadPoolExecutor.java:569)
W/System.err(  934): 	at java.lang.Thread.run(Thread.java:856)
W/System.err(  934): Caused by: libcore.io.ErrnoException: open failed: ENOENT (No such file or directory)
W/System.err(  934): 	at libcore.io.Posix.open(Native Method)
W/System.err(  934): 	at libcore.io.BlockGuardOs.open(BlockGuardOs.java:110)
W/System.err(  934): 	at libcore.io.IoBridge.open(IoBridge.java:390)
W/System.err(  934): 	... 15 more
W/System.err(  934): java.io.FileNotFoundException: /data/system/theme/preview/preview_icons_0.jpg: open failed: ENOENT (No such file or directory)
W/System.err(  934): 	at libcore.io.IoBridge.open(IoBridge.java:406)
W/System.err(  934): 	at java.io.FileOutputStream.<init>(FileOutputStream.java:88)
W/System.err(  934): 	at java.io.FileOutputStream.<init>(FileOutputStream.java:128)
W/System.err(  934): 	at java.io.FileOutputStream.<init>(FileOutputStream.java:117)
W/System.err(  934): 	at miui.app.resourcebrowser.ResourceHelper.writeTo(ResourceHelper.java:470)
W/System.err(  934): 	at com.android.thememanager.Helper.unzip(Helper.java:143)
W/System.err(  934): 	at com.android.thememanager.ThemeInfo.apply(ThemeInfo.java:462)
W/System.err(  934): 	at com.android.thememanager.ThemeInfo.access$000(ThemeInfo.java:40)
W/System.err(  934): 	at com.android.thememanager.ThemeInfo$ApplyThemeTask.doInBackground(ThemeInfo.java:627)
W/System.err(  934): 	at com.android.thememanager.ThemeInfo$ApplyThemeTask.doInBackground(ThemeInfo.java:591)
W/System.err(  934): 	at android.os.AsyncTask$2.call(AsyncTask.java:264)
W/System.err(  934): 	at java.util.concurrent.FutureTask$Sync.innerRun(FutureTask.java:305)
W/System.err(  934): 	at java.util.concurrent.FutureTask.run(FutureTask.java:137)
W/System.err(  934): 	at java.util.concurrent.ThreadPoolExecutor.runWorker(ThreadPoolExecutor.java:1076)
W/System.err(  934): 	at java.util.concurrent.ThreadPoolExecutor$Worker.run(ThreadPoolExecutor.java:569)
W/System.err(  934): 	at java.lang.Thread.run(Thread.java:856)
W/System.err(  934): Caused by: libcore.io.ErrnoException: open failed: ENOENT (No such file or directory)
W/System.err(  934): 	at libcore.io.Posix.open(Native Method)
W/System.err(  934): 	at libcore.io.BlockGuardOs.open(BlockGuardOs.java:110)
W/System.err(  934): 	at libcore.io.IoBridge.open(IoBridge.java:390)
W/System.err(  934): 	... 15 more
W/System.err(  934): java.io.FileNotFoundException: /data/system/theme/preview/preview_icons_1.jpg: open failed: ENOENT (No such file or directory)
W/System.err(  934): 	at libcore.io.IoBridge.open(IoBridge.java:406)
W/System.err(  934): 	at java.io.FileOutputStream.<init>(FileOutputStream.java:88)
W/System.err(  934): 	at java.io.FileOutputStream.<init>(FileOutputStream.java:128)
W/System.err(  934): 	at java.io.FileOutputStream.<init>(FileOutputStream.java:117)
W/System.err(  934): 	at miui.app.resourcebrowser.ResourceHelper.writeTo(ResourceHelper.java:470)
W/System.err(  934): 	at com.android.thememanager.Helper.unzip(Helper.java:143)
W/System.err(  934): 	at com.android.thememanager.ThemeInfo.apply(ThemeInfo.java:462)
W/System.err(  934): 	at com.android.thememanager.ThemeInfo.access$000(ThemeInfo.java:40)
W/System.err(  934): 	at com.android.thememanager.ThemeInfo$ApplyThemeTask.doInBackground(ThemeInfo.java:627)
W/System.err(  934): 	at com.android.thememanager.ThemeInfo$ApplyThemeTask.doInBackground(ThemeInfo.java:591)
W/System.err(  934): 	at android.os.AsyncTask$2.call(AsyncTask.java:264)
W/System.err(  934): 	at java.util.concurrent.FutureTask$Sync.innerRun(FutureTask.java:305)
W/System.err(  934): 	at java.util.concurrent.FutureTask.run(FutureTask.java:137)
W/System.err(  934): 	at java.util.concurrent.ThreadPoolExecutor.runWorker(ThreadPoolExecutor.java:1076)
W/System.err(  934): 	at java.util.concurrent.ThreadPoolExecutor$Worker.run(ThreadPoolExecutor.java:569)
W/System.err(  934): 	at java.lang.Thread.run(Thread.java:856)
W/System.err(  934): Caused by: libcore.io.ErrnoException: open failed: ENOENT (No such file or directory)
W/System.err(  934): 	at libcore.io.Posix.open(Native Method)
W/System.err(  934): 	at libcore.io.BlockGuardOs.open(BlockGuardOs.java:110)
W/System.err(  934): 	at libcore.io.IoBridge.open(IoBridge.java:390)
W/System.err(  934): 	... 15 more
W/System.err(  934): java.io.FileNotFoundException: /data/system/theme/preview/preview_icons_2.jpg: open failed: ENOENT (No such file or directory)
W/System.err(  934): 	at libcore.io.IoBridge.open(IoBridge.java:406)
W/System.err(  934): 	at java.io.FileOutputStream.<init>(FileOutputStream.java:88)
W/System.err(  934): 	at java.io.FileOutputStream.<init>(FileOutputStream.java:128)
W/System.err(  934): 	at java.io.FileOutputStream.<init>(FileOutputStream.java:117)
W/System.err(  934): 	at miui.app.resourcebrowser.ResourceHelper.writeTo(ResourceHelper.java:470)
W/System.err(  934): 	at com.android.thememanager.Helper.unzip(Helper.java:143)
W/System.err(  934): 	at com.android.thememanager.ThemeInfo.apply(ThemeInfo.java:462)
W/System.err(  934): 	at com.android.thememanager.ThemeInfo.access$000(ThemeInfo.java:40)
W/System.err(  934): 	at com.android.thememanager.ThemeInfo$ApplyThemeTask.doInBackground(ThemeInfo.java:627)
W/System.err(  934): 	at com.android.thememanager.ThemeInfo$ApplyThemeTask.doInBackground(ThemeInfo.java:591)
W/System.err(  934): 	at android.os.AsyncTask$2.call(AsyncTask.java:264)
W/System.err(  934): 	at java.util.concurrent.FutureTask$Sync.innerRun(FutureTask.java:305)
W/System.err(  934): 	at java.util.concurrent.FutureTask.run(FutureTask.java:137)
W/System.err(  934): 	at java.util.concurrent.ThreadPoolExecutor.runWorker(ThreadPoolExecutor.java:1076)
W/System.err(  934): 	at java.util.concurrent.ThreadPoolExecutor$Worker.run(ThreadPoolExecutor.java:569)
W/System.err(  934): 	at java.lang.Thread.run(Thread.java:856)
W/System.err(  934): Caused by: libcore.io.ErrnoException: open failed: ENOENT (No such file or directory)
W/System.err(  934): 	at libcore.io.Posix.open(Native Method)
W/System.err(  934): 	at libcore.io.BlockGuardOs.open(BlockGuardOs.java:110)
W/System.err(  934): 	at libcore.io.IoBridge.open(IoBridge.java:390)
W/System.err(  934): 	... 15 more
W/System.err(  934): java.io.FileNotFoundException: /data/system/theme/preview/preview_icons_3.jpg: open failed: ENOENT (No such file or directory)
W/System.err(  934): 	at libcore.io.IoBridge.open(IoBridge.java:406)
W/System.err(  934): 	at java.io.FileOutputStream.<init>(FileOutputStream.java:88)
W/System.err(  934): 	at java.io.FileOutputStream.<init>(FileOutputStream.java:128)
W/System.err(  934): 	at java.io.FileOutputStream.<init>(FileOutputStream.java:117)
W/System.err(  934): 	at miui.app.resourcebrowser.ResourceHelper.writeTo(ResourceHelper.java:470)
W/System.err(  934): 	at com.android.thememanager.Helper.unzip(Helper.java:143)
W/System.err(  934): 	at com.android.thememanager.ThemeInfo.apply(ThemeInfo.java:462)
W/System.err(  934): 	at com.android.thememanager.ThemeInfo.access$000(ThemeInfo.java:40)
W/System.err(  934): 	at com.android.thememanager.ThemeInfo$ApplyThemeTask.doInBackground(ThemeInfo.java:627)
W/System.err(  934): 	at com.android.thememanager.ThemeInfo$ApplyThemeTask.doInBackground(ThemeInfo.java:591)
W/System.err(  934): 	at android.os.AsyncTask$2.call(AsyncTask.java:264)
W/System.err(  934): 	at java.util.concurrent.FutureTask$Sync.innerRun(FutureTask.java:305)
W/System.err(  934): 	at java.util.concurrent.FutureTask.run(FutureTask.java:137)
W/System.err(  934): 	at java.util.concurrent.ThreadPoolExecutor.runWorker(ThreadPoolExecutor.java:1076)
W/System.err(  934): 	at java.util.concurrent.ThreadPoolExecutor$Worker.run(ThreadPoolExecutor.java:569)
W/System.err(  934): 	at java.lang.Thread.run(Thread.java:856)
W/System.err(  934): Caused by: libcore.io.ErrnoException: open failed: ENOENT (No such file or directory)
W/System.err(  934): 	at libcore.io.Posix.open(Native Method)
W/System.err(  934): 	at libcore.io.BlockGuardOs.open(BlockGuardOs.java:110)
W/System.err(  934): 	at libcore.io.IoBridge.open(IoBridge.java:390)
W/System.err(  934): 	... 15 more
W/System.err(  934): java.io.FileNotFoundException: /data/system/theme/preview/preview_launcher_0.jpg: open failed: ENOENT (No such file or directory)
W/System.err(  934): 	at libcore.io.IoBridge.open(IoBridge.java:406)
W/System.err(  934): 	at java.io.FileOutputStream.<init>(FileOutputStream.java:88)
W/System.err(  934): 	at java.io.FileOutputStream.<init>(FileOutputStream.java:128)
W/System.err(  934): 	at java.io.FileOutputStream.<init>(FileOutputStream.java:117)
W/System.err(  934): 	at miui.app.resourcebrowser.ResourceHelper.writeTo(ResourceHelper.java:470)
W/System.err(  934): 	at com.android.thememanager.Helper.unzip(Helper.java:143)
W/System.err(  934): 	at com.android.thememanager.ThemeInfo.apply(ThemeInfo.java:462)
W/System.err(  934): 	at com.android.thememanager.ThemeInfo.access$000(ThemeInfo.java:40)
W/System.err(  934): 	at com.android.thememanager.ThemeInfo$ApplyThemeTask.doInBackground(ThemeInfo.java:627)
W/System.err(  934): 	at com.android.thememanager.ThemeInfo$ApplyThemeTask.doInBackground(ThemeInfo.java:591)
W/System.err(  934): 	at android.os.AsyncTask$2.call(AsyncTask.java:264)
W/System.err(  934): 	at java.util.concurrent.FutureTask$Sync.innerRun(FutureTask.java:305)
W/System.err(  934): 	at java.util.concurrent.FutureTask.run(FutureTask.java:137)
W/System.err(  934): 	at java.util.concurrent.ThreadPoolExecutor.runWorker(ThreadPoolExecutor.java:1076)
W/System.err(  934): 	at java.util.concurrent.ThreadPoolExecutor$Worker.run(ThreadPoolExecutor.java:569)
W/System.err(  934): 	at java.lang.Thread.run(Thread.java:856)
W/System.err(  934): Caused by: libcore.io.ErrnoException: open failed: ENOENT (No such file or directory)
W/System.err(  934): 	at libcore.io.Posix.open(Native Method)
W/System.err(  934): 	at libcore.io.BlockGuardOs.open(BlockGuardOs.java:110)
W/System.err(  934): 	at libcore.io.IoBridge.open(IoBridge.java:390)
W/System.err(  934): 	... 15 more
W/System.err(  934): java.io.FileNotFoundException: /data/system/theme/preview/preview_launcher_1.jpg: open failed: ENOENT (No such file or directory)
W/System.err(  934): 	at libcore.io.IoBridge.open(IoBridge.java:406)
W/System.err(  934): 	at java.io.FileOutputStream.<init>(FileOutputStream.java:88)
W/System.err(  934): 	at java.io.FileOutputStream.<init>(FileOutputStream.java:128)
W/System.err(  934): 	at java.io.FileOutputStream.<init>(FileOutputStream.java:117)
W/System.err(  934): 	at miui.app.resourcebrowser.ResourceHelper.writeTo(ResourceHelper.java:470)
W/System.err(  934): 	at com.android.thememanager.Helper.unzip(Helper.java:143)
W/System.err(  934): 	at com.android.thememanager.ThemeInfo.apply(ThemeInfo.java:462)
W/System.err(  934): 	at com.android.thememanager.ThemeInfo.access$000(ThemeInfo.java:40)
W/System.err(  934): 	at com.android.thememanager.ThemeInfo$ApplyThemeTask.doInBackground(ThemeInfo.java:627)
W/System.err(  934): 	at com.android.thememanager.ThemeInfo$ApplyThemeTask.doInBackground(ThemeInfo.java:591)
W/System.err(  934): 	at android.os.AsyncTask$2.call(AsyncTask.java:264)
W/System.err(  934): 	at java.util.concurrent.FutureTask$Sync.innerRun(FutureTask.java:305)
W/System.err(  934): 	at java.util.concurrent.FutureTask.run(FutureTask.java:137)
W/System.err(  934): 	at java.util.concurrent.ThreadPoolExecutor.runWorker(ThreadPoolExecutor.java:1076)
W/System.err(  934): 	at java.util.concurrent.ThreadPoolExecutor$Worker.run(ThreadPoolExecutor.java:569)
W/System.err(  934): 	at java.lang.Thread.run(Thread.java:856)
W/System.err(  934): Caused by: libcore.io.ErrnoException: open failed: ENOENT (No such file or directory)
W/System.err(  934): 	at libcore.io.Posix.open(Native Method)
W/System.err(  934): 	at libcore.io.BlockGuardOs.open(BlockGuardOs.java:110)
W/System.err(  934): 	at libcore.io.IoBridge.open(IoBridge.java:390)
W/System.err(  934): 	... 15 more
W/System.err(  934): java.io.FileNotFoundException: /data/system/theme/preview/preview_lockscreen_0.jpg: open failed: ENOENT (No such file or directory)
W/System.err(  934): 	at libcore.io.IoBridge.open(IoBridge.java:406)
W/System.err(  934): 	at java.io.FileOutputStream.<init>(FileOutputStream.java:88)
W/System.err(  934): 	at java.io.FileOutputStream.<init>(FileOutputStream.java:128)
W/System.err(  934): 	at java.io.FileOutputStream.<init>(FileOutputStream.java:117)
W/System.err(  934): 	at miui.app.resourcebrowser.ResourceHelper.writeTo(ResourceHelper.java:470)
W/System.err(  934): 	at com.android.thememanager.Helper.unzip(Helper.java:143)
W/System.err(  934): 	at com.android.thememanager.ThemeInfo.apply(ThemeInfo.java:462)
W/System.err(  934): 	at com.android.thememanager.ThemeInfo.access$000(ThemeInfo.java:40)
W/System.err(  934): 	at com.android.thememanager.ThemeInfo$ApplyThemeTask.doInBackground(ThemeInfo.java:627)
W/System.err(  934): 	at com.android.thememanager.ThemeInfo$ApplyThemeTask.doInBackground(ThemeInfo.java:591)
W/System.err(  934): 	at android.os.AsyncTask$2.call(AsyncTask.java:264)
W/System.err(  934): 	at java.util.concurrent.FutureTask$Sync.innerRun(FutureTask.java:305)
W/System.err(  934): 	at java.util.concurrent.FutureTask.run(FutureTask.java:137)
W/System.err(  934): 	at java.util.concurrent.ThreadPoolExecutor.runWorker(ThreadPoolExecutor.java:1076)
W/System.err(  934): 	at java.util.concurrent.ThreadPoolExecutor$Worker.run(ThreadPoolExecutor.java:569)
W/System.err(  934): 	at java.lang.Thread.run(Thread.java:856)
W/System.err(  934): Caused by: libcore.io.ErrnoException: open failed: ENOENT (No such file or directory)
W/System.err(  934): 	at libcore.io.Posix.open(Native Method)
W/System.err(  934): 	at libcore.io.BlockGuardOs.open(BlockGuardOs.java:110)
W/System.err(  934): 	at libcore.io.IoBridge.open(IoBridge.java:390)
W/System.err(  934): 	... 15 more
W/System.err(  934): java.io.FileNotFoundException: /data/system/theme/preview/preview_mms_0.jpg: open failed: ENOENT (No such file or directory)
W/System.err(  934): 	at libcore.io.IoBridge.open(IoBridge.java:406)
W/System.err(  934): 	at java.io.FileOutputStream.<init>(FileOutputStream.java:88)
W/System.err(  934): 	at java.io.FileOutputStream.<init>(FileOutputStream.java:128)
W/System.err(  934): 	at java.io.FileOutputStream.<init>(FileOutputStream.java:117)
W/System.err(  934): 	at miui.app.resourcebrowser.ResourceHelper.writeTo(ResourceHelper.java:470)
W/System.err(  934): 	at com.android.thememanager.Helper.unzip(Helper.java:143)
W/System.err(  934): 	at com.android.thememanager.ThemeInfo.apply(ThemeInfo.java:462)
W/System.err(  934): 	at com.android.thememanager.ThemeInfo.access$000(ThemeInfo.java:40)
W/System.err(  934): 	at com.android.thememanager.ThemeInfo$ApplyThemeTask.doInBackground(ThemeInfo.java:627)
W/System.err(  934): 	at com.android.thememanager.ThemeInfo$ApplyThemeTask.doInBackground(ThemeInfo.java:591)
W/System.err(  934): 	at android.os.AsyncTask$2.call(AsyncTask.java:264)
W/System.err(  934): 	at java.util.concurrent.FutureTask$Sync.innerRun(FutureTask.java:305)
W/System.err(  934): 	at java.util.concurrent.FutureTask.run(FutureTask.java:137)
W/System.err(  934): 	at java.util.concurrent.ThreadPoolExecutor.runWorker(ThreadPoolExecutor.java:1076)
W/System.err(  934): 	at java.util.concurrent.ThreadPoolExecutor$Worker.run(ThreadPoolExecutor.java:569)
W/System.err(  934): 	at java.lang.Thread.run(Thread.java:856)
W/System.err(  934): Caused by: libcore.io.ErrnoException: open failed: ENOENT (No such file or directory)
W/System.err(  934): 	at libcore.io.Posix.open(Native Method)
W/System.err(  934): 	at libcore.io.BlockGuardOs.open(BlockGuardOs.java:110)
W/System.err(  934): 	at libcore.io.IoBridge.open(IoBridge.java:390)
W/System.err(  934): 	... 15 more
W/System.err(  934): java.io.FileNotFoundException: /data/system/theme/preview/preview_mms_1.jpg: open failed: ENOENT (No such file or directory)
W/System.err(  934): 	at libcore.io.IoBridge.open(IoBridge.java:406)
W/System.err(  934): 	at java.io.FileOutputStream.<init>(FileOutputStream.java:88)
W/System.err(  934): 	at java.io.FileOutputStream.<init>(FileOutputStream.java:128)
W/System.err(  934): 	at java.io.FileOutputStream.<init>(FileOutputStream.java:117)
W/System.err(  934): 	at miui.app.resourcebrowser.ResourceHelper.writeTo(ResourceHelper.java:470)
W/System.err(  934): 	at com.android.thememanager.Helper.unzip(Helper.java:143)
W/System.err(  934): 	at com.android.thememanager.ThemeInfo.apply(ThemeInfo.java:462)
W/System.err(  934): 	at com.android.thememanager.ThemeInfo.access$000(ThemeInfo.java:40)
W/System.err(  934): 	at com.android.thememanager.ThemeInfo$ApplyThemeTask.doInBackground(ThemeInfo.java:627)
W/System.err(  934): 	at com.android.thememanager.ThemeInfo$ApplyThemeTask.doInBackground(ThemeInfo.java:591)
W/System.err(  934): 	at android.os.AsyncTask$2.call(AsyncTask.java:264)
W/System.err(  934): 	at java.util.concurrent.FutureTask$Sync.innerRun(FutureTask.java:305)
W/System.err(  934): 	at java.util.concurrent.FutureTask.run(FutureTask.java:137)
W/System.err(  934): 	at java.util.concurrent.ThreadPoolExecutor.runWorker(ThreadPoolExecutor.java:1076)
W/System.err(  934): 	at java.util.concurrent.ThreadPoolExecutor$Worker.run(ThreadPoolExecutor.java:569)
W/System.err(  934): 	at java.lang.Thread.run(Thread.java:856)
W/System.err(  934): Caused by: libcore.io.ErrnoException: open failed: ENOENT (No such file or directory)
W/System.err(  934): 	at libcore.io.Posix.open(Native Method)
W/System.err(  934): 	at libcore.io.BlockGuardOs.open(BlockGuardOs.java:110)
W/System.err(  934): 	at libcore.io.IoBridge.open(IoBridge.java:390)
W/System.err(  934): 	... 15 more
W/System.err(  934): java.io.FileNotFoundException: /data/system/theme/preview/preview_statusbar_0.jpg: open failed: ENOENT (No such file or directory)
W/System.err(  934): 	at libcore.io.IoBridge.open(IoBridge.java:406)
W/System.err(  934): 	at java.io.FileOutputStream.<init>(FileOutputStream.java:88)
W/System.err(  934): 	at java.io.FileOutputStream.<init>(FileOutputStream.java:128)
W/System.err(  934): 	at java.io.FileOutputStream.<init>(FileOutputStream.java:117)
W/System.err(  934): 	at miui.app.resourcebrowser.ResourceHelper.writeTo(ResourceHelper.java:470)
W/System.err(  934): 	at com.android.thememanager.Helper.unzip(Helper.java:143)
W/System.err(  934): 	at com.android.thememanager.ThemeInfo.apply(ThemeInfo.java:462)
W/System.err(  934): 	at com.android.thememanager.ThemeInfo.access$000(ThemeInfo.java:40)
W/System.err(  934): 	at com.android.thememanager.ThemeInfo$ApplyThemeTask.doInBackground(ThemeInfo.java:627)
W/System.err(  934): 	at com.android.thememanager.ThemeInfo$ApplyThemeTask.doInBackground(ThemeInfo.java:591)
W/System.err(  934): 	at android.os.AsyncTask$2.call(AsyncTask.java:264)
W/System.err(  934): 	at java.util.concurrent.FutureTask$Sync.innerRun(FutureTask.java:305)
W/System.err(  934): 	at java.util.concurrent.FutureTask.run(FutureTask.java:137)
W/System.err(  934): 	at java.util.concurrent.ThreadPoolExecutor.runWorker(ThreadPoolExecutor.java:1076)
W/System.err(  934): 	at java.util.concurrent.ThreadPoolExecutor$Worker.run(ThreadPoolExecutor.java:569)
W/System.err(  934): 	at java.lang.Thread.run(Thread.java:856)
