W/System.err(  934): Caused by: libcore.io.ErrnoException: open failed: ENOENT (No such file or directory)
W/System.err(  934): 	at libcore.io.Posix.open(Native Method)
W/System.err(  934): 	at libcore.io.BlockGuardOs.open(BlockGuardOs.java:110)
W/System.err(  934): 	at libcore.io.IoBridge.open(IoBridge.java:390)
W/System.err(  934): 	... 15 more
W/System.err(  934): java.io.FileNotFoundException: /data/system/theme/preview/preview_statusbar_1.jpg: open failed: ENOENT (No such file or directory)
W/System.err(  934): 	at libcore.io.IoBridge.open(IoBridge.java:406)
W/System.err(  934): 	at java.io.FileOutputStream.<init>(FileOutputStream.java:88)
W/System.err(  934): 	at java.io.FileOutputStream.<init>(FileOutputStream.java:128)
W/System.err(  934): 	at java.io.FileOutputStream.<init>(FileOutputStream.java:117)
W/System.err(  934): 	at miui.app.resourcebrowser.ResourceHelper.writeTo(ResourceHelper.java:470)
W/System.err(  934): 	at com.android.thememanager.Helper.unzip(Helper.java:143)
W/System.err(  934): 	at com.android.thememanager.ThemeInfo.apply(ThemeInfo.java:462)
W/System.err(  934): 	at com.android.thememanager.ThemeInfo.access$000(ThemeInfo.java:40)
W/System.err(  934): 	at com.android.thememanager.ThemeInfo$ApplyThemeTask.doInBackground(ThemeInfo.java:627)
W/System.err(  934): 	at com.android.thememanager.ThemeInfo$ApplyThemeTask.doInBackground(ThemeInfo.java:591)
W/System.err(  934): 	at android.os.AsyncTask$2.call(AsyncTask.java:264)
W/System.err(  934): 	at java.util.concurrent.FutureTask$Sync.innerRun(FutureTask.java:305)
W/System.err(  934): 	at java.util.concurrent.FutureTask.run(FutureTask.java:137)
W/System.err(  934): 	at java.util.concurrent.ThreadPoolExecutor.runWorker(ThreadPoolExecutor.java:1076)
W/System.err(  934): 	at java.util.concurrent.ThreadPoolExecutor$Worker.run(ThreadPoolExecutor.java:569)
W/System.err(  934): 	at java.lang.Thread.run(Thread.java:856)
W/System.err(  934): Caused by: libcore.io.ErrnoException: open failed: ENOENT (No such file or directory)
W/System.err(  934): 	at libcore.io.Posix.open(Native Method)
W/System.err(  934): 	at libcore.io.BlockGuardOs.open(BlockGuardOs.java:110)
W/System.err(  934): 	at libcore.io.IoBridge.open(IoBridge.java:390)
W/System.err(  934): 	... 15 more
W/System.err(  934): java.io.FileNotFoundException: /data/system/theme/preview/preview_statusbar_2.jpg: open failed: ENOENT (No such file or directory)
W/System.err(  934): 	at libcore.io.IoBridge.open(IoBridge.java:406)
W/System.err(  934): 	at java.io.FileOutputStream.<init>(FileOutputStream.java:88)
W/System.err(  934): 	at java.io.FileOutputStream.<init>(FileOutputStream.java:128)
W/System.err(  934): 	at java.io.FileOutputStream.<init>(FileOutputStream.java:117)
W/System.err(  934): 	at miui.app.resourcebrowser.ResourceHelper.writeTo(ResourceHelper.java:470)
W/System.err(  934): 	at com.android.thememanager.Helper.unzip(Helper.java:143)
W/System.err(  934): 	at com.android.thememanager.ThemeInfo.apply(ThemeInfo.java:462)
W/System.err(  934): 	at com.android.thememanager.ThemeInfo.access$000(ThemeInfo.java:40)
W/System.err(  934): 	at com.android.thememanager.ThemeInfo$ApplyThemeTask.doInBackground(ThemeInfo.java:627)
W/System.err(  934): 	at com.android.thememanager.ThemeInfo$ApplyThemeTask.doInBackground(ThemeInfo.java:591)
W/System.err(  934): 	at android.os.AsyncTask$2.call(AsyncTask.java:264)
W/System.err(  934): 	at java.util.concurrent.FutureTask$Sync.innerRun(FutureTask.java:305)
W/System.err(  934): 	at java.util.concurrent.FutureTask.run(FutureTask.java:137)
W/System.err(  934): 	at java.util.concurrent.ThreadPoolExecutor.runWorker(ThreadPoolExecutor.java:1076)
W/System.err(  934): 	at java.util.concurrent.ThreadPoolExecutor$Worker.run(ThreadPoolExecutor.java:569)
W/System.err(  934): 	at java.lang.Thread.run(Thread.java:856)
W/System.err(  934): Caused by: libcore.io.ErrnoException: open failed: ENOENT (No such file or directory)
W/System.err(  934): 	at libcore.io.Posix.open(Native Method)
W/System.err(  934): 	at libcore.io.BlockGuardOs.open(BlockGuardOs.java:110)
W/System.err(  934): 	at libcore.io.IoBridge.open(IoBridge.java:390)
W/System.err(  934): 	... 15 more
D/memalloc(  218): /dev/pmem: Unmapping buffer base:0x503cc000 size:2949120 offset:1720320
D/dalvikvm(  218): GC_FOR_ALLOC freed 1288K, 41% free 9392K/15879K, paused 114ms
I/dalvikvm-heap(  218): Grow heap (frag case) to 19.369MB for 3072016-byte allocation
D/dalvikvm(  218): GC_CONCURRENT freed 47K, 35% free 12345K/18887K, paused 5ms+51ms
D/memalloc(   82): /dev/pmem: Freeing buffer base:0x416c4000 size:1228800 offset:1720320 fd:41
D/memalloc(   82): /dev/pmem: Allocated buffer base:0x41520000 size:1228800 offset:4177920 fd:41
D/memalloc(  218): /dev/pmem: Mapped buffer base:0x508d0000 size:5406720 offset:4177920 fd:53
F/libc    ( 1167): Fatal signal 4 (SIGILL) at 0x000086b0 (code=1)
I/DEBUG   (   80): *** *** *** *** *** *** *** *** *** *** *** *** *** *** *** ***
I/DEBUG   (   80): Build fingerprint: 'cyanogenmod/htc_marvel/marvel:4.0.4/ASN01/0.1:user/release-keys'
I/DEBUG   (   80): pid: 1167, tid: 1167  >>> /system/xbin/invoke-as <<<
I/DEBUG   (   80): signal 4 (SIGILL), code 1 (ILL_ILLOPC), fault addr 000086b0
I/DEBUG   (   80):  r0 00000003  r1 bee9fc04  r2 bee9fc14  r3 4007100c
I/DEBUG   (   80):  r4 bee9fc04  r5 00000003  r6 bee9fc14  r7 00008694
I/DEBUG   (   80):  r8 00000000  r9 00000000  10 00000000  fp 00000000
I/DEBUG   (   80):  ip 00000000  sp bee9fbe8  lr 4003755d  pc 000086b0  cpsr 00000030
I/DEBUG   (   80):  d0  0000000000000000  d1  0000000000000000
I/DEBUG   (   80):  d2  0000000000000000  d3  0000000000000000
I/DEBUG   (   80):  d4  0000000000000000  d5  0000000000000000
I/DEBUG   (   80):  d6  0000000000000000  d7  0000000000000000
I/DEBUG   (   80):  d8  0000000000000000  d9  0000000000000000
I/DEBUG   (   80):  d10 0000000000000000  d11 0000000000000000
I/DEBUG   (   80):  d12 0000000000000000  d13 0000000000000000
I/DEBUG   (   80):  d14 0000000000000000  d15 0000000000000000
I/DEBUG   (   80):  scr 00000000
I/DEBUG   (   80): 
I/DEBUG   (   80):          #00  pc 000086b0  /system/xbin/invoke-as
I/DEBUG   (   80):          #01  pc 0001655a  /system/lib/libc.so (__libc_init)
I/DEBUG   (   80):          #02  pc 40004eb4  /system/bin/linker
I/DEBUG   (   80): 
I/DEBUG   (   80): code around pc:
I/DEBUG   (   80): 00008690 eaffffd0 ea00007b 00009000 00009008  ....{...........
I/DEBUG   (   80): 000086a0 00009010 00009018 e1a00000 e1a00000  ................
I/DEBUG   (   80): 000086b0 4ff8e92d 46894682 ef94f7ff 447c4c62  -..O.F.F....bL|D
I/DEBUG   (   80): 000086c0 bf181e03 f5b02301 bf0c7f7a f0032300  .....#..z....#..
I/DEBUG   (   80): 000086d0 b1bb0301 31e9f240 d0134288 485c4a5b  ....@..1.B..[J\H
I/DEBUG   (   80): 
I/DEBUG   (   80): code around lr:
I/DEBUG   (   80): 4003753c 1c681c17 19a60086 d0052900 22004b05  ..h......)...K."
I/DEBUG   (   80): 4003754c 6818447b f874f008 1c321c21 47b81c28  {D.h..t.!.2.(..G
I/DEBUG   (   80): 4003755c f9f2f008 0002cf4c 4805b510 68032200  ....L......H.".h
I/DEBUG   (   80): 4003756c 60da68d8 fe76f010 fd12f7ff 46c0bd10  .h.`..v........F
I/DEBUG   (   80): 4003757c ffff0ff0 e24dd008 e2102003 f5d0f000  ......M.. ......
I/DEBUG   (   80): 
I/DEBUG   (   80): memory map around addr 000086b0:
I/DEBUG   (   80): (no map below)
I/DEBUG   (   80): 00008000-00009000 /system/xbin/invoke-as
I/DEBUG   (   80): 00009000-0000a000 /system/xbin/invoke-as
I/DEBUG   (   80): 
I/DEBUG   (   80): stack:
I/DEBUG   (   80):     bee9fba8  4006455c  /system/lib/libc.so
I/DEBUG   (   80):     bee9fbac  00001000  
I/DEBUG   (   80):     bee9fbb0  40071000  
I/DEBUG   (   80):     bee9fbb4  40048229  /system/lib/libc.so
I/DEBUG   (   80):     bee9fbb8  ffffffff  
I/DEBUG   (   80):     bee9fbbc  00000000  
I/DEBUG   (   80):     bee9fbc0  40014b14  /system/bin/linker
I/DEBUG   (   80):     bee9fbc4  40048229  /system/lib/libc.so
I/DEBUG   (   80):     bee9fbc8  00009010  /system/xbin/invoke-as
I/DEBUG   (   80):     bee9fbcc  00000000  
I/DEBUG   (   80):     bee9fbd0  00000000  
I/DEBUG   (   80):     bee9fbd4  bee9fc04  [stack]
I/DEBUG   (   80):     bee9fbd8  00000003  
I/DEBUG   (   80):     bee9fbdc  bee9fc14  [stack]
I/DEBUG   (   80):     bee9fbe0  df0027ad  
I/DEBUG   (   80):     bee9fbe4  00000000  
I/DEBUG   (   80): #01 bee9fbe8  00008698  /system/xbin/invoke-as
I/DEBUG   (   80):     bee9fbec  00000000  
I/DEBUG   (   80):     bee9fbf0  00000000  
I/DEBUG   (   80):     bee9fbf4  00000000  
I/DEBUG   (   80):     bee9fbf8  00000000  
I/DEBUG   (   80):     bee9fbfc  40004eb9  /system/bin/linker
I/BootReceiver(  146): Copying /data/tombstones/tombstone_06 to DropBox (SYSTEM_TOMBSTONE)
F/libc    ( 1168): Fatal signal 4 (SIGILL) at 0x000086b0 (code=1)
I/DEBUG   (   80): *** *** *** *** *** *** *** *** *** *** *** *** *** *** *** ***
I/DEBUG   (   80): Build fingerprint: 'cyanogenmod/htc_marvel/marvel:4.0.4/ASN01/0.1:user/release-keys'
I/DEBUG   (   80): pid: 1168, tid: 1168  >>> /system/xbin/invoke-as <<<
I/DEBUG   (   80): signal 4 (SIGILL), code 1 (ILL_ILLOPC), fault addr 000086b0
I/DEBUG   (   80):  r0 00000003  r1 bed5ebd4  r2 bed5ebe4  r3 4007100c
I/DEBUG   (   80):  r4 bed5ebd4  r5 00000003  r6 bed5ebe4  r7 00008694
I/DEBUG   (   80):  r8 00000000  r9 00000000  10 00000000  fp 00000000
I/DEBUG   (   80):  ip 00000000  sp bed5ebb8  lr 4003755d  pc 000086b0  cpsr 00000030
I/DEBUG   (   80):  d0  0000000000000000  d1  0000000000000000
I/DEBUG   (   80):  d2  0000000000000000  d3  0000000000000000
I/DEBUG   (   80):  d4  0000000000000000  d5  0000000000000000
I/DEBUG   (   80):  d6  0000000000000000  d7  0000000000000000
I/DEBUG   (   80):  d8  0000000000000000  d9  0000000000000000
I/DEBUG   (   80):  d10 0000000000000000  d11 0000000000000000
I/DEBUG   (   80):  d12 0000000000000000  d13 0000000000000000
I/DEBUG   (   80):  d14 0000000000000000  d15 0000000000000000
I/DEBUG   (   80):  scr 00000000
I/DEBUG   (   80): 
I/DEBUG   (   80):          #00  pc 000086b0  /system/xbin/invoke-as
I/DEBUG   (   80):          #01  pc 0001655a  /system/lib/libc.so (__libc_init)
I/DEBUG   (   80):          #02  pc 40004eb4  /system/bin/linker
I/DEBUG   (   80): 
I/DEBUG   (   80): code around pc:
I/DEBUG   (   80): 00008690 eaffffd0 ea00007b 00009000 00009008  ....{...........
I/DEBUG   (   80): 000086a0 00009010 00009018 e1a00000 e1a00000  ................
I/DEBUG   (   80): 000086b0 4ff8e92d 46894682 ef94f7ff 447c4c62  -..O.F.F....bL|D
I/DEBUG   (   80): 000086c0 bf181e03 f5b02301 bf0c7f7a f0032300  .....#..z....#..
I/DEBUG   (   80): 000086d0 b1bb0301 31e9f240 d0134288 485c4a5b  ....@..1.B..[J\H
I/DEBUG   (   80): 
I/DEBUG   (   80): code around lr:
I/DEBUG   (   80): 4003753c 1c681c17 19a60086 d0052900 22004b05  ..h......)...K."
I/DEBUG   (   80): 4003754c 6818447b f874f008 1c321c21 47b81c28  {D.h..t.!.2.(..G
I/DEBUG   (   80): 4003755c f9f2f008 0002cf4c 4805b510 68032200  ....L......H.".h
I/DEBUG   (   80): 4003756c 60da68d8 fe76f010 fd12f7ff 46c0bd10  .h.`..v........F
I/DEBUG   (   80): 4003757c ffff0ff0 e24dd008 e2102003 f5d0f000  ......M.. ......
I/DEBUG   (   80): 
I/DEBUG   (   80): memory map around addr 000086b0:
I/DEBUG   (   80): (no map below)
I/DEBUG   (   80): 00008000-00009000 /system/xbin/invoke-as
I/DEBUG   (   80): 00009000-0000a000 /system/xbin/invoke-as
I/DEBUG   (   80): 
I/DEBUG   (   80): stack:
I/DEBUG   (   80):     bed5eb78  4006455c  /system/lib/libc.so
I/DEBUG   (   80):     bed5eb7c  00001000  
I/DEBUG   (   80):     bed5eb80  40071000  
I/DEBUG   (   80):     bed5eb84  40048229  /system/lib/libc.so
I/DEBUG   (   80):     bed5eb88  ffffffff  
I/DEBUG   (   80):     bed5eb8c  00000000  
I/DEBUG   (   80):     bed5eb90  40014b14  /system/bin/linker
I/DEBUG   (   80):     bed5eb94  40048229  /system/lib/libc.so
I/DEBUG   (   80):     bed5eb98  00009010  /system/xbin/invoke-as
I/DEBUG   (   80):     bed5eb9c  00000000  
I/DEBUG   (   80):     bed5eba0  00000000  
I/DEBUG   (   80):     bed5eba4  bed5ebd4  [stack]
I/DEBUG   (   80):     bed5eba8  00000003  
I/DEBUG   (   80):     bed5ebac  bed5ebe4  [stack]
I/DEBUG   (   80):     bed5ebb0  df0027ad  
I/DEBUG   (   80):     bed5ebb4  00000000  
I/DEBUG   (   80): #01 bed5ebb8  00008698  /system/xbin/invoke-as
I/DEBUG   (   80):     bed5ebbc  00000000  
I/DEBUG   (   80):     bed5ebc0  00000000  
I/DEBUG   (   80):     bed5ebc4  00000000  
I/DEBUG   (   80):     bed5ebc8  00000000  
I/DEBUG   (   80):     bed5ebcc  40004eb9  /system/bin/linker
I/BootReceiver(  146): Copying /data/tombstones/tombstone_07 to DropBox (SYSTEM_TOMBSTONE)
F/libc    ( 1169): Fatal signal 4 (SIGILL) at 0x000086b0 (code=1)
I/DEBUG   (   80): *** *** *** *** *** *** *** *** *** *** *** *** *** *** *** ***
I/DEBUG   (   80): Build fingerprint: 'cyanogenmod/htc_marvel/marvel:4.0.4/ASN01/0.1:user/release-keys'
I/DEBUG   (   80): pid: 1169, tid: 1169  >>> /system/xbin/invoke-as <<<
I/DEBUG   (   80): signal 4 (SIGILL), code 1 (ILL_ILLOPC), fault addr 000086b0
I/DEBUG   (   80):  r0 00000003  r1 bea47c04  r2 bea47c14  r3 4007100c
I/DEBUG   (   80):  r4 bea47c04  r5 00000003  r6 bea47c14  r7 00008694
I/DEBUG   (   80):  r8 00000000  r9 00000000  10 00000000  fp 00000000
I/DEBUG   (   80):  ip 00000000  sp bea47be8  lr 4003755d  pc 000086b0  cpsr 00000030
I/DEBUG   (   80):  d0  0000000000000000  d1  0000000000000000
I/DEBUG   (   80):  d2  0000000000000000  d3  0000000000000000
I/DEBUG   (   80):  d4  0000000000000000  d5  0000000000000000
I/DEBUG   (   80):  d6  0000000000000000  d7  0000000000000000
I/DEBUG   (   80):  d8  0000000000000000  d9  0000000000000000
I/DEBUG   (   80):  d10 0000000000000000  d11 0000000000000000
I/DEBUG   (   80):  d12 0000000000000000  d13 0000000000000000
I/DEBUG   (   80):  d14 0000000000000000  d15 0000000000000000
I/DEBUG   (   80):  scr 00000000
I/DEBUG   (   80): 
I/DEBUG   (   80):          #00  pc 000086b0  /system/xbin/invoke-as
I/DEBUG   (   80):          #01  pc 0001655a  /system/lib/libc.so (__libc_init)
I/DEBUG   (   80):          #02  pc 40004eb4  /system/bin/linker
I/DEBUG   (   80): 
I/DEBUG   (   80): code around pc:
I/DEBUG   (   80): 00008690 eaffffd0 ea00007b 00009000 00009008  ....{...........
I/DEBUG   (   80): 000086a0 00009010 00009018 e1a00000 e1a00000  ................
I/DEBUG   (   80): 000086b0 4ff8e92d 46894682 ef94f7ff 447c4c62  -..O.F.F....bL|D
I/DEBUG   (   80): 000086c0 bf181e03 f5b02301 bf0c7f7a f0032300  .....#..z....#..
I/DEBUG   (   80): 000086d0 b1bb0301 31e9f240 d0134288 485c4a5b  ....@..1.B..[J\H
I/DEBUG   (   80): 
I/DEBUG   (   80): code around lr:
I/DEBUG   (   80): 4003753c 1c681c17 19a60086 d0052900 22004b05  ..h......)...K."
I/DEBUG   (   80): 4003754c 6818447b f874f008 1c321c21 47b81c28  {D.h..t.!.2.(..G
I/DEBUG   (   80): 4003755c f9f2f008 0002cf4c 4805b510 68032200  ....L......H.".h
I/DEBUG   (   80): 4003756c 60da68d8 fe76f010 fd12f7ff 46c0bd10  .h.`..v........F
I/DEBUG   (   80): 4003757c ffff0ff0 e24dd008 e2102003 f5d0f000  ......M.. ......
I/DEBUG   (   80): 
I/DEBUG   (   80): memory map around addr 000086b0:
I/DEBUG   (   80): (no map below)
I/DEBUG   (   80): 00008000-00009000 /system/xbin/invoke-as
I/DEBUG   (   80): 00009000-0000a000 /system/xbin/invoke-as
I/DEBUG   (   80): 
I/DEBUG   (   80): stack:
I/DEBUG   (   80):     bea47ba8  4006455c  /system/lib/libc.so
I/DEBUG   (   80):     bea47bac  00001000  
I/DEBUG   (   80):     bea47bb0  40071000  
I/DEBUG   (   80):     bea47bb4  40048229  /system/lib/libc.so
I/DEBUG   (   80):     bea47bb8  ffffffff  
I/DEBUG   (   80):     bea47bbc  00000000  
I/DEBUG   (   80):     bea47bc0  40014b14  /system/bin/linker
I/DEBUG   (   80):     bea47bc4  40048229  /system/lib/libc.so
I/DEBUG   (   80):     bea47bc8  00009010  /system/xbin/invoke-as
I/DEBUG   (   80):     bea47bcc  00000000  
I/DEBUG   (   80):     bea47bd0  00000000  
I/DEBUG   (   80):     bea47bd4  bea47c04  [stack]
I/DEBUG   (   80):     bea47bd8  00000003  
I/DEBUG   (   80):     bea47bdc  bea47c14  [stack]
I/DEBUG   (   80):     bea47be0  df0027ad  
I/DEBUG   (   80):     bea47be4  00000000  
I/DEBUG   (   80): #01 bea47be8  00008698  /system/xbin/invoke-as
I/DEBUG   (   80):     bea47bec  00000000  
I/DEBUG   (   80):     bea47bf0  00000000  
I/DEBUG   (   80):     bea47bf4  00000000  
I/DEBUG   (   80):     bea47bf8  00000000  
I/DEBUG   (   80):     bea47bfc  40004eb9  /system/bin/linker
I/BootReceiver(  146): Copying /data/tombstones/tombstone_00 to DropBox (SYSTEM_TOMBSTONE)
D/dalvikvm(  934): GC_CONCURRENT freed 2490K, 12% free 28918K/32839K, paused 5ms+16ms
I/ThemeManager(  934): -------------- apply theme: 默认
F/libc    ( 1170): Fatal signal 4 (SIGILL) at 0x000086b0 (code=1)
I/DEBUG   (   80): *** *** *** *** *** *** *** *** *** *** *** *** *** *** *** ***
I/DEBUG   (   80): Build fingerprint: 'cyanogenmod/htc_marvel/marvel:4.0.4/ASN01/0.1:user/release-keys'
I/DEBUG   (   80): pid: 1170, tid: 1170  >>> /system/xbin/invoke-as <<<
I/DEBUG   (   80): signal 4 (SIGILL), code 1 (ILL_ILLOPC), fault addr 000086b0
I/DEBUG   (   80):  r0 00000003  r1 bea0fc04  r2 bea0fc14  r3 4007100c
I/DEBUG   (   80):  r4 bea0fc04  r5 00000003  r6 bea0fc14  r7 00008694
I/DEBUG   (   80):  r8 00000000  r9 00000000  10 00000000  fp 00000000
I/DEBUG   (   80):  ip 00000000  sp bea0fbe8  lr 4003755d  pc 000086b0  cpsr 00000030
I/DEBUG   (   80):  d0  0000000000000000  d1  0000000000000000
I/DEBUG   (   80):  d2  0000000000000000  d3  0000000000000000
I/DEBUG   (   80):  d4  0000000000000000  d5  0000000000000000
I/DEBUG   (   80):  d6  0000000000000000  d7  0000000000000000
I/DEBUG   (   80):  d8  0000000000000000  d9  0000000000000000
I/DEBUG   (   80):  d10 0000000000000000  d11 0000000000000000
I/DEBUG   (   80):  d12 0000000000000000  d13 0000000000000000
I/DEBUG   (   80):  d14 0000000000000000  d15 0000000000000000
I/DEBUG   (   80):  scr 00000000
I/DEBUG   (   80): 
I/DEBUG   (   80):          #00  pc 000086b0  /system/xbin/invoke-as
I/DEBUG   (   80):          #01  pc 0001655a  /system/lib/libc.so (__libc_init)
I/DEBUG   (   80):          #02  pc 40004eb4  /system/bin/linker
I/DEBUG   (   80): 
I/DEBUG   (   80): code around pc:
I/DEBUG   (   80): 00008690 eaffffd0 ea00007b 00009000 00009008  ....{...........
I/DEBUG   (   80): 000086a0 00009010 00009018 e1a00000 e1a00000  ................
I/DEBUG   (   80): 000086b0 4ff8e92d 46894682 ef94f7ff 447c4c62  -..O.F.F....bL|D
I/DEBUG   (   80): 000086c0 bf181e03 f5b02301 bf0c7f7a f0032300  .....#..z....#..
I/DEBUG   (   80): 000086d0 b1bb0301 31e9f240 d0134288 485c4a5b  ....@..1.B..[J\H
I/DEBUG   (   80): 
I/DEBUG   (   80): code around lr:
I/DEBUG   (   80): 4003753c 1c681c17 19a60086 d0052900 22004b05  ..h......)...K."
I/DEBUG   (   80): 4003754c 6818447b f874f008 1c321c21 47b81c28  {D.h..t.!.2.(..G
I/DEBUG   (   80): 4003755c f9f2f008 0002cf4c 4805b510 68032200  ....L......H.".h
I/DEBUG   (   80): 4003756c 60da68d8 fe76f010 fd12f7ff 46c0bd10  .h.`..v........F
I/DEBUG   (   80): 4003757c ffff0ff0 e24dd008 e2102003 f5d0f000  ......M.. ......
I/DEBUG   (   80): 
I/DEBUG   (   80): memory map around addr 000086b0:
I/DEBUG   (   80): (no map below)
I/DEBUG   (   80): 00008000-00009000 /system/xbin/invoke-as
I/DEBUG   (   80): 00009000-0000a000 /system/xbin/invoke-as
I/DEBUG   (   80): 
I/DEBUG   (   80): stack:
I/DEBUG   (   80):     bea0fba8  4006455c  /system/lib/libc.so
I/DEBUG   (   80):     bea0fbac  00001000  
I/DEBUG   (   80):     bea0fbb0  40071000  
I/DEBUG   (   80):     bea0fbb4  40048229  /system/lib/libc.so
I/DEBUG   (   80):     bea0fbb8  ffffffff  
I/DEBUG   (   80):     bea0fbbc  00000000  
I/DEBUG   (   80):     bea0fbc0  40014b14  /system/bin/linker
I/DEBUG   (   80):     bea0fbc4  40048229  /system/lib/libc.so
I/DEBUG   (   80):     bea0fbc8  00009010  /system/xbin/invoke-as
I/DEBUG   (   80):     bea0fbcc  00000000  
I/DEBUG   (   80):     bea0fbd0  00000000  
I/DEBUG   (   80):     bea0fbd4  bea0fc04  [stack]
I/DEBUG   (   80):     bea0fbd8  00000003  
I/DEBUG   (   80):     bea0fbdc  bea0fc14  [stack]
I/DEBUG   (   80):     bea0fbe0  df0027ad  
I/DEBUG   (   80):     bea0fbe4  00000000  
I/DEBUG   (   80): #01 bea0fbe8  00008698  /system/xbin/invoke-as
I/DEBUG   (   80):     bea0fbec  00000000  
I/DEBUG   (   80):     bea0fbf0  00000000  
I/DEBUG   (   80):     bea0fbf4  00000000  
I/DEBUG   (   80):     bea0fbf8  00000000  
I/DEBUG   (   80):     bea0fbfc  40004eb9  /system/bin/linker
I/BootReceiver(  146): Copying /data/tombstones/tombstone_08 to DropBox (SYSTEM_TOMBSTONE)
I/ActivityManager(  146): Config changed: {1.0 0mcc0mnc en_US layoutdir=0 sw320dp w320dp h455dp nrml port finger -keyb/v/h -nav/h s.5 themeChanged=2 themeChangedFlags=268455961}
W/PhoneApp(  281): updateProximitySensorMode: lock already released.
D/memalloc(  934): /dev/pmem: Unmapping buffer base:0x51864000 size:3153920 offset:2949120
D/memalloc(  934): /dev/pmem: Unmapping buffer base:0x52c50000 size:3358720 offset:3153920
D/memalloc(  934): /dev/pmem: Unmapping buffer base:0x52f84000 size:3563520 offset:3358720
D/memalloc(   82): /dev/pmem: Freeing buffer base:0x417f0000 size:204800 offset:2949120 fd:34
D/memalloc(   82): /dev/pmem: Freeing buffer base:0x41822000 size:204800 offset:3153920 fd:47
D/memalloc(   82): /dev/pmem: Freeing buffer base:0x41854000 size:204800 offset:3358720 fd:50
D/OpenGLRenderer(  934): Flushing caches (mode 0)
I/ResourceOperation(  934): OperationHandler.onActivityOnDestroyEvent()
D/memalloc(  218): /dev/pmem: Unmapping buffer base:0x506b0000 size:40960 offset:0
D/memalloc(   82): /dev/pmem: Freeing buffer base:0x41520000 size:40960 offset:0 fd:11
D/memalloc(  218): /dev/pmem: Unmapping buffer base:0x50740000 size:573440 offset:532480
D/memalloc(  934): /dev/pmem: Unmapping buffer base:0x51c40000 size:4177920 offset:3563520
D/memalloc(  934): /dev/pmem: Unmapping buffer base:0x5203c000 size:6021120 offset:5406720
D/memalloc(  934): /dev/pmem: Unmapping buffer base:0x525fc000 size:6635520 offset:6021120
D/memalloc(   82): /dev/pmem: Freeing buffer base:0x415a2000 size:40960 offset:532480 fd:31
D/memalloc(   82): /dev/pmem: Freeing buffer base:0x41886000 size:614400 offset:3563520 fd:44
D/memalloc(   82): /dev/pmem: Freeing buffer base:0x41a48000 size:614400 offset:5406720 fd:56
D/memalloc(   82): /dev/pmem: Freeing buffer base:0x41ade000 size:614400 offset:6021120 fd:59
D/memalloc(  218): /dev/pmem: Unmapping buffer base:0x506bc000 size:532480 offset:40960
D/memalloc(   82): /dev/pmem: Freeing buffer base:0x4152a000 size:491520 offset:40960 fd:28
D/memalloc(  218): /dev/pmem: Unmapping buffer base:0x507cc000 size:1064960 offset:573440
D/memalloc(   82): /dev/pmem: Freeing buffer base:0x415ac000 size:491520 offset:573440 fd:38
D/dalvikvm(  218): GC_CONCURRENT freed 4650K, 50% free 9522K/18887K, paused 4ms+24ms
I/ResourceOperation(  934): 
I/ResourceOperation(  934): inLocalPage: true
I/ResourceOperation(  934): localPath: /system/media/theme/default.mtz
I/ResourceOperation(  934): downloadUrl: null
I/ResourceOperation(  934): downloadSavePath: /system/media/theme/default.mtz
I/ResourceOperation(  934): title: 默认
I/ResourceOperation(  934): uiVersion: 0
I/ResourceOperation(  934): hasUpdate: false
I/ResourceOperation(  934): allowDelete: false
I/ResourceOperation(  934): isPicker: false
I/StatusBarManagerService(  146): registerStatusBar bar=com.android.internal.statusbar.IStatusBar$Stub$Proxy@41208a48
V/PhoneStatusBar(  218): setLightsOn(true)
D/PhoneStatusBar(  218): disable: < expand icons alerts ticker system_info back home recent clock >
D/memalloc(   82): /dev/pmem: Allocated buffer base:0x41520000 size:40960 offset:0 fd:11
D/memalloc(  218): /dev/pmem: Mapped buffer base:0x503d8000 size:40960 offset:0 fd:52
D/dalvikvm(  934): GC_FOR_ALLOC freed 21486K, 68% free 11113K/34503K, paused 64ms
D/dalvikvm(  934): GC_FOR_ALLOC freed 85K, 64% free 12700K/34503K, paused 53ms
D/memalloc(   82): /dev/pmem: Allocated buffer base:0x41520000 size:491520 offset:40960 fd:28
D/memalloc(  218): /dev/pmem: Mapped buffer base:0x503e4000 size:532480 offset:40960 fd:72
D/memalloc(   82): /dev/pmem: Allocated buffer base:0x41520000 size:40960 offset:532480 fd:31
D/memalloc(  218): /dev/pmem: Mapped buffer base:0x50468000 size:573440 offset:532480 fd:75
D/dalvikvm(  934): GC_FOR_ALLOC freed 67K, 59% free 14304K/34503K, paused 50ms
D/dalvikvm(  934): GC_FOR_ALLOC freed 66K, 54% free 15908K/34503K, paused 50ms
D/dalvikvm(  934): GC_FOR_ALLOC freed 66K, 50% free 17513K/34503K, paused 55ms
D/dalvikvm(  934): GC_CONCURRENT freed 66K, 40% free 20718K/34503K, paused 5ms+14ms
D/dalvikvm(  934): GC_FOR_ALLOC freed 200K, 31% free 23931K/34503K, paused 49ms
D/memalloc(   82): /dev/pmem: Allocated buffer base:0x41520000 size:614400 offset:573440 fd:34
D/memalloc(  934): /dev/pmem: Mapped buffer base:0x50eec000 size:1187840 offset:573440 fd:59
D/memalloc(   82): /dev/pmem: Allocated buffer base:0x41520000 size:614400 offset:1187840 fd:38
D/memalloc(  934): /dev/pmem: Mapped buffer base:0x519fc000 size:1802240 offset:1187840 fd:52
D/memalloc(   82): /dev/pmem: Allocated buffer base:0x41520000 size:614400 offset:1802240 fd:44
D/memalloc(  934): /dev/pmem: Mapped buffer base:0x51c40000 size:2416640 offset:1802240 fd:62
D/dalvikvm(  146): GC_EXPLICIT freed 1530K, 49% free 10755K/20807K, paused 10ms+16ms
