/ActivityManager(  146): Start proc com.android.thememanager for activity com.android.thememanager/.ThemeResourceTabActivity: pid=934 uid=1001 gids={3002, 3001, 3003, 1015, 2001}
I/ActivityManager(  146): START {flg=0x4000000 cmp=com.android.thememanager/.ThemeResourceDetailActivity (has extras)} from pid 934
I/BootReceiver(  146): Copying /data/tombstones/tombstone_08 to DropBox (SYSTEM_TOMBSTONE)
I/BootReceiver(  146): Copying /data/tombstones/tombstone_00 to DropBox (SYSTEM_TOMBSTONE)
--------- beginning of /dev/log/main
W/System.err(  934): 	at com.android.thememanager.ThemeInfo.access$000(ThemeInfo.java:40)
W/System.err(  934): 	at com.android.thememanager.ThemeInfo$ApplyThemeTask.doInBackground(ThemeInfo.java:627)
W/System.err(  934): 	at com.android.thememanager.ThemeInfo$ApplyThemeTask.doInBackground(ThemeInfo.java:591)
W/System.err(  934): 	at android.os.AsyncTask$2.call(AsyncTask.java:264)
W/System.err(  934): 	at java.util.concurrent.FutureTask$Sync.innerRun(FutureTask.java:305)
W/System.err(  934): 	at java.util.concurrent.FutureTask.run(FutureTask.java:137)
W/System.err(  934): 	at java.util.concurrent.ThreadPoolExecutor.runWorker(ThreadPoolExecutor.java:1076)
W/System.err(  934): 	at java.util.concurrent.ThreadPoolExecutor$Worker.run(ThreadPoolExecutor.java:569)
W/System.err(  934): 	at java.lang.Thread.run(Thread.java:856)
W/System.err(  934): Caused by: libcore.io.ErrnoException: open failed: ENOENT (No such file or directory)
W/System.err(  934): 	at libcore.io.Posix.open(Native Method)
W/System.err(  934): 	at libcore.io.BlockGuardOs.open(BlockGuardOs.java:110)
W/System.err(  934): 	at libcore.io.IoBridge.open(IoBridge.java:390)
W/System.err(  934): 	... 15 more
W/System.err(  934): java.io.FileNotFoundException: /data/system/theme/preview/preview_fonts_0.jpg: open failed: ENOENT (No such file or directory)
W/System.err(  934): 	at libcore.io.IoBridge.open(IoBridge.java:406)
W/System.err(  934): 	at java.io.FileOutputStream.<init>(FileOutputStream.java:88)
W/System.err(  934): 	at java.io.FileOutputStream.<init>(FileOutputStream.java:128)
W/System.err(  934): 	at java.io.FileOutputStream.<init>(FileOutputStream.java:117)
W/System.err(  934): 	at miui.app.resourcebrowser.ResourceHelper.writeTo(ResourceHelper.java:470)
W/System.err(  934): 	at com.android.thememanager.Helper.unzip(Helper.java:143)
W/System.err(  934): 	at com.android.thememanager.ThemeInfo.apply(ThemeInfo.java:462)
W/System.err(  934): 	at com.android.thememanager.ThemeInfo.access$000(ThemeInfo.java:40)
W/System.err(  934): 	at com.android.thememanager.ThemeInfo$ApplyThemeTask.doInBackground(ThemeInfo.java:627)
W/System.err(  934): 	at com.android.thememanager.ThemeInfo$ApplyThemeTask.doInBackground(ThemeInfo.java:591)
W/System.err(  934): 	at android.os.AsyncTask$2.call(AsyncTask.java:264)
W/System.err(  934): 	at java.util.concurrent.FutureTask$Sync.innerRun(FutureTask.java:305)
W/System.err(  934): 	at java.util.concurrent.FutureTask.run(FutureTask.java:137)
W/System.err(  934): 	at java.util.concurrent.ThreadPoolExecutor.runWorker(ThreadPoolExecutor.java:1076)
W/System.err(  934): 	at java.util.concurrent.ThreadPoolExecutor$Worker.run(ThreadPoolExecutor.java:569)
W/System.err(  934): 	at java.lang.Thread.run(Thread.java:856)
W/System.err(  934): Caused by: libcore.io.ErrnoException: open failed: ENOENT (No such file or directory)
W/System.err(  934): 	at libcore.io.Posix.open(Native Method)
W/System.err(  934): 	at libcore.io.BlockGuardOs.open(BlockGuardOs.java:110)
W/System.err(  934): 	at libcore.io.IoBridge.open(IoBridge.java:390)
W/System.err(  934): 	... 15 more
W/System.err(  934): java.io.FileNotFoundException: /data/system/theme/preview/preview_fonts_small_0.jpg: open failed: ENOENT (No such file or directory)
W/System.err(  934): 	at libcore.io.IoBridge.open(IoBridge.java:406)
W/System.err(  934): 	at java.io.FileOutputStream.<init>(FileOutputStream.java:88)
W/System.err(  934): 	at java.io.FileOutputStream.<init>(FileOutputStream.java:128)
W/System.err(  934): 	at java.io.FileOutputStream.<init>(FileOutputStream.java:117)
W/System.err(  934): 	at miui.app.resourcebrowser.ResourceHelper.writeTo(ResourceHelper.java:470)
W/System.err(  934): 	at com.android.thememanager.Helper.unzip(Helper.java:143)
W/System.err(  934): 	at com.android.thememanager.ThemeInfo.apply(ThemeInfo.java:462)
W/System.err(  934): 	at com.android.thememanager.ThemeInfo.access$000(ThemeInfo.java:40)
W/System.err(  934): 	at com.android.thememanager.ThemeInfo$ApplyThemeTask.doInBackground(ThemeInfo.java:627)
W/System.err(  934): 	at com.android.thememanager.ThemeInfo$ApplyThemeTask.doInBackground(ThemeInfo.java:591)
W/System.err(  934): 	at android.os.AsyncTask$2.call(AsyncTask.java:264)
W/System.err(  934): 	at java.util.concurrent.FutureTask$Sync.innerRun(FutureTask.java:305)
W/System.err(  934): 	at java.util.concurrent.FutureTask.run(FutureTask.java:137)
W/System.err(  934): 	at java.util.concurrent.ThreadPoolExecutor.runWorker(ThreadPoolExecutor.java:1076)
W/System.err(  934): 	at java.util.concurrent.ThreadPoolExecutor$Worker.run(ThreadPoolExecutor.java:569)
W/System.err(  934): 	at java.lang.Thread.run(Thread.java:856)
W/System.err(  934): Caused by: libcore.io.ErrnoException: open failed: ENOENT (No such file or directory)
W/System.err(  934): 	at libcore.io.Posix.open(Native Method)
W/System.err(  934): 	at libcore.io.BlockGuardOs.open(BlockGuardOs.java:110)
W/System.err(  934): 	at libcore.io.IoBridge.open(IoBridge.java:390)
W/System.err(  934): 	... 15 more
W/System.err(  934): java.io.FileNotFoundException: /data/system/theme/preview/preview_icons_0.jpg: open failed: ENOENT (No such file or directory)
W/System.err(  934): 	at libcore.io.IoBridge.open(IoBridge.java:406)
W/System.err(  934): 	at java.io.FileOutputStream.<init>(FileOutputStream.java:88)
W/System.err(  934): 	at java.io.FileOutputStream.<init>(FileOutputStream.java:128)
W/System.err(  934): 	at java.io.FileOutputStream.<init>(FileOutputStream.java:117)
W/System.err(  934): 	at miui.app.resourcebrowser.ResourceHelper.writeTo(ResourceHelper.java:470)
W/System.err(  934): 	at com.android.thememanager.Helper.unzip(Helper.java:143)
W/System.err(  934): 	at com.android.thememanager.ThemeInfo.apply(ThemeInfo.java:462)
W/System.err(  934): 	at com.android.thememanager.ThemeInfo.access$000(ThemeInfo.java:40)
W/System.err(  934): 	at com.android.thememanager.ThemeInfo$ApplyThemeTask.doInBackground(ThemeInfo.java:627)
W/System.err(  934): 	at com.android.thememanager.ThemeInfo$ApplyThemeTask.doInBackground(ThemeInfo.java:591)
W/System.err(  934): 	at android.os.AsyncTask$2.call(AsyncTask.java:264)
W/System.err(  934): 	at java.util.concurrent.FutureTask$Sync.innerRun(FutureTask.java:305)
W/System.err(  934): 	at java.util.concurrent.FutureTask.run(FutureTask.java:137)
W/System.err(  934): 	at java.util.concurrent.ThreadPoolExecutor.runWorker(ThreadPoolExecutor.java:1076)
W/System.err(  934): 	at java.util.concurrent.ThreadPoolExecutor$Worker.run(ThreadPoolExecutor.java:569)
W/System.err(  934): 	at java.lang.Thread.run(Thread.java:856)
W/System.err(  934): Caused by: libcore.io.ErrnoException: open failed: ENOENT (No such file or directory)
W/System.err(  934): 	at libcore.io.Posix.open(Native Method)
W/System.err(  934): 	at libcore.io.BlockGuardOs.open(BlockGuardOs.java:110)
W/System.err(  934): 	at libcore.io.IoBridge.open(IoBridge.java:390)
W/System.err(  934): 	... 15 more
W/System.err(  934): java.io.FileNotFoundException: /data/system/theme/preview/preview_icons_1.jpg: open failed: ENOENT (No such file or directory)
W/System.err(  934): 	at libcore.io.IoBridge.open(IoBridge.java:406)
W/System.err(  934): 	at java.io.FileOutputStream.<init>(FileOutputStream.java:88)
W/System.err(  934): 	at java.io.FileOutputStream.<init>(FileOutputStream.java:128)
W/System.err(  934): 	at java.io.FileOutputStream.<init>(FileOutputStream.java:117)
W/System.err(  934): 	at miui.app.resourcebrowser.ResourceHelper.writeTo(ResourceHelper.java:470)
W/System.err(  934): 	at com.android.thememanager.Helper.unzip(Helper.java:143)
W/System.err(  934): 	at com.android.thememanager.ThemeInfo.apply(ThemeInfo.java:462)
W/System.err(  934): 	at com.android.thememanager.ThemeInfo.access$000(ThemeInfo.java:40)
W/System.err(  934): 	at com.android.thememanager.ThemeInfo$ApplyThemeTask.doInBackground(ThemeInfo.java:627)
W/System.err(  934): 	at com.android.thememanager.ThemeInfo$ApplyThemeTask.doInBackground(ThemeInfo.java:591)
W/System.err(  934): 	at android.os.AsyncTask$2.call(AsyncTask.java:264)
W/System.err(  934): 	at java.util.concurrent.FutureTask$Sync.innerRun(FutureTask.java:305)
W/System.err(  934): 	at java.util.concurrent.FutureTask.run(FutureTask.java:137)
W/System.err(  934): 	at java.util.concurrent.ThreadPoolExecutor.runWorker(ThreadPoolExecutor.java:1076)
W/System.err(  934): 	at java.util.concurrent.ThreadPoolExecutor$Worker.run(ThreadPoolExecutor.java:569)
W/System.err(  934): 	at java.lang.Thread.run(Thread.java:856)
W/System.err(  934): Caused by: libcore.io.ErrnoException: open failed: ENOENT (No such file or directory)
W/System.err(  934): 	at libcore.io.Posix.open(Native Method)
W/System.err(  934): 	at libcore.io.BlockGuardOs.open(BlockGuardOs.java:110)
W/System.err(  934): 	at libcore.io.IoBridge.open(IoBridge.java:390)
W/System.err(  934): 	... 15 more
W/System.err(  934): java.io.FileNotFoundException: /data/system/theme/preview/preview_icons_2.jpg: open failed: ENOENT (No such file or directory)
W/System.err(  934): 	at libcore.io.IoBridge.open(IoBridge.java:406)
W/System.err(  934): 	at java.io.FileOutputStream.<init>(FileOutputStream.java:88)
W/System.err(  934): 	at java.io.FileOutputStream.<init>(FileOutputStream.java:128)
W/System.err(  934): 	at java.io.FileOutputStream.<init>(FileOutputStream.java:117)
W/System.err(  934): 	at miui.app.resourcebrowser.ResourceHelper.writeTo(ResourceHelper.java:470)
W/System.err(  934): 	at com.android.thememanager.Helper.unzip(Helper.java:143)
W/System.err(  934): 	at com.android.thememanager.ThemeInfo.apply(ThemeInfo.java:462)
W/System.err(  934): 	at com.android.thememanager.ThemeInfo.access$000(ThemeInfo.java:40)
W/System.err(  934): 	at com.android.thememanager.ThemeInfo$ApplyThemeTask.doInBackground(ThemeInfo.java:627)
W/System.err(  934): 	at com.android.thememanager.ThemeInfo$ApplyThemeTask.doInBackground(ThemeInfo.java:591)
W/System.err(  934): 	at android.os.AsyncTask$2.call(AsyncTask.java:264)
W/System.err(  934): 	at java.util.concurrent.FutureTask$Sync.innerRun(FutureTask.java:305)
W/System.err(  934): 	at java.util.concurrent.FutureTask.run(FutureTask.java:137)
W/System.err(  934): 	at java.util.concurrent.ThreadPoolExecutor.runWorker(ThreadPoolExecutor.java:1076)
W/System.err(  934): 	at java.util.concurrent.ThreadPoolExecutor$Worker.run(ThreadPoolExecutor.java:569)
W/System.err(  934): 	at java.lang.Thread.run(Thread.java:856)
W/System.err(  934): Caused by: libcore.io.ErrnoException: open failed: ENOENT (No such file or directory)
W/System.err(  934): 	at libcore.io.Posix.open(Native Method)
W/System.err(  934): 	at libcore.io.BlockGuardOs.open(BlockGuardOs.java:110)
W/System.err(  934): 	at libcore.io.IoBridge.open(IoBridge.java:390)
W/System.err(  934): 	... 15 more
W/System.err(  934): java.io.FileNotFoundException: /data/system/theme/preview/preview_icons_3.jpg: open failed: ENOENT (No such file or directory)
W/System.err(  934): 	at libcore.io.IoBridge.open(IoBridge.java:406)
W/System.err(  934): 	at java.io.FileOutputStream.<init>(FileOutputStream.java:88)
W/System.err(  934): 	at java.io.FileOutputStream.<init>(FileOutputStream.java:128)
W/System.err(  934): 	at java.io.FileOutputStream.<init>(FileOutputStream.java:117)
W/System.err(  934): 	at miui.app.resourcebrowser.ResourceHelper.writeTo(ResourceHelper.java:470)
W/System.err(  934): 	at com.android.thememanager.Helper.unzip(Helper.java:143)
W/System.err(  934): 	at com.android.thememanager.ThemeInfo.apply(ThemeInfo.java:462)
W/System.err(  934): 	at com.android.thememanager.ThemeInfo.access$000(ThemeInfo.java:40)
W/System.err(  934): 	at com.android.thememanager.ThemeInfo$ApplyThemeTask.doInBackground(ThemeInfo.java:627)
W/System.err(  934): 	at com.android.thememanager.ThemeInfo$ApplyThemeTask.doInBackground(ThemeInfo.java:591)
W/System.err(  934): 	at android.os.AsyncTask$2.call(AsyncTask.java:264)
W/System.err(  934): 	at java.util.concurrent.FutureTask$Sync.innerRun(FutureTask.java:305)
W/System.err(  934): 	at java.util.concurrent.FutureTask.run(FutureTask.java:137)
W/System.err(  934): 	at java.util.concurrent.ThreadPoolExecutor.runWorker(ThreadPoolExecutor.java:1076)
W/System.err(  934): 	at java.util.concurrent.ThreadPoolExecutor$Worker.run(ThreadPoolExecutor.java:569)
W/System.err(  934): 	at java.lang.Thread.run(Thread.java:856)
W/System.err(  934): Caused by: libcore.io.ErrnoException: open failed: ENOENT (No such file or directory)
W/System.err(  934): 	at libcore.io.Posix.open(Native Method)
W/System.err(  934): 	at libcore.io.BlockGuardOs.open(BlockGuardOs.java:110)
W/System.err(  934): 	at libcore.io.IoBridge.open(IoBridge.java:390)
W/System.err(  934): 	... 15 more
W/System.err(  934): java.io.FileNotFoundException: /data/system/theme/preview/preview_launcher_0.jpg: open failed: ENOENT (No such file or directory)
W/System.err(  934): 	at libcore.io.IoBridge.open(IoBridge.java:406)
W/System.err(  934): 	at java.io.FileOutputStream.<init>(FileOutputStream.java:88)
W/System.err(  934): 	at java.io.FileOutputStream.<init>(FileOutputStream.java:128)
W/System.err(  934): 	at java.io.FileOutputStream.<init>(FileOutputStream.java:117)
W/System.err(  934): 	at miui.app.resourcebrowser.ResourceHelper.writeTo(ResourceHelper.java:470)
W/System.err(  934): 	at com.android.thememanager.Helper.unzip(Helper.java:143)
W/System.err(  934): 	at com.android.thememanager.ThemeInfo.apply(ThemeInfo.java:462)
W/System.err(  934): 	at com.android.thememanager.ThemeInfo.access$000(ThemeInfo.java:40)
W/System.err(  934): 	at com.android.thememanager.ThemeInfo$ApplyThemeTask.doInBackground(ThemeInfo.java:627)
W/System.err(  934): 	at com.android.thememanager.ThemeInfo$ApplyThemeTask.doInBackground(ThemeInfo.java:591)
W/System.err(  934): 	at android.os.AsyncTask$2.call(AsyncTask.java:264)
W/System.err(  934): 	at java.util.concurrent.FutureTask$Sync.innerRun(FutureTask.java:305)
W/System.err(  934): 	at java.util.concurrent.FutureTask.run(FutureTask.java:137)
W/System.err(  934): 	at java.util.concurrent.ThreadPoolExecutor.runWorker(ThreadPoolExecutor.java:1076)
W/System.err(  934): 	at java.util.concurrent.ThreadPoolExecutor$Worker.run(ThreadPoolExecutor.java:569)
W/System.err(  934): 	at java.lang.Thread.run(Thread.java:856)
W/System.err(  934): Caused by: libcore.io.ErrnoException: open failed: ENOENT (No such file or directory)
W/System.err(  934): 	at libcore.io.Posix.open(Native Method)
W/System.err(  934): 	at libcore.io.BlockGuardOs.open(BlockGuardOs.java:110)
W/System.err(  934): 	at libcore.io.IoBridge.open(IoBridge.java:390)
W/System.err(  934): 	... 15 more
W/System.err(  934): java.io.FileNotFoundException: /data/system/theme/preview/preview_launcher_1.jpg: open failed: ENOENT (No such file or directory)
W/System.err(  934): 	at libcore.io.IoBridge.open(IoBridge.java:406)
W/System.err(  934): 	at java.io.FileOutputStream.<init>(FileOutputStream.java:88)
W/System.err(  934): 	at java.io.FileOutputStream.<init>(FileOutputStream.java:128)
W/System.err(  934): 	at java.io.FileOutputStream.<init>(FileOutputStream.java:117)
W/System.err(  934): 	at miui.app.resourcebrowser.ResourceHelper.writeTo(ResourceHelper.java:470)
W/System.err(  934): 	at com.android.thememanager.Helper.unzip(Helper.java:143)
W/System.err(  934): 	at com.android.thememanager.ThemeInfo.apply(ThemeInfo.java:462)
W/System.err(  934): 	at com.android.thememanager.ThemeInfo.access$000(ThemeInfo.java:40)
W/System.err(  934): 	at com.android.thememanager.ThemeInfo$ApplyThemeTask.doInBackground(ThemeInfo.java:627)
W/System.err(  934): 	at com.android.thememanager.ThemeInfo$ApplyThemeTask.doInBackground(ThemeInfo.java:591)
W/System.err(  934): 	at android.os.AsyncTask$2.call(AsyncTask.java:264)
W/System.err(  934): 	at java.util.concurrent.FutureTask$Sync.innerRun(FutureTask.java:305)
W/System.err(  934): 	at java.util.concurrent.FutureTask.run(FutureTask.java:137)
W/System.err(  934): 	at java.util.concurrent.ThreadPoolExecutor.runWorker(ThreadPoolExecutor.java:1076)
W/System.err(  934): 	at java.util.concurrent.ThreadPoolExecutor$Worker.run(ThreadPoolExecutor.java:569)
W/System.err(  934): 	at java.lang.Thread.run(Thread.java:856)
W/System.err(  934): Caused by: libcore.io.ErrnoException: open failed: ENOENT (No such file or directory)
W/System.err(  934): 	at libcore.io.Posix.open(Native Method)
W/System.err(  934): 	at libcore.io.BlockGuardOs.open(BlockGuardOs.java:110)
W/System.err(  934): 	at libcore.io.IoBridge.open(IoBridge.java:390)
W/System.err(  934): 	... 15 more
W/System.err(  934): java.io.FileNotFoundException: /data/system/theme/preview/preview_lockscreen_0.jpg: open failed: ENOENT (No such file or directory)
W/System.err(  934): 	at libcore.io.IoBridge.open(IoBridge.java:406)
W/System.err(  934): 	at java.io.FileOutputStream.<init>(FileOutputStream.java:88)
W/System.err(  934): 	at java.io.FileOutputStream.<init>(FileOutputStream.java:128)
W/System.err(  934): 	at java.io.FileOutputStream.<init>(FileOutputStream.java:117)
W/System.err(  934): 	at miui.app.resourcebrowser.ResourceHelper.writeTo(ResourceHelper.java:470)
W/System.err(  934): 	at com.android.thememanager.Helper.unzip(Helper.java:143)
W/System.err(  934): 	at com.android.thememanager.ThemeInfo.apply(ThemeInfo.java:462)
W/System.err(  934): 	at com.android.thememanager.ThemeInfo.access$000(ThemeInfo.java:40)
W/System.err(  934): 	at com.android.thememanager.ThemeInfo$ApplyThemeTask.doInBackground(ThemeInfo.java:627)
W/System.err(  934): 	at com.android.thememanager.ThemeInfo$ApplyThemeTask.doInBackground(ThemeInfo.java:591)
W/System.err(  934): 	at android.os.AsyncTask$2.call(AsyncTask.java:264)
W/System.err(  934): 	at java.util.concurrent.FutureTask$Sync.innerRun(FutureTask.java:305)
W/System.err(  934): 	at java.util.concurrent.FutureTask.run(FutureTask.java:137)
W/System.err(  934): 	at java.util.concurrent.ThreadPoolExecutor.runWorker(ThreadPoolExecutor.java:1076)
W/System.err(  934): 	at java.util.concurrent.ThreadPoolExecutor$Worker.run(ThreadPoolExecutor.java:569)
W/System.err(  934): 	at java.lang.Thread.run(Thread.java:856)
W/System.err(  934): Caused by: libcore.io.ErrnoException: open failed: ENOENT (No such file or directory)
W/System.err(  934): 	at libcore.io.Posix.open(Native Method)
W/System.err(  934): 	at libcore.io.BlockGuardOs.open(BlockGuardOs.java:110)
W/System.err(  934): 	at libcore.io.IoBridge.open(IoBridge.java:390)
W/System.err(  934): 	... 15 more
W/System.err(  934): java.io.FileNotFoundException: /data/system/theme/preview/preview_mms_0.jpg: open failed: ENOENT (No such file or directory)
W/System.err(  934): 	at libcore.io.IoBridge.open(IoBridge.java:406)
W/System.err(  934): 	at java.io.FileOutputStream.<init>(FileOutputStream.java:88)
W/System.err(  934): 	at java.io.FileOutputStream.<init>(FileOutputStream.java:128)
W/System.err(  934): 	at java.io.FileOutputStream.<init>(FileOutputStream.java:117)
W/System.err(  934): 	at miui.app.resourcebrowser.ResourceHelper.writeTo(ResourceHelper.java:470)
W/System.err(  934): 	at com.android.thememanager.Helper.unzip(Helper.java:143)
W/System.err(  934): 	at com.android.thememanager.ThemeInfo.apply(ThemeInfo.java:462)
W/System.err(  934): 	at com.android.thememanager.ThemeInfo.access$000(ThemeInfo.java:40)
W/System.err(  934): 	at com.android.thememanager.ThemeInfo$ApplyThemeTask.doInBackground(ThemeInfo.java:627)
W/System.err(  934): 	at com.android.thememanager.ThemeInfo$ApplyThemeTask.doInBackground(ThemeInfo.java:591)
W/System.err(  934): 	at android.os.AsyncTask$2.call(AsyncTask.java:264)
W/System.err(  934): 	at java.util.concurrent.FutureTask$Sync.innerRun(FutureTask.java:305)
W/System.err(  934): 	at java.util.concurrent.FutureTask.run(FutureTask.java:137)
W/System.err(  934): 	at java.util.concurrent.ThreadPoolExecutor.runWorker(ThreadPoolExecutor.java:1076)
W/System.err(  934): 	at java.util.concurrent.ThreadPoolExecutor$Worker.run(ThreadPoolExecutor.java:569)
W/System.err(  934): 	at java.lang.Thread.run(Thread.java:856)
W/System.err(  934): Caused by: libcore.io.ErrnoException: open failed: ENOENT (No such file or directory)
W/System.err(  934): 	at libcore.io.Posix.open(Native Method)
W/System.err(  934): 	at libcore.io.BlockGuardOs.open(BlockGuardOs.java:110)
W/System.err(  934): 	at libcore.io.IoBridge.open(IoBridge.java:390)
W/System.err(  934): 	... 15 more
W/System.err(  934): java.io.FileNotFoundException: /data/system/theme/preview/preview_mms_1.jpg: open failed: ENOENT (No such file or directory)
W/System.err(  934): 	at libcore.io.IoBridge.open(IoBridge.java:406)
W/System.err(  934): 	at java.io.FileOutputStream.<init>(FileOutputStream.java:88)
W/System.err(  934): 	at java.io.FileOutputStream.<init>(FileOutputStream.java:128)
W/System.err(  934): 	at java.io.FileOutputStream.<init>(FileOutputStream.java:117)
W/System.err(  934): 	at miui.app.resourcebrowser.ResourceHelper.writeTo(ResourceHelper.java:470)
W/System.err(  934): 	at com.android.thememanager.Helper.unzip(Helper.java:143)
W/System.err(  934): 	at com.android.thememanager.ThemeInfo.apply(ThemeInfo.java:462)
W/System.err(  934): 	at com.android.thememanager.ThemeInfo.access$000(ThemeInfo.java:40)
W/System.err(  934): 	at com.android.thememanager.ThemeInfo$ApplyThemeTask.doInBackground(ThemeInfo.java:627)
W/System.err(  934): 	at com.android.thememanager.ThemeInfo$ApplyThemeTask.doInBackground(ThemeInfo.java:591)
W/System.err(  934): 	at android.os.AsyncTask$2.call(AsyncTask.java:264)
W/System.err(  934): 	at java.util.concurrent.FutureTask$Sync.innerRun(FutureTask.java:305)
W/System.err(  934): 	at java.util.concurrent.FutureTask.run(FutureTask.java:137)
W/System.err(  934): 	at java.util.concurrent.ThreadPoolExecutor.runWorker(ThreadPoolExecutor.java:1076)
W/System.err(  934): 	at java.util.concurrent.ThreadPoolExecutor$Worker.run(ThreadPoolExecutor.java:569)
W/System.err(  934): 	at java.lang.Thread.run(Thread.java:856)
W/System.err(  934): Caused by: libcore.io.ErrnoException: open failed: ENOENT (No such file or directory)
W/System.err(  934): 	at libcore.io.Posix.open(Native Method)
W/System.err(  934): 	at libcore.io.BlockGuardOs.open(BlockGuardOs.java:110)
W/System.err(  934): 	at libcore.io.IoBridge.open(IoBridge.java:390)
W/System.err(  934): 	... 15 more
W/System.err(  934): java.io.FileNotFoundException: /data/system/theme/preview/preview_statusbar_0.jpg: open failed: ENOENT (No such file or directory)
W/System.err(  934): 	at libcore.io.IoBridge.open(IoBridge.java:406)
W/System.err(  934): 	at java.io.FileOutputStream.<init>(FileOutputStream.java:88)
W/System.err(  934): 	at java.io.FileOutputStream.<init>(FileOutputStream.java:128)
W/System.err(  934): 	at java.io.FileOutputStream.<init>(FileOutputStream.java:117)
W/System.err(  934): 	at miui.app.resourcebrowser.ResourceHelper.writeTo(ResourceHelper.java:470)
W/System.err(  934): 	at com.android.thememanager.Helper.unzip(Helper.java:143)
W/System.err(  934): 	at com.android.thememanager.ThemeInfo.apply(ThemeInfo.java:462)
W/System.err(  934): 	at com.android.thememanager.ThemeInfo.access$000(ThemeInfo.java:40)
W/System.err(  934): 	at com.android.thememanager.ThemeInfo$ApplyThemeTask.doInBackground(ThemeInfo.java:627)
W/System.err(  934): 	at com.android.thememanager.ThemeInfo$ApplyThemeTask.doInBackground(ThemeInfo.java:591)
W/System.err(  934): 	at android.os.AsyncTask$2.call(AsyncTask.java:264)
W/System.err(  934): 	at java.util.concurrent.FutureTask$Sync.innerRun(FutureTask.java:305)
W/System.err(  934): 	at java.util.concurrent.FutureTask.run(FutureTask.java:137)
W/System.err(  934): 	at java.util.concurrent.ThreadPoolExecutor.runWorker(ThreadPoolExecutor.java:1076)
W/System.err(  934): 	at java.util.concurrent.ThreadPoolExecutor$Worker.run(ThreadPoolExecutor.java:569)
W/System.err(  934): 	at java.lang.Thread.run(Thread.java:856)
W/System.err(  934): Caused by: libcore.io.ErrnoException: open failed: ENOENT (No such file or directory)
W/System.err(  934): 	at libcore.io.Posix.open(Native Method)
W/System.err(  934): 	at libcore.io.BlockGuardOs.open(BlockGuardOs.java:110)
W/System.err(  934): 	at libcore.io.IoBridge.open(IoBridge.java:390)
W/System.err(  934): 	... 15 more
W/System.err(  934): java.io.FileNotFoundException: /data/system/theme/preview/preview_statusbar_1.jpg: open failed: ENOENT (No such file or directory)
W/System.err(  934): 	at libcore.io.IoBridge.open(IoBridge.java:406)
W/System.err(  934): 	at java.io.FileOutputStream.<init>(FileOutputStream.java:88)
W/System.err(  934): 	at java.io.FileOutputStream.<init>(FileOutputStream.java:128)
W/System.err(  934): 	at java.io.FileOutputStream.<init>(FileOutputStream.java:117)
W/System.err(  934): 	at miui.app.resourcebrowser.ResourceHelper.writeTo(ResourceHelper.java:470)
W/System.err(  934): 	at com.android.thememanager.Helper.unzip(Helper.java:143)
W/System.err(  934): 	at com.android.thememanager.ThemeInfo.apply(ThemeInfo.java:462)
W/System.err(  934): 	at com.android.thememanager.ThemeInfo.access$000(ThemeInfo.java:40)
W/System.err(  934): 	at com.android.thememanager.ThemeInfo$ApplyThemeTask.doInBackground(ThemeInfo.java:627)
W/System.err(  934): 	at com.android.thememanager.ThemeInfo$ApplyThemeTask.doInBackground(ThemeInfo.java:591)
W/System.err(  934): 	at android.os.AsyncTask$2.call(AsyncTask.java:264)
W/System.err(  934): 	at java.util.concurrent.FutureTask$Sync.innerRun(FutureTask.java:305)
W/System.err(  934): 	at java.util.concurrent.FutureTask.run(FutureTask.java:137)
W/System.err(  934): 	at java.util.concurrent.ThreadPoolExecutor.runWorker(ThreadPoolExecutor.java:1076)
W/System.err(  934): 	at java.util.concurrent.ThreadPoolExecutor$Worker.run(ThreadPoolExecutor.java:569)
W/System.err(  934): 	at java.lang.Thread.run(Thread.java:856)
W/System.err(  934): Caused by: libcore.io.ErrnoException: open failed: ENOENT (No such file or directory)
W/System.err(  934): 	at libcore.io.Posix.open(Native Method)
W/System.err(  934): 	at libcore.io.BlockGuardOs.open(BlockGuardOs.java:110)
W/System.err(  934): 	at libcore.io.IoBridge.open(IoBridge.java:390)
W/System.err(  934): 	... 15 more
W/System.err(  934): java.io.FileNotFoundException: /data/system/theme/preview/preview_statusbar_2.jpg: open failed: ENOENT (No such file or directory)
W/System.err(  934): 	at libcore.io.IoBridge.open(IoBridge.java:406)
W/System.err(  934): 	at java.io.FileOutputStream.<init>(FileOutputStream.java:88)
W/System.err(  934): 	at java.io.FileOutputStream.<init>(FileOutputStream.java:128)
W/System.err(  934): 	at java.io.FileOutputStream.<init>(FileOutputStream.java:117)
W/System.err(  934): 	at miui.app.resourcebrowser.ResourceHelper.writeTo(ResourceHelper.java:470)
W/System.err(  934): 	at com.android.thememanager.Helper.unzip(Helper.java:143)
W/System.err(  934): 	at com.android.thememanager.ThemeInfo.apply(ThemeInfo.java:462)
W/System.err(  934): 	at com.android.thememanager.ThemeInfo.access$000(ThemeInfo.java:40)
W/System.err(  934): 	at com.android.thememanager.ThemeInfo$ApplyThemeTask.doInBackground(ThemeInfo.java:627)
W/System.err(  934): 	at com.android.thememanager.ThemeInfo$ApplyThemeTask.doInBackground(ThemeInfo.java:591)
W/System.err(  934): 	at android.os.AsyncTask$2.call(AsyncTask.java:264)
W/System.err(  934): 	at java.util.concurrent.FutureTask$Sync.innerRun(FutureTask.java:305)
W/System.err(  934): 	at java.util.concurrent.FutureTask.run(FutureTask.java:137)
W/System.err(  934): 	at java.util.concurrent.ThreadPoolExecutor.runWorker(ThreadPoolExecutor.java:1076)
W/System.err(  934): 	at java.util.concurrent.ThreadPoolExecutor$Worker.run(ThreadPoolExecutor.java:569)
W/System.err(  934): 	at java.lang.Thread.run(Thread.java:856)
W/System.err(  934): Caused by: libcore.io.ErrnoException: open failed: ENOENT (No such file or directory)
W/System.err(  934): 	at libcore.io.Posix.open(Native Method)
W/System.err(  934): 	at libcore.io.BlockGuardOs.open(BlockGuardOs.java:110)
W/System.err(  934): 	at libcore.io.IoBridge.open(IoBridge.java:390)
W/System.err(  934): 	... 15 more
D/memalloc(  218): /dev/pmem: Unmapping buffer base:0x503cc000 size:4300800 offset:3072000
D/dalvikvm(  218): GC_FOR_ALLOC freed 678K, 44% free 8983K/15879K, paused 92ms
I/dalvikvm-heap(  218): Grow heap (frag case) to 18.969MB for 3072016-byte allocation
D/dalvikvm(  218): GC_CONCURRENT freed 15K, 25% free 11968K/15879K, paused 7ms+28ms
D/memalloc(   82): /dev/pmem: Freeing buffer base:0x4180e000 size:1228800 offset:3072000 fd:41
D/memalloc(   82): /dev/pmem: Allocated buffer base:0x41520000 size:1228800 offset:1720320 fd:41
D/memalloc(  218): /dev/pmem: Mapped buffer base:0x503cc000 size:2949120 offset:1720320 fd:53
F/libc    ( 1030): Fatal signal 4 (SIGILL) at 0x000086b0 (code=1)
I/DEBUG   (   80): *** *** *** *** *** *** *** *** *** *** *** *** *** *** *** ***
I/DEBUG   (   80): Build fingerprint: 'cyanogenmod/htc_marvel/marvel:4.0.4/ASN01/0.1:user/release-keys'
I/DEBUG   (   80): pid: 1030, tid: 1030  >>> /system/xbin/invoke-as <<<
I/DEBUG   (   80): signal 4 (SIGILL), code 1 (ILL_ILLOPC), fault addr 000086b0
I/DEBUG   (   80):  r0 00000003  r1 becc5c04  r2 becc5c14  r3 4007100c
I/DEBUG   (   80):  r4 becc5c04  r5 00000003  r6 becc5c14  r7 00008694
I/DEBUG   (   80):  r8 00000000  r9 00000000  10 00000000  fp 00000000
I/DEBUG   (   80):  ip 00000000  sp becc5be8  lr 4003755d  pc 000086b0  cpsr 00000030
I/DEBUG   (   80):  d0  0000000000000000  d1  0000000000000000
I/DEBUG   (   80):  d2  0000000000000000  d3  0000000000000000
I/DEBUG   (   80):  d4  0000000000000000  d5  0000000000000000
I/DEBUG   (   80):  d6  0000000000000000  d7  0000000000000000
I/DEBUG   (   80):  d8  0000000000000000  d9  0000000000000000
I/DEBUG   (   80):  d10 0000000000000000  d11 0000000000000000
I/DEBUG   (   80):  d12 0000000000000000  d13 0000000000000000
I/DEBUG   (   80):  d14 0000000000000000  d15 0000000000000000
I/DEBUG   (   80):  scr 00000000
I/DEBUG   (   80): 
I/DEBUG   (   80):          #00  pc 000086b0  /system/xbin/invoke-as
I/DEBUG   (   80):          #01  pc 0001655a  /system/lib/libc.so (__libc_init)
I/DEBUG   (   80):          #02  pc 40004eb4  /system/bin/linker
I/DEBUG   (   80): 
I/DEBUG   (   80): code around pc:
I/DEBUG   (   80): 00008690 eaffffd0 ea00007b 00009000 00009008  ....{...........
I/DEBUG   (   80): 000086a0 00009010 00009018 e1a00000 e1a00000  ................
I/DEBUG   (   80): 000086b0 4ff8e92d 46894682 ef94f7ff 447c4c62  -..O.F.F....bL|D
I/DEBUG   (   80): 000086c0 bf181e03 f5b02301 bf0c7f7a f0032300  .....#..z....#..
I/DEBUG   (   80): 000086d0 b1bb0301 31e9f240 d0134288 485c4a5b  ....@..1.B..[J\H
I/DEBUG   (   80): 
I/DEBUG   (   80): code around lr:
I/DEBUG   (   80): 4003753c 1c681c17 19a60086 d0052900 22004b05  ..h......)...K."
I/DEBUG   (   80): 4003754c 6818447b f874f008 1c321c21 47b81c28  {D.h..t.!.2.(..G
I/DEBUG   (   80): 4003755c f9f2f008 0002cf4c 4805b510 68032200  ....L......H.".h
I/DEBUG   (   80): 4003756c 60da68d8 fe76f010 fd12f7ff 46c0bd10  .h.`..v........F
I/DEBUG   (   80): 4003757c ffff0ff0 e24dd008 e2102003 f5d0f000  ......M.. ......
I/DEBUG   (   80): 
I/DEBUG   (   80): memory map around addr 000086b0:
I/DEBUG   (   80): (no map below)
I/DEBUG   (   80): 00008000-00009000 /system/xbin/invoke-as
I/DEBUG   (   80): 00009000-0000a000 /system/xbin/invoke-as
I/DEBUG   (   80): 
I/DEBUG   (   80): stack:
I/DEBUG   (   80):     becc5ba8  4006455c  /system/lib/libc.so
I/DEBUG   (   80):     becc5bac  00001000  
I/DEBUG   (   80):     becc5bb0  40071000  
I/DEBUG   (   80):     becc5bb4  40048229  /system/lib/libc.so
I/DEBUG   (   80):     becc5bb8  ffffffff  
I/DEBUG   (   80):     becc5bbc  00000000  
I/DEBUG   (   80):     becc5bc0  40014b14  /system/bin/linker
I/DEBUG   (   80):     becc5bc4  40048229  /system/lib/libc.so
I/DEBUG   (   80):     becc5bc8  00009010  /system/xbin/invoke-as
I/DEBUG   (   80):     becc5bcc  00000000  
I/DEBUG   (   80):     becc5bd0  00000000  
I/DEBUG   (   80):     becc5bd4  becc5c04  [stack]
I/DEBUG   (   80):     becc5bd8  00000003  
I/DEBUG   (   80):     becc5bdc  becc5c14  [stack]
I/DEBUG   (   80):     becc5be0  df0027ad  
I/DEBUG   (   80):     becc5be4  00000000  
I/DEBUG   (   80): #01 becc5be8  00008698  /system/xbin/invoke-as
I/DEBUG   (   80):     becc5bec  00000000  
I/DEBUG   (   80):     becc5bf0  00000000  
I/DEBUG   (   80):     becc5bf4  00000000  
I/DEBUG   (   80):     becc5bf8  00000000  
I/DEBUG   (   80):     becc5bfc  40004eb9  /system/bin/linker
I/BootReceiver(  146): Copying /data/tombstones/tombstone_09 to DropBox (SYSTEM_TOMBSTONE)
F/libc    ( 1031): Fatal signal 4 (SIGILL) at 0x000086b0 (code=1)
I/DEBUG   (   80): *** *** *** *** *** *** *** *** *** *** *** *** *** *** *** ***
I/DEBUG   (   80): Build fingerprint: 'cyanogenmod/htc_marvel/marvel:4.0.4/ASN01/0.1:user/release-keys'
I/DEBUG   (   80): pid: 1031, tid: 1031  >>> /system/xbin/invoke-as <<<
I/DEBUG   (   80): signal 4 (SIGILL), code 1 (ILL_ILLOPC), fault addr 000086b0
I/DEBUG   (   80):  r0 00000003  r1 bebe2bd4  r2 bebe2be4  r3 4007100c
I/DEBUG   (   80):  r4 bebe2bd4  r5 00000003  r6 bebe2be4  r7 00008694
I/DEBUG   (   80):  r8 00000000  r9 00000000  10 00000000  fp 00000000
I/DEBUG   (   80):  ip 00000000  sp bebe2bb8  lr 4003755d  pc 000086b0  cpsr 00000030
I/DEBUG   (   80):  d0  0000000000000000  d1  0000000000000000
I/DEBUG   (   80):  d2  0000000000000000  d3  0000000000000000
I/DEBUG   (   80):  d4  0000000000000000  d5  0000000000000000
I/DEBUG   (   80):  d6  0000000000000000  d7  0000000000000000
I/DEBUG   (   80):  d8  0000000000000000  d9  0000000000000000
I/DEBUG   (   80):  d10 0000000000000000  d11 0000000000000000
I/DEBUG   (   80):  d12 0000000000000000  d13 0000000000000000
I/DEBUG   (   80):  d14 0000000000000000  d15 0000000000000000
I/DEBUG   (   80):  scr 00000000
I/DEBUG   (   80): 
I/DEBUG   (   80):          #00  pc 000086b0  /system/xbin/invoke-as
I/DEBUG   (   80):          #01  pc 0001655a  /system/lib/libc.so (__libc_init)
I/DEBUG   (   80):          #02  pc 40004eb4  /system/bin/linker
I/DEBUG   (   80): 
I/DEBUG   (   80): code around pc:
I/DEBUG   (   80): 00008690 eaffffd0 ea00007b 00009000 00009008  ....{...........
I/DEBUG   (   80): 000086a0 00009010 00009018 e1a00000 e1a00000  ................
I/DEBUG   (   80): 000086b0 4ff8e92d 46894682 ef94f7ff 447c4c62  -..O.F.F....bL|D
I/DEBUG   (   80): 000086c0 bf181e03 f5b02301 bf0c7f7a f0032300  .....#..z....#..
I/DEBUG   (   80): 000086d0 b1bb0301 31e9f240 d0134288 485c4a5b  ....@..1.B..[J\H
I/DEBUG   (   80): 
I/DEBUG   (   80): code around lr:
I/DEBUG   (   80): 4003753c 1c681c17 19a60086 d0052900 22004b05  ..h......)...K."
I/DEBUG   (   80): 4003754c 6818447b f874f008 1c321c21 47b81c28  {D.h..t.!.2.(..G
I/DEBUG   (   80): 4003755c f9f2f008 0002cf4c 4805b510 68032200  ....L......H.".h
I/DEBUG   (   80): 4003756c 60da68d8 fe76f010 fd12f7ff 46c0bd10  .h.`..v........F
I/DEBUG   (   80): 4003757c ffff0ff0 e24dd008 e2102003 f5d0f000  ......M.. ......
I/DEBUG   (   80): 
I/DEBUG   (   80): memory map around addr 000086b0:
I/DEBUG   (   80): (no map below)
I/DEBUG   (   80): 00008000-00009000 /system/xbin/invoke-as
I/DEBUG   (   80): 00009000-0000a000 /system/xbin/invoke-as
I/DEBUG   (   80): 
I/DEBUG   (   80): stack:
I/DEBUG   (   80):     bebe2b78  4006455c  /system/lib/libc.so
I/DEBUG   (   80):     bebe2b7c  00001000  
I/DEBUG   (   80):     bebe2b80  40071000  
I/DEBUG   (   80):     bebe2b84  40048229  /system/lib/libc.so
I/DEBUG   (   80):     bebe2b88  ffffffff  
I/DEBUG   (   80):     bebe2b8c  00000000  
I/DEBUG   (   80):     bebe2b90  40014b14  /system/bin/linker
I/DEBUG   (   80):     bebe2b94  40048229  /system/lib/libc.so
I/DEBUG   (   80):     bebe2b98  00009010  /system/xbin/invoke-as
I/DEBUG   (   80):     bebe2b9c  00000000  
I/DEBUG   (   80):     bebe2ba0  00000000  
I/DEBUG   (   80):     bebe2ba4  bebe2bd4  [stack]
I/DEBUG   (   80):     bebe2ba8  00000003  
I/DEBUG   (   80):     bebe2bac  bebe2be4  [stack]
I/DEBUG   (   80):     bebe2bb0  df0027ad  
I/DEBUG   (   80):     bebe2bb4  00000000  
I/DEBUG   (   80): #01 bebe2bb8  00008698  /system/xbin/invoke-as
I/DEBUG   (   80):     bebe2bbc  00000000  
I/DEBUG   (   80):     bebe2bc0  00000000  
I/DEBUG   (   80):     bebe2bc4  00000000  
I/DEBUG   (   80):     bebe2bc8  00000000  
I/DEBUG   (   80):     bebe2bcc  40004eb9  /system/bin/linker
I/BootReceiver(  146): Copying /data/tombstones/tombstone_01 to DropBox (SYSTEM_TOMBSTONE)
F/libc    ( 1032): Fatal signal 4 (SIGILL) at 0x000086b0 (code=1)
I/DEBUG   (   80): *** *** *** *** *** *** *** *** *** *** *** *** *** *** *** ***
I/DEBUG   (   80): Build fingerprint: 'cyanogenmod/htc_marvel/marvel:4.0.4/ASN01/0.1:user/release-keys'
I/DEBUG   (   80): pid: 1032, tid: 1032  >>> /system/xbin/invoke-as <<<
I/DEBUG   (   80): signal 4 (SIGILL), code 1 (ILL_ILLOPC), fault addr 000086b0
I/DEBUG   (   80):  r0 00000003  r1 be9b9c04  r2 be9b9c14  r3 4007100c
I/DEBUG   (   80):  r4 be9b9c04  r5 00000003  r6 be9b9c14  r7 00008694
I/DEBUG   (   80):  r8 00000000  r9 00000000  10 00000000  fp 00000000
I/DEBUG   (   80):  ip 00000000  sp be9b9be8  lr 4003755d  pc 000086b0  cpsr 00000030
I/DEBUG   (   80):  d0  0000000000000000  d1  0000000000000000
I/DEBUG   (   80):  d2  0000000000000000  d3  0000000000000000
I/DEBUG   (   80):  d4  0000000000000000  d5  0000000000000000
I/DEBUG   (   80):  d6  0000000000000000  d7  0000000000000000
I/DEBUG   (   80):  d8  0000000000000000  d9  0000000000000000
I/DEBUG   (   80):  d10 0000000000000000  d11 0000000000000000
I/DEBUG   (   80):  d12 0000000000000000  d13 0000000000000000
I/DEBUG   (   80):  d14 0000000000000000  d15 0000000000000000
I/DEBUG   (   80):  scr 00000000
I/DEBUG   (   80): 
I/DEBUG   (   80):          #00  pc 000086b0  /system/xbin/invoke-as
I/DEBUG   (   80):          #01  pc 0001655a  /system/lib/libc.so (__libc_init)
I/DEBUG   (   80):          #02  pc 40004eb4  /system/bin/linker
I/DEBUG   (   80): 
I/DEBUG   (   80): code around pc:
I/DEBUG   (   80): 00008690 eaffffd0 ea00007b 00009000 00009008  ....{...........
I/DEBUG   (   80): 000086a0 00009010 00009018 e1a00000 e1a00000  ................
I/DEBUG   (   80): 000086b0 4ff8e92d 46894682 ef94f7ff 447c4c62  -..O.F.F....bL|D
I/DEBUG   (   80): 000086c0 bf181e03 f5b02301 bf0c7f7a f0032300  .....#..z....#..
I/DEBUG   (   80): 000086d0 b1bb0301 31e9f240 d0134288 485c4a5b  ....@..1.B..[J\H
I/DEBUG   (   80): 
I/DEBUG   (   80): code around lr:
I/DEBUG   (   80): 4003753c 1c681c17 19a60086 d0052900 22004b05  ..h......)...K."
I/DEBUG   (   80): 4003754c 6818447b f874f008 1c321c21 47b81c28  {D.h..t.!.2.(..G
I/DEBUG   (   80): 4003755c f9f2f008 0002cf4c 4805b510 68032200  ....L......H.".h
I/DEBUG   (   80): 4003756c 60da68d8 fe76f010 fd12f7ff 46c0bd10  .h.`..v........F
I/DEBUG   (   80): 4003757c ffff0ff0 e24dd008 e2102003 f5d0f000  ......M.. ......
I/DEBUG   (   80): 
I/DEBUG   (   80): memory map around addr 000086b0:
I/DEBUG   (   80): (no map below)
I/DEBUG   (   80): 00008000-00009000 /system/xbin/invoke-as
I/DEBUG   (   80): 00009000-0000a000 /system/xbin/invoke-as
I/DEBUG   (   80): 
I/DEBUG   (   80): stack:
I/DEBUG   (   80):     be9b9ba8  4006455c  /system/lib/libc.so
I/DEBUG   (   80):     be9b9bac  00001000  
I/DEBUG   (   80):     be9b9bb0  40071000  
I/DEBUG   (   80):     be9b9bb4  40048229  /system/lib/libc.so
I/DEBUG   (   80):     be9b9bb8  ffffffff  
I/DEBUG   (   80):     be9b9bbc  00000000  
I/DEBUG   (   80):     be9b9bc0  40014b14  /system/bin/linker
I/DEBUG   (   80):     be9b9bc4  40048229  /system/lib/libc.so
I/DEBUG   (   80):     be9b9bc8  00009010  /system/xbin/invoke-as
I/DEBUG   (   80):     be9b9bcc  00000000  
I/DEBUG   (   80):     be9b9bd0  00000000  
I/DEBUG   (   80):     be9b9bd4  be9b9c04  [stack]
I/DEBUG   (   80):     be9b9bd8  00000003  
I/DEBUG   (   80):     be9b9bdc  be9b9c14  [stack]
I/DEBUG   (   80):     be9b9be0  df0027ad  
I/DEBUG   (   80):     be9b9be4  00000000  
I/DEBUG   (   80): #01 be9b9be8  00008698  /system/xbin/invoke-as
I/DEBUG   (   80):     be9b9bec  00000000  
I/DEBUG   (   80):     be9b9bf0  00000000  
I/DEBUG   (   80):     be9b9bf4  00000000  
I/DEBUG   (   80):     be9b9bf8  00000000  
I/DEBUG   (   80):     be9b9bfc  40004eb9  /system/bin/linker
I/BootReceiver(  146): Copying /data/tombstones/tombstone_02 to DropBox (SYSTEM_TOMBSTONE)
I/ThemeManager(  934): -------------- apply theme: 默认
F/libc    ( 1033): Fatal signal 4 (SIGILL) at 0x000086b0 (code=1)
I/DEBUG   (   80): *** *** *** *** *** *** *** *** *** *** *** *** *** *** *** ***
I/DEBUG   (   80): Build fingerprint: 'cyanogenmod/htc_marvel/marvel:4.0.4/ASN01/0.1:user/release-keys'
I/DEBUG   (   80): pid: 1033, tid: 1033  >>> /system/xbin/invoke-as <<<
I/DEBUG   (   80): signal 4 (SIGILL), code 1 (ILL_ILLOPC), fault addr 000086b0
I/DEBUG   (   80):  r0 00000003  r1 be802c04  r2 be802c14  r3 4007100c
I/DEBUG   (   80):  r4 be802c04  r5 00000003  r6 be802c14  r7 00008694
I/DEBUG   (   80):  r8 00000000  r9 00000000  10 00000000  fp 00000000
I/DEBUG   (   80):  ip 00000000  sp be802be8  lr 4003755d  pc 000086b0  cpsr 00000030
I/DEBUG   (   80):  d0  0000000000000000  d1  0000000000000000
I/DEBUG   (   80):  d2  0000000000000000  d3  0000000000000000
I/DEBUG   (   80):  d4  0000000000000000  d5  0000000000000000
I/DEBUG   (   80):  d6  0000000000000000  d7  0000000000000000
I/DEBUG   (   80):  d8  0000000000000000  d9  0000000000000000
I/DEBUG   (   80):  d10 0000000000000000  d11 0000000000000000
I/DEBUG   (   80):  d12 0000000000000000  d13 0000000000000000
I/DEBUG   (   80):  d14 0000000000000000  d15 0000000000000000
I/DEBUG   (   80):  scr 00000000
I/DEBUG   (   80): 
I/DEBUG   (   80):          #00  pc 000086b0  /system/xbin/invoke-as
I/DEBUG   (   80):          #01  pc 0001655a  /system/lib/libc.so (__libc_init)
I/DEBUG   (   80):          #02  pc 40004eb4  /system/bin/linker
I/DEBUG   (   80): 
I/DEBUG   (   80): code around pc:
I/DEBUG   (   80): 00008690 eaffffd0 ea00007b 00009000 00009008  ....{...........
I/DEBUG   (   80): 000086a0 00009010 00009018 e1a00000 e1a00000  ................
I/DEBUG   (   80): 000086b0 4ff8e92d 46894682 ef94f7ff 447c4c62  -..O.F.F....bL|D
I/DEBUG   (   80): 000086c0 bf181e03 f5b02301 bf0c7f7a f0032300  .....#..z....#..
I/DEBUG   (   80): 000086d0 b1bb0301 31e9f240 d0134288 485c4a5b  ....@..1.B..[J\H
I/DEBUG   (   80): 
I/DEBUG   (   80): code around lr:
I/DEBUG   (   80): 4003753c 1c681c17 19a60086 d0052900 22004b05  ..h......)...K."
I/DEBUG   (   80): 4003754c 6818447b f874f008 1c321c21 47b81c28  {D.h..t.!.2.(..G
I/DEBUG   (   80): 4003755c f9f2f008 0002cf4c 4805b510 68032200  ....L......H.".h
I/DEBUG   (   80): 4003756c 60da68d8 fe76f010 fd12f7ff 46c0bd10  .h.`..v........F
I/DEBUG   (   80): 4003757c ffff0ff0 e24dd008 e2102003 f5d0f000  ......M.. ......
I/DEBUG   (   80): 
I/DEBUG   (   80): memory map around addr 000086b0:
I/DEBUG   (   80): (no map below)
I/DEBUG   (   80): 00008000-00009000 /system/xbin/invoke-as
I/DEBUG   (   80): 00009000-0000a000 /system/xbin/invoke-as
I/DEBUG   (   80): 
I/DEBUG   (   80): stack:
I/DEBUG   (   80):     be802ba8  4006455c  /system/lib/libc.so
I/DEBUG   (   80):     be802bac  00001000  
I/DEBUG   (   80):     be802bb0  40071000  
I/DEBUG   (   80):     be802bb4  40048229  /system/lib/libc.so
I/DEBUG   (   80):     be802bb8  ffffffff  
I/DEBUG   (   80):     be802bbc  00000000  
I/DEBUG   (   80):     be802bc0  40014b14  /system/bin/linker
I/DEBUG   (   80):     be802bc4  40048229  /system/lib/libc.so
I/DEBUG   (   80):     be802bc8  00009010  /system/xbin/invoke-as
I/DEBUG   (   80):     be802bcc  00000000  
I/DEBUG   (   80):     be802bd0  00000000  
I/DEBUG   (   80):     be802bd4  be802c04  [stack]
I/DEBUG   (   80):     be802bd8  00000003  
I/DEBUG   (   80):     be802bdc  be802c14  [stack]
I/DEBUG   (   80):     be802be0  df0027ad  
I/DEBUG   (   80):     be802be4  00000000  
I/DEBUG   (   80): #01 be802be8  00008698  /system/xbin/invoke-as
I/DEBUG   (   80):     be802bec  00000000  
I/DEBUG   (   80):     be802bf0  00000000  
I/DEBUG   (   80):     be802bf4  00000000  
I/DEBUG   (   80):     be802bf8  00000000  
I/DEBUG   (   80):     be802bfc  40004eb9  /system/bin/linker
I/BootReceiver(  146): Copying /data/tombstones/tombstone_03 to DropBox (SYSTEM_TOMBSTONE)
I/ActivityManager(  146): Config changed: {1.0 0mcc0mnc en_US layoutdir=0 sw320dp w320dp h455dp nrml port finger -keyb/v/h -nav/h s.4 themeChanged=1 themeChangedFlags=268455961}
W/PhoneApp(  281): updateProximitySensorMode: lock already released.
D/memalloc(  934): /dev/pmem: Unmapping buffer base:0x50db8000 size:696320 offset:491520
D/memalloc(  934): /dev/pmem: Unmapping buffer base:0x50fec000 size:901120 offset:696320
D/memalloc(  934): /dev/pmem: Unmapping buffer base:0x5138c000 size:1105920 offset:901120
D/memalloc(   82): /dev/pmem: Freeing buffer base:0x415ca000 size:204800 offset:696320 fd:31
D/memalloc(   82): /dev/pmem: Freeing buffer base:0x415fc000 size:204800 offset:901120 fd:38
D/memalloc(   82): /dev/pmem: Freeing buffer base:0x41598000 size:204800 offset:491520 fd:11
D/OpenGLRenderer(  934): Flushing caches (mode 0)
I/ResourceOperation(  934): OperationHandler.onActivityOnDestroyEvent()
D/memalloc(  934): /dev/pmem: Unmapping buffer base:0x51d48000 size:1720320 offset:1105920
D/memalloc(  934): /dev/pmem: Unmapping buffer base:0x51eec000 size:5488640 offset:4874240
D/memalloc(  934): /dev/pmem: Unmapping buffer base:0x52428000 size:6103040 offset:5488640
D/memalloc(   82): /dev/pmem: Freeing buffer base:0x4162e000 size:614400 offset:1105920 fd:53
D/memalloc(   82): /dev/pmem: Freeing buffer base:0x419c6000 size:614400 offset:4874240 fd:56
D/memalloc(   82): /dev/pmem: Freeing buffer base:0x41a5c000 size:614400 offset:5488640 fd:32
D/memalloc(  218): /dev/pmem: Unmapping buffer base:0x50c14000 size:4382720 offset:4341760
D/memalloc(   82): /dev/pmem: Freeing buffer base:0x41944000 size:40960 offset:4341760 fd:47
D/memalloc(  218): /dev/pmem: Unmapping buffer base:0x507f0000 size:4341760 offset:4300800
D/memalloc(   82): /dev/pmem: Freeing buffer base:0x4193a000 size:40960 offset:4300800 fd:44
D/memalloc(  218): /dev/pmem: Unmapping buffer base:0x51044000 size:4874240 offset:4382720
D/memalloc(   82): /dev/pmem: Freeing buffer base:0x4194e000 size:491520 offset:4382720 fd:50
D/memalloc(  218): /dev/pmem: Unmapping buffer base:0x51500000 size:491520 offset:0
D/memalloc(   82): /dev/pmem: Freeing buffer base:0x41520000 size:491520 offset:0 fd:26
I/ResourceOperation(  934): 
I/ResourceOperation(  934): inLocalPage: true
I/ResourceOperation(  934): localPath: /system/media/theme/default.mtz
I/ResourceOperation(  934): downloadUrl: null
I/ResourceOperation(  934): downloadSavePath: /system/media/theme/default.mtz
I/ResourceOperation(  934): title: 默认
I/ResourceOperation(  934): uiVersion: 0
I/ResourceOperation(  934): hasUpdate: false
I/ResourceOperation(  934): allowDelete: false
I/ResourceOperation(  934): isPicker: false
I/dalvikvm(  934): Jit: resizing JitTable from 512 to 1024
D/dalvikvm(  934): GC_CONCURRENT freed 23253K, 72% free 9491K/32839K, paused 5ms+25ms
D/dalvikvm(  218): GC_CONCURRENT freed 4656K, 43% free 9142K/15879K, paused 5ms+9ms
D/dalvikvm(  934): GC_CONCURRENT freed 178K, 67% free 11074K/32839K, paused 5ms+10ms
D/dalvikvm(  934): GC_FOR_ALLOC freed 85K, 62% free 12660K/32839K, paused 49ms
V/PhoneStatusBar(  218): setLightsOn(true)
I/StatusBarManagerService(  146): registerStatusBar bar=com.android.internal.statusbar.IStatusBar$Stub$Proxy@414ad748
D/PhoneStatusBar(  218): disable: < expand icons alerts ticker system_info back home recent clock >
D/memalloc(   82): /dev/pmem: Allocated buffer base:0x41520000 size:40960 offset:0 fd:11
D/memalloc(  218): /dev/pmem: Mapped buffer base:0x506b0000 size:40960 offset:0 fd:52
D/memalloc(   82): /dev/pmem: Allocated buffer base:0x41520000 size:491520 offset:40960 fd:28
D/memalloc(  218): /dev/pmem: Mapped buffer base:0x506bc000 size:532480 offset:40960 fd:72
D/dalvikvm(  934): GC_FOR_ALLOC freed 67K, 57% free 14265K/32839K, paused 132ms
D/dalvikvm(  934): GC_FOR_ALLOC freed 66K, 52% free 15869K/32839K, paused 50ms
D/dalvikvm(  934): GC_FOR_ALLOC freed 66K, 47% free 17473K/32839K, paused 55ms
D/memalloc(   82): /dev/pmem: Allocated buffer base:0x41520000 size:40960 offset:532480 fd:31
D/memalloc(  218): /dev/pmem: Mapped buffer base:0x50740000 size:573440 offset:532480 fd:75
D/dalvikvm(  934): GC_FOR_ALLOC freed 66K, 42% free 19078K/32839K, paused 49ms
D/dalvikvm(  934): GC_FOR_ALLOC freed 133K, 33% free 22287K/32839K, paused 56ms
D/dalvikvm(  934): GC_FOR_ALLOC freed 133K, 23% free 25496K/32839K, paused 57ms
D/memalloc(   82): /dev/pmem: Allocated buffer base:0x41520000 size:614400 offset:573440 fd:34
D/memalloc(  934): /dev/pmem: Mapped buffer base:0x515a8000 size:1187840 offset:573440 fd:59
D/memalloc(   82): /dev/pmem: Allocated buffer base:0x41520000 size:614400 offset:2949120 fd:38
D/memalloc(  934): /dev/pmem: Mapped buffer base:0x51864000 size:3563520 offset:2949120 fd:52
D/memalloc(   82): /dev/pmem: Allocated buffer base:0x41520000 size:614400 offset:3563520 fd:44
D/memalloc(  934): /dev/pmem: Mapped buffer base:0x51c40000 size:4177920 offset:3563520 fd:62
D/dalvikvm(  146): GC_EXPLICIT freed 1071K, 49% free 10749K/20807K, paused 14ms+15ms
W/HapticFeedbackUtil(  146): vibrate: null or empty pattern
I/ActivityManager(  146): START {act=android.intent.action.MAIN cat=[android.intent.category.HOME] flg=0x10200000 cmp=com.miui.home/.launcher.Launcher} from pid 146
D/OpenGLRenderer(  934): Flushing caches (mode 1)
