--------- beginning of /dev/log/main
I/cm      (   79): Welcome to Android 4.0.4 / CyanogenMod-9.0.0-RC0-marvel-UNOFFICIAL 
I/cm      (   80):                                                 _  
I/cm      (   81):  __ __ _ ___  _ _  __  ___  __ _ _  _  _  __  __)) 
I/cm      (   82): ((_ \(/'((_( ((\( ((_)((_( (('((\( ((`1( ((_)((_(  
I/cm      (   83):      ))                 _)) 
I/cm      (   84):   
I/DEBUG   (   89): debuggerd: Jun  1 2012 20:39:36
D/AK8975  (   98): AK8975 daemon 1.1.0 Start
D/AK8975  (   98): (Library version : 1.2.1.1125)
--------- beginning of /dev/log/system
I/Vold    (   87): Vold 2.1 (the revenge) firing up
D/Vold    (   87): Volume sdcard state changing -1 (Initializing) -> 0 (No-Media)
I/Netd    (   88): Netd 1.0 starting
D/Vold    (   87): Volume sdcard state changing 0 (No-Media) -> 2 (Pending)
D/DirectVolume(   87): DirectVolume::handlePartitionAdded -> MAJOR 179, MINOR 1, PARTN 1
D/Vold    (   87): Volume sdcard state changing 2 (Pending) -> 1 (Idle-Unmounted)
I/        (   93): ServiceManager: 0x18910
D/AndroidRuntime(   92): 
D/AndroidRuntime(   92): >>>>>> AndroidRuntime START com.android.internal.os.ZygoteInit <<<<<<
D/AndroidRuntime(   92): CheckJNI is OFF
I/SurfaceFlinger(   91): SurfaceFlinger is starting
I/SurfaceFlinger(   91): SurfaceFlinger's main thread ready to run. Initializing graphics H/W...
E/msm7x27.gralloc(   91): We support 3 buffers
I/msm7x27.gralloc(   91): using (fd=12)
I/msm7x27.gralloc(   91): id           = msmfb
I/msm7x27.gralloc(   91): xres         = 320 px
I/msm7x27.gralloc(   91): yres         = 480 px
I/msm7x27.gralloc(   91): xres_virtual = 320 px
I/msm7x27.gralloc(   91): yres_virtual = 1440 px
I/msm7x27.gralloc(   91): bpp          = 32
I/msm7x27.gralloc(   91): r            =  0:8
I/msm7x27.gralloc(   91): g            =  8:8
I/msm7x27.gralloc(   91): b            = 16:8
I/msm7x27.gralloc(   91): width        = 51 mm (159.372543 dpi)
I/msm7x27.gralloc(   91): height       = 76 mm (160.421051 dpi)
I/msm7x27.gralloc(   91): refresh rate = 0.00 Hz
D/CALCFPS (   91): DEBUG_CALC_FPS: 0
D/CALCFPS (   91): period: 10
D/CALCFPS (   91): ignorethresh_us: 500000
D/CALCFPS (   91): DEBUG_CALC_FPS: 0
D/CALCFPS (   91): period: 10
D/CALCFPS (   91): ignorethresh_us: 500000
D/FramebufferNativeWindow(   91): mNumBuffers = 3
D/libEGL  (   91): loaded /system/lib/egl/libGLES_android.so
D/libEGL  (   91): loaded /system/lib/egl/libEGL_adreno200.so
D/libEGL  (   91): loaded /system/lib/egl/libGLESv1_CM_adreno200.so
D/libEGL  (   91): loaded /system/lib/egl/libGLESv2_adreno200.so
I/SurfaceFlinger(   91): EGL informations:
I/SurfaceFlinger(   91): # of configs : 44
I/SurfaceFlinger(   91): vendor    : Android
I/SurfaceFlinger(   91): version   : 1.4 Android META-EGL
I/SurfaceFlinger(   91): extensions: EGL_KHR_image EGL_KHR_image_base EGL_KHR_image_base EGL_KHR_fence_sync EGL_ANDROID_image_native_buffer EGL_ANDROID_image_native_buffer EGL_ANDROID_get_render_buffer 
I/SurfaceFlinger(   91): Client API: OpenGL ES
I/SurfaceFlinger(   91): EGLSurface: 8-8-8-8, config=0x3
I/SurfaceFlinger(   91): OpenGL informations:
I/SurfaceFlinger(   91): vendor    : Qualcomm
I/SurfaceFlinger(   91): renderer  : Adreno (TM) 200
I/SurfaceFlinger(   91): version   : OpenGL ES-CM 1.1
I/SurfaceFlinger(   91): extensions: GL_AMD_compressed_ATC_texture GL_AMD_performance_monitor GL_APPLE_texture_2D_limited_npot GL_ARB_vertex_buffer_object GL_EXT_texture_filter_anisotropic GL_EXT_texture_format_BGRA8888 GL_EXT_texture_type_2_10_10_10_REV GL_OES_blend_equation_separate GL_OES_blend_func_separate GL_OES_blend_subtract GL_OES_compressed_ETC1_RGB8_texture GL_OES_compressed_paletted_texture GL_OES_depth_texture GL_OES_depth24 GL_OES_draw_texture GL_OES_EGL_image GL_OES_EGL_image_external GL_OES_framebuffer_object GL_OES_matrix_palette GL_OES_packed_depth_stencil GL_OES_point_size_array GL_OES_point_sprite GL_OES_read_format GL_OES_rgb8_rgba8 GL_OES_stencil_wrap GL_OES_texture_cube_map GL_OES_texture_env_crossbar GL_OES_texture_float GL_OES_texture_half_float GL_OES_texture_half_float_linear GL_OES_texture_npot GL_OES_texture_mirrored_repeat GL_QCOM_binning_control GL_QCOM_extended_get GL_QCOM_tiled_rendering GL_AMD_compressed_3DC_texture 
I/SurfaceFlinger(   91): GL_MAX_TEXTURE_SIZE = 4096
I/SurfaceFlinger(   91): GL_MAX_VIEWPORT_DIMS = 4096 x 4096
I/SurfaceFlinger(   91): flags = 00000000
D/CALCFPS (   91): DEBUG_CALC_FPS: 0
D/CALCFPS (   91): period: 10
D/CALCFPS (   91): ignorethresh_us: 500000
I/        (   94): ServiceManager: 0xf958
I/HTC Acoustic(   94): libhtc_acoustic.so version 2.0.0.6.
I/HTC Acoustic(   94): deonvvv gingerbread test.
I/HTC Acoustic(   94): open /system/etc/AudioPara4_WB.csv success.
I/HTC Acoustic(   94): acoustic table version: MAL_WB_20110217
I/HTC Acoustic(   94): read_audio_para_from_file success.
E/HTC Acoustic(   94): Fail to open /system/etc/AudioPara_ALL.csv -1.
I/HTC Acoustic(   94): open /system/etc/AudioPara4.csv success.
I/HTC Acoustic(   94): acoustic table version: MAL_Gerenic_20110509
I/HTC Acoustic(   94): read_audio_para_from_file success.
I/HTC Acoustic(   94): get_audpp_filter
I/HTC Acoustic(   94): open /system/etc/AudioFilter.csv success.
I/HTC Acoustic(   94): MBADRC Filter MBADRC FLAG = ffff.
E/HTC Acoustic(   94): set mbadrc filter error.
I/HTC Acoustic(   94): failed to set audpp parameters, exiting.
I/HTC Acoustic(   94): get_audpre_filter
I/HTC Acoustic(   94): open /system/etc/AudioPreProcess.csv success.
D/AudioHardwareMSM72XX(   94): mNumSndEndpoints = 151
V/AudioHardwareMSM72XX(   94): constructed 151 SND endpoints)
D/AudioHardwareMSM72XX(   94): BT MATCH HANDSET
D/AudioHardwareMSM72XX(   94): BT MATCH SPEAKER
D/AudioHardwareMSM72XX(   94): BT MATCH HEADSET
D/AudioHardwareMSM72XX(   94): BT MATCH BT
D/AudioHardwareMSM72XX(   94): BT MATCH CARKIT
D/AudioHardwareMSM72XX(   94): BT MATCH TTY_FULL
D/AudioHardwareMSM72XX(   94): BT MATCH TTY_VCO
D/AudioHardwareMSM72XX(   94): BT MATCH TTY_HCO
D/AudioHardwareMSM72XX(   94): BT MATCH NO_MIC_HEADSET
D/AudioHardwareMSM72XX(   94): BT MATCH FM_HEADSET
D/AudioHardwareMSM72XX(   94): BT MATCH HEADSET_AND_SPEAKER
D/AudioHardwareMSM72XX(   94): BT MATCH FM_SPEAKER
D/AudioHardwareMSM72XX(   94): BT MATCH BT_EC_OFF
D/AudioHardwareMSM72XX(   94): BT MATCH BT_EC_OFF
D/AudioHardwareMSM72XX(   94): BT MATCH CURRENT
I/AudioFlinger(   94): Loaded primary audio interface from LEGACY Audio HW HAL (audio)
I/AudioFlinger(   94): Using 'LEGACY Audio HW HAL' (audio.primary) as the primary audio interface
I/AudioFlinger(   94): Loaded a2dp audio interface from A2DP Audio HW HAL (audio)
D/AudioHardwareInterface(   94): setMode(NORMAL)
I/AudioHardwareMSM72XX(   94): Set master volume to 5.
I/CameraService(   94): CameraService started (pid=94)
D/libEGL  (  142): loaded /system/lib/egl/libGLES_android.so
D/libEGL  (  142): loaded /system/lib/egl/libEGL_adreno200.so
D/libEGL  (  142): loaded /system/lib/egl/libGLESv1_CM_adreno200.so
D/libEGL  (  142): loaded /system/lib/egl/libGLESv2_adreno200.so
D/memalloc(   91): init_pmem_area: Initializing pmem area
D/memalloc(   91): init_pmem_area_locked: Opening master pmem FD
D/memalloc(   91): init_pmem_area_locked: Total pmem size: 16777216
I/AudioFlinger(   94): AudioFlinger's thread 0x16fd8 ready to run
D/memalloc(   91): /dev/pmem: Allocated buffer base:0x41500000 size:614400 offset:0 fd:26
D/memalloc(  142): /dev/pmem: Mapped buffer base:0x408f4000 size:614400 offset:0 fd:16
W/AudioFlinger(   94): Thread AudioOut_1 cannot connect to the power manager service
V/AudioHardwareMSM72XX(   94): AudioStreamOutMSM72xx::setParameters() routing=2
V/AudioHardwareMSM72XX(   94): set output routing 2
I/AudioHardwareMSM72XX(   94): Routing audio to Speakerphone
V/AudioHardwareMSM72XX(   94): doAudioRouteOrMute() device 1, mMode 0, mMicMute 1
D/AudioHardwareMSM72XX(   94): setVoiceVolume(1.000000)
I/AudioHardwareMSM72XX(   94): Setting in-call volume to 5 (available range is 0 to 5)
I/AudioPolicyService(   94): Loaded audio policy from LEGACY Audio Policy HAL (audio_policy)
D/memalloc(   91): /dev/pmem: Allocated buffer base:0x41500000 size:614400 offset:614400 fd:29
D/memalloc(  142): /dev/pmem: Mapped buffer base:0x40ef8000 size:1228800 offset:614400 fd:20
D/memalloc(   91): /dev/pmem: Allocated buffer base:0x41500000 size:614400 offset:1228800 fd:32
D/memalloc(  142): /dev/pmem: Mapped buffer base:0x411e0000 size:1843200 offset:1228800 fd:23
D/dalvikvm(   92): DexOpt: --- BEGIN 'core.jar' (bootstrap=1) ---
D/dalvikvm(  155): Ignoring duplicate verify attempt on Ljava/lang/Object;
D/dalvikvm(  155): Ignoring duplicate verify attempt on Ljava/lang/Class;
D/dalvikvm(  155): Ignoring duplicate verify attempt on Ljava/lang/ref/Reference;
D/dalvikvm(  155): Ignoring duplicate verify attempt on Ljava/lang/ref/ReferenceQueue;
D/dalvikvm(  155): Ignoring duplicate verify attempt on Ljava/lang/ref/FinalizerReference;
D/dalvikvm(  155): DexOpt: load 451ms, verify+opt 5260ms
D/dalvikvm(   92): DexOpt: --- END 'core.jar' (success) ---
D/dalvikvm(   92): DEX prep '/system/framework/core.jar': unzip in 1498ms, rewrite 7181ms
D/dalvikvm(   92): DexOpt: --- BEGIN 'core-junit.jar' (bootstrap=1) ---
D/dalvikvm(  156): DexOpt: load 45ms, verify+opt 58ms
D/dalvikvm(   92): DexOpt: --- END 'core-junit.jar' (success) ---
D/dalvikvm(   92): DEX prep '/system/framework/core-junit.jar': unzip in 6ms, rewrite 208ms
D/dalvikvm(   92): DexOpt: --- BEGIN 'bouncycastle.jar' (bootstrap=1) ---
D/dalvikvm(  157): DexOpt: load 133ms, verify+opt 1764ms
D/dalvikvm(   92): DexOpt: --- END 'bouncycastle.jar' (success) ---
D/dalvikvm(   92): DEX prep '/system/framework/bouncycastle.jar': unzip in 300ms, rewrite 2497ms
D/dalvikvm(   92): DexOpt: --- BEGIN 'ext.jar' (bootstrap=1) ---
D/dalvikvm(  158): DexOpt: load 221ms, verify+opt 2879ms
D/dalvikvm(   92): DexOpt: --- END 'ext.jar' (success) ---
D/dalvikvm(   92): DEX prep '/system/framework/ext.jar': unzip in 504ms, rewrite 3888ms
D/dalvikvm(   92): DexOpt: --- BEGIN 'framework.jar' (bootstrap=1) ---
D/dalvikvm(  159): Note: class Landroid/opengl/GLWrapperBase; has 250 unimplemented (abstract) methods
D/dalvikvm(  159): DexOpt: load 1182ms, verify+opt 10434ms
D/dalvikvm(   92): DexOpt: --- END 'framework.jar' (success) ---
D/dalvikvm(   92): DEX prep '/system/framework/framework.jar': unzip in 3264ms, rewrite 14192ms
D/dalvikvm(   92): DexOpt: --- BEGIN 'android.policy.jar' (bootstrap=1) ---
D/dalvikvm(  161): DexOpt: load 117ms, verify+opt 759ms
D/dalvikvm(   92): DexOpt: --- END 'android.policy.jar' (success) ---
D/dalvikvm(   92): DEX prep '/system/framework/android.policy.jar': unzip in 137ms, rewrite 1149ms
D/dalvikvm(   92): DexOpt: --- BEGIN 'services.jar' (bootstrap=1) ---
D/dalvikvm(  162): DexOpt: load 131ms, verify+opt 2960ms
D/dalvikvm(   92): DexOpt: --- END 'services.jar' (success) ---
D/dalvikvm(   92): DEX prep '/system/framework/services.jar': unzip in 500ms, rewrite 3609ms
D/dalvikvm(   92): DexOpt: --- BEGIN 'apache-xml.jar' (bootstrap=1) ---
D/dalvikvm(  163): DexOpt: load 146ms, verify+opt 1227ms
D/dalvikvm(   92): DexOpt: --- END 'apache-xml.jar' (success) ---
D/dalvikvm(   92): DEX prep '/system/framework/apache-xml.jar': unzip in 326ms, rewrite 1818ms
D/dalvikvm(   92): DexOpt: --- BEGIN 'filterfw.jar' (bootstrap=1) ---
D/dalvikvm(  164): DexOpt: load 39ms, verify+opt 283ms
D/dalvikvm(   92): DexOpt: --- END 'filterfw.jar' (success) ---
D/dalvikvm(   92): DEX prep '/system/framework/filterfw.jar': unzip in 64ms, rewrite 505ms
W/dalvikvm(   92): Exception Ljava/lang/NoSuchMethodError; thrown while initializing Ljava/lang/NoSuchFieldError;
E/dalvikvm(   92): ERROR: unable to initialize exception class 'Ljava/lang/NoSuchFieldError;'
W/dalvikvm(   92): Exception thrown (Ljava/lang/ExceptionInInitializerError;) while throwing internal exception (Ljava/lang/InternalError;)
I/dalvikvm(   92): Rejecting re-init on previously-failed class Ljava/lang/NoSuchFieldError; v=0x0
W/dalvikvm(   92): Exception thrown (Ljava/lang/ExceptionInInitializerError;) while throwing internal exception (Ljava/lang/NoClassDefFoundError;)
E/dalvikvm(   92): ERROR: unable to initialize exception class 'Ljava/lang/NoSuchFieldError;'
W/dalvikvm(   92): Exception thrown (Ljava/lang/ExceptionInInitializerError;) while throwing internal exception (Ljava/lang/InternalError;)
I/dalvikvm(   92): Rejecting re-init on previously-failed class Ljava/lang/NoSuchFieldError; v=0x0
W/dalvikvm(   92): Exception thrown (Ljava/lang/ExceptionInInitializerError;) while throwing internal exception (Ljava/lang/NoClassDefFoundError;)
E/dalvikvm(   92): ERROR: unable to initialize exception class 'Ljava/lang/NoSuchFieldError;'
W/dalvikvm(   92): Exception thrown (Ljava/lang/ExceptionInInitializerError;) while throwing internal exception (Ljava/lang/InternalError;)
I/dalvikvm(   92): Rejecting re-init on previously-failed class Ljava/lang/NoSuchFieldError; v=0x0
W/dalvikvm(   92): Exception thrown (Ljava/lang/ExceptionInInitializerError;) while throwing internal exception (Ljava/lang/NoClassDefFoundError;)
E/dalvikvm(   92): ERROR: unable to initialize exception class 'Ljava/lang/NoSuchFieldError;'
W/dalvikvm(   92): Exception thrown (Ljava/lang/ExceptionInInitializerError;) while throwing internal exception (Ljava/lang/InternalError;)
I/dalvikvm(   92): Rejecting re-init on previously-failed class Ljava/lang/NoSuchFieldError; v=0x0
W/dalvikvm(   92): Exception thrown (Ljava/lang/ExceptionInInitializerError;) while throwing internal exception (Ljava/lang/NoClassDefFoundError;)
E/dalvikvm(   92): ERROR: unable to initialize exception class 'Ljava/lang/NoSuchFieldError;'
W/dalvikvm(   92): Exception thrown (Ljava/lang/ExceptionInInitializerError;) while throwing internal exception (Ljava/lang/InternalError;)
I/dalvikvm(   92): Rejecting re-init on previously-failed class Ljava/lang/NoSuchFieldError; v=0x0
W/dalvikvm(   92): Exception thrown (Ljava/lang/ExceptionInInitializerError;) while throwing internal exception (Ljava/lang/NoClassDefFoundError;)
E/dalvikvm(   92): ERROR: unable to initialize exception class 'Ljava/lang/NoSuchFieldError;'
W/dalvikvm(   92): Exception thrown (Ljava/lang/ExceptionInInitializerError;) while throwing internal exception (Ljava/lang/InternalError;)
E/dalvikvm(   92): ERROR: couldn't find native method
E/dalvikvm(   92): Requested: Landroid/server/BluetoothA2dpService;.sendMetaDataNative:(Ljava/lang/String;)Z
E/JNIHelp (   92): RegisterNatives failed for 'android/server/BluetoothA2dpService', aborting
F/libc    (   92): Fatal signal 11 (SIGSEGV) at 0xdeadbaad (code=1)
I/DEBUG   (   89): *** *** *** *** *** *** *** *** *** *** *** *** *** *** *** ***
I/DEBUG   (   89): Build fingerprint: 'cyanogenmod/htc_marvel/marvel:4.0.4/ASN01/0.1:user/release-keys'
I/DEBUG   (   89): pid: 92, tid: 92  >>> zygote <<<
I/DEBUG   (   89): signal 11 (SIGSEGV), code 1 (SEGV_MAPERR), fault addr deadbaad
I/DEBUG   (   89):  r0 deadbaad  r1 0000000c  r2 00000027  r3 a0000000
I/DEBUG   (   89):  r4 00000000  r5 00000080  r6 401c6697  r7 beb3aa70
I/DEBUG   (   89):  r8 00000000  r9 00000000  10 00000000  fp 00000000
I/DEBUG   (   89):  ip ffffffff  sp beb3aa38  lr 4003ff0f  pc 4003c6c6  cpsr 00000030
I/DEBUG   (   89):  d0  3f4000003f400000  d1  0000000000000000
I/DEBUG   (   89):  d2  0000000000000000  d3  0000000000000000
I/DEBUG   (   89):  d4  0000000000000000  d5  0000000000000000
I/DEBUG   (   89):  d6  0000000000000000  d7  000000003f800000
I/DEBUG   (   89):  d8  0000000000000000  d9  0000000000000000
I/DEBUG   (   89):  d10 0000000000000000  d11 0000000000000000
I/DEBUG   (   89):  d12 0000000000000000  d13 0000000000000000
I/DEBUG   (   89):  d14 0000000000000000  d15 0000000000000000
I/DEBUG   (   89):  scr 60000000
I/DEBUG   (   89): 
I/DEBUG   (   89):          #00  pc 000176c6  /system/lib/libc.so
I/DEBUG   (   89):          #01  pc 0000c658  /system/lib/libnativehelper.so (jniRegisterNativeMethods)
I/DEBUG   (   89): 
I/DEBUG   (   89): code around pc:
I/DEBUG   (   89): 4003c6a4 1c2bd00c 2d00682d e027d1fb 2a0068da  ..+.-h.-..'..h.*
I/DEBUG   (   89): 4003c6b4 4b16d004 447b2001 47906018 22274814  ...K. {D.`.G.H'"
I/DEBUG   (   89): 4003c6c4 70022580 ef74f7f4 f7f62106 aa01e812  .%.p..t..!......
I/DEBUG   (   89): 4003c6d4 05692400 60546091 20061c11 f7f59401  .$i..`T`... ....
I/DEBUG   (   89): 4003c6e4 a905ebce 20022200 ebd6f7f5 ef60f7f4  .....". ......`.
I/DEBUG   (   89): 
I/DEBUG   (   89): code around lr:
I/DEBUG   (   89): 4003feec 4b0db5f0 447bb083 681c2600 68a59001  ...K..{D.&.h...h
I/DEBUG   (   89): 4003fefc e0086867 5ea8220c dd032800 99011c28  gh...".^.(..(...
I/DEBUG   (   89): 4003ff0c 43064788 3f013554 6824d5f4 d1ee2c00  .G.CT5.?..$h.,..
I/DEBUG   (   89): 4003ff1c 1c30b003 46c0bdf0 000285f2 1c0fb5f0  ..0....F........
I/DEBUG   (   89): 4003ff2c b0891c3d a9064355 604d9103 90064914  =...UC....M`.I..
I/DEBUG   (   89): 
I/DEBUG   (   89): memory map around addr deadbaad:
I/DEBUG   (   89): beb1a000-beb3b000 [stack]
I/DEBUG   (   89): (no map for address)
I/DEBUG   (   89): (no map above)
I/DEBUG   (   89): 
I/DEBUG   (   89): stack:
I/DEBUG   (   89):     beb3a9f8  00000001  
I/DEBUG   (   89):     beb3a9fc  fb3eefcc  
I/DEBUG   (   89):     beb3aa00  40068720  /system/lib/libc.so
I/DEBUG   (   89):     beb3aa04  400686b0  /system/lib/libc.so
I/DEBUG   (   89):     beb3aa08  00000000  
I/DEBUG   (   89):     beb3aa0c  4003ff0f  /system/lib/libc.so
I/DEBUG   (   89):     beb3aa10  401bb494  /system/lib/libandroid_runtime.so
I/DEBUG   (   89):     beb3aa14  4003ec75  /system/lib/libc.so
I/DEBUG   (   89):     beb3aa18  ffffffff  
I/DEBUG   (   89):     beb3aa1c  00000000  
I/DEBUG   (   89):     beb3aa20  00000000  
I/DEBUG   (   89):     beb3aa24  401c6697  /system/lib/libandroid_runtime.so
I/DEBUG   (   89):     beb3aa28  beb3aa70  [stack]
I/DEBUG   (   89):     beb3aa2c  4003f08d  /system/lib/libc.so
I/DEBUG   (   89):     beb3aa30  df0027ad  
I/DEBUG   (   89):     beb3aa34  00000000  
I/DEBUG   (   89): #00 beb3aa38  00000009  
I/DEBUG   (   89):     beb3aa3c  00000100  
I/DEBUG   (   89):     beb3aa40  401ae05d  /system/lib/libandroid_runtime.so
I/DEBUG   (   89):     beb3aa44  fb3eefcc  
I/DEBUG   (   89):     beb3aa48  401c6766  /system/lib/libandroid_runtime.so
I/DEBUG   (   89):     beb3aa4c  fffffbdf  
I/DEBUG   (   89):     beb3aa50  0000f2c0  [heap]
I/DEBUG   (   89):     beb3aa54  40868ffd  /system/lib/libdvm.so
I/DEBUG   (   89):     beb3aa58  0000f2c0  [heap]
I/DEBUG   (   89):     beb3aa5c  401f865b  /system/lib/libnativehelper.so
I/DEBUG   (   89): #01 beb3aa60  40868ffd  /system/lib/libdvm.so
I/DEBUG   (   89):     beb3aa64  401f865b  /system/lib/libnativehelper.so
I/DEBUG   (   89):     beb3aa68  401d55dc  /system/lib/libandroid_runtime.so
I/DEBUG   (   89):     beb3aa6c  0000000c  
I/DEBUG   (   89):     beb3aa70  0000f2c0  [heap]
I/DEBUG   (   89):     beb3aa74  1d200185  
I/DEBUG   (   89):     beb3aa78  401d5594  /system/lib/libandroid_runtime.so
I/DEBUG   (   89):     beb3aa7c  401d61b8  
I/DEBUG   (   89):     beb3aa80  0000f2c0  [heap]
I/DEBUG   (   89):     beb3aa84  1d500181  
I/DEBUG   (   89):     beb3aa88  401c6697  /system/lib/libandroid_runtime.so
I/DEBUG   (   89):     beb3aa8c  40175877  /system/lib/libandroid_runtime.so
I/DEBUG   (   89):     beb3aa90  401d61b8  
I/DEBUG   (   89):     beb3aa94  401ae3ef  /system/lib/libandroid_runtime.so
I/DEBUG   (   89):     beb3aa98  00000000  
I/DEBUG   (   89):     beb3aa9c  401cc9b8  /system/lib/libandroid_runtime.so
I/DEBUG   (   89):     beb3aaa0  0000f2c0  [heap]
I/DEBUG   (   89):     beb3aaa4  401cca10  /system/lib/libandroid_runtime.so
I/ServiceManager(   86): service 'media.audio_flinger' died
I/ServiceManager(   86): service 'media.player' died
I/ServiceManager(   86): service 'media.camera' died
I/ServiceManager(   86): service 'media.audio_policy' died
I/Netd    (  169): Netd 1.0 starting
D/AndroidRuntime(  168): 
D/AndroidRuntime(  168): >>>>>> AndroidRuntime START com.android.internal.os.ZygoteInit <<<<<<
D/AndroidRuntime(  168): CheckJNI is OFF
I/        (  170): ServiceManager: 0xf958
I/HTC Acoustic(  170): libhtc_acoustic.so version 2.0.0.6.
I/HTC Acoustic(  170): deonvvv gingerbread test.
I/HTC Acoustic(  170): open /system/etc/AudioPara4_WB.csv success.
I/HTC Acoustic(  170): acoustic table version: MAL_WB_20110217
I/HTC Acoustic(  170): read_audio_para_from_file success.
E/HTC Acoustic(  170): Fail to open /system/etc/AudioPara_ALL.csv -1.
I/HTC Acoustic(  170): open /system/etc/AudioPara4.csv success.
I/HTC Acoustic(  170): acoustic table version: MAL_Gerenic_20110509
I/HTC Acoustic(  170): read_audio_para_from_file success.
I/HTC Acoustic(  170): get_audpp_filter
I/HTC Acoustic(  170): open /system/etc/AudioFilter.csv success.
I/HTC Acoustic(  170): MBADRC Filter MBADRC FLAG = ffff.
E/HTC Acoustic(  170): set mbadrc filter error.
I/HTC Acoustic(  170): failed to set audpp parameters, exiting.
I/HTC Acoustic(  170): get_audpre_filter
I/HTC Acoustic(  170): open /system/etc/AudioPreProcess.csv success.
D/AudioHardwareMSM72XX(  170): mNumSndEndpoints = 151
V/AudioHardwareMSM72XX(  170): constructed 151 SND endpoints)
D/AudioHardwareMSM72XX(  170): BT MATCH HANDSET
D/AudioHardwareMSM72XX(  170): BT MATCH SPEAKER
D/AudioHardwareMSM72XX(  170): BT MATCH HEADSET
D/AudioHardwareMSM72XX(  170): BT MATCH BT
D/AudioHardwareMSM72XX(  170): BT MATCH CARKIT
D/AudioHardwareMSM72XX(  170): BT MATCH TTY_FULL
D/AudioHardwareMSM72XX(  170): BT MATCH TTY_VCO
D/AudioHardwareMSM72XX(  170): BT MATCH TTY_HCO
D/AudioHardwareMSM72XX(  170): BT MATCH NO_MIC_HEADSET
D/AudioHardwareMSM72XX(  170): BT MATCH FM_HEADSET
D/AudioHardwareMSM72XX(  170): BT MATCH HEADSET_AND_SPEAKER
D/AudioHardwareMSM72XX(  170): BT MATCH FM_SPEAKER
D/AudioHardwareMSM72XX(  170): BT MATCH BT_EC_OFF
D/AudioHardwareMSM72XX(  170): BT MATCH BT_EC_OFF
D/AudioHardwareMSM72XX(  170): BT MATCH CURRENT
I/AudioFlinger(  170): Loaded primary audio interface from LEGACY Audio HW HAL (audio)
I/AudioFlinger(  170): Using 'LEGACY Audio HW HAL' (audio.primary) as the primary audio interface
I/AudioFlinger(  170): Loaded a2dp audio interface from A2DP Audio HW HAL (audio)
D/AudioHardwareInterface(  170): setMode(NORMAL)
I/AudioHardwareMSM72XX(  170): Set master volume to 5.
I/CameraService(  170): CameraService started (pid=170)
I/AudioFlinger(  170): AudioFlinger's thread 0x16f90 ready to run
W/AudioFlinger(  170): Thread AudioOut_1 cannot connect to the power manager service
V/AudioHardwareMSM72XX(  170): AudioStreamOutMSM72xx::setParameters() routing=2
V/AudioHardwareMSM72XX(  170): set output routing 2
I/AudioHardwareMSM72XX(  170): Routing audio to Speakerphone
V/AudioHardwareMSM72XX(  170): doAudioRouteOrMute() device 1, mMode 0, mMicMute 1
D/AudioHardwareMSM72XX(  170): setVoiceVolume(1.000000)
I/AudioHardwareMSM72XX(  170): Setting in-call volume to 5 (available range is 0 to 5)
I/AudioPolicyService(  170): Loaded audio policy from LEGACY Audio Policy HAL (audio_policy)
W/dalvikvm(  168): Exception Ljava/lang/NoSuchMethodError; thrown while initializing Ljava/lang/NoSuchFieldError;
E/dalvikvm(  168): ERROR: unable to initialize exception class 'Ljava/lang/NoSuchFieldError;'
W/dalvikvm(  168): Exception thrown (Ljava/lang/ExceptionInInitializerError;) while throwing internal exception (Ljava/lang/InternalError;)
I/dalvikvm(  168): Rejecting re-init on previously-failed class Ljava/lang/NoSuchFieldError; v=0x0
W/dalvikvm(  168): Exception thrown (Ljava/lang/ExceptionInInitializerError;) while throwing internal exception (Ljava/lang/NoClassDefFoundError;)
E/dalvikvm(  168): ERROR: unable to initialize exception class 'Ljava/lang/NoSuchFieldError;'
W/dalvikvm(  168): Exception thrown (Ljava/lang/ExceptionInInitializerError;) while throwing internal exception (Ljava/lang/InternalError;)
I/dalvikvm(  168): Rejecting re-init on previously-failed class Ljava/lang/NoSuchFieldError; v=0x0
W/dalvikvm(  168): Exception thrown (Ljava/lang/ExceptionInInitializerError;) while throwing internal exception (Ljava/lang/NoClassDefFoundError;)
E/dalvikvm(  168): ERROR: unable to initialize exception class 'Ljava/lang/NoSuchFieldError;'
W/dalvikvm(  168): Exception thrown (Ljava/lang/ExceptionInInitializerError;) while throwing internal exception (Ljava/lang/InternalError;)
I/dalvikvm(  168): Rejecting re-init on previously-failed class Ljava/lang/NoSuchFieldError; v=0x0
W/dalvikvm(  168): Exception thrown (Ljava/lang/ExceptionInInitializerError;) while throwing internal exception (Ljava/lang/NoClassDefFoundError;)
E/dalvikvm(  168): ERROR: unable to initialize exception class 'Ljava/lang/NoSuchFieldError;'
W/dalvikvm(  168): Exception thrown (Ljava/lang/ExceptionInInitializerError;) while throwing internal exception (Ljava/lang/InternalError;)
I/dalvikvm(  168): Rejecting re-init on previously-failed class Ljava/lang/NoSuchFieldError; v=0x0
W/dalvikvm(  168): Exception thrown (Ljava/lang/ExceptionInInitializerError;) while throwing internal exception (Ljava/lang/NoClassDefFoundError;)
E/dalvikvm(  168): ERROR: unable to initialize exception class 'Ljava/lang/NoSuchFieldError;'
W/dalvikvm(  168): Exception thrown (Ljava/lang/ExceptionInInitializerError;) while throwing internal exception (Ljava/lang/InternalError;)
I/dalvikvm(  168): Rejecting re-init on previously-failed class Ljava/lang/NoSuchFieldError; v=0x0
W/dalvikvm(  168): Exception thrown (Ljava/lang/ExceptionInInitializerError;) while throwing internal exception (Ljava/lang/NoClassDefFoundError;)
E/dalvikvm(  168): ERROR: unable to initialize exception class 'Ljava/lang/NoSuchFieldError;'
W/dalvikvm(  168): Exception thrown (Ljava/lang/ExceptionInInitializerError;) while throwing internal exception (Ljava/lang/InternalError;)
E/dalvikvm(  168): ERROR: couldn't find native method
E/dalvikvm(  168): Requested: Landroid/server/BluetoothA2dpService;.sendMetaDataNative:(Ljava/lang/String;)Z
E/JNIHelp (  168): RegisterNatives failed for 'android/server/BluetoothA2dpService', aborting
F/libc    (  168): Fatal signal 11 (SIGSEGV) at 0xdeadbaad (code=1)
I/DEBUG   (   89): *** *** *** *** *** *** *** *** *** *** *** *** *** *** *** ***
I/DEBUG   (   89): Build fingerprint: 'cyanogenmod/htc_marvel/marvel:4.0.4/ASN01/0.1:user/release-keys'
I/DEBUG   (   89): pid: 168, tid: 168  >>> zygote <<<
I/DEBUG   (   89): signal 11 (SIGSEGV), code 1 (SEGV_MAPERR), fault addr deadbaad
I/DEBUG   (   89):  r0 deadbaad  r1 0000000c  r2 00000027  r3 a0000000
I/DEBUG   (   89):  r4 00000000  r5 00000080  r6 401c6697  r7 bee7da70
I/DEBUG   (   89):  r8 00000000  r9 00000000  10 00000000  fp 00000000
I/DEBUG   (   89):  ip ffffffff  sp bee7da38  lr 4003ff0f  pc 4003c6c6  cpsr 00000030
I/DEBUG   (   89):  d0  3f4000003f400000  d1  0000000000000000
I/DEBUG   (   89):  d2  0000000000000000  d3  0000000000000000
I/DEBUG   (   89):  d4  0000000000000000  d5  0000000000000000
I/DEBUG   (   89):  d6  0000000000000000  d7  000000003f800000
I/DEBUG   (   89):  d8  0000000000000000  d9  0000000000000000
I/DEBUG   (   89):  d10 0000000000000000  d11 0000000000000000
I/DEBUG   (   89):  d12 0000000000000000  d13 0000000000000000
I/DEBUG   (   89):  d14 0000000000000000  d15 0000000000000000
I/DEBUG   (   89):  scr 60000000
I/DEBUG   (   89): 
I/DEBUG   (   89):          #00  pc 000176c6  /system/lib/libc.so
I/DEBUG   (   89):          #01  pc 0000c658  /system/lib/libnativehelper.so (jniRegisterNativeMethods)
I/DEBUG   (   89): 
I/DEBUG   (   89): code around pc:
I/DEBUG   (   89): 4003c6a4 1c2bd00c 2d00682d e027d1fb 2a0068da  ..+.-h.-..'..h.*
I/DEBUG   (   89): 4003c6b4 4b16d004 447b2001 47906018 22274814  ...K. {D.`.G.H'"
I/DEBUG   (   89): 4003c6c4 70022580 ef74f7f4 f7f62106 aa01e812  .%.p..t..!......
I/DEBUG   (   89): 4003c6d4 05692400 60546091 20061c11 f7f59401  .$i..`T`... ....
I/DEBUG   (   89): 4003c6e4 a905ebce 20022200 ebd6f7f5 ef60f7f4  .....". ......`.
I/DEBUG   (   89): 
I/DEBUG   (   89): code around lr:
I/DEBUG   (   89): 4003feec 4b0db5f0 447bb083 681c2600 68a59001  ...K..{D.&.h...h
I/DEBUG   (   89): 4003fefc e0086867 5ea8220c dd032800 99011c28  gh...".^.(..(...
I/DEBUG   (   89): 4003ff0c 43064788 3f013554 6824d5f4 d1ee2c00  .G.CT5.?..$h.,..
I/DEBUG   (   89): 4003ff1c 1c30b003 46c0bdf0 000285f2 1c0fb5f0  ..0....F........
I/DEBUG   (   89): 4003ff2c b0891c3d a9064355 604d9103 90064914  =...UC....M`.I..
I/DEBUG   (   89): 
I/DEBUG   (   89): memory map around addr deadbaad:
I/DEBUG   (   89): bee5d000-bee7e000 [stack]
I/DEBUG   (   89): (no map for address)
I/DEBUG   (   89): (no map above)
I/DEBUG   (   89): 
I/DEBUG   (   89): stack:
I/DEBUG   (   89):     bee7d9f8  00000001  
I/DEBUG   (   89):     bee7d9fc  53bbbbf5  
I/DEBUG   (   89):     bee7da00  40068720  /system/lib/libc.so
I/DEBUG   (   89):     bee7da04  400686b0  /system/lib/libc.so
I/DEBUG   (   89):     bee7da08  00000000  
I/DEBUG   (   89):     bee7da0c  4003ff0f  /system/lib/libc.so
I/DEBUG   (   89):     bee7da10  401bb494  /system/lib/libandroid_runtime.so
I/DEBUG   (   89):     bee7da14  4003ec75  /system/lib/libc.so
I/DEBUG   (   89):     bee7da18  ffffffff  
I/DEBUG   (   89):     bee7da1c  00000000  
I/DEBUG   (   89):     bee7da20  00000000  
I/DEBUG   (   89):     bee7da24  401c6697  /system/lib/libandroid_runtime.so
I/DEBUG   (   89):     bee7da28  bee7da70  [stack]
I/DEBUG   (   89):     bee7da2c  4003f08d  /system/lib/libc.so
I/DEBUG   (   89):     bee7da30  df0027ad  
I/DEBUG   (   89):     bee7da34  00000000  
I/DEBUG   (   89): #00 bee7da38  00000009  
I/DEBUG   (   89):     bee7da3c  00000100  
I/DEBUG   (   89):     bee7da40  401ae05d  /system/lib/libandroid_runtime.so
I/DEBUG   (   89):     bee7da44  53bbbbf5  
I/DEBUG   (   89):     bee7da48  401c6766  /system/lib/libandroid_runtime.so
I/DEBUG   (   89):     bee7da4c  fffffbdf  
I/DEBUG   (   89):     bee7da50  0000f2c0  [heap]
I/DEBUG   (   89):     bee7da54  40868ffd  /system/lib/libdvm.so
I/DEBUG   (   89):     bee7da58  0000f2c0  [heap]
I/DEBUG   (   89):     bee7da5c  401f865b  /system/lib/libnativehelper.so
I/DEBUG   (   89): #01 bee7da60  40868ffd  /system/lib/libdvm.so
I/DEBUG   (   89):     bee7da64  401f865b  /system/lib/libnativehelper.so
I/DEBUG   (   89):     bee7da68  401d55dc  /system/lib/libandroid_runtime.so
I/DEBUG   (   89):     bee7da6c  0000000c  
I/DEBUG   (   89):     bee7da70  0000f2c0  [heap]
I/DEBUG   (   89):     bee7da74  1d200185  
I/DEBUG   (   89):     bee7da78  401d5594  /system/lib/libandroid_runtime.so
I/DEBUG   (   89):     bee7da7c  401d61b8  
I/DEBUG   (   89):     bee7da80  0000f2c0  [heap]
I/DEBUG   (   89):     bee7da84  1d500181  
I/DEBUG   (   89):     bee7da88  401c6697  /system/lib/libandroid_runtime.so
I/DEBUG   (   89):     bee7da8c  40175877  /system/lib/libandroid_runtime.so
I/DEBUG   (   89):     bee7da90  401d61b8  
I/DEBUG   (   89):     bee7da94  401ae3ef  /system/lib/libandroid_runtime.so
I/DEBUG   (   89):     bee7da98  00000000  
I/DEBUG   (   89):     bee7da9c  401cc9b8  /system/lib/libandroid_runtime.so
I/DEBUG   (   89):     bee7daa0  0000f2c0  [heap]
I/DEBUG   (   89):     bee7daa4  401cca10  /system/lib/libandroid_runtime.so
I/ServiceManager(   86): service 'media.audio_flinger' died
I/ServiceManager(   86): service 'media.player' died
I/ServiceManager(   86): service 'media.camera' died
I/ServiceManager(   86): service 'media.audio_policy' died
I/Netd    (  196): Netd 1.0 starting
D/AndroidRuntime(  197): 
D/AndroidRuntime(  197): >>>>>> AndroidRuntime START com.android.internal.os.ZygoteInit <<<<<<
D/AndroidRuntime(  197): CheckJNI is OFF
I/        (  198): ServiceManager: 0xf958
I/HTC Acoustic(  198): libhtc_acoustic.so version 2.0.0.6.
I/HTC Acoustic(  198): deonvvv gingerbread test.
I/HTC Acoustic(  198): open /system/etc/AudioPara4_WB.csv success.
I/HTC Acoustic(  198): acoustic table version: MAL_WB_20110217
I/HTC Acoustic(  198): read_audio_para_from_file success.
E/HTC Acoustic(  198): Fail to open /system/etc/AudioPara_ALL.csv -1.
I/HTC Acoustic(  198): open /system/etc/AudioPara4.csv success.
I/HTC Acoustic(  198): acoustic table version: MAL_Gerenic_20110509
I/HTC Acoustic(  198): read_audio_para_from_file success.
I/HTC Acoustic(  198): get_audpp_filter
I/HTC Acoustic(  198): open /system/etc/AudioFilter.csv success.
I/HTC Acoustic(  198): MBADRC Filter MBADRC FLAG = ffff.
E/HTC Acoustic(  198): set mbadrc filter error.
I/HTC Acoustic(  198): failed to set audpp parameters, exiting.
I/HTC Acoustic(  198): get_audpre_filter
I/HTC Acoustic(  198): open /system/etc/AudioPreProcess.csv success.
D/AudioHardwareMSM72XX(  198): mNumSndEndpoints = 151
V/AudioHardwareMSM72XX(  198): constructed 151 SND endpoints)
D/AudioHardwareMSM72XX(  198): BT MATCH HANDSET
D/AudioHardwareMSM72XX(  198): BT MATCH SPEAKER
D/AudioHardwareMSM72XX(  198): BT MATCH HEADSET
D/AudioHardwareMSM72XX(  198): BT MATCH BT
D/AudioHardwareMSM72XX(  198): BT MATCH CARKIT
D/AudioHardwareMSM72XX(  198): BT MATCH TTY_FULL
D/AudioHardwareMSM72XX(  198): BT MATCH TTY_VCO
D/AudioHardwareMSM72XX(  198): BT MATCH TTY_HCO
D/AudioHardwareMSM72XX(  198): BT MATCH NO_MIC_HEADSET
D/AudioHardwareMSM72XX(  198): BT MATCH FM_HEADSET
D/AudioHardwareMSM72XX(  198): BT MATCH HEADSET_AND_SPEAKER
D/AudioHardwareMSM72XX(  198): BT MATCH FM_SPEAKER
D/AudioHardwareMSM72XX(  198): BT MATCH BT_EC_OFF
D/AudioHardwareMSM72XX(  198): BT MATCH BT_EC_OFF
D/AudioHardwareMSM72XX(  198): BT MATCH CURRENT
I/AudioFlinger(  198): Loaded primary audio interface from LEGACY Audio HW HAL (audio)
I/AudioFlinger(  198): Using 'LEGACY Audio HW HAL' (audio.primary) as the primary audio interface
I/AudioFlinger(  198): Loaded a2dp audio interface from A2DP Audio HW HAL (audio)
D/AudioHardwareInterface(  198): setMode(NORMAL)
I/AudioHardwareMSM72XX(  198): Set master volume to 5.
I/CameraService(  198): CameraService started (pid=198)
I/AudioFlinger(  198): AudioFlinger's thread 0x16f90 ready to run
W/AudioFlinger(  198): Thread AudioOut_1 cannot connect to the power manager service
V/AudioHardwareMSM72XX(  198): AudioStreamOutMSM72xx::setParameters() routing=2
V/AudioHardwareMSM72XX(  198): set output routing 2
I/AudioHardwareMSM72XX(  198): Routing audio to Speakerphone
V/AudioHardwareMSM72XX(  198): doAudioRouteOrMute() device 1, mMode 0, mMicMute 1
D/AudioHardwareMSM72XX(  198): setVoiceVolume(1.000000)
I/AudioHardwareMSM72XX(  198): Setting in-call volume to 5 (available range is 0 to 5)
I/AudioPolicyService(  198): Loaded audio policy from LEGACY Audio Policy HAL (audio_policy)
W/dalvikvm(  197): Exception Ljava/lang/NoSuchMethodError; thrown while initializing Ljava/lang/NoSuchFieldError;
E/dalvikvm(  197): ERROR: unable to initialize exception class 'Ljava/lang/NoSuchFieldError;'
W/dalvikvm(  197): Exception thrown (Ljava/lang/ExceptionInInitializerError;) while throwing internal exception (Ljava/lang/InternalError;)
I/dalvikvm(  197): Rejecting re-init on previously-failed class Ljava/lang/NoSuchFieldError; v=0x0
W/dalvikvm(  197): Exception thrown (Ljava/lang/ExceptionInInitializerError;) while throwing internal exception (Ljava/lang/NoClassDefFoundError;)
E/dalvikvm(  197): ERROR: unable to initialize exception class 'Ljava/lang/NoSuchFieldError;'
W/dalvikvm(  197): Exception thrown (Ljava/lang/ExceptionInInitializerError;) while throwing internal exception (Ljava/lang/InternalError;)
I/dalvikvm(  197): Rejecting re-init on previously-failed class Ljava/lang/NoSuchFieldError; v=0x0
W/dalvikvm(  197): Exception thrown (Ljava/lang/ExceptionInInitializerError;) while throwing internal exception (Ljava/lang/NoClassDefFoundError;)
E/dalvikvm(  197): ERROR: unable to initialize exception class 'Ljava/lang/NoSuchFieldError;'
W/dalvikvm(  197): Exception thrown (Ljava/lang/ExceptionInInitializerError;) while throwing internal exception (Ljava/lang/InternalError;)
I/dalvikvm(  197): Rejecting re-init on previously-failed class Ljava/lang/NoSuchFieldError; v=0x0
W/dalvikvm(  197): Exception thrown (Ljava/lang/ExceptionInInitializerError;) while throwing internal exception (Ljava/lang/NoClassDefFoundError;)
E/dalvikvm(  197): ERROR: unable to initialize exception class 'Ljava/lang/NoSuchFieldError;'
W/dalvikvm(  197): Exception thrown (Ljava/lang/ExceptionInInitializerError;) while throwing internal exception (Ljava/lang/InternalError;)
I/dalvikvm(  197): Rejecting re-init on previously-failed class Ljava/lang/NoSuchFieldError; v=0x0
W/dalvikvm(  197): Exception thrown (Ljava/lang/ExceptionInInitializerError;) while throwing internal exception (Ljava/lang/NoClassDefFoundError;)
E/dalvikvm(  197): ERROR: unable to initialize exception class 'Ljava/lang/NoSuchFieldError;'
W/dalvikvm(  197): Exception thrown (Ljava/lang/ExceptionInInitializerError;) while throwing internal exception (Ljava/lang/InternalError;)
I/dalvikvm(  197): Rejecting re-init on previously-failed class Ljava/lang/NoSuchFieldError; v=0x0
W/dalvikvm(  197): Exception thrown (Ljava/lang/ExceptionInInitializerError;) while throwing internal exception (Ljava/lang/NoClassDefFoundError;)
E/dalvikvm(  197): ERROR: unable to initialize exception class 'Ljava/lang/NoSuchFieldError;'
W/dalvikvm(  197): Exception thrown (Ljava/lang/ExceptionInInitializerError;) while throwing internal exception (Ljava/lang/InternalError;)
E/dalvikvm(  197): ERROR: couldn't find native method
E/dalvikvm(  197): Requested: Landroid/server/BluetoothA2dpService;.sendMetaDataNative:(Ljava/lang/String;)Z
E/JNIHelp (  197): RegisterNatives failed for 'android/server/BluetoothA2dpService', aborting
F/libc    (  197): Fatal signal 11 (SIGSEGV) at 0xdeadbaad (code=1)
I/DEBUG   (   89): *** *** *** *** *** *** *** *** *** *** *** *** *** *** *** ***
I/DEBUG   (   89): Build fingerprint: 'cyanogenmod/htc_marvel/marvel:4.0.4/ASN01/0.1:user/release-keys'
I/DEBUG   (   89): pid: 197, tid: 197  >>> zygote <<<
I/DEBUG   (   89): signal 11 (SIGSEGV), code 1 (SEGV_MAPERR), fault addr deadbaad
I/DEBUG   (   89):  r0 deadbaad  r1 0000000c  r2 00000027  r3 a0000000
I/DEBUG   (   89):  r4 00000000  r5 00000080  r6 401c6697  r7 beec0a70
I/DEBUG   (   89):  r8 00000000  r9 00000000  10 00000000  fp 00000000
I/DEBUG   (   89):  ip ffffffff  sp beec0a38  lr 4003ff0f  pc 4003c6c6  cpsr 00000030
I/DEBUG   (   89):  d0  3f4000003f400000  d1  0000000000000000
I/DEBUG   (   89):  d2  0000000000000000  d3  0000000000000000
I/DEBUG   (   89):  d4  0000000000000000  d5  0000000000000000
I/DEBUG   (   89):  d6  0000000000000000  d7  000000003f800000
I/DEBUG   (   89):  d8  0000000000000000  d9  0000000000000000
I/DEBUG   (   89):  d10 0000000000000000  d11 0000000000000000
I/DEBUG   (   89):  d12 0000000000000000  d13 0000000000000000
I/DEBUG   (   89):  d14 0000000000000000  d15 0000000000000000
I/DEBUG   (   89):  scr 60000000
I/DEBUG   (   89): 
I/DEBUG   (   89):          #00  pc 000176c6  /system/lib/libc.so
I/DEBUG   (   89):          #01  pc 0000c658  /system/lib/libnativehelper.so (jniRegisterNativeMethods)
I/DEBUG   (   89): 
I/DEBUG   (   89): code around pc:
I/DEBUG   (   89): 4003c6a4 1c2bd00c 2d00682d e027d1fb 2a0068da  ..+.-h.-..'..h.*
I/DEBUG   (   89): 4003c6b4 4b16d004 447b2001 47906018 22274814  ...K. {D.`.G.H'"
I/DEBUG   (   89): 4003c6c4 70022580 ef74f7f4 f7f62106 aa01e812  .%.p..t..!......
I/DEBUG   (   89): 4003c6d4 05692400 60546091 20061c11 f7f59401  .$i..`T`... ....
I/DEBUG   (   89): 4003c6e4 a905ebce 20022200 ebd6f7f5 ef60f7f4  .....". ......`.
I/DEBUG   (   89): 
I/DEBUG   (   89): code around lr:
I/DEBUG   (   89): 4003feec 4b0db5f0 447bb083 681c2600 68a59001  ...K..{D.&.h...h
I/DEBUG   (   89): 4003fefc e0086867 5ea8220c dd032800 99011c28  gh...".^.(..(...
I/DEBUG   (   89): 4003ff0c 43064788 3f013554 6824d5f4 d1ee2c00  .G.CT5.?..$h.,..
I/DEBUG   (   89): 4003ff1c 1c30b003 46c0bdf0 000285f2 1c0fb5f0  ..0....F........
I/DEBUG   (   89): 4003ff2c b0891c3d a9064355 604d9103 90064914  =...UC....M`.I..
I/DEBUG   (   89): 
I/DEBUG   (   89): memory map around addr deadbaad:
I/DEBUG   (   89): beea0000-beec1000 [stack]
I/DEBUG   (   89): (no map for address)
I/DEBUG   (   89): (no map above)
I/DEBUG   (   89): 
I/DEBUG   (   89): stack:
I/DEBUG   (   89):     beec09f8  00000001  
I/DEBUG   (   89):     beec09fc  da46d262  
I/DEBUG   (   89):     beec0a00  40068720  /system/lib/libc.so
I/DEBUG   (   89):     beec0a04  400686b0  /system/lib/libc.so
I/DEBUG   (   89):     beec0a08  00000000  
I/DEBUG   (   89):     beec0a0c  4003ff0f  /system/lib/libc.so
I/DEBUG   (   89):     beec0a10  401bb494  /system/lib/libandroid_runtime.so
I/DEBUG   (   89):     beec0a14  4003ec75  /system/lib/libc.so
I/DEBUG   (   89):     beec0a18  ffffffff  
I/DEBUG   (   89):     beec0a1c  00000000  
I/DEBUG   (   89):     beec0a20  00000000  
I/DEBUG   (   89):     beec0a24  401c6697  /system/lib/libandroid_runtime.so
I/DEBUG   (   89):     beec0a28  beec0a70  [stack]
I/DEBUG   (   89):     beec0a2c  4003f08d  /system/lib/libc.so
I/DEBUG   (   89):     beec0a30  df0027ad  
I/DEBUG   (   89):     beec0a34  00000000  
I/DEBUG   (   89): #00 beec0a38  00000009  
I/DEBUG   (   89):     beec0a3c  00000100  
I/DEBUG   (   89):     beec0a40  401ae05d  /system/lib/libandroid_runtime.so
I/DEBUG   (   89):     beec0a44  da46d262  
I/DEBUG   (   89):     beec0a48  401c6766  /system/lib/libandroid_runtime.so
I/DEBUG   (   89):     beec0a4c  fffffbdf  
I/DEBUG   (   89):     beec0a50  0000f2c0  [heap]
I/DEBUG   (   89):     beec0a54  40868ffd  /system/lib/libdvm.so
I/DEBUG   (   89):     beec0a58  0000f2c0  [heap]
I/DEBUG   (   89):     beec0a5c  401f865b  /system/lib/libnativehelper.so
I/DEBUG   (   89): #01 beec0a60  40868ffd  /system/lib/libdvm.so
I/DEBUG   (   89):     beec0a64  401f865b  /system/lib/libnativehelper.so
I/DEBUG   (   89):     beec0a68  401d55dc  /system/lib/libandroid_runtime.so
I/DEBUG   (   89):     beec0a6c  0000000c  
I/DEBUG   (   89):     beec0a70  0000f2c0  [heap]
I/DEBUG   (   89):     beec0a74  1d200185  
I/DEBUG   (   89):     beec0a78  401d5594  /system/lib/libandroid_runtime.so
I/DEBUG   (   89):     beec0a7c  401d61b8  
I/DEBUG   (   89):     beec0a80  0000f2c0  [heap]
I/DEBUG   (   89):     beec0a84  1d500181  
I/DEBUG   (   89):     beec0a88  401c6697  /system/lib/libandroid_runtime.so
I/DEBUG   (   89):     beec0a8c  40175877  /system/lib/libandroid_runtime.so
I/DEBUG   (   89):     beec0a90  401d61b8  
I/DEBUG   (   89):     beec0a94  401ae3ef  /system/lib/libandroid_runtime.so
I/DEBUG   (   89):     beec0a98  00000000  
I/DEBUG   (   89):     beec0a9c  401cc9b8  /system/lib/libandroid_runtime.so
I/DEBUG   (   89):     beec0aa0  0000f2c0  [heap]
I/DEBUG   (   89):     beec0aa4  401cca10  /system/lib/libandroid_runtime.so
I/ServiceManager(   86): service 'media.audio_flinger' died
I/ServiceManager(   86): service 'media.player' died
I/ServiceManager(   86): service 'media.camera' died
I/ServiceManager(   86): service 'media.audio_policy' died
I/Netd    (  224): Netd 1.0 starting
D/AndroidRuntime(  225): 
D/AndroidRuntime(  225): >>>>>> AndroidRuntime START com.android.internal.os.ZygoteInit <<<<<<
D/AndroidRuntime(  225): CheckJNI is OFF
I/        (  226): ServiceManager: 0xf958
I/HTC Acoustic(  226): libhtc_acoustic.so version 2.0.0.6.
I/HTC Acoustic(  226): deonvvv gingerbread test.
I/HTC Acoustic(  226): open /system/etc/AudioPara4_WB.csv success.
I/HTC Acoustic(  226): acoustic table version: MAL_WB_20110217
I/HTC Acoustic(  226): read_audio_para_from_file success.
E/HTC Acoustic(  226): Fail to open /system/etc/AudioPara_ALL.csv -1.
I/HTC Acoustic(  226): open /system/etc/AudioPara4.csv success.
I/HTC Acoustic(  226): acoustic table version: MAL_Gerenic_20110509
I/HTC Acoustic(  226): read_audio_para_from_file success.
I/HTC Acoustic(  226): get_audpp_filter
I/HTC Acoustic(  226): open /system/etc/AudioFilter.csv success.
I/HTC Acoustic(  226): MBADRC Filter MBADRC FLAG = ffff.
E/HTC Acoustic(  226): set mbadrc filter error.
I/HTC Acoustic(  226): failed to set audpp parameters, exiting.
I/HTC Acoustic(  226): get_audpre_filter
I/HTC Acoustic(  226): open /system/etc/AudioPreProcess.csv success.
D/AudioHardwareMSM72XX(  226): mNumSndEndpoints = 151
V/AudioHardwareMSM72XX(  226): constructed 151 SND endpoints)
D/AudioHardwareMSM72XX(  226): BT MATCH HANDSET
D/AudioHardwareMSM72XX(  226): BT MATCH SPEAKER
D/AudioHardwareMSM72XX(  226): BT MATCH HEADSET
D/AudioHardwareMSM72XX(  226): BT MATCH BT
D/AudioHardwareMSM72XX(  226): BT MATCH CARKIT
D/AudioHardwareMSM72XX(  226): BT MATCH TTY_FULL
D/AudioHardwareMSM72XX(  226): BT MATCH TTY_VCO
D/AudioHardwareMSM72XX(  226): BT MATCH TTY_HCO
D/AudioHardwareMSM72XX(  226): BT MATCH NO_MIC_HEADSET
D/AudioHardwareMSM72XX(  226): BT MATCH FM_HEADSET
D/AudioHardwareMSM72XX(  226): BT MATCH HEADSET_AND_SPEAKER
D/AudioHardwareMSM72XX(  226): BT MATCH FM_SPEAKER
D/AudioHardwareMSM72XX(  226): BT MATCH BT_EC_OFF
D/AudioHardwareMSM72XX(  226): BT MATCH BT_EC_OFF
D/AudioHardwareMSM72XX(  226): BT MATCH CURRENT
I/AudioFlinger(  226): Loaded primary audio interface from LEGACY Audio HW HAL (audio)
I/AudioFlinger(  226): Using 'LEGACY Audio HW HAL' (audio.primary) as the primary audio interface
I/AudioFlinger(  226): Loaded a2dp audio interface from A2DP Audio HW HAL (audio)
D/AudioHardwareInterface(  226): setMode(NORMAL)
I/AudioHardwareMSM72XX(  226): Set master volume to 5.
I/CameraService(  226): CameraService started (pid=226)
I/AudioFlinger(  226): AudioFlinger's thread 0x16f90 ready to run
W/AudioFlinger(  226): Thread AudioOut_1 cannot connect to the power manager service
V/AudioHardwareMSM72XX(  226): AudioStreamOutMSM72xx::setParameters() routing=2
V/AudioHardwareMSM72XX(  226): set output routing 2
I/AudioHardwareMSM72XX(  226): Routing audio to Speakerphone
V/AudioHardwareMSM72XX(  226): doAudioRouteOrMute() device 1, mMode 0, mMicMute 1
D/AudioHardwareMSM72XX(  226): setVoiceVolume(1.000000)
I/AudioHardwareMSM72XX(  226): Setting in-call volume to 5 (available range is 0 to 5)
I/AudioPolicyService(  226): Loaded audio policy from LEGACY Audio Policy HAL (audio_policy)
W/dalvikvm(  225): Exception Ljava/lang/NoSuchMethodError; thrown while initializing Ljava/lang/NoSuchFieldError;
E/dalvikvm(  225): ERROR: unable to initialize exception class 'Ljava/lang/NoSuchFieldError;'
W/dalvikvm(  225): Exception thrown (Ljava/lang/ExceptionInInitializerError;) while throwing internal exception (Ljava/lang/InternalError;)
I/dalvikvm(  225): Rejecting re-init on previously-failed class Ljava/lang/NoSuchFieldError; v=0x0
W/dalvikvm(  225): Exception thrown (Ljava/lang/ExceptionInInitializerError;) while throwing internal exception (Ljava/lang/NoClassDefFoundError;)
E/dalvikvm(  225): ERROR: unable to initialize exception class 'Ljava/lang/NoSuchFieldError;'
W/dalvikvm(  225): Exception thrown (Ljava/lang/ExceptionInInitializerError;) while throwing internal exception (Ljava/lang/InternalError;)
I/dalvikvm(  225): Rejecting re-init on previously-failed class Ljava/lang/NoSuchFieldError; v=0x0
W/dalvikvm(  225): Exception thrown (Ljava/lang/ExceptionInInitializerError;) while throwing internal exception (Ljava/lang/NoClassDefFoundError;)
E/dalvikvm(  225): ERROR: unable to initialize exception class 'Ljava/lang/NoSuchFieldError;'
W/dalvikvm(  225): Exception thrown (Ljava/lang/ExceptionInInitializerError;) while throwing internal exception (Ljava/lang/InternalError;)
I/dalvikvm(  225): Rejecting re-init on previously-failed class Ljava/lang/NoSuchFieldError; v=0x0
W/dalvikvm(  225): Exception thrown (Ljava/lang/ExceptionInInitializerError;) while throwing internal exception (Ljava/lang/NoClassDefFoundError;)
E/dalvikvm(  225): ERROR: unable to initialize exception class 'Ljava/lang/NoSuchFieldError;'
W/dalvikvm(  225): Exception thrown (Ljava/lang/ExceptionInInitializerError;) while throwing internal exception (Ljava/lang/InternalError;)
I/dalvikvm(  225): Rejecting re-init on previously-failed class Ljava/lang/NoSuchFieldError; v=0x0
W/dalvikvm(  225): Exception thrown (Ljava/lang/ExceptionInInitializerError;) while throwing internal exception (Ljava/lang/NoClassDefFoundError;)
E/dalvikvm(  225): ERROR: unable to initialize exception class 'Ljava/lang/NoSuchFieldError;'
W/dalvikvm(  225): Exception thrown (Ljava/lang/ExceptionInInitializerError;) while throwing internal exception (Ljava/lang/InternalError;)
I/dalvikvm(  225): Rejecting re-init on previously-failed class Ljava/lang/NoSuchFieldError; v=0x0
W/dalvikvm(  225): Exception thrown (Ljava/lang/ExceptionInInitializerError;) while throwing internal exception (Ljava/lang/NoClassDefFoundError;)
E/dalvikvm(  225): ERROR: unable to initialize exception class 'Ljava/lang/NoSuchFieldError;'
W/dalvikvm(  225): Exception thrown (Ljava/lang/ExceptionInInitializerError;) while throwing internal exception (Ljava/lang/InternalError;)
E/dalvikvm(  225): ERROR: couldn't find native method
E/dalvikvm(  225): Requested: Landroid/server/BluetoothA2dpService;.sendMetaDataNative:(Ljava/lang/String;)Z
E/JNIHelp (  225): RegisterNatives failed for 'android/server/BluetoothA2dpService', aborting
F/libc    (  225): Fatal signal 11 (SIGSEGV) at 0xdeadbaad (code=1)
I/DEBUG   (   89): *** *** *** *** *** *** *** *** *** *** *** *** *** *** *** ***
I/DEBUG   (   89): Build fingerprint: 'cyanogenmod/htc_marvel/marvel:4.0.4/ASN01/0.1:user/release-keys'
I/DEBUG   (   89): pid: 225, tid: 225  >>> zygote <<<
I/DEBUG   (   89): signal 11 (SIGSEGV), code 1 (SEGV_MAPERR), fault addr deadbaad
I/DEBUG   (   89):  r0 deadbaad  r1 0000000c  r2 00000027  r3 a0000000
I/DEBUG   (   89):  r4 00000000  r5 00000080  r6 401c6697  r7 bed60a70
I/DEBUG   (   89):  r8 00000000  r9 00000000  10 00000000  fp 00000000
I/DEBUG   (   89):  ip ffffffff  sp bed60a38  lr 4003ff0f  pc 4003c6c6  cpsr 00000030
I/DEBUG   (   89):  d0  3f4000003f400000  d1  0000000000000000
I/DEBUG   (   89):  d2  0000000000000000  d3  0000000000000000
I/DEBUG   (   89):  d4  0000000000000000  d5  0000000000000000
I/DEBUG   (   89):  d6  0000000000000000  d7  000000003f800000
I/DEBUG   (   89):  d8  0000000000000000  d9  0000000000000000
