--------- beginning of /dev/log/main
I/cm      (   79): Welcome to Android 4.0.4 / CyanogenMod-9.0.0-RC0-marvel-UNOFFICIAL 
I/cm      (   80):                                                 _  
I/cm      (   81):  __ __ _ ___  _ _  __  ___  __ _ _  _  _  __  __)) 
I/cm      (   82): ((_ \(/'((_( ((\( ((_)((_( (('((\( ((`1( ((_)((_(  
I/cm      (   83):      ))                 _)) 
I/cm      (   84):   
I/DEBUG   (   89): debuggerd: Jun  1 2012 20:39:36
D/AK8975  (   98): AK8975 daemon 1.1.0 Start
D/AK8975  (   98): (Library version : 1.2.1.1125)
--------- beginning of /dev/log/system
I/Vold    (   87): Vold 2.1 (the revenge) firing up
I/Netd    (   88): Netd 1.0 starting
D/Vold    (   87): Volume sdcard state changing -1 (Initializing) -> 0 (No-Media)
D/Vold    (   87): Volume sdcard state changing 0 (No-Media) -> 2 (Pending)
D/DirectVolume(   87): DirectVolume::handlePartitionAdded -> MAJOR 179, MINOR 1, PARTN 1
D/Vold    (   87): Volume sdcard state changing 2 (Pending) -> 1 (Idle-Unmounted)
I/        (   93): ServiceManager: 0x18910
D/AndroidRuntime(   92): 
D/AndroidRuntime(   92): >>>>>> AndroidRuntime START com.android.internal.os.ZygoteInit <<<<<<
D/AndroidRuntime(   92): CheckJNI is OFF
I/SurfaceFlinger(   91): SurfaceFlinger is starting
I/SurfaceFlinger(   91): SurfaceFlinger's main thread ready to run. Initializing graphics H/W...
E/msm7x27.gralloc(   91): We support 3 buffers
I/msm7x27.gralloc(   91): using (fd=12)
I/msm7x27.gralloc(   91): id           = msmfb
I/msm7x27.gralloc(   91): xres         = 320 px
I/msm7x27.gralloc(   91): yres         = 480 px
I/msm7x27.gralloc(   91): xres_virtual = 320 px
I/msm7x27.gralloc(   91): yres_virtual = 1440 px
I/msm7x27.gralloc(   91): bpp          = 32
I/msm7x27.gralloc(   91): r            =  0:8
I/msm7x27.gralloc(   91): g            =  8:8
I/msm7x27.gralloc(   91): b            = 16:8
I/msm7x27.gralloc(   91): width        = 51 mm (159.372543 dpi)
I/msm7x27.gralloc(   91): height       = 76 mm (160.421051 dpi)
I/msm7x27.gralloc(   91): refresh rate = 0.00 Hz
D/CALCFPS (   91): DEBUG_CALC_FPS: 0
D/CALCFPS (   91): period: 10
D/CALCFPS (   91): ignorethresh_us: 500000
D/CALCFPS (   91): DEBUG_CALC_FPS: 0
D/CALCFPS (   91): period: 10
D/CALCFPS (   91): ignorethresh_us: 500000
D/FramebufferNativeWindow(   91): mNumBuffers = 3
D/libEGL  (   91): loaded /system/lib/egl/libGLES_android.so
D/libEGL  (   91): loaded /system/lib/egl/libEGL_adreno200.so
D/libEGL  (   91): loaded /system/lib/egl/libGLESv1_CM_adreno200.so
D/libEGL  (   91): loaded /system/lib/egl/libGLESv2_adreno200.so
I/SurfaceFlinger(   91): EGL informations:
I/SurfaceFlinger(   91): # of configs : 44
I/SurfaceFlinger(   91): vendor    : Android
I/SurfaceFlinger(   91): version   : 1.4 Android META-EGL
I/SurfaceFlinger(   91): extensions: EGL_KHR_image EGL_KHR_image_base EGL_KHR_image_base EGL_KHR_fence_sync EGL_ANDROID_image_native_buffer EGL_ANDROID_image_native_buffer EGL_ANDROID_get_render_buffer 
I/SurfaceFlinger(   91): Client API: OpenGL ES
I/SurfaceFlinger(   91): EGLSurface: 8-8-8-8, config=0x3
I/SurfaceFlinger(   91): OpenGL informations:
I/SurfaceFlinger(   91): vendor    : Qualcomm
I/SurfaceFlinger(   91): renderer  : Adreno (TM) 200
I/SurfaceFlinger(   91): version   : OpenGL ES-CM 1.1
I/SurfaceFlinger(   91): extensions: GL_AMD_compressed_ATC_texture GL_AMD_performance_monitor GL_APPLE_texture_2D_limited_npot GL_ARB_vertex_buffer_object GL_EXT_texture_filter_anisotropic GL_EXT_texture_format_BGRA8888 GL_EXT_texture_type_2_10_10_10_REV GL_OES_blend_equation_separate GL_OES_blend_func_separate GL_OES_blend_subtract GL_OES_compressed_ETC1_RGB8_texture GL_OES_compressed_paletted_texture GL_OES_depth_texture GL_OES_depth24 GL_OES_draw_texture GL_OES_EGL_image GL_OES_EGL_image_external GL_OES_framebuffer_object GL_OES_matrix_palette GL_OES_packed_depth_stencil GL_OES_point_size_array GL_OES_point_sprite GL_OES_read_format GL_OES_rgb8_rgba8 GL_OES_stencil_wrap GL_OES_texture_cube_map GL_OES_texture_env_crossbar GL_OES_texture_float GL_OES_texture_half_float GL_OES_texture_half_float_linear GL_OES_texture_npot GL_OES_texture_mirrored_repeat GL_QCOM_binning_control GL_QCOM_extended_get GL_QCOM_tiled_rendering GL_AMD_compressed_3DC_texture 
I/SurfaceFlinger(   91): GL_MAX_TEXTURE_SIZE = 4096
I/SurfaceFlinger(   91): GL_MAX_VIEWPORT_DIMS = 4096 x 4096
I/SurfaceFlinger(   91): flags = 00000000
D/CALCFPS (   91): DEBUG_CALC_FPS: 0
D/CALCFPS (   91): period: 10
D/CALCFPS (   91): ignorethresh_us: 500000
I/        (   94): ServiceManager: 0xf958
I/HTC Acoustic(   94): libhtc_acoustic.so version 2.0.0.6.
I/HTC Acoustic(   94): deonvvv gingerbread test.
I/HTC Acoustic(   94): open /system/etc/AudioPara4_WB.csv success.
I/HTC Acoustic(   94): acoustic table version: MAL_WB_20110217
I/HTC Acoustic(   94): read_audio_para_from_file success.
E/HTC Acoustic(   94): Fail to open /system/etc/AudioPara_ALL.csv -1.
I/HTC Acoustic(   94): open /system/etc/AudioPara4.csv success.
I/HTC Acoustic(   94): acoustic table version: MAL_Gerenic_20110509
D/libEGL  (  145): loaded /system/lib/egl/libGLES_android.so
I/HTC Acoustic(   94): read_audio_para_from_file success.
D/libEGL  (  145): loaded /system/lib/egl/libEGL_adreno200.so
I/HTC Acoustic(   94): get_audpp_filter
D/libEGL  (  145): loaded /system/lib/egl/libGLESv1_CM_adreno200.so
I/HTC Acoustic(   94): open /system/etc/AudioFilter.csv success.
I/HTC Acoustic(   94): MBADRC Filter MBADRC FLAG = ffff.
E/HTC Acoustic(   94): set mbadrc filter error.
I/HTC Acoustic(   94): failed to set audpp parameters, exiting.
I/HTC Acoustic(   94): get_audpre_filter
I/HTC Acoustic(   94): open /system/etc/AudioPreProcess.csv success.
D/libEGL  (  145): loaded /system/lib/egl/libGLESv2_adreno200.so
D/AudioHardwareMSM72XX(   94): mNumSndEndpoints = 151
V/AudioHardwareMSM72XX(   94): constructed 151 SND endpoints)
D/AudioHardwareMSM72XX(   94): BT MATCH HANDSET
D/AudioHardwareMSM72XX(   94): BT MATCH SPEAKER
D/AudioHardwareMSM72XX(   94): BT MATCH HEADSET
D/AudioHardwareMSM72XX(   94): BT MATCH BT
D/AudioHardwareMSM72XX(   94): BT MATCH CARKIT
D/AudioHardwareMSM72XX(   94): BT MATCH TTY_FULL
D/AudioHardwareMSM72XX(   94): BT MATCH TTY_VCO
D/AudioHardwareMSM72XX(   94): BT MATCH TTY_HCO
D/AudioHardwareMSM72XX(   94): BT MATCH NO_MIC_HEADSET
D/AudioHardwareMSM72XX(   94): BT MATCH FM_HEADSET
D/AudioHardwareMSM72XX(   94): BT MATCH HEADSET_AND_SPEAKER
D/AudioHardwareMSM72XX(   94): BT MATCH FM_SPEAKER
D/AudioHardwareMSM72XX(   94): BT MATCH BT_EC_OFF
D/AudioHardwareMSM72XX(   94): BT MATCH BT_EC_OFF
D/AudioHardwareMSM72XX(   94): BT MATCH CURRENT
I/AudioFlinger(   94): Loaded primary audio interface from LEGACY Audio HW HAL (audio)
I/AudioFlinger(   94): Using 'LEGACY Audio HW HAL' (audio.primary) as the primary audio interface
I/AudioFlinger(   94): Loaded a2dp audio interface from A2DP Audio HW HAL (audio)
D/memalloc(   91): init_pmem_area: Initializing pmem area
D/memalloc(   91): init_pmem_area_locked: Opening master pmem FD
D/memalloc(   91): init_pmem_area_locked: Total pmem size: 16777216
D/memalloc(   91): /dev/pmem: Allocated buffer base:0x41504000 size:614400 offset:0 fd:26
D/memalloc(  145): /dev/pmem: Mapped buffer base:0x407f0000 size:614400 offset:0 fd:16
D/AudioHardwareInterface(   94): setMode(NORMAL)
I/AudioHardwareMSM72XX(   94): Set master volume to 5.
I/CameraService(   94): CameraService started (pid=94)
I/AudioFlinger(   94): AudioFlinger's thread 0x16fd8 ready to run
W/AudioFlinger(   94): Thread AudioOut_1 cannot connect to the power manager service
V/AudioHardwareMSM72XX(   94): AudioStreamOutMSM72xx::setParameters() routing=2
V/AudioHardwareMSM72XX(   94): set output routing 2
I/AudioHardwareMSM72XX(   94): Routing audio to Speakerphone
V/AudioHardwareMSM72XX(   94): doAudioRouteOrMute() device 1, mMode 0, mMicMute 1
D/AudioHardwareMSM72XX(   94): setVoiceVolume(1.000000)
I/AudioHardwareMSM72XX(   94): Setting in-call volume to 5 (available range is 0 to 5)
I/AudioPolicyService(   94): Loaded audio policy from LEGACY Audio Policy HAL (audio_policy)
D/memalloc(   91): /dev/pmem: Allocated buffer base:0x41504000 size:614400 offset:614400 fd:29
D/memalloc(  145): /dev/pmem: Mapped buffer base:0x40df8000 size:1228800 offset:614400 fd:20
D/memalloc(   91): /dev/pmem: Allocated buffer base:0x41504000 size:614400 offset:1228800 fd:32
D/memalloc(  145): /dev/pmem: Mapped buffer base:0x410e0000 size:1843200 offset:1228800 fd:23
D/dalvikvm(   92): DexOpt: --- BEGIN 'core.jar' (bootstrap=1) ---
D/dalvikvm(  154): Ignoring duplicate verify attempt on Ljava/lang/Object;
D/dalvikvm(  154): Ignoring duplicate verify attempt on Ljava/lang/Class;
D/dalvikvm(  154): Ignoring duplicate verify attempt on Ljava/lang/ref/Reference;
D/dalvikvm(  154): Ignoring duplicate verify attempt on Ljava/lang/ref/ReferenceQueue;
D/dalvikvm(  154): Ignoring duplicate verify attempt on Ljava/lang/ref/FinalizerReference;
D/dalvikvm(  154): DexOpt: load 443ms, verify+opt 5264ms
D/dalvikvm(   92): DexOpt: --- END 'core.jar' (success) ---
D/dalvikvm(   92): DEX prep '/system/framework/core.jar': unzip in 1545ms, rewrite 7144ms
D/dalvikvm(   92): DexOpt: --- BEGIN 'core-junit.jar' (bootstrap=1) ---
D/dalvikvm(  155): DexOpt: load 45ms, verify+opt 35ms
D/dalvikvm(   92): DexOpt: --- END 'core-junit.jar' (success) ---
D/dalvikvm(   92): DEX prep '/system/framework/core-junit.jar': unzip in 6ms, rewrite 195ms
D/dalvikvm(   92): DexOpt: --- BEGIN 'bouncycastle.jar' (bootstrap=1) ---
D/dalvikvm(  156): DexOpt: load 106ms, verify+opt 1755ms
D/dalvikvm(   92): DexOpt: --- END 'bouncycastle.jar' (success) ---
D/dalvikvm(   92): DEX prep '/system/framework/bouncycastle.jar': unzip in 335ms, rewrite 2442ms
D/dalvikvm(   92): DexOpt: --- BEGIN 'ext.jar' (bootstrap=1) ---
D/dalvikvm(  157): DexOpt: load 211ms, verify+opt 2802ms
D/dalvikvm(   92): DexOpt: --- END 'ext.jar' (success) ---
D/dalvikvm(   92): DEX prep '/system/framework/ext.jar': unzip in 494ms, rewrite 3880ms
D/dalvikvm(   92): DexOpt: --- BEGIN 'framework.jar' (bootstrap=1) ---
D/dalvikvm(  158): Note: class Landroid/opengl/GLWrapperBase; has 250 unimplemented (abstract) methods
D/dalvikvm(  158): DexOpt: load 1122ms, verify+opt 10243ms
D/dalvikvm(   92): DexOpt: --- END 'framework.jar' (success) ---
D/dalvikvm(   92): DEX prep '/system/framework/framework.jar': unzip in 3244ms, rewrite 13954ms
D/dalvikvm(   92): DexOpt: --- BEGIN 'android.policy.jar' (bootstrap=1) ---
D/dalvikvm(  159): DexOpt: load 120ms, verify+opt 764ms
D/dalvikvm(   92): DexOpt: --- END 'android.policy.jar' (success) ---
D/dalvikvm(   92): DEX prep '/system/framework/android.policy.jar': unzip in 138ms, rewrite 1163ms
D/dalvikvm(   92): DexOpt: --- BEGIN 'services.jar' (bootstrap=1) ---
D/dalvikvm(  160): DexOpt: load 129ms, verify+opt 2965ms
D/dalvikvm(   92): DexOpt: --- END 'services.jar' (success) ---
D/dalvikvm(   92): DEX prep '/system/framework/services.jar': unzip in 496ms, rewrite 3584ms
D/dalvikvm(   92): DexOpt: --- BEGIN 'apache-xml.jar' (bootstrap=1) ---
D/dalvikvm(  161): DexOpt: load 141ms, verify+opt 1231ms
D/dalvikvm(   92): DexOpt: --- END 'apache-xml.jar' (success) ---
D/dalvikvm(   92): DEX prep '/system/framework/apache-xml.jar': unzip in 325ms, rewrite 1826ms
D/dalvikvm(   92): DexOpt: --- BEGIN 'filterfw.jar' (bootstrap=1) ---
D/dalvikvm(  162): DexOpt: load 39ms, verify+opt 281ms
D/dalvikvm(   92): DexOpt: --- END 'filterfw.jar' (success) ---
D/dalvikvm(   92): DEX prep '/system/framework/filterfw.jar': unzip in 69ms, rewrite 512ms
I/SamplingProfilerIntegration(   92): Profiling disabled.
I/Zygote  (   92): Preloading classes...
D/dalvikvm(   92): GC_EXPLICIT freed 37K, 84% free 410K/2560K, paused 1ms+3ms
D/dalvikvm(   92): GC_EXPLICIT freed 4K, 82% free 474K/2560K, paused 2ms+1ms
D/dalvikvm(   92): GC_EXPLICIT freed 20K, 81% free 510K/2560K, paused 1ms+1ms
D/dalvikvm(   92): GC_EXPLICIT freed 27K, 79% free 537K/2560K, paused 1ms+1ms
D/dalvikvm(   92): GC_EXPLICIT freed 15K, 78% free 577K/2560K, paused 1ms+1ms
D/dalvikvm(   92): GC_EXPLICIT freed 79K, 73% free 707K/2560K, paused 1ms+6ms
D/dalvikvm(   92): GC_EXPLICIT freed 31K, 72% free 731K/2560K, paused 1ms+1ms
D/TextLayoutCache(   92): Using debug level: 0 - Debug Enabled: 0
W/Zygote  (   92): Class not found for preloading: android.media.AudioManager$2
E/dalvikvm(   92): ERROR: couldn't find native method
E/dalvikvm(   92): Requested: Landroid/media/MediaRecorder;.native_start:()V
E/JNIHelp (   92): RegisterNatives failed for 'android/media/MediaRecorder', aborting
F/libc    (   92): Fatal signal 11 (SIGSEGV) at 0xdeadbaad (code=1)
I/DEBUG   (   89): *** *** *** *** *** *** *** *** *** *** *** *** *** *** *** ***
I/DEBUG   (   89): Build fingerprint: 'cyanogenmod/htc_marvel/marvel:4.0.4/ASN01/0.1:user/release-keys'
I/DEBUG   (   89): pid: 92, tid: 92  >>> zygote <<<
I/DEBUG   (   89): signal 11 (SIGSEGV), code 1 (SEGV_MAPERR), fault addr deadbaad
I/DEBUG   (   89):  r0 deadbaad  r1 0000000c  r2 00000027  r3 40000000
I/DEBUG   (   89):  r4 00000000  r5 00000080  r6 4e160940  r7 bed61708
I/DEBUG   (   89):  r8 40832200  r9 00000006  10 4ba0ce08  fp fffffe50
I/DEBUG   (   89):  ip ffffffff  sp bed616d0  lr 4003ff0f  pc 4003c6c6  cpsr 00000030
I/DEBUG   (   89):  d0  0008000049000000  d1  0000000040dc8000
I/DEBUG   (   89):  d2  403b800000000000  d3  c14ac800c1322000
I/DEBUG   (   89):  d4  0000000040dc8000  d5  000000000006e400
I/DEBUG   (   89):  d6  4140000000000800  d7  4140000041400000
I/DEBUG   (   89):  d8  0000000000000000  d9  0000000000000000
I/DEBUG   (   89):  d10 0000000000000000  d11 0000000000000000
I/DEBUG   (   89):  d12 0000000000000000  d13 0000000000000000
I/DEBUG   (   89):  d14 0000000000000000  d15 0000000000000000
I/DEBUG   (   89):  scr 60000010
I/DEBUG   (   89): 
I/DEBUG   (   89):          #00  pc 000176c6  /system/lib/libc.so
I/DEBUG   (   89):          #01  pc 0000c658  /system/lib/libnativehelper.so (jniRegisterNativeMethods)
I/DEBUG   (   89): 
I/DEBUG   (   89): code around pc:
I/DEBUG   (   89): 4003c6a4 1c2bd00c 2d00682d e027d1fb 2a0068da  ..+.-h.-..'..h.*
I/DEBUG   (   89): 4003c6b4 4b16d004 447b2001 47906018 22274814  ...K. {D.`.G.H'"
I/DEBUG   (   89): 4003c6c4 70022580 ef74f7f4 f7f62106 aa01e812  .%.p..t..!......
I/DEBUG   (   89): 4003c6d4 05692400 60546091 20061c11 f7f59401  .$i..`T`... ....
I/DEBUG   (   89): 4003c6e4 a905ebce 20022200 ebd6f7f5 ef60f7f4  .....". ......`.
I/DEBUG   (   89): 
I/DEBUG   (   89): code around lr:
I/DEBUG   (   89): 4003feec 4b0db5f0 447bb083 681c2600 68a59001  ...K..{D.&.h...h
I/DEBUG   (   89): 4003fefc e0086867 5ea8220c dd032800 99011c28  gh...".^.(..(...
I/DEBUG   (   89): 4003ff0c 43064788 3f013554 6824d5f4 d1ee2c00  .G.CT5.?..$h.,..
I/DEBUG   (   89): 4003ff1c 1c30b003 46c0bdf0 000285f2 1c0fb5f0  ..0....F........
I/DEBUG   (   89): 4003ff2c b0891c3d a9064355 604d9103 90064914  =...UC....M`.I..
I/DEBUG   (   89): 
I/DEBUG   (   89): memory map around addr deadbaad:
I/DEBUG   (   89): bed41000-bed62000 [stack]
I/DEBUG   (   89): (no map for address)
I/DEBUG   (   89): (no map above)
I/DEBUG   (   89): 
I/DEBUG   (   89): stack:
I/DEBUG   (   89):     bed61690  00000000  
I/DEBUG   (   89):     bed61694  9c8d7050  
I/DEBUG   (   89):     bed61698  4006870c  /system/lib/libc.so
I/DEBUG   (   89):     bed6169c  4006d85c  
I/DEBUG   (   89):     bed616a0  00000000  
I/DEBUG   (   89):     bed616a4  4003ff0f  /system/lib/libc.so
I/DEBUG   (   89):     bed616a8  4e1606c9  /system/lib/libmedia_jni.so
I/DEBUG   (   89):     bed616ac  4003ec75  /system/lib/libc.so
I/DEBUG   (   89):     bed616b0  ffffffff  
I/DEBUG   (   89):     bed616b4  00000000  
I/DEBUG   (   89):     bed616b8  00000000  
I/DEBUG   (   89):     bed616bc  4e160940  /system/lib/libmedia_jni.so
I/DEBUG   (   89):     bed616c0  bed61708  [stack]
I/DEBUG   (   89):     bed616c4  4003f08d  /system/lib/libc.so
I/DEBUG   (   89):     bed616c8  df0027ad  
I/DEBUG   (   89):     bed616cc  00000000  
I/DEBUG   (   89): #00 bed616d0  0000000e  
I/DEBUG   (   89):     bed616d4  00000100  
I/DEBUG   (   89):     bed616d8  4e15a141  /system/lib/libmedia_jni.so
I/DEBUG   (   89):     bed616dc  9c8d7050  
I/DEBUG   (   89):     bed616e0  2c300019  
I/DEBUG   (   89):     bed616e4  fffffbdf  
I/DEBUG   (   89):     bed616e8  0000f2c0  [heap]
I/DEBUG   (   89):     bed616ec  40868ffd  /system/lib/libdvm.so
I/DEBUG   (   89):     bed616f0  0000f2c0  [heap]
I/DEBUG   (   89):     bed616f4  401f865b  /system/lib/libnativehelper.so
I/DEBUG   (   89): #01 bed616f8  40868ffd  /system/lib/libdvm.so
I/DEBUG   (   89):     bed616fc  401f865b  /system/lib/libnativehelper.so
I/DEBUG   (   89):     bed61700  4e164ca0  /system/lib/libmedia_jni.so
I/DEBUG   (   89):     bed61704  00000015  
I/DEBUG   (   89):     bed61708  0000f2c0  [heap]
I/DEBUG   (   89):     bed6170c  2c400019  
I/DEBUG   (   89):     bed61710  0000f2c0  [heap]
I/DEBUG   (   89):     bed61714  4e158981  /system/lib/libmedia_jni.so
I/DEBUG   (   89):     bed61718  000de980  [heap]
I/DEBUG   (   89):     bed6171c  00012828  [heap]
I/DEBUG   (   89):     bed61720  00000000  
I/DEBUG   (   89):     bed61724  40175877  /system/lib/libandroid_runtime.so
I/DEBUG   (   89):     bed61728  4e158981  /system/lib/libmedia_jni.so
I/DEBUG   (   89):     bed6172c  4e159f69  /system/lib/libmedia_jni.so
I/DEBUG   (   89):     bed61730  4e158981  /system/lib/libmedia_jni.so
I/DEBUG   (   89):     bed61734  4e1589c5  /system/lib/libmedia_jni.so
I/DEBUG   (   89):     bed61738  4e158981  /system/lib/libmedia_jni.so
I/DEBUG   (   89):     bed6173c  0000f2c0  [heap]
I/ServiceManager(   86): service 'media.audio_flinger' died
I/ServiceManager(   86): service 'media.player' died
I/ServiceManager(   86): service 'media.camera' died
I/ServiceManager(   86): service 'media.audio_policy' died
I/Netd    (  167): Netd 1.0 starting
D/AndroidRuntime(  166): 
D/AndroidRuntime(  166): >>>>>> AndroidRuntime START com.android.internal.os.ZygoteInit <<<<<<
D/AndroidRuntime(  166): CheckJNI is OFF
I/        (  168): ServiceManager: 0xf958
I/HTC Acoustic(  168): libhtc_acoustic.so version 2.0.0.6.
I/HTC Acoustic(  168): deonvvv gingerbread test.
I/HTC Acoustic(  168): open /system/etc/AudioPara4_WB.csv success.
I/HTC Acoustic(  168): acoustic table version: MAL_WB_20110217
I/HTC Acoustic(  168): read_audio_para_from_file success.
E/HTC Acoustic(  168): Fail to open /system/etc/AudioPara_ALL.csv -1.
I/HTC Acoustic(  168): open /system/etc/AudioPara4.csv success.
I/HTC Acoustic(  168): acoustic table version: MAL_Gerenic_20110509
I/HTC Acoustic(  168): read_audio_para_from_file success.
I/HTC Acoustic(  168): get_audpp_filter
I/HTC Acoustic(  168): open /system/etc/AudioFilter.csv success.
I/HTC Acoustic(  168): MBADRC Filter MBADRC FLAG = ffff.
E/HTC Acoustic(  168): set mbadrc filter error.
I/HTC Acoustic(  168): failed to set audpp parameters, exiting.
I/HTC Acoustic(  168): get_audpre_filter
I/HTC Acoustic(  168): open /system/etc/AudioPreProcess.csv success.
D/AudioHardwareMSM72XX(  168): mNumSndEndpoints = 151
V/AudioHardwareMSM72XX(  168): constructed 151 SND endpoints)
D/AudioHardwareMSM72XX(  168): BT MATCH HANDSET
D/AudioHardwareMSM72XX(  168): BT MATCH SPEAKER
D/AudioHardwareMSM72XX(  168): BT MATCH HEADSET
D/AudioHardwareMSM72XX(  168): BT MATCH BT
D/AudioHardwareMSM72XX(  168): BT MATCH CARKIT
D/AudioHardwareMSM72XX(  168): BT MATCH TTY_FULL
D/AudioHardwareMSM72XX(  168): BT MATCH TTY_VCO
D/AudioHardwareMSM72XX(  168): BT MATCH TTY_HCO
D/AudioHardwareMSM72XX(  168): BT MATCH NO_MIC_HEADSET
D/AudioHardwareMSM72XX(  168): BT MATCH FM_HEADSET
D/AudioHardwareMSM72XX(  168): BT MATCH HEADSET_AND_SPEAKER
D/AudioHardwareMSM72XX(  168): BT MATCH FM_SPEAKER
D/AudioHardwareMSM72XX(  168): BT MATCH BT_EC_OFF
D/AudioHardwareMSM72XX(  168): BT MATCH BT_EC_OFF
D/AudioHardwareMSM72XX(  168): BT MATCH CURRENT
I/AudioFlinger(  168): Loaded primary audio interface from LEGACY Audio HW HAL (audio)
I/AudioFlinger(  168): Using 'LEGACY Audio HW HAL' (audio.primary) as the primary audio interface
I/AudioFlinger(  168): Loaded a2dp audio interface from A2DP Audio HW HAL (audio)
D/AudioHardwareInterface(  168): setMode(NORMAL)
I/AudioHardwareMSM72XX(  168): Set master volume to 5.
I/CameraService(  168): CameraService started (pid=168)
I/AudioFlinger(  168): AudioFlinger's thread 0x16f90 ready to run
W/AudioFlinger(  168): Thread AudioOut_1 cannot connect to the power manager service
V/AudioHardwareMSM72XX(  168): AudioStreamOutMSM72xx::setParameters() routing=2
V/AudioHardwareMSM72XX(  168): set output routing 2
I/AudioHardwareMSM72XX(  168): Routing audio to Speakerphone
V/AudioHardwareMSM72XX(  168): doAudioRouteOrMute() device 1, mMode 0, mMicMute 1
D/AudioHardwareMSM72XX(  168): setVoiceVolume(1.000000)
I/AudioHardwareMSM72XX(  168): Setting in-call volume to 5 (available range is 0 to 5)
I/AudioPolicyService(  168): Loaded audio policy from LEGACY Audio Policy HAL (audio_policy)
I/SamplingProfilerIntegration(  166): Profiling disabled.
I/Zygote  (  166): Preloading classes...
D/dalvikvm(  166): GC_EXPLICIT freed 37K, 84% free 410K/2560K, paused 1ms+1ms
D/dalvikvm(  166): GC_EXPLICIT freed 4K, 82% free 474K/2560K, paused 1ms+1ms
D/dalvikvm(  166): GC_EXPLICIT freed 20K, 81% free 510K/2560K, paused 3ms+1ms
D/dalvikvm(  166): GC_EXPLICIT freed 27K, 79% free 537K/2560K, paused 1ms+2ms
D/dalvikvm(  166): GC_EXPLICIT freed 15K, 78% free 577K/2560K, paused 1ms+1ms
D/dalvikvm(  166): GC_EXPLICIT freed 79K, 73% free 707K/2560K, paused 1ms+3ms
D/dalvikvm(  166): GC_EXPLICIT freed 31K, 72% free 731K/2560K, paused 1ms+2ms
D/TextLayoutCache(  166): Using debug level: 0 - Debug Enabled: 0
W/Zygote  (  166): Class not found for preloading: android.media.AudioManager$2
E/dalvikvm(  166): ERROR: couldn't find native method
E/dalvikvm(  166): Requested: Landroid/media/MediaRecorder;.native_start:()V
E/JNIHelp (  166): RegisterNatives failed for 'android/media/MediaRecorder', aborting
F/libc    (  166): Fatal signal 11 (SIGSEGV) at 0xdeadbaad (code=1)
I/DEBUG   (   89): *** *** *** *** *** *** *** *** *** *** *** *** *** *** *** ***
I/DEBUG   (   89): Build fingerprint: 'cyanogenmod/htc_marvel/marvel:4.0.4/ASN01/0.1:user/release-keys'
I/DEBUG   (   89): pid: 166, tid: 166  >>> zygote <<<
I/DEBUG   (   89): signal 11 (SIGSEGV), code 1 (SEGV_MAPERR), fault addr deadbaad
I/DEBUG   (   89):  r0 deadbaad  r1 0000000c  r2 00000027  r3 40000000
I/DEBUG   (   89):  r4 00000000  r5 00000080  r6 4e18c940  r7 beaef708
I/DEBUG   (   89):  r8 40832200  r9 00000006  10 4ba0ce08  fp fffffe50
I/DEBUG   (   89):  ip ffffffff  sp beaef6d0  lr 4003ff0f  pc 4003c6c6  cpsr 00000030
I/DEBUG   (   89):  d0  0008000049000000  d1  0000000040dc8000
I/DEBUG   (   89):  d2  403b800000000000  d3  c14ac800c1322000
I/DEBUG   (   89):  d4  0000000040dc8000  d5  000000000006e400
I/DEBUG   (   89):  d6  4140000000000800  d7  4140000041400000
I/DEBUG   (   89):  d8  0000000000000000  d9  0000000000000000
I/DEBUG   (   89):  d10 0000000000000000  d11 0000000000000000
I/DEBUG   (   89):  d12 0000000000000000  d13 0000000000000000
I/DEBUG   (   89):  d14 0000000000000000  d15 0000000000000000
I/DEBUG   (   89):  scr 60000010
I/DEBUG   (   89): 
I/DEBUG   (   89):          #00  pc 000176c6  /system/lib/libc.so
I/DEBUG   (   89):          #01  pc 0000c658  /system/lib/libnativehelper.so (jniRegisterNativeMethods)
I/DEBUG   (   89): 
I/DEBUG   (   89): code around pc:
I/DEBUG   (   89): 4003c6a4 1c2bd00c 2d00682d e027d1fb 2a0068da  ..+.-h.-..'..h.*
I/DEBUG   (   89): 4003c6b4 4b16d004 447b2001 47906018 22274814  ...K. {D.`.G.H'"
I/DEBUG   (   89): 4003c6c4 70022580 ef74f7f4 f7f62106 aa01e812  .%.p..t..!......
I/DEBUG   (   89): 4003c6d4 05692400 60546091 20061c11 f7f59401  .$i..`T`... ....
I/DEBUG   (   89): 4003c6e4 a905ebce 20022200 ebd6f7f5 ef60f7f4  .....". ......`.
I/DEBUG   (   89): 
I/DEBUG   (   89): code around lr:
I/DEBUG   (   89): 4003feec 4b0db5f0 447bb083 681c2600 68a59001  ...K..{D.&.h...h
I/DEBUG   (   89): 4003fefc e0086867 5ea8220c dd032800 99011c28  gh...".^.(..(...
I/DEBUG   (   89): 4003ff0c 43064788 3f013554 6824d5f4 d1ee2c00  .G.CT5.?..$h.,..
I/DEBUG   (   89): 4003ff1c 1c30b003 46c0bdf0 000285f2 1c0fb5f0  ..0....F........
I/DEBUG   (   89): 4003ff2c b0891c3d a9064355 604d9103 90064914  =...UC....M`.I..
I/DEBUG   (   89): 
I/DEBUG   (   89): memory map around addr deadbaad:
I/DEBUG   (   89): beacf000-beaf0000 [stack]
I/DEBUG   (   89): (no map for address)
I/DEBUG   (   89): (no map above)
I/DEBUG   (   89): 
I/DEBUG   (   89): stack:
I/DEBUG   (   89):     beaef690  00000000  
I/DEBUG   (   89):     beaef694  b2c4ada0  
I/DEBUG   (   89):     beaef698  4006870c  /system/lib/libc.so
I/DEBUG   (   89):     beaef69c  4006d85c  
I/DEBUG   (   89):     beaef6a0  00000000  
I/DEBUG   (   89):     beaef6a4  4003ff0f  /system/lib/libc.so
I/DEBUG   (   89):     beaef6a8  4e18c6c9  /system/lib/libmedia_jni.so
I/DEBUG   (   89):     beaef6ac  4003ec75  /system/lib/libc.so
I/DEBUG   (   89):     beaef6b0  ffffffff  
I/DEBUG   (   89):     beaef6b4  00000000  
I/DEBUG   (   89):     beaef6b8  00000000  
I/DEBUG   (   89):     beaef6bc  4e18c940  /system/lib/libmedia_jni.so
I/DEBUG   (   89):     beaef6c0  beaef708  [stack]
I/DEBUG   (   89):     beaef6c4  4003f08d  /system/lib/libc.so
I/DEBUG   (   89):     beaef6c8  df0027ad  
I/DEBUG   (   89):     beaef6cc  00000000  
I/DEBUG   (   89): #00 beaef6d0  0000000e  
I/DEBUG   (   89):     beaef6d4  00000100  
I/DEBUG   (   89):     beaef6d8  4e186141  /system/lib/libmedia_jni.so
I/DEBUG   (   89):     beaef6dc  b2c4ada0  
I/DEBUG   (   89):     beaef6e0  2c300019  
I/DEBUG   (   89):     beaef6e4  fffffbdf  
I/DEBUG   (   89):     beaef6e8  0000f2c0  [heap]
I/DEBUG   (   89):     beaef6ec  40868ffd  /system/lib/libdvm.so
I/DEBUG   (   89):     beaef6f0  0000f2c0  [heap]
I/DEBUG   (   89):     beaef6f4  401f865b  /system/lib/libnativehelper.so
I/DEBUG   (   89): #01 beaef6f8  40868ffd  /system/lib/libdvm.so
I/DEBUG   (   89):     beaef6fc  401f865b  /system/lib/libnativehelper.so
I/DEBUG   (   89):     beaef700  4e190ca0  /system/lib/libmedia_jni.so
I/DEBUG   (   89):     beaef704  00000015  
I/DEBUG   (   89):     beaef708  0000f2c0  [heap]
I/DEBUG   (   89):     beaef70c  2c400019  
I/DEBUG   (   89):     beaef710  0000f2c0  [heap]
I/DEBUG   (   89):     beaef714  4e184981  /system/lib/libmedia_jni.so
I/DEBUG   (   89):     beaef718  000e9ea0  [heap]
I/DEBUG   (   89):     beaef71c  00012828  [heap]
I/DEBUG   (   89):     beaef720  00000000  
I/DEBUG   (   89):     beaef724  40175877  /system/lib/libandroid_runtime.so
I/DEBUG   (   89):     beaef728  4e184981  /system/lib/libmedia_jni.so
I/DEBUG   (   89):     beaef72c  4e185f69  /system/lib/libmedia_jni.so
I/DEBUG   (   89):     beaef730  4e184981  /system/lib/libmedia_jni.so
I/DEBUG   (   89):     beaef734  4e1849c5  /system/lib/libmedia_jni.so
I/DEBUG   (   89):     beaef738  4e184981  /system/lib/libmedia_jni.so
I/DEBUG   (   89):     beaef73c  0000f2c0  [heap]
I/ServiceManager(   86): service 'media.audio_flinger' died
I/ServiceManager(   86): service 'media.player' died
I/ServiceManager(   86): service 'media.camera' died
I/ServiceManager(   86): service 'media.audio_policy' died
I/Netd    (  194): Netd 1.0 starting
D/AndroidRuntime(  195): 
D/AndroidRuntime(  195): >>>>>> AndroidRuntime START com.android.internal.os.ZygoteInit <<<<<<
D/AndroidRuntime(  195): CheckJNI is OFF
I/        (  196): ServiceManager: 0xf958
I/HTC Acoustic(  196): libhtc_acoustic.so version 2.0.0.6.
I/HTC Acoustic(  196): deonvvv gingerbread test.
I/HTC Acoustic(  196): open /system/etc/AudioPara4_WB.csv success.
I/HTC Acoustic(  196): acoustic table version: MAL_WB_20110217
I/HTC Acoustic(  196): read_audio_para_from_file success.
E/HTC Acoustic(  196): Fail to open /system/etc/AudioPara_ALL.csv -1.
I/HTC Acoustic(  196): open /system/etc/AudioPara4.csv success.
I/HTC Acoustic(  196): acoustic table version: MAL_Gerenic_20110509
I/HTC Acoustic(  196): read_audio_para_from_file success.
I/HTC Acoustic(  196): get_audpp_filter
I/HTC Acoustic(  196): open /system/etc/AudioFilter.csv success.
I/HTC Acoustic(  196): MBADRC Filter MBADRC FLAG = ffff.
E/HTC Acoustic(  196): set mbadrc filter error.
I/HTC Acoustic(  196): failed to set audpp parameters, exiting.
I/HTC Acoustic(  196): get_audpre_filter
I/HTC Acoustic(  196): open /system/etc/AudioPreProcess.csv success.
D/AudioHardwareMSM72XX(  196): mNumSndEndpoints = 151
V/AudioHardwareMSM72XX(  196): constructed 151 SND endpoints)
D/AudioHardwareMSM72XX(  196): BT MATCH HANDSET
D/AudioHardwareMSM72XX(  196): BT MATCH SPEAKER
D/AudioHardwareMSM72XX(  196): BT MATCH HEADSET
D/AudioHardwareMSM72XX(  196): BT MATCH BT
D/AudioHardwareMSM72XX(  196): BT MATCH CARKIT
D/AudioHardwareMSM72XX(  196): BT MATCH TTY_FULL
D/AudioHardwareMSM72XX(  196): BT MATCH TTY_VCO
D/AudioHardwareMSM72XX(  196): BT MATCH TTY_HCO
D/AudioHardwareMSM72XX(  196): BT MATCH NO_MIC_HEADSET
D/AudioHardwareMSM72XX(  196): BT MATCH FM_HEADSET
D/AudioHardwareMSM72XX(  196): BT MATCH HEADSET_AND_SPEAKER
D/AudioHardwareMSM72XX(  196): BT MATCH FM_SPEAKER
D/AudioHardwareMSM72XX(  196): BT MATCH BT_EC_OFF
D/AudioHardwareMSM72XX(  196): BT MATCH BT_EC_OFF
D/AudioHardwareMSM72XX(  196): BT MATCH CURRENT
I/AudioFlinger(  196): Loaded primary audio interface from LEGACY Audio HW HAL (audio)
I/AudioFlinger(  196): Using 'LEGACY Audio HW HAL' (audio.primary) as the primary audio interface
I/AudioFlinger(  196): Loaded a2dp audio interface from A2DP Audio HW HAL (audio)
D/AudioHardwareInterface(  196): setMode(NORMAL)
I/AudioHardwareMSM72XX(  196): Set master volume to 5.
I/CameraService(  196): CameraService started (pid=196)
I/AudioFlinger(  196): AudioFlinger's thread 0x16f90 ready to run
W/AudioFlinger(  196): Thread AudioOut_1 cannot connect to the power manager service
V/AudioHardwareMSM72XX(  196): AudioStreamOutMSM72xx::setParameters() routing=2
V/AudioHardwareMSM72XX(  196): set output routing 2
I/AudioHardwareMSM72XX(  196): Routing audio to Speakerphone
V/AudioHardwareMSM72XX(  196): doAudioRouteOrMute() device 1, mMode 0, mMicMute 1
D/AudioHardwareMSM72XX(  196): setVoiceVolume(1.000000)
I/AudioHardwareMSM72XX(  196): Setting in-call volume to 5 (available range is 0 to 5)
I/AudioPolicyService(  196): Loaded audio policy from LEGACY Audio Policy HAL (audio_policy)
I/SamplingProfilerIntegration(  195): Profiling disabled.
I/Zygote  (  195): Preloading classes...
D/dalvikvm(  195): GC_EXPLICIT freed 37K, 84% free 410K/2560K, paused 3ms+1ms
D/dalvikvm(  195): GC_EXPLICIT freed 4K, 82% free 474K/2560K, paused 0ms+1ms
D/dalvikvm(  195): GC_EXPLICIT freed 20K, 81% free 510K/2560K, paused 1ms+1ms
D/dalvikvm(  195): GC_EXPLICIT freed 27K, 79% free 537K/2560K, paused 1ms+1ms
D/dalvikvm(  195): GC_EXPLICIT freed 15K, 78% free 577K/2560K, paused 1ms+2ms
D/dalvikvm(  195): GC_EXPLICIT freed 79K, 73% free 707K/2560K, paused 1ms+1ms
D/dalvikvm(  195): GC_EXPLICIT freed 31K, 72% free 731K/2560K, paused 1ms+1ms
D/TextLayoutCache(  195): Using debug level: 0 - Debug Enabled: 0
W/Zygote  (  195): Class not found for preloading: android.media.AudioManager$2
E/dalvikvm(  195): ERROR: couldn't find native method
E/dalvikvm(  195): Requested: Landroid/media/MediaRecorder;.native_start:()V
E/JNIHelp (  195): RegisterNatives failed for 'android/media/MediaRecorder', aborting
F/libc    (  195): Fatal signal 11 (SIGSEGV) at 0xdeadbaad (code=1)
I/DEBUG   (   89): *** *** *** *** *** *** *** *** *** *** *** *** *** *** *** ***
I/DEBUG   (   89): Build fingerprint: 'cyanogenmod/htc_marvel/marvel:4.0.4/ASN01/0.1:user/release-keys'
I/DEBUG   (   89): pid: 195, tid: 195  >>> zygote <<<
I/DEBUG   (   89): signal 11 (SIGSEGV), code 1 (SEGV_MAPERR), fault addr deadbaad
I/DEBUG   (   89):  r0 deadbaad  r1 0000000c  r2 00000027  r3 40000000
I/DEBUG   (   89):  r4 00000000  r5 00000080  r6 4e18c940  r7 bec75708
I/DEBUG   (   89):  r8 40832200  r9 00000006  10 4ba0ce08  fp fffffe50
I/DEBUG   (   89):  ip ffffffff  sp bec756d0  lr 4003ff0f  pc 4003c6c6  cpsr 00000030
I/DEBUG   (   89):  d0  0008000049000000  d1  0000000040dc8000
I/DEBUG   (   89):  d2  403b800000000000  d3  c14ac800c1322000
I/DEBUG   (   89):  d4  0000000040dc8000  d5  000000000006e400
I/DEBUG   (   89):  d6  4140000000000800  d7  4140000041400000
I/DEBUG   (   89):  d8  0000000000000000  d9  0000000000000000
I/DEBUG   (   89):  d10 0000000000000000  d11 0000000000000000
I/DEBUG   (   89):  d12 0000000000000000  d13 0000000000000000
I/DEBUG   (   89):  d14 0000000000000000  d15 0000000000000000
I/DEBUG   (   89):  scr 60000010
I/DEBUG   (   89): 
I/DEBUG   (   89):          #00  pc 000176c6  /system/lib/libc.so
I/DEBUG   (   89):          #01  pc 0000c658  /system/lib/libnativehelper.so (jniRegisterNativeMethods)
I/DEBUG   (   89): 
I/DEBUG   (   89): code around pc:
I/DEBUG   (   89): 4003c6a4 1c2bd00c 2d00682d e027d1fb 2a0068da  ..+.-h.-..'..h.*
I/DEBUG   (   89): 4003c6b4 4b16d004 447b2001 47906018 22274814  ...K. {D.`.G.H'"
I/DEBUG   (   89): 4003c6c4 70022580 ef74f7f4 f7f62106 aa01e812  .%.p..t..!......
I/DEBUG   (   89): 4003c6d4 05692400 60546091 20061c11 f7f59401  .$i..`T`... ....
I/DEBUG   (   89): 4003c6e4 a905ebce 20022200 ebd6f7f5 ef60f7f4  .....". ......`.
I/DEBUG   (   89): 
I/DEBUG   (   89): code around lr:
I/DEBUG   (   89): 4003feec 4b0db5f0 447bb083 681c2600 68a59001  ...K..{D.&.h...h
I/DEBUG   (   89): 4003fefc e0086867 5ea8220c dd032800 99011c28  gh...".^.(..(...
I/DEBUG   (   89): 4003ff0c 43064788 3f013554 6824d5f4 d1ee2c00  .G.CT5.?..$h.,..
I/DEBUG   (   89): 4003ff1c 1c30b003 46c0bdf0 000285f2 1c0fb5f0  ..0....F........
I/DEBUG   (   89): 4003ff2c b0891c3d a9064355 604d9103 90064914  =...UC....M`.I..
I/DEBUG   (   89): 
I/DEBUG   (   89): memory map around addr deadbaad:
I/DEBUG   (   89): bec55000-bec76000 [stack]
I/DEBUG   (   89): (no map for address)
I/DEBUG   (   89): (no map above)
I/DEBUG   (   89): 
I/DEBUG   (   89): stack:
I/DEBUG   (   89):     bec75690  00000000  
I/DEBUG   (   89):     bec75694  73d0bb76  
I/DEBUG   (   89):     bec75698  4006870c  /system/lib/libc.so
I/DEBUG   (   89):     bec7569c  4006d85c  
I/DEBUG   (   89):     bec756a0  00000000  
I/DEBUG   (   89):     bec756a4  4003ff0f  /system/lib/libc.so
I/DEBUG   (   89):     bec756a8  4e18c6c9  /system/lib/libmedia_jni.so
I/DEBUG   (   89):     bec756ac  4003ec75  /system/lib/libc.so
I/DEBUG   (   89):     bec756b0  ffffffff  
I/DEBUG   (   89):     bec756b4  00000000  
I/DEBUG   (   89):     bec756b8  00000000  
I/DEBUG   (   89):     bec756bc  4e18c940  /system/lib/libmedia_jni.so
I/DEBUG   (   89):     bec756c0  bec75708  [stack]
I/DEBUG   (   89):     bec756c4  4003f08d  /system/lib/libc.so
I/DEBUG   (   89):     bec756c8  df0027ad  
I/DEBUG   (   89):     bec756cc  00000000  
I/DEBUG   (   89): #00 bec756d0  0000000e  
I/DEBUG   (   89):     bec756d4  00000100  
I/DEBUG   (   89):     bec756d8  4e186141  /system/lib/libmedia_jni.so
I/DEBUG   (   89):     bec756dc  73d0bb76  
I/DEBUG   (   89):     bec756e0  2c300019  
I/DEBUG   (   89):     bec756e4  fffffbdf  
I/DEBUG   (   89):     bec756e8  0000f2c0  [heap]
I/DEBUG   (   89):     bec756ec  40868ffd  /system/lib/libdvm.so
I/DEBUG   (   89):     bec756f0  0000f2c0  [heap]
I/DEBUG   (   89):     bec756f4  401f865b  /system/lib/libnativehelper.so
I/DEBUG   (   89): #01 bec756f8  40868ffd  /system/lib/libdvm.so
I/DEBUG   (   89):     bec756fc  401f865b  /system/lib/libnativehelper.so
I/DEBUG   (   89):     bec75700  4e190ca0  /system/lib/libmedia_jni.so
I/DEBUG   (   89):     bec75704  00000015  
I/DEBUG   (   89):     bec75708  0000f2c0  [heap]
I/DEBUG   (   89):     bec7570c  2c400019  
I/DEBUG   (   89):     bec75710  0000f2c0  [heap]
I/DEBUG   (   89):     bec75714  4e184981  /system/lib/libmedia_jni.so
I/DEBUG   (   89):     bec75718  000e9e48  [heap]
I/DEBUG   (   89):     bec7571c  00012828  [heap]
I/DEBUG   (   89):     bec75720  00000000  
I/DEBUG   (   89):     bec75724  40175877  /system/lib/libandroid_runtime.so
I/DEBUG   (   89):     bec75728  4e184981  /system/lib/libmedia_jni.so
I/DEBUG   (   89):     bec7572c  4e185f69  /system/lib/libmedia_jni.so
I/DEBUG   (   89):     bec75730  4e184981  /system/lib/libmedia_jni.so
I/DEBUG   (   89):     bec75734  4e1849c5  /system/lib/libmedia_jni.so
I/DEBUG   (   89):     bec75738  4e184981  /system/lib/libmedia_jni.so
I/DEBUG   (   89):     bec7573c  0000f2c0  [heap]
I/ServiceManager(   86): service 'media.audio_flinger' died
I/ServiceManager(   86): service 'media.player' died
I/ServiceManager(   86): service 'media.camera' died
I/ServiceManager(   86): service 'media.audio_policy' died
I/Netd    (  222): Netd 1.0 starting
D/AndroidRuntime(  223): 
D/AndroidRuntime(  223): >>>>>> AndroidRuntime START com.android.internal.os.ZygoteInit <<<<<<
D/AndroidRuntime(  223): CheckJNI is OFF
I/        (  224): ServiceManager: 0xf958
I/HTC Acoustic(  224): libhtc_acoustic.so version 2.0.0.6.
I/HTC Acoustic(  224): deonvvv gingerbread test.
I/HTC Acoustic(  224): open /system/etc/AudioPara4_WB.csv success.
I/HTC Acoustic(  224): acoustic table version: MAL_WB_20110217
I/HTC Acoustic(  224): read_audio_para_from_file success.
E/HTC Acoustic(  224): Fail to open /system/etc/AudioPara_ALL.csv -1.
I/HTC Acoustic(  224): open /system/etc/AudioPara4.csv success.
I/HTC Acoustic(  224): acoustic table version: MAL_Gerenic_20110509
I/HTC Acoustic(  224): read_audio_para_from_file success.
I/HTC Acoustic(  224): get_audpp_filter
I/HTC Acoustic(  224): open /system/etc/AudioFilter.csv success.
I/HTC Acoustic(  224): MBADRC Filter MBADRC FLAG = ffff.
E/HTC Acoustic(  224): set mbadrc filter error.
I/HTC Acoustic(  224): failed to set audpp parameters, exiting.
I/HTC Acoustic(  224): get_audpre_filter
I/HTC Acoustic(  224): open /system/etc/AudioPreProcess.csv success.
D/AudioHardwareMSM72XX(  224): mNumSndEndpoints = 151
V/AudioHardwareMSM72XX(  224): constructed 151 SND endpoints)
D/AudioHardwareMSM72XX(  224): BT MATCH HANDSET
D/AudioHardwareMSM72XX(  224): BT MATCH SPEAKER
D/AudioHardwareMSM72XX(  224): BT MATCH HEADSET
D/AudioHardwareMSM72XX(  224): BT MATCH BT
D/AudioHardwareMSM72XX(  224): BT MATCH CARKIT
D/AudioHardwareMSM72XX(  224): BT MATCH TTY_FULL
D/AudioHardwareMSM72XX(  224): BT MATCH TTY_VCO
D/AudioHardwareMSM72XX(  224): BT MATCH TTY_HCO
D/AudioHardwareMSM72XX(  224): BT MATCH NO_MIC_HEADSET
D/AudioHardwareMSM72XX(  224): BT MATCH FM_HEADSET
D/AudioHardwareMSM72XX(  224): BT MATCH HEADSET_AND_SPEAKER
D/AudioHardwareMSM72XX(  224): BT MATCH FM_SPEAKER
D/AudioHardwareMSM72XX(  224): BT MATCH BT_EC_OFF
D/AudioHardwareMSM72XX(  224): BT MATCH BT_EC_OFF
D/AudioHardwareMSM72XX(  224): BT MATCH CURRENT
I/AudioFlinger(  224): Loaded primary audio interface from LEGACY Audio HW HAL (audio)
I/AudioFlinger(  224): Using 'LEGACY Audio HW HAL' (audio.primary) as the primary audio interface
I/AudioFlinger(  224): Loaded a2dp audio interface from A2DP Audio HW HAL (audio)
D/AudioHardwareInterface(  224): setMode(NORMAL)
I/AudioHardwareMSM72XX(  224): Set master volume to 5.
I/CameraService(  224): CameraService started (pid=224)
I/AudioFlinger(  224): AudioFlinger's thread 0x16f90 ready to run
W/AudioFlinger(  224): Thread AudioOut_1 cannot connect to the power manager service
V/AudioHardwareMSM72XX(  224): AudioStreamOutMSM72xx::setParameters() routing=2
V/AudioHardwareMSM72XX(  224): set output routing 2
I/AudioHardwareMSM72XX(  224): Routing audio to Speakerphone
V/AudioHardwareMSM72XX(  224): doAudioRouteOrMute() device 1, mMode 0, mMicMute 1
D/AudioHardwareMSM72XX(  224): setVoiceVolume(1.000000)
I/AudioHardwareMSM72XX(  224): Setting in-call volume to 5 (available range is 0 to 5)
I/AudioPolicyService(  224): Loaded audio policy from LEGACY Audio Policy HAL (audio_policy)
I/SamplingProfilerIntegration(  223): Profiling disabled.
I/Zygote  (  223): Preloading classes...
D/dalvikvm(  223): GC_EXPLICIT freed 37K, 84% free 410K/2560K, paused 1ms+1ms
D/dalvikvm(  223): GC_EXPLICIT freed 4K, 82% free 474K/2560K, paused 1ms+1ms
D/dalvikvm(  223): GC_EXPLICIT freed 20K, 81% free 510K/2560K, paused 1ms+1ms
D/dalvikvm(  223): GC_EXPLICIT freed 27K, 79% free 537K/2560K, paused 1ms+1ms
D/dalvikvm(  223): GC_EXPLICIT freed 15K, 78% free 577K/2560K, paused 1ms+1ms
D/dalvikvm(  223): GC_EXPLICIT freed 79K, 73% free 707K/2560K, paused 3ms+1ms
D/dalvikvm(  223): GC_EXPLICIT freed 31K, 72% free 731K/2560K, paused 1ms+2ms
D/TextLayoutCache(  223): Using debug level: 0 - Debug Enabled: 0
W/Zygote  (  223): Class not found for preloading: android.media.AudioManager$2
E/dalvikvm(  223): ERROR: couldn't find native method
E/dalvikvm(  223): Requested: Landroid/media/MediaRecorder;.native_start:()V
E/JNIHelp (  223): RegisterNatives failed for 'android/media/MediaRecorder', aborting
F/libc    (  223): Fatal signal 11 (SIGSEGV) at 0xdeadbaad (code=1)
I/DEBUG   (   89): *** *** *** *** *** *** *** *** *** *** *** *** *** *** *** ***
I/DEBUG   (   89): Build fingerprint: 'cyanogenmod/htc_marvel/marvel:4.0.4/ASN01/0.1:user/release-keys'
I/DEBUG   (   89): pid: 223, tid: 223  >>> zygote <<<
I/DEBUG   (   89): signal 11 (SIGSEGV), code 1 (SEGV_MAPERR), fault addr deadbaad
I/DEBUG   (   89):  r0 deadbaad  r1 0000000c  r2 00000027  r3 40000000
I/DEBUG   (   89):  r4 00000000  r5 00000080  r6 4e18c940  r7 bef0d708
I/DEBUG   (   89):  r8 40832200  r9 00000006  10 4ba0ce08  fp fffffe50
I/DEBUG   (   89):  ip ffffffff  sp bef0d6d0  lr 4003ff0f  pc 4003c6c6  cpsr 00000030
I/DEBUG   (   89):  d0  0008000049000000  d1  0000000040dc8000
I/DEBUG   (   89):  d2  403b800000000000  d3  c14ac800c1322000
I/DEBUG   (   89):  d4  0000000040dc8000  d5  000000000006e400
I/DEBUG   (   89):  d6  4140000000000800  d7  4140000041400000
I/DEBUG   (   89):  d8  0000000000000000  d9  0000000000000000
I/DEBUG   (   89):  d10 0000000000000000  d11 0000000000000000
I/DEBUG   (   89):  d12 0000000000000000  d13 0000000000000000
I/DEBUG   (   89):  d14 0000000000000000  d15 0000000000000000
I/DEBUG   (   89):  scr 60000010
I/DEBUG   (   89): 
I/DEBUG   (   89):          #00  pc 000176c6  /system/lib/libc.so
I/DEBUG   (   89):          #01  pc 0000c658  /system/lib/libnativehelper.so (jniRegisterNativeMethods)
I/DEBUG   (   89): 
I/DEBUG   (   89): code around pc:
I/DEBUG   (   89): 4003c6a4 1c2bd00c 2d00682d e027d1fb 2a0068da  ..+.-h.-..'..h.*
I/DEBUG   (   89): 4003c6b4 4b16d004 447b2001 47906018 22274814  ...K. {D.`.G.H'"
I/DEBUG   (   89): 4003c6c4 70022580 ef74f7f4 f7f62106 aa01e812  .%.p..t..!......
I/DEBUG   (   89): 4003c6d4 05692400 60546091 20061c11 f7f59401  .$i..`T`... ....
I/DEBUG   (   89): 4003c6e4 a905ebce 20022200 ebd6f7f5 ef60f7f4  .....". ......`.
I/DEBUG   (   89): 
I/DEBUG   (   89): code around lr:
I/DEBUG   (   89): 4003feec 4b0db5f0 447bb083 681c2600 68a59001  ...K..{D.&.h...h
I/DEBUG   (   89): 4003fefc e0086867 5ea8220c dd032800 99011c28  gh...".^.(..(...
I/DEBUG   (   89): 4003ff0c 43064788 3f013554 6824d5f4 d1ee2c00  .G.CT5.?..$h.,..
I/DEBUG   (   89): 4003ff1c 1c30b003 46c0bdf0 000285f2 1c0fb5f0  ..0....F........
I/DEBUG   (   89): 4003ff2c b0891c3d a9064355 604d9103 90064914  =...UC....M`.I..
I/DEBUG   (   89): 
I/DEBUG   (   89): memory map around addr deadbaad:
I/DEBUG   (   89): beeed000-bef0e000 [stack]
I/DEBUG   (   89): (no map for address)
I/DEBUG   (   89): (no map above)
I/DEBUG   (   89): 
I/DEBUG   (   89): stack:
I/DEBUG   (   89):     bef0d690  00000000  
I/DEBUG   (   89):     bef0d694  58745b67  
I/DEBUG   (   89):     bef0d698  4006870c  /system/lib/libc.so
I/DEBUG   (   89):     bef0d69c  4006d85c  
I/DEBUG   (   89):     bef0d6a0  00000000  
I/DEBUG   (   89):     bef0d6a4  4003ff0f  /system/lib/libc.so
I/DEBUG   (   89):     bef0d6a8  4e18c6c9  /system/lib/libmedia_jni.so
I/DEBUG   (   89):     bef0d6ac  4003ec75  /system/lib/libc.so
I/DEBUG   (   89):     bef0d6b0  ffffffff  
I/DEBUG   (   89):     bef0d6b4  00000000  
I/DEBUG   (   89):     bef0d6b8  00000000  
I/DEBUG   (   89):     bef0d6bc  4e18c940  /system/lib/libmedia_jni.so
I/DEBUG   (   89):     bef0d6c0  bef0d708  [stack]
I/DEBUG   (   89):     bef0d6c4  4003f08d  /system/lib/libc.so
I/DEBUG   (   89):     bef0d6c8  df0027ad  
I/DEBUG   (   89):     bef0d6cc  00000000  
I/DEBUG   (   89): #00 bef0d6d0  0000000e  
I/DEBUG   (   89):     bef0d6d4  00000100  
I/DEBUG   (   89):     bef0d6d8  4e186141  /system/lib/libmedia_jni.so
I/DEBUG   (   89):     bef0d6dc  58745b67  
I/DEBUG   (   89):     bef0d6e0  2c300019  
I/DEBUG   (   89):     bef0d6e4  fffffbdf  
I/DEBUG   (   89):     bef0d6e8  0000f2c0  [heap]
I/DEBUG   (   89):     bef0d6ec  40868ffd  /system/lib/libdvm.so
I/DEBUG   (   89):     bef0d6f0  0000f2c0  [heap]
I/DEBUG   (   89):     bef0d6f4  401f865b  /system/lib/libnativehelper.so
I/DEBUG   (   89): #01 bef0d6f8  40868ffd  /system/lib/libdvm.so
I/DEBUG   (   89):     bef0d6fc  401f865b  /system/lib/libnativehelper.so
I/DEBUG   (   89):     bef0d700  4e190ca0  /system/lib/libmedia_jni.so
I/DEBUG   (   89):     bef0d704  00000015  
I/DEBUG   (   89):     bef0d708  0000f2c0  [heap]
I/DEBUG   (   89):     bef0d70c  2c400019  
I/DEBUG   (   89):     bef0d710  0000f2c0  [heap]
I/DEBUG   (   89):     bef0d714  4e184981  /system/lib/libmedia_jni.so
I/DEBUG   (   89):     bef0d718  000e9e48  [heap]
I/DEBUG   (   89):     bef0d71c  00012828  [heap]
I/DEBUG   (   89):     bef0d720  00000000  
I/DEBUG   (   89):     bef0d724  40175877  /system/lib/libandroid_runtime.so
I/DEBUG   (   89):     bef0d728  4e184981  /system/lib/libmedia_jni.so
I/DEBUG   (   89):     bef0d72c  4e185f69  /system/lib/libmedia_jni.so
I/DEBUG   (   89):     bef0d730  4e184981  /system/lib/libmedia_jni.so
I/DEBUG   (   89):     bef0d734  4e1849c5  /system/lib/libmedia_jni.so
I/DEBUG   (   89):     bef0d738  4e184981  /system/lib/libmedia_jni.so
I/DEBUG   (   89):     bef0d73c  0000f2c0  [heap]
I/ServiceManager(   86): service 'media.audio_flinger' died
I/ServiceManager(   86): service 'media.player' died
I/ServiceManager(   86): service 'media.camera' died
I/ServiceManager(   86): service 'media.audio_policy' died
I/Netd    (  250): Netd 1.0 starting
D/AndroidRuntime(  251): 
D/AndroidRuntime(  251): >>>>>> AndroidRuntime START com.android.internal.os.ZygoteInit <<<<<<
D/AndroidRuntime(  251): CheckJNI is OFF
I/        (  252): ServiceManager: 0xf958
I/HTC Acoustic(  252): libhtc_acoustic.so version 2.0.0.6.
I/HTC Acoustic(  252): deonvvv gingerbread test.
I/HTC Acoustic(  252): open /system/etc/AudioPara4_WB.csv success.
I/HTC Acoustic(  252): acoustic table version: MAL_WB_20110217
I/HTC Acoustic(  252): read_audio_para_from_file success.
E/HTC Acoustic(  252): Fail to open /system/etc/AudioPara_ALL.csv -1.
I/HTC Acoustic(  252): open /system/etc/AudioPara4.csv success.
I/HTC Acoustic(  252): acoustic table version: MAL_Gerenic_20110509
I/HTC Acoustic(  252): read_audio_para_from_file success.
I/HTC Acoustic(  252): get_audpp_filter
I/HTC Acoustic(  252): open /system/etc/AudioFilter.csv success.
I/HTC Acoustic(  252): MBADRC Filter MBADRC FLAG = ffff.
E/HTC Acoustic(  252): set mbadrc filter error.
I/HTC Acoustic(  252): failed to set audpp parameters, exiting.
I/HTC Acoustic(  252): get_audpre_filter
I/HTC Acoustic(  252): open /system/etc/AudioPreProcess.csv success.
D/AudioHardwareMSM72XX(  252): mNumSndEndpoints = 151
V/AudioHardwareMSM72XX(  252): constructed 151 SND endpoints)
D/AudioHardwareMSM72XX(  252): BT MATCH HANDSET
D/AudioHardwareMSM72XX(  252): BT MATCH SPEAKER
D/AudioHardwareMSM72XX(  252): BT MATCH HEADSET
D/AudioHardwareMSM72XX(  252): BT MATCH BT
D/AudioHardwareMSM72XX(  252): BT MATCH CARKIT
D/AudioHardwareMSM72XX(  252): BT MATCH TTY_FULL
D/AudioHardwareMSM72XX(  252): BT MATCH TTY_VCO
D/AudioHardwareMSM72XX(  252): BT MATCH TTY_HCO
D/AudioHardwareMSM72XX(  252): BT MATCH NO_MIC_HEADSET
D/AudioHardwareMSM72XX(  252): BT MATCH FM_HEADSET
D/AudioHardwareMSM72XX(  252): BT MATCH HEADSET_AND_SPEAKER
D/AudioHardwareMSM72XX(  252): BT MATCH FM_SPEAKER
D/AudioHardwareMSM72XX(  252): BT MATCH BT_EC_OFF
D/AudioHardwareMSM72XX(  252): BT MATCH BT_EC_OFF
D/AudioHardwareMSM72XX(  252): BT MATCH CURRENT
I/AudioFlinger(  252): Loaded primary audio interface from LEGACY Audio HW HAL (audio)
I/AudioFlinger(  252): Using 'LEGACY Audio HW HAL' (audio.primary) as the primary audio interface
I/AudioFlinger(  252): Loaded a2dp audio interface from A2DP Audio HW HAL (audio)
D/AudioHardwareInterface(  252): setMode(NORMAL)
I/AudioHardwareMSM72XX(  252): Set master volume to 5.
I/CameraService(  252): CameraService started (pid=252)
I/AudioFlinger(  252): AudioFlinger's thread 0x16ff8 ready to run
W/AudioFlinger(  252): Thread AudioOut_1 cannot connect to the power manager service
V/AudioHardwareMSM72XX(  252): AudioStreamOutMSM72xx::setParameters() routing=2
V/AudioHardwareMSM72XX(  252): set output routing 2
I/AudioHardwareMSM72XX(  252): Routing audio to Speakerphone
V/AudioHardwareMSM72XX(  252): doAudioRouteOrMute() device 1, mMode 0, mMicMute 1
D/AudioHardwareMSM72XX(  252): setVoiceVolume(1.000000)
I/AudioHardwareMSM72XX(  252): Setting in-call volume to 5 (available range is 0 to 5)
I/AudioPolicyService(  252): Loaded audio policy from LEGACY Audio Policy HAL (audio_policy)
I/SamplingProfilerIntegration(  251): Profiling disabled.
I/Zygote  (  251): Preloading classes...
D/dalvikvm(  251): GC_EXPLICIT freed 37K, 84% free 410K/2560K, paused 1ms+1ms
D/dalvikvm(  251): GC_EXPLICIT freed 4K, 82% free 474K/2560K, paused 1ms+1ms
D/dalvikvm(  251): GC_EXPLICIT freed 20K, 81% free 510K/2560K, paused 1ms+1ms
D/dalvikvm(  251): GC_EXPLICIT freed 27K, 79% free 537K/2560K, paused 1ms+1ms
D/dalvikvm(  251): GC_EXPLICIT freed 15K, 78% free 577K/2560K, paused 1ms+1ms
D/dalvikvm(  251): GC_EXPLICIT freed 79K, 73% free 707K/2560K, paused 1ms+1ms
D/dalvikvm(  251): GC_EXPLICIT freed 31K, 72% free 731K/2560K, paused 1ms+1ms
D/TextLayoutCache(  251): Using debug level: 0 - Debug Enabled: 0
W/Zygote  (  251): Class not found for preloading: android.media.AudioManager$2
