D/dalvikvm(  219): GC_EXPLICIT freed 80K, 6% free 3464K/3651K, paused 4ms+5ms
D/dalvikvm(  219): GC_EXPLICIT freed 622K, 19% free 3739K/4611K, paused 8ms+8ms
D/dalvikvm(  219): GC_EXPLICIT freed 40K, 19% free 3758K/4611K, paused 4ms+4ms
D/dalvikvm(  219): GC_EXPLICIT freed 37K, 19% free 3776K/4611K, paused 3ms+5ms
D/dalvikvm(  219): GC_EXPLICIT freed 34K, 18% free 3794K/4611K, paused 4ms+4ms
D/dalvikvm(  219): GC_EXPLICIT freed 41K, 18% free 3812K/4611K, paused 4ms+4ms
D/dalvikvm(  219): GC_EXPLICIT freed 45K, 17% free 3833K/4611K, paused 4ms+4ms
D/dalvikvm(  219): GC_EXPLICIT freed 56K, 17% free 3858K/4611K, paused 4ms+5ms
D/dalvikvm(  219): GC_EXPLICIT freed 36K, 16% free 3880K/4611K, paused 4ms+4ms
D/dalvikvm(  219): GC_EXPLICIT freed 423K, 12% free 4069K/4611K, paused 4ms+5ms
D/dalvikvm(  219): GC_EXPLICIT freed 108K, 11% free 4112K/4611K, paused 3ms+4ms
D/dalvikvm(  219): GC_EXPLICIT freed 43K, 11% free 4132K/4611K, paused 4ms+5ms
D/dalvikvm(  219): GC_EXPLICIT freed 15K, 9% free 5648K/6147K, paused 3ms+5ms
D/dalvikvm(  219): GC_EXPLICIT freed 5K, 8% free 7145K/7683K, paused 4ms+4ms
D/dalvikvm(  219): GC_EXPLICIT freed 33K, 7% free 7165K/7683K, paused 4ms+5ms
D/dalvikvm(  219): GC_EXPLICIT freed 45K, 7% free 7184K/7683K, paused 4ms+5ms
D/dalvikvm(  219): GC_EXPLICIT freed 34K, 7% free 7201K/7683K, paused 4ms+5ms
D/dalvikvm(  219): GC_EXPLICIT freed 40K, 7% free 7222K/7683K, paused 4ms+5ms
D/dalvikvm(  219): GC_EXPLICIT freed 38K, 6% free 7238K/7683K, paused 4ms+4ms
D/dalvikvm(  219): GC_EXPLICIT freed 34K, 6% free 7255K/7683K, paused 4ms+4ms
D/dalvikvm(  219): GC_EXPLICIT freed 42K, 6% free 7276K/7683K, paused 4ms+5ms
D/dalvikvm(  219): GC_EXPLICIT freed 41K, 6% free 7294K/7683K, paused 7ms+10ms
D/dalvikvm(  219): GC_EXPLICIT freed 40K, 5% free 7311K/7683K, paused 4ms+5ms
D/dalvikvm(  219): GC_EXPLICIT freed 40K, 5% free 7330K/7683K, paused 3ms+5ms
D/dalvikvm(  219): GC_EXPLICIT freed 78K, 5% free 7364K/7683K, paused 4ms+4ms
D/dalvikvm(  219): GC_EXPLICIT freed 35K, 4% free 7379K/7683K, paused 4ms+5ms
D/dalvikvm(  219): GC_EXPLICIT freed 47K, 4% free 7401K/7683K, paused 8ms+6ms
D/dalvikvm(  219): GC_EXPLICIT freed 34K, 4% free 7416K/7683K, paused 4ms+5ms
D/dalvikvm(  219): GC_EXPLICIT freed 46K, 4% free 7437K/7683K, paused 4ms+5ms
D/dalvikvm(  219): GC_EXPLICIT freed 35K, 3% free 7455K/7683K, paused 4ms+5ms
D/dalvikvm(  219): GC_EXPLICIT freed 37K, 3% free 7471K/7683K, paused 4ms+5ms
D/dalvikvm(  219): GC_EXPLICIT freed 39K, 3% free 7490K/7683K, paused 4ms+5ms
D/dalvikvm(  219): GC_EXPLICIT freed 35K, 3% free 7507K/7683K, paused 5ms+5ms
D/dalvikvm(  219): GC_EXPLICIT freed 44K, 3% free 7528K/7683K, paused 4ms+6ms
D/dalvikvm(  219): GC_EXPLICIT freed 61K, 2% free 7559K/7683K, paused 4ms+7ms
D/dalvikvm(  219): GC_EXPLICIT freed 49K, 2% free 7578K/7683K, paused 3ms+4ms
D/dalvikvm(  219): GC_EXPLICIT freed 49K, 2% free 7603K/7683K, paused 4ms+5ms
D/dalvikvm(  219): GC_EXPLICIT freed 49K, 2% free 7623K/7747K, paused 4ms+5ms
D/dalvikvm(  219): GC_EXPLICIT freed 35K, 2% free 7645K/7747K, paused 4ms+5ms
D/dalvikvm(  219): GC_EXPLICIT freed 46K, 1% free 7672K/7747K, paused 4ms+5ms
I/Zygote  (  219): ...preloaded 379 resources in 7696ms.
D/dalvikvm(  219): GC_EXPLICIT freed 41K, 1% free 7684K/7747K, paused 4ms+8ms
I/Zygote  (  219): ...preloaded 31 resources in 94ms.
D/dalvikvm(  219): GC_EXPLICIT freed 11K, 1% free 7674K/7747K, paused 4ms+5ms
D/dalvikvm(  219): GC_EXPLICIT freed <1K, 1% free 7673K/7747K, paused 4ms+5ms
D/dalvikvm(  219): GC_EXPLICIT freed <1K, 1% free 7673K/7747K, paused 4ms+4ms
I/dalvikvm(  219): System server process 247 has been created
I/Zygote  (  219): Accepting command socket connections
I/sysproc (  247): Entered system_init()
I/sysproc (  247): ServiceManager: 0x1eff60
D/SensorService(  247): nuSensorService starting...
I/SensorService(  247): BMA150 3-axis Accelerometer
I/SensorService(  247): AK8975 3-axis Magnetic field sensor
I/SensorService(  247): AK8975 Orientation sensor
I/SensorService(  247): CM3602 Proximity sensor
I/SensorService(  247): CM3602 Light sensor
D/AK8975  (   98): Compass Start
I/sysproc (  247): System server: starting Android runtime.
I/sysproc (  247): System server: starting Android services.
I/SystemServer(  247): Entered the Android system server!
D/SensorService(  247): nuSensorService thread starting...
I/sysproc (  247): System server: entering thread pool.
I/SystemServer(  247): Entropy Service
I/SystemServer(  247): Power Manager
I/SystemServer(  247): Activity Manager
I/ActivityManager(  247): Memory class: 48
W/UsageStats(  247): Usage stats version changed; dropping
I/SystemServer(  247): Telephony Registry
I/SystemServer(  247): Package Manager
D/AK8975  (   98): Compass CLOSE 
W/ResourceType(  247): No known package when getting value for resource number 0x030d0015
W/ResourceType(  247): No known package when getting value for resource number 0x030d0015
W/ResourceType(  247): No known package when getting value for resource number 0x030d0015
W/ResourceType(  247): No known package when getting value for resource number 0x030d0015
W/ResourceType(  247): No known package when getting value for resource number 0x030d0020
W/ResourceType(  247): No known package when getting value for resource number 0x030d0015
W/ResourceType(  247): No known package when getting value for resource number 0x030d0015
W/ResourceType(  247): No known package when getting value for resource number 0x030d0015
W/ResourceType(  247): No known package when getting value for resource number 0x030d0020
W/ResourceType(  247): No known package when getting value for resource number 0x030d0020
W/ResourceType(  247): No known package when getting value for resource number 0x030d0020
W/ResourceType(  247): No known package when getting value for resource number 0x030d0020
W/ResourceType(  247): No known package when getting value for resource number 0x030d0023
W/ResourceType(  247): No known package when getting value for resource number 0x030d0023
W/ResourceType(  247): No known package when getting value for resource number 0x030d0015
W/ResourceType(  247): No known package when getting value for resource number 0x030d0015
W/ResourceType(  247): No known package when getting value for resource number 0x030d0015
W/ResourceType(  247): No known package when getting value for resource number 0x030d0015
W/ResourceType(  247): No known package when getting value for resource number 0x030d0015
W/ResourceType(  247): No known package when getting value for resource number 0x030d0015
W/ResourceType(  247): No known package when getting value for resource number 0x030d0015
W/ResourceType(  247): No known package when getting value for resource number 0x030d0020
W/ResourceType(  247): No known package when getting value for resource number 0x030d0020
W/ResourceType(  247): No known package when getting value for resource number 0x030d0020
W/ResourceType(  247): No known package when getting value for resource number 0x030d0020
W/ResourceType(  247): No known package when getting value for resource number 0x030d0020
W/ResourceType(  247): No known package when getting value for resource number 0x030d0015
W/ResourceType(  247): No known package when getting value for resource number 0x030d0015
W/ResourceType(  247): No known package when getting value for resource number 0x030d0015
W/ResourceType(  247): No known package when getting value for resource number 0x030d0015
W/ResourceType(  247): No known package when getting value for resource number 0x030d0015
W/PackageManager(  247): Package com.miui.gallery desires unavailable shared library com.google.android.media.effects; ignoring!
I/PackageManager(  247): /system/app/GoogleBackupTransport.apk changed; collecting certs
W/PackageManager(  247): Signature mismatch for shared user : SharedUserSetting{412462a8 android.uid.system/1000}
E/PackageManager(  247): Package com.google.android.backup has no signatures that match those in shared user android.uid.system; ignoring!
W/ResourceType(  247): No known package when getting value for resource number 0x030d0015
W/ResourceType(  247): No known package when getting value for resource number 0x030d0015
W/PackageParser(  247): No actions in intent filter at /system/app/Contacts.apk Binary XML file line #570
W/ResourceType(  247): No known package when getting value for resource number 0x030d0015
W/PackageManager(  247): Package com.android.camera desires unavailable shared library com.google.android.media.effects; ignoring!
W/PackageParser(  247): No actions in intent filter at /system/app/Bluetooth.apk Binary XML file line #112
W/ResourceType(  247): No known package when getting value for resource number 0x030d0015
W/ResourceType(  247): No known package when getting value for resource number 0x030d0015
W/ResourceType(  247): No known package when getting value for resource number 0x030d0015
W/ResourceType(  247): No known package when getting value for resource number 0x030d0015
D/PackageManager(  247): No files in app dir /vendor/app
I/Installer(  247): connecting...
I/installd(   96): new connection
I/PackageManager(  247): Time to scan packages: 1.474 seconds
W/PackageManager(  247): Removing dangling permission: com.tmobile.permission.ACCESS_DRM_THEME from package null
W/PackageManager(  247): Unknown permission com.android.vending.permission.UPDATE_MARKET_FAILURE in package com.android.vending.updater
W/PackageManager(  247): Unknown permission android.permission.ADD_SYSTEM_SERVICE in package com.android.phone
W/PackageManager(  247): Unknown permission android.permission.WRITE_INTERNAL_STORAGE in package com.miui.player
W/PackageManager(  247): Unknown permission com.android.vending.billing.IBillingAccountService.BIND2 in package com.google.android.gsf.login
W/PackageManager(  247): Not granting permission android.permission.SEND_DOWNLOAD_COMPLETED_INTENTS to package com.android.browser (protectionLevel=2 flags=0x9be45)
W/PackageManager(  247): Unknown permission android.permission.WRITE_INTERNAL_STORAGE in package com.android.updater
W/PackageManager(  247): Unknown permission android.permission.READ_EXTERNAL_STORAGE in package com.android.vending
W/PackageManager(  247): Unknown permission com.google.android.voicesearch.AUDIO_FILE_ACCESS in package com.google.android.gm
W/PackageManager(  247): Not granting permission android.permission.DEVICE_POWER to package com.android.deskclock (protectionLevel=2 flags=0x8be45)
W/PackageManager(  247): Unknown permission com.sonyericsson.permission.FACEBOOK in package com.sonyericsson.home
D/dalvikvm(  247): GC_EXPLICIT freed 2031K, 27% free 9444K/12867K, paused 5ms+16ms
I/SystemServer(  247): Account Manager
D/PackageManager(  247): generateServicesMap(android.accounts.AccountAuthenticator): 4 services unchanged
I/SystemServer(  247): Content Manager
D/PackageManager(  247): generateServicesMap(android.content.SyncAdapter): 10 services unchanged
I/ActivityThread(  247): Pub yellowpage: com.miui.providers.telocation.YellowPageProvider
I/SystemServer(  247): System Content Providers
I/ActivityThread(  247): Pub settings: com.android.providers.settings.SettingsProvider
I/ActivityThread(  247): Pub telocation: com.miui.providers.telocation.TelocationProvider
D/SettingsProvider(  247): cache for settings table 'secure' rows=29; fullycached=true
D/SettingsProvider(  247): cache for settings table 'system' rows=47; fullycached=true
I/SystemServer(  247): Lights Service
I/SystemServer(  247): Battery Service
I/SystemServer(  247): Vibrator Service
I/power   (  247): *** set_screen_state 1
I/SystemServer(  247): Alarm Manager
I/SystemServer(  247): Init Watchdog
I/SystemServer(  247): Window Manager
I/InputManager(  247): Initializing input manager
W/StatusBarManager(  247): warning: no STATUS_BAR_SERVICE
W/StatusBarManager(  247): warning: no STATUS_BAR_SERVICE
E/ExtendedExtractor(  221): Failed to open MM_PARSER_LIB, dlerror = Cannot load library: load_library[1143]: Library 'libmmparser.so' not found 
E/ExtendedExtractor(  221): Failed to open MM_PARSER_LITE_LIB, dlerror = Cannot load library: load_library[1143]: Library 'libmmparser_lite.so' not found 
W/ResourceType(  247): No known package when getting value for resource number 0x03060008
D/AK8975  (   98): Compass Start
W/dalvikvm(  247): threadid=24: thread exiting with uncaught exception (group=0x40a6a1f8)
E/AndroidRuntime(  247): *** FATAL EXCEPTION IN SYSTEM PROCESS: WindowManagerPolicy
E/AndroidRuntime(  247): android.content.res.Resources$NotFoundException: Resource ID #0x3060008
E/AndroidRuntime(  247): 	at android.content.res.Resources.getValue(Resources.java:1022)
E/AndroidRuntime(  247): 	at android.content.res.MiuiResources.getValue(MiuiResources.java:56)
E/AndroidRuntime(  247): 	at miui.util.ResourceMapper.resolveReference(ResourceMapper.java:9)
E/AndroidRuntime(  247): 	at miui.util.HapticFeedbackUtil.updateSettings(HapticFeedbackUtil.java:109)
E/AndroidRuntime(  247): 	at miui.util.HapticFeedbackUtil$SettingsObserver.observe(HapticFeedbackUtil.java:92)
E/AndroidRuntime(  247): 	at miui.util.HapticFeedbackUtil.<init>(HapticFeedbackUtil.java:75)
E/AndroidRuntime(  247): 	at com.android.internal.policy.impl.MiuiPhoneWindowManager.init(MiuiPhoneWindowManager.java:106)
E/AndroidRuntime(  247): 	at com.android.server.wm.WindowManagerService$PolicyThread.run(WindowManagerService.java:737)
I/Process (  247): Sending signal. PID: 247 SIG: 9
I/ServiceManager(   86): service 'alarm' died
I/ServiceManager(   86): service 'gfxinfo' died
I/ServiceManager(   86): service 'cpuinfo' died
I/ServiceManager(   86): service 'content' died
I/ServiceManager(   86): service 'power' died
I/ServiceManager(   86): service 'telephony.registry' died
I/ServiceManager(   86): service 'activity' died
I/ServiceManager(   86): service 'batteryinfo' died
I/ServiceManager(   86): service 'meminfo' died
I/ServiceManager(   86): service 'sensorservice' died
I/ServiceManager(   86): service 'entropy' died
I/ServiceManager(   86): service 'package' died
I/ServiceManager(   86): service 'vibrator' died
I/ServiceManager(   86): service 'account' died
I/ServiceManager(   86): service 'usagestats' died
I/ServiceManager(   86): service 'battery' died
I/ServiceManager(   86): service 'permission' died
I/ServiceManager(   86): service 'hardware' died
E/installd(   96): eof
E/installd(   96): failed to read size
I/installd(   96): closing connection
I/Zygote  (  219): Exit zygote because system server (247) has terminated
I/ServiceManager(   86): service 'media.audio_flinger' died
I/ServiceManager(   86): service 'media.player' died
I/ServiceManager(   86): service 'media.camera' died
I/ServiceManager(   86): service 'media.audio_policy' died
I/Netd    (  285): Netd 1.0 starting
D/AK8975  (   98): Compass CLOSE 
D/AndroidRuntime(  284): 
D/AndroidRuntime(  284): >>>>>> AndroidRuntime START com.android.internal.os.ZygoteInit <<<<<<
D/AndroidRuntime(  284): CheckJNI is OFF
I/        (  286): ServiceManager: 0xf958
I/HTC Acoustic(  286): libhtc_acoustic.so version 2.0.0.6.
I/HTC Acoustic(  286): deonvvv gingerbread test.
I/HTC Acoustic(  286): open /system/etc/AudioPara4_WB.csv success.
I/HTC Acoustic(  286): acoustic table version: MAL_WB_20110217
I/HTC Acoustic(  286): read_audio_para_from_file success.
E/HTC Acoustic(  286): Fail to open /system/etc/AudioPara_ALL.csv -1.
I/HTC Acoustic(  286): open /system/etc/AudioPara4.csv success.
I/HTC Acoustic(  286): acoustic table version: MAL_Gerenic_20110509
I/HTC Acoustic(  286): read_audio_para_from_file success.
I/HTC Acoustic(  286): get_audpp_filter
I/HTC Acoustic(  286): open /system/etc/AudioFilter.csv success.
I/HTC Acoustic(  286): MBADRC Filter MBADRC FLAG = ffff.
E/HTC Acoustic(  286): set mbadrc filter error.
I/HTC Acoustic(  286): failed to set audpp parameters, exiting.
I/HTC Acoustic(  286): get_audpre_filter
I/HTC Acoustic(  286): open /system/etc/AudioPreProcess.csv success.
D/AudioHardwareMSM72XX(  286): mNumSndEndpoints = 151
V/AudioHardwareMSM72XX(  286): constructed 151 SND endpoints)
D/AudioHardwareMSM72XX(  286): BT MATCH HANDSET
D/AudioHardwareMSM72XX(  286): BT MATCH SPEAKER
D/AudioHardwareMSM72XX(  286): BT MATCH HEADSET
D/AudioHardwareMSM72XX(  286): BT MATCH BT
D/AudioHardwareMSM72XX(  286): BT MATCH CARKIT
D/AudioHardwareMSM72XX(  286): BT MATCH TTY_FULL
D/AudioHardwareMSM72XX(  286): BT MATCH TTY_VCO
D/AudioHardwareMSM72XX(  286): BT MATCH TTY_HCO
D/AudioHardwareMSM72XX(  286): BT MATCH NO_MIC_HEADSET
D/AudioHardwareMSM72XX(  286): BT MATCH FM_HEADSET
D/AudioHardwareMSM72XX(  286): BT MATCH HEADSET_AND_SPEAKER
D/AudioHardwareMSM72XX(  286): BT MATCH FM_SPEAKER
D/AudioHardwareMSM72XX(  286): BT MATCH BT_EC_OFF
D/AudioHardwareMSM72XX(  286): BT MATCH BT_EC_OFF
D/AudioHardwareMSM72XX(  286): BT MATCH CURRENT
I/AudioFlinger(  286): Loaded primary audio interface from LEGACY Audio HW HAL (audio)
I/AudioFlinger(  286): Using 'LEGACY Audio HW HAL' (audio.primary) as the primary audio interface
I/AudioFlinger(  286): Loaded a2dp audio interface from A2DP Audio HW HAL (audio)
D/AudioHardwareInterface(  286): setMode(NORMAL)
I/AudioHardwareMSM72XX(  286): Set master volume to 5.
I/CameraService(  286): CameraService started (pid=286)
I/AudioFlinger(  286): AudioFlinger's thread 0x16f90 ready to run
W/AudioFlinger(  286): Thread AudioOut_1 cannot connect to the power manager service
V/AudioHardwareMSM72XX(  286): AudioStreamOutMSM72xx::setParameters() routing=2
V/AudioHardwareMSM72XX(  286): set output routing 2
I/AudioHardwareMSM72XX(  286): Routing audio to Speakerphone
V/AudioHardwareMSM72XX(  286): doAudioRouteOrMute() device 1, mMode 0, mMicMute 1
D/AudioHardwareMSM72XX(  286): setVoiceVolume(1.000000)
I/AudioHardwareMSM72XX(  286): Setting in-call volume to 5 (available range is 0 to 5)
I/AudioPolicyService(  286): Loaded audio policy from LEGACY Audio Policy HAL (audio_policy)
I/SamplingProfilerIntegration(  284): Profiling disabled.
I/Zygote  (  284): Preloading classes...
D/dalvikvm(  284): GC_EXPLICIT freed 37K, 84% free 410K/2560K, paused 1ms+1ms
D/dalvikvm(  284): GC_EXPLICIT freed 4K, 82% free 474K/2560K, paused 0ms+1ms
D/dalvikvm(  284): GC_EXPLICIT freed 20K, 81% free 510K/2560K, paused 1ms+2ms
D/dalvikvm(  284): GC_EXPLICIT freed 27K, 79% free 537K/2560K, paused 1ms+1ms
D/dalvikvm(  284): GC_EXPLICIT freed 15K, 78% free 577K/2560K, paused 0ms+1ms
D/dalvikvm(  284): GC_EXPLICIT freed 79K, 73% free 707K/2560K, paused 1ms+1ms
D/dalvikvm(  284): GC_EXPLICIT freed 31K, 72% free 731K/2560K, paused 2ms+1ms
D/TextLayoutCache(  284): Using debug level: 0 - Debug Enabled: 0
W/Zygote  (  284): Class not found for preloading: android.media.AudioManager$2
I/dalvikvm(  284): threadid=1: recursive native library load attempt (/system/lib/libmedia_jni.so)
D/MtpDeviceJNI(  284): register_android_mtp_MtpDevice
I/dalvikvm(  284): threadid=1: recursive native library load attempt (/system/lib/libmedia_jni.so)
I/dalvikvm(  284): threadid=1: recursive native library load attempt (/system/lib/libmedia_jni.so)
E/MediaProfilesJNI(  284): native_init
E/MediaProfilesJNI(  284): After native_init lock
E/MediaProfilesJNI(  284): Guru : native_init profiles
E/MediaProfiles(  284): getInstance
E/MediaProfiles(  284): Guru :Else 1
E/MediaProfiles(  284): Guru : quality = 0, index = 1
E/MediaProfiles(  284): Guru : quality = 1, index = 0
E/MediaProfiles(  284): Guru : quality = 0, index = 1
E/MediaProfiles(  284): Guru : quality = 1, index = 0
E/MediaProfiles(  284): getInstance ea8a0
E/MediaProfilesJNI(  284): retun sProfiles
E/MediaProfilesJNI(  284): native_init
E/MediaProfilesJNI(  284): After native_init lock
E/MediaProfilesJNI(  284): retun sProfiles
W/Zygote  (  284): Class not found for preloading: android.media.IRemoteControlClientDispatcher
W/Zygote  (  284): Class not found for preloading: android.media.IRemoteControlClientDispatcher$Stub
D/dalvikvm(  284): GC_EXPLICIT freed 24K, 71% free 764K/2560K, paused 1ms+1ms
V/MediaProfilesJNI(  284): native_get_num_video_decoders
V/MediaProfilesJNI(  284): native_get_video_decoder_type: 0
D/dalvikvm(  284): GC_EXPLICIT freed 262K, 56% free 1133K/2560K, paused 1ms+4ms
D/dalvikvm(  284): GC_EXPLICIT freed 27K, 55% free 1161K/2560K, paused 2ms+2ms
D/dalvikvm(  284): GC_EXPLICIT freed 8K, 53% free 1209K/2560K, paused 2ms+3ms
D/dalvikvm(  284): GC_EXPLICIT freed 23K, 51% free 1275K/2560K, paused 2ms+3ms
D/dalvikvm(  284): GC_EXPLICIT freed 48K, 40% free 1555K/2560K, paused 3ms+3ms
W/Zygote  (  284): Class not found for preloading: android.text.TextDirectionHeuristics$CharCount
W/Zygote  (  284): Class not found for preloading: android.text.method.WordIterator$1
D/dalvikvm(  284): GC_EXPLICIT freed 35K, 38% free 1589K/2560K, paused 3ms+3ms
D/dalvikvm(  284): GC_EXPLICIT freed 32K, 38% free 1612K/2560K, paused 3ms+4ms
I/dalvikvm(  284): threadid=1: recursive native library load attempt (/system/lib/libwebcore.so)
D/dalvikvm(  284): No JNI_OnLoad found in /system/lib/libchromium_net.so 0x0, skipping init
D/dalvikvm(  284): GC_EXPLICIT freed 26K, 36% free 1660K/2560K, paused 3ms+4ms
W/Zygote  (  284): Class not found for preloading: android.widget.EdgeGlow
D/dalvikvm(  284): GC_EXPLICIT freed 25K, 34% free 1689K/2560K, paused 3ms+4ms
D/dalvikvm(  284): GC_EXPLICIT freed 71K, 33% free 1735K/2560K, paused 4ms+8ms
E/PhonePolicy(  284): Could not preload class for phone policy: com.android.internal.policy.impl.PhoneWindow$ContextMenuCallback
D/dalvikvm(  284): GC_EXPLICIT freed 32K, 32% free 1757K/2560K, paused 3ms+4ms
D/dalvikvm(  284): GC_EXPLICIT freed 28K, 31% free 1785K/2560K, paused 4ms+3ms
D/dalvikvm(  284): GC_EXPLICIT freed 26K, 30% free 1816K/2560K, paused 6ms+4ms
D/dalvikvm(  284): GC_EXPLICIT freed 32K, 29% free 1841K/2560K, paused 4ms+4ms
D/dalvikvm(  284): GC_EXPLICIT freed 31K, 27% free 1869K/2560K, paused 4ms+4ms
D/dalvikvm(  284): GC_EXPLICIT freed 71K, 25% free 1925K/2560K, paused 3ms+3ms
D/dalvikvm(  284): GC_EXPLICIT freed 39K, 25% free 1941K/2560K, paused 4ms+4ms
I/System  (  284): Loaded time zone names for  in 1027ms (1011ms in ICU)
