--------- beginning of /dev/log/main
I/DEBUG   (   80): debuggerd: Jun  1 2012 20:39:36
D/AK8975  (   89): AK8975 daemon 1.1.0 Start
D/AK8975  (   89): (Library version : 1.2.1.1125)
--------- beginning of /dev/log/system
I/Vold    (   78): Vold 2.1 (the revenge) firing up
I/Netd    (   79): Netd 1.0 starting
D/Vold    (   78): Volume sdcard state changing -1 (Initializing) -> 0 (No-Media)
D/Vold    (   78): Volume sdcard state changing 0 (No-Media) -> 2 (Pending)
D/DirectVolume(   78): DirectVolume::handlePartitionAdded -> MAJOR 179, MINOR 1, PARTN 1
D/DirectVolume(   78): DirectVolume::handlePartitionAdded -> MAJOR 179, MINOR 2, PARTN 2
D/Vold    (   78): Volume sdcard state changing 2 (Pending) -> 1 (Idle-Unmounted)
I/        (   84): ServiceManager: 0x18910
D/AndroidRuntime(   83): 
D/AndroidRuntime(   83): >>>>>> AndroidRuntime START com.android.internal.os.ZygoteInit <<<<<<
D/AndroidRuntime(   83): CheckJNI is OFF
I/SurfaceFlinger(   82): SurfaceFlinger is starting
I/SurfaceFlinger(   82): SurfaceFlinger's main thread ready to run. Initializing graphics H/W...
E/msm7x27.gralloc(   82): We support 3 buffers
I/msm7x27.gralloc(   82): using (fd=12)
I/msm7x27.gralloc(   82): id           = msmfb
I/msm7x27.gralloc(   82): xres         = 320 px
I/msm7x27.gralloc(   82): yres         = 480 px
I/msm7x27.gralloc(   82): xres_virtual = 320 px
I/msm7x27.gralloc(   82): yres_virtual = 1440 px
I/msm7x27.gralloc(   82): bpp          = 32
I/msm7x27.gralloc(   82): r            =  0:8
I/msm7x27.gralloc(   82): g            =  8:8
I/msm7x27.gralloc(   82): b            = 16:8
I/msm7x27.gralloc(   82): width        = 51 mm (159.372543 dpi)
I/msm7x27.gralloc(   82): height       = 76 mm (160.421051 dpi)
I/msm7x27.gralloc(   82): refresh rate = 0.00 Hz
D/CALCFPS (   82): DEBUG_CALC_FPS: 0
D/CALCFPS (   82): period: 10
D/CALCFPS (   82): ignorethresh_us: 500000
D/CALCFPS (   82): DEBUG_CALC_FPS: 0
D/CALCFPS (   82): period: 10
D/CALCFPS (   82): ignorethresh_us: 500000
D/FramebufferNativeWindow(   82): mNumBuffers = 3
D/libEGL  (   82): loaded /system/lib/egl/libGLES_android.so
D/libEGL  (   82): loaded /system/lib/egl/libEGL_adreno200.so
D/libEGL  (   82): loaded /system/lib/egl/libGLESv1_CM_adreno200.so
D/libEGL  (   82): loaded /system/lib/egl/libGLESv2_adreno200.so
I/SurfaceFlinger(   82): EGL informations:
I/SurfaceFlinger(   82): # of configs : 44
I/SurfaceFlinger(   82): vendor    : Android
I/SurfaceFlinger(   82): version   : 1.4 Android META-EGL
I/SurfaceFlinger(   82): extensions: EGL_KHR_image EGL_KHR_image_base EGL_KHR_image_base EGL_KHR_fence_sync EGL_ANDROID_image_native_buffer EGL_ANDROID_image_native_buffer EGL_ANDROID_get_render_buffer 
I/SurfaceFlinger(   82): Client API: OpenGL ES
I/SurfaceFlinger(   82): EGLSurface: 8-8-8-8, config=0x3
I/SurfaceFlinger(   82): OpenGL informations:
I/SurfaceFlinger(   82): vendor    : Qualcomm
I/SurfaceFlinger(   82): renderer  : Adreno (TM) 200
I/SurfaceFlinger(   82): version   : OpenGL ES-CM 1.1
I/SurfaceFlinger(   82): extensions: GL_AMD_compressed_ATC_texture GL_AMD_performance_monitor GL_APPLE_texture_2D_limited_npot GL_ARB_vertex_buffer_object GL_EXT_texture_filter_anisotropic GL_EXT_texture_format_BGRA8888 GL_EXT_texture_type_2_10_10_10_REV GL_OES_blend_equation_separate GL_OES_blend_func_separate GL_OES_blend_subtract GL_OES_compressed_ETC1_RGB8_texture GL_OES_compressed_paletted_texture GL_OES_depth_texture GL_OES_depth24 GL_OES_draw_texture GL_OES_EGL_image GL_OES_EGL_image_external GL_OES_framebuffer_object GL_OES_matrix_palette GL_OES_packed_depth_stencil GL_OES_point_size_array GL_OES_point_sprite GL_OES_read_format GL_OES_rgb8_rgba8 GL_OES_stencil_wrap GL_OES_texture_cube_map GL_OES_texture_env_crossbar GL_OES_texture_float GL_OES_texture_half_float GL_OES_texture_half_float_linear GL_OES_texture_npot GL_OES_texture_mirrored_repeat GL_QCOM_binning_control GL_QCOM_extended_get GL_QCOM_tiled_rendering GL_AMD_compressed_3DC_texture 
I/SurfaceFlinger(   82): GL_MAX_TEXTURE_SIZE = 4096
I/SurfaceFlinger(   82): GL_MAX_VIEWPORT_DIMS = 4096 x 4096
I/SurfaceFlinger(   82): flags = 00000000
D/CALCFPS (   82): DEBUG_CALC_FPS: 0
D/CALCFPS (   82): period: 10
D/CALCFPS (   82): ignorethresh_us: 500000
I/        (   85): ServiceManager: 0xf958
I/HTC Acoustic(   85): libhtc_acoustic.so version 2.0.0.6.
I/HTC Acoustic(   85): deonvvv gingerbread test.
I/HTC Acoustic(   85): open /system/etc/AudioPara4_WB.csv success.
I/HTC Acoustic(   85): acoustic table version: MAL_WB_20110217
I/HTC Acoustic(   85): read_audio_para_from_file success.
E/HTC Acoustic(   85): Fail to open /system/etc/AudioPara_HTC-WWE.csv -1.
I/HTC Acoustic(   85): open /system/etc/AudioPara4.csv success.
I/HTC Acoustic(   85): acoustic table version: MAL_Gerenic_20110509
I/HTC Acoustic(   85): read_audio_para_from_file success.
I/HTC Acoustic(   85): get_audpp_filter
I/HTC Acoustic(   85): open /system/etc/AudioFilter.csv success.
I/HTC Acoustic(   85): MBADRC Filter MBADRC FLAG = ffff.
E/HTC Acoustic(   85): set mbadrc filter error.
I/HTC Acoustic(   85): failed to set audpp parameters, exiting.
I/HTC Acoustic(   85): get_audpre_filter
I/HTC Acoustic(   85): open /system/etc/AudioPreProcess.csv success.
D/libEGL  (  133): loaded /system/lib/egl/libGLES_android.so
D/AudioHardwareMSM72XX(   85): mNumSndEndpoints = 151
V/AudioHardwareMSM72XX(   85): constructed 151 SND endpoints)
D/AudioHardwareMSM72XX(   85): BT MATCH HANDSET
D/AudioHardwareMSM72XX(   85): BT MATCH SPEAKER
D/AudioHardwareMSM72XX(   85): BT MATCH HEADSET
D/AudioHardwareMSM72XX(   85): BT MATCH BT
D/AudioHardwareMSM72XX(   85): BT MATCH CARKIT
D/AudioHardwareMSM72XX(   85): BT MATCH TTY_FULL
D/AudioHardwareMSM72XX(   85): BT MATCH TTY_VCO
D/AudioHardwareMSM72XX(   85): BT MATCH TTY_HCO
D/AudioHardwareMSM72XX(   85): BT MATCH NO_MIC_HEADSET
D/AudioHardwareMSM72XX(   85): BT MATCH FM_HEADSET
D/AudioHardwareMSM72XX(   85): BT MATCH HEADSET_AND_SPEAKER
D/AudioHardwareMSM72XX(   85): BT MATCH FM_SPEAKER
D/AudioHardwareMSM72XX(   85): BT MATCH BT_EC_OFF
D/AudioHardwareMSM72XX(   85): BT MATCH BT_EC_OFF
D/AudioHardwareMSM72XX(   85): BT MATCH CURRENT
I/AudioFlinger(   85): Loaded primary audio interface from LEGACY Audio HW HAL (audio)
I/AudioFlinger(   85): Using 'LEGACY Audio HW HAL' (audio.primary) as the primary audio interface
D/libEGL  (  133): loaded /system/lib/egl/libEGL_adreno200.so
D/libEGL  (  133): loaded /system/lib/egl/libGLESv1_CM_adreno200.so
D/libEGL  (  133): loaded /system/lib/egl/libGLESv2_adreno200.so
I/AudioFlinger(   85): Loaded a2dp audio interface from A2DP Audio HW HAL (audio)
D/AudioHardwareInterface(   85): setMode(NORMAL)
I/AudioHardwareMSM72XX(   85): Set master volume to 5.
D/memalloc(   82): init_pmem_area: Initializing pmem area
D/memalloc(   82): init_pmem_area_locked: Opening master pmem FD
D/memalloc(   82): init_pmem_area_locked: Total pmem size: 16777216
D/memalloc(   82): /dev/pmem: Allocated buffer base:0x41500000 size:614400 offset:0 fd:26
D/memalloc(  133): /dev/pmem: Mapped buffer base:0x407f4000 size:614400 offset:0 fd:16
I/CameraService(   85): CameraService started (pid=85)
I/AudioFlinger(   85): AudioFlinger's thread 0x16fd8 ready to run
W/AudioFlinger(   85): Thread AudioOut_1 cannot connect to the power manager service
V/AudioHardwareMSM72XX(   85): AudioStreamOutMSM72xx::setParameters() routing=2
V/AudioHardwareMSM72XX(   85): set output routing 2
I/AudioHardwareMSM72XX(   85): Routing audio to Speakerphone
V/AudioHardwareMSM72XX(   85): doAudioRouteOrMute() device 1, mMode 0, mMicMute 1
D/AudioHardwareMSM72XX(   85): setVoiceVolume(1.000000)
I/AudioHardwareMSM72XX(   85): Setting in-call volume to 5 (available range is 0 to 5)
I/AudioPolicyService(   85): Loaded audio policy from LEGACY Audio Policy HAL (audio_policy)
D/memalloc(   82): /dev/pmem: Allocated buffer base:0x41500000 size:614400 offset:614400 fd:29
D/memalloc(  133): /dev/pmem: Mapped buffer base:0x40df8000 size:1228800 offset:614400 fd:20
D/memalloc(   82): /dev/pmem: Allocated buffer base:0x41500000 size:614400 offset:1228800 fd:32
D/memalloc(  133): /dev/pmem: Mapped buffer base:0x410e0000 size:1843200 offset:1228800 fd:23
D/dalvikvm(   83): DexOpt: --- BEGIN 'core.jar' (bootstrap=1) ---
D/dalvikvm(  147): Ignoring duplicate verify attempt on Ljava/lang/Object;
D/dalvikvm(  147): Ignoring duplicate verify attempt on Ljava/lang/Class;
D/dalvikvm(  147): Ignoring duplicate verify attempt on Ljava/lang/ref/Reference;
D/dalvikvm(  147): Ignoring duplicate verify attempt on Ljava/lang/ref/ReferenceQueue;
D/dalvikvm(  147): Ignoring duplicate verify attempt on Ljava/lang/ref/FinalizerReference;
D/dalvikvm(  147): DexOpt: load 472ms, verify+opt 5338ms
D/dalvikvm(   83): DexOpt: --- END 'core.jar' (success) ---
D/dalvikvm(   83): DEX prep '/system/framework/core.jar': unzip in 1737ms, rewrite 7307ms
D/dalvikvm(   83): DexOpt: --- BEGIN 'core-junit.jar' (bootstrap=1) ---
D/dalvikvm(  148): DexOpt: load 33ms, verify+opt 21ms
D/dalvikvm(   83): DexOpt: --- END 'core-junit.jar' (success) ---
D/dalvikvm(   83): DEX prep '/system/framework/core-junit.jar': unzip in 9ms, rewrite 185ms
D/dalvikvm(   83): DexOpt: --- BEGIN 'bouncycastle.jar' (bootstrap=1) ---
D/dalvikvm(  149): DexOpt: load 130ms, verify+opt 1719ms
D/dalvikvm(   83): DexOpt: --- END 'bouncycastle.jar' (success) ---
D/dalvikvm(   83): DEX prep '/system/framework/bouncycastle.jar': unzip in 348ms, rewrite 2472ms
D/dalvikvm(   83): DexOpt: --- BEGIN 'ext.jar' (bootstrap=1) ---
D/dalvikvm(  150): DexOpt: load 223ms, verify+opt 2883ms
D/dalvikvm(   83): DexOpt: --- END 'ext.jar' (success) ---
D/dalvikvm(   83): DEX prep '/system/framework/ext.jar': unzip in 540ms, rewrite 3938ms
D/dalvikvm(   83): DexOpt: --- BEGIN 'framework.jar' (bootstrap=1) ---
D/dalvikvm(  151): Note: class Landroid/opengl/GLWrapperBase; has 250 unimplemented (abstract) methods
D/dalvikvm(  151): DexOpt: load 1123ms, verify+opt 10263ms
D/dalvikvm(   83): DexOpt: --- END 'framework.jar' (success) ---
D/dalvikvm(   83): DEX prep '/system/framework/framework.jar': unzip in 3553ms, rewrite 14014ms
D/dalvikvm(   83): DexOpt: --- BEGIN 'android.policy.jar' (bootstrap=1) ---
D/dalvikvm(  152): DexOpt: load 123ms, verify+opt 764ms
D/dalvikvm(   83): DexOpt: --- END 'android.policy.jar' (success) ---
D/dalvikvm(   83): DEX prep '/system/framework/android.policy.jar': unzip in 160ms, rewrite 1165ms
D/dalvikvm(   83): DexOpt: --- BEGIN 'services.jar' (bootstrap=1) ---
D/dalvikvm(  153): DexOpt: load 126ms, verify+opt 3002ms
D/dalvikvm(   83): DexOpt: --- END 'services.jar' (success) ---
D/dalvikvm(   83): DEX prep '/system/framework/services.jar': unzip in 568ms, rewrite 3678ms
D/dalvikvm(   83): DexOpt: --- BEGIN 'apache-xml.jar' (bootstrap=1) ---
D/dalvikvm(  154): DexOpt: load 141ms, verify+opt 1243ms
D/dalvikvm(   83): DexOpt: --- END 'apache-xml.jar' (success) ---
D/dalvikvm(   83): DEX prep '/system/framework/apache-xml.jar': unzip in 367ms, rewrite 1860ms
D/dalvikvm(   83): DexOpt: --- BEGIN 'filterfw.jar' (bootstrap=1) ---
D/dalvikvm(  155): DexOpt: load 39ms, verify+opt 288ms
D/dalvikvm(   83): DexOpt: --- END 'filterfw.jar' (success) ---
D/dalvikvm(   83): DEX prep '/system/framework/filterfw.jar': unzip in 78ms, rewrite 513ms
I/SamplingProfilerIntegration(   83): Profiling disabled.
I/Zygote  (   83): Preloading classes...
D/dalvikvm(   83): GC_EXPLICIT freed 36K, 84% free 410K/2560K, paused 1ms+2ms
D/dalvikvm(   83): GC_EXPLICIT freed 4K, 82% free 474K/2560K, paused 0ms+1ms
D/dalvikvm(   83): GC_EXPLICIT freed 20K, 81% free 510K/2560K, paused 1ms+1ms
D/dalvikvm(   83): GC_EXPLICIT freed 27K, 79% free 537K/2560K, paused 1ms+1ms
D/dalvikvm(   83): GC_EXPLICIT freed 15K, 78% free 577K/2560K, paused 1ms+1ms
D/dalvikvm(   83): GC_EXPLICIT freed 79K, 73% free 707K/2560K, paused 1ms+2ms
D/dalvikvm(   83): GC_EXPLICIT freed 31K, 72% free 731K/2560K, paused 1ms+1ms
D/TextLayoutCache(   83): Using debug level: 0 - Debug Enabled: 0
W/Zygote  (   83): Class not found for preloading: android.media.AudioManager$2
I/dalvikvm(   83): threadid=1: recursive native library load attempt (/system/lib/libmedia_jni.so)
D/MtpDeviceJNI(   83): register_android_mtp_MtpDevice
I/dalvikvm(   83): threadid=1: recursive native library load attempt (/system/lib/libmedia_jni.so)
I/dalvikvm(   83): threadid=1: recursive native library load attempt (/system/lib/libmedia_jni.so)
E/MediaProfilesJNI(   83): native_init
E/MediaProfilesJNI(   83): After native_init lock
E/MediaProfilesJNI(   83): Guru : native_init profiles
E/MediaProfiles(   83): getInstance
E/MediaProfiles(   83): Guru :Else 1
E/MediaProfiles(   83): Guru : quality = 0, index = 1
E/MediaProfiles(   83): Guru : quality = 1, index = 0
E/MediaProfiles(   83): Guru : quality = 0, index = 1
E/MediaProfiles(   83): Guru : quality = 1, index = 0
E/MediaProfiles(   83): getInstance 119638
E/MediaProfilesJNI(   83): retun sProfiles
E/MediaProfilesJNI(   83): native_init
E/MediaProfilesJNI(   83): After native_init lock
E/MediaProfilesJNI(   83): retun sProfiles
W/Zygote  (   83): Class not found for preloading: android.media.IRemoteControlClientDispatcher
W/Zygote  (   83): Class not found for preloading: android.media.IRemoteControlClientDispatcher$Stub
D/dalvikvm(   83): GC_EXPLICIT freed 24K, 71% free 765K/2560K, paused 2ms+2ms
V/MediaProfilesJNI(   83): native_get_num_video_decoders
V/MediaProfilesJNI(   83): native_get_video_decoder_type: 0
D/dalvikvm(   83): GC_EXPLICIT freed 262K, 56% free 1133K/2560K, paused 2ms+2ms
D/dalvikvm(   83): GC_EXPLICIT freed 27K, 55% free 1162K/2560K, paused 2ms+4ms
D/dalvikvm(   83): GC_EXPLICIT freed 8K, 53% free 1210K/2560K, paused 2ms+2ms
D/dalvikvm(   83): GC_EXPLICIT freed 23K, 51% free 1276K/2560K, paused 2ms+2ms
D/dalvikvm(   83): GC_EXPLICIT freed 48K, 40% free 1556K/2560K, paused 3ms+7ms
W/Zygote  (   83): Class not found for preloading: android.text.TextDirectionHeuristics$CharCount
W/Zygote  (   83): Class not found for preloading: android.text.method.WordIterator$1
D/dalvikvm(   83): GC_EXPLICIT freed 35K, 38% free 1590K/2560K, paused 3ms+4ms
D/dalvikvm(   83): GC_EXPLICIT freed 32K, 37% free 1612K/2560K, paused 4ms+8ms
I/dalvikvm(   83): threadid=1: recursive native library load attempt (/system/lib/libwebcore.so)
D/dalvikvm(   83): No JNI_OnLoad found in /system/lib/libchromium_net.so 0x0, skipping init
D/dalvikvm(   83): GC_EXPLICIT freed 26K, 36% free 1661K/2560K, paused 3ms+3ms
W/Zygote  (   83): Class not found for preloading: android.widget.EdgeGlow
D/dalvikvm(   83): GC_EXPLICIT freed 25K, 34% free 1690K/2560K, paused 7ms+3ms
D/dalvikvm(   83): GC_EXPLICIT freed 71K, 33% free 1736K/2560K, paused 3ms+4ms
E/PhonePolicy(   83): Could not preload class for phone policy: com.android.internal.policy.impl.PhoneWindow$ContextMenuCallback
D/dalvikvm(   83): GC_EXPLICIT freed 32K, 32% free 1757K/2560K, paused 4ms+3ms
D/dalvikvm(   83): GC_EXPLICIT freed 28K, 31% free 1786K/2560K, paused 4ms+3ms
D/dalvikvm(   83): GC_EXPLICIT freed 26K, 30% free 1817K/2560K, paused 4ms+3ms
D/dalvikvm(   83): GC_EXPLICIT freed 32K, 29% free 1842K/2560K, paused 3ms+4ms
D/dalvikvm(   83): GC_EXPLICIT freed 31K, 27% free 1870K/2560K, paused 5ms+4ms
D/dalvikvm(   83): GC_EXPLICIT freed 71K, 25% free 1926K/2560K, paused 7ms+4ms
D/dalvikvm(   83): GC_EXPLICIT freed 39K, 25% free 1942K/2560K, paused 4ms+4ms
I/System  (   83): Loaded time zone names for  in 1080ms (1068ms in ICU)
I/System  (   83): Loaded time zone names for en_US in 790ms (777ms in ICU)
D/dalvikvm(   83): GC_EXPLICIT freed 325K, 20% free 2059K/2560K, paused 4ms+4ms
D/dalvikvm(   83): GC_EXPLICIT freed 41K, 18% free 2120K/2560K, paused 3ms+3ms
D/dalvikvm(   83): GC_EXPLICIT freed 51K, 16% free 2152K/2560K, paused 4ms+3ms
D/dalvikvm(   83): GC_EXPLICIT freed 28K, 15% free 2183K/2560K, paused 4ms+4ms
D/dalvikvm(   83): GC_EXPLICIT freed 38K, 15% free 2200K/2560K, paused 3ms+4ms
D/dalvikvm(   83): GC_EXPLICIT freed 32K, 14% free 2222K/2560K, paused 4ms+4ms
I/Zygote  (   83): ...preloaded 2297 classes in 5812ms.
D/dalvikvm(   83): GC_EXPLICIT freed 22K, 13% free 2227K/2560K, paused 4ms+4ms
I/Zygote  (   83): Preloading resources...
D/dalvikvm(   83): GC_EXPLICIT freed 27K, 13% free 2252K/2560K, paused 4ms+4ms
D/dalvikvm(   83): GC_EXPLICIT freed 47K, 12% free 2271K/2560K, paused 3ms+3ms
D/dalvikvm(   83): GC_EXPLICIT freed 70K, 11% free 2303K/2560K, paused 5ms+9ms
D/dalvikvm(   83): GC_EXPLICIT freed 35K, 10% free 2318K/2560K, paused 3ms+4ms
D/dalvikvm(   83): GC_EXPLICIT freed 34K, 9% free 2333K/2560K, paused 3ms+4ms
D/dalvikvm(   83): GC_EXPLICIT freed 39K, 9% free 2352K/2560K, paused 8ms+4ms
D/dalvikvm(   83): GC_EXPLICIT freed 40K, 10% free 2370K/2627K, paused 4ms+4ms
D/dalvikvm(   83): GC_EXPLICIT freed 37K, 10% free 2387K/2627K, paused 4ms+4ms
D/dalvikvm(   83): GC_EXPLICIT freed 50K, 9% free 2409K/2627K, paused 3ms+4ms
D/dalvikvm(   83): GC_EXPLICIT freed 51K, 10% free 2431K/2691K, paused 4ms+4ms
D/dalvikvm(   83): GC_EXPLICIT freed 40K, 9% free 2450K/2691K, paused 4ms+4ms
D/dalvikvm(   83): GC_EXPLICIT freed 37K, 9% free 2466K/2691K, paused 6ms+4ms
D/dalvikvm(   83): GC_EXPLICIT freed 46K, 8% free 2488K/2691K, paused 4ms+4ms
D/dalvikvm(   83): GC_EXPLICIT freed 44K, 10% free 2506K/2755K, paused 4ms+4ms
D/dalvikvm(   83): GC_EXPLICIT freed 33K, 9% free 2531K/2755K, paused 4ms+4ms
D/dalvikvm(   83): GC_EXPLICIT freed 36K, 8% free 2547K/2755K, paused 4ms+4ms
D/dalvikvm(   83): GC_EXPLICIT freed 36K, 7% free 2563K/2755K, paused 4ms+4ms
D/dalvikvm(   83): GC_EXPLICIT freed 39K, 9% free 2581K/2819K, paused 4ms+4ms
D/dalvikvm(   83): GC_EXPLICIT freed 37K, 8% free 2597K/2819K, paused 4ms+4ms
D/dalvikvm(   83): GC_EXPLICIT freed 37K, 8% free 2613K/2819K, paused 4ms+4ms
D/dalvikvm(   83): GC_EXPLICIT freed 37K, 7% free 2630K/2819K, paused 3ms+4ms
D/dalvikvm(   83): GC_EXPLICIT freed 39K, 9% free 2648K/2883K, paused 9ms+8ms
D/dalvikvm(   83): GC_EXPLICIT freed 51K, 8% free 2673K/2883K, paused 3ms+4ms
D/dalvikvm(   83): GC_EXPLICIT freed 39K, 7% free 2691K/2883K, paused 4ms+4ms
D/dalvikvm(   83): GC_EXPLICIT freed 43K, 9% free 2710K/2947K, paused 3ms+5ms
D/dalvikvm(   83): GC_EXPLICIT freed 36K, 8% free 2727K/2947K, paused 4ms+4ms
D/dalvikvm(   83): GC_EXPLICIT freed 45K, 7% free 2747K/2947K, paused 4ms+6ms
D/dalvikvm(   83): GC_EXPLICIT freed 38K, 9% free 2764K/3011K, paused 3ms+4ms
D/dalvikvm(   83): GC_EXPLICIT freed 62K, 8% free 2798K/3011K, paused 4ms+4ms
D/dalvikvm(   83): GC_EXPLICIT freed 36K, 9% free 2813K/3075K, paused 4ms+4ms
D/dalvikvm(   83): GC_EXPLICIT freed 35K, 9% free 2829K/3075K, paused 5ms+5ms
D/dalvikvm(   83): GC_EXPLICIT freed 35K, 8% free 2845K/3075K, paused 3ms+4ms
D/dalvikvm(   83): GC_EXPLICIT freed 35K, 7% free 2861K/3075K, paused 4ms+4ms
D/dalvikvm(   83): GC_EXPLICIT freed 38K, 7% free 2879K/3075K, paused 4ms+4ms
D/dalvikvm(   83): GC_EXPLICIT freed 39K, 6% free 2897K/3075K, paused 5ms+5ms
D/dalvikvm(   83): GC_EXPLICIT freed 39K, 8% free 2914K/3139K, paused 3ms+4ms
D/dalvikvm(   83): GC_EXPLICIT freed 39K, 7% free 2932K/3139K, paused 4ms+4ms
D/dalvikvm(   83): GC_EXPLICIT freed 39K, 7% free 2949K/3139K, paused 4ms+4ms
D/dalvikvm(   83): GC_EXPLICIT freed 43K, 6% free 2972K/3139K, paused 4ms+4ms
D/dalvikvm(   83): GC_EXPLICIT freed 39K, 7% free 2990K/3203K, paused 4ms+4ms
D/dalvikvm(   83): GC_EXPLICIT freed 31K, 7% free 3008K/3203K, paused 4ms+4ms
D/dalvikvm(   83): GC_EXPLICIT freed 40K, 6% free 3028K/3203K, paused 9ms+9ms
D/dalvikvm(   83): GC_EXPLICIT freed 40K, 5% free 3047K/3203K, paused 3ms+5ms
D/dalvikvm(   83): GC_EXPLICIT freed 39K, 5% free 3065K/3203K, paused 4ms+4ms
D/dalvikvm(   83): GC_EXPLICIT freed 40K, 6% free 3084K/3267K, paused 3ms+4ms
D/dalvikvm(   83): GC_EXPLICIT freed 145K, 7% free 3167K/3395K, paused 4ms+4ms
D/dalvikvm(   83): GC_EXPLICIT freed 86K, 6% free 3203K/3395K, paused 4ms+5ms
D/dalvikvm(   83): GC_EXPLICIT freed 42K, 6% free 3220K/3395K, paused 4ms+4ms
D/dalvikvm(   83): GC_EXPLICIT freed 51K, 7% free 3243K/3459K, paused 4ms+4ms
D/dalvikvm(   83): GC_EXPLICIT freed 38K, 6% free 3261K/3459K, paused 4ms+4ms
D/dalvikvm(   83): GC_EXPLICIT freed 69K, 5% free 3299K/3459K, paused 4ms+5ms
D/dalvikvm(   83): GC_EXPLICIT freed 87K, 6% free 3338K/3523K, paused 4ms+4ms
D/dalvikvm(   83): GC_EXPLICIT freed 38K, 5% free 3363K/3523K, paused 4ms+5ms
W/Zygote  (   83): Preloaded drawable resource #0x10803e3 (res/drawable-hdpi/menu_hardkey_panel_holo_dark.9.png) that varies with configuration!!
D/dalvikvm(   83): GC_EXPLICIT freed 36K, 5% free 3377K/3523K, paused 4ms+4ms
W/Zygote  (   83): Preloaded drawable resource #0x10803e4 (res/drawable-hdpi/menu_hardkey_panel_holo_light.9.png) that varies with configuration!!
D/dalvikvm(   83): GC_EXPLICIT freed 43K, 4% free 3395K/3523K, paused 4ms+4ms
D/dalvikvm(   83): GC_EXPLICIT freed 70K, 5% free 3429K/3587K, paused 4ms+4ms
D/dalvikvm(   83): GC_EXPLICIT freed 80K, 6% free 3464K/3651K, paused 4ms+4ms
D/dalvikvm(   83): GC_EXPLICIT freed 622K, 19% free 3739K/4611K, paused 3ms+5ms
D/dalvikvm(   83): GC_EXPLICIT freed 40K, 19% free 3758K/4611K, paused 4ms+4ms
D/dalvikvm(   83): GC_EXPLICIT freed 37K, 19% free 3776K/4611K, paused 3ms+4ms
D/dalvikvm(   83): GC_EXPLICIT freed 34K, 18% free 3795K/4611K, paused 5ms+5ms
D/dalvikvm(   83): GC_EXPLICIT freed 41K, 18% free 3813K/4611K, paused 4ms+4ms
D/dalvikvm(   83): GC_EXPLICIT freed 45K, 17% free 3834K/4611K, paused 4ms+5ms
D/dalvikvm(   83): GC_EXPLICIT freed 56K, 17% free 3859K/4611K, paused 4ms+4ms
D/dalvikvm(   83): GC_EXPLICIT freed 36K, 16% free 3881K/4611K, paused 4ms+4ms
D/dalvikvm(   83): GC_EXPLICIT freed 423K, 12% free 4070K/4611K, paused 4ms+4ms
D/dalvikvm(   83): GC_EXPLICIT freed 108K, 11% free 4113K/4611K, paused 4ms+5ms
D/dalvikvm(   83): GC_EXPLICIT freed 43K, 11% free 4133K/4611K, paused 4ms+5ms
D/dalvikvm(   83): GC_EXPLICIT freed 15K, 9% free 5649K/6147K, paused 4ms+5ms
D/dalvikvm(   83): GC_EXPLICIT freed 5K, 8% free 7145K/7683K, paused 4ms+5ms
D/dalvikvm(   83): GC_EXPLICIT freed 33K, 7% free 7166K/7683K, paused 4ms+9ms
D/dalvikvm(   83): GC_EXPLICIT freed 45K, 7% free 7185K/7683K, paused 4ms+5ms
D/dalvikvm(   83): GC_EXPLICIT freed 34K, 7% free 7201K/7683K, paused 3ms+5ms
D/dalvikvm(   83): GC_EXPLICIT freed 40K, 6% free 7223K/7683K, paused 3ms+5ms
D/dalvikvm(   83): GC_EXPLICIT freed 38K, 6% free 7239K/7683K, paused 4ms+5ms
D/dalvikvm(   83): GC_EXPLICIT freed 34K, 6% free 7255K/7683K, paused 3ms+5ms
D/dalvikvm(   83): GC_EXPLICIT freed 42K, 6% free 7277K/7683K, paused 4ms+5ms
D/dalvikvm(   83): GC_EXPLICIT freed 41K, 6% free 7295K/7683K, paused 4ms+5ms
D/dalvikvm(   83): GC_EXPLICIT freed 40K, 5% free 7312K/7683K, paused 4ms+5ms
D/dalvikvm(   83): GC_EXPLICIT freed 40K, 5% free 7330K/7683K, paused 4ms+5ms
D/dalvikvm(   83): GC_EXPLICIT freed 78K, 5% free 7365K/7683K, paused 4ms+5ms
D/dalvikvm(   83): GC_EXPLICIT freed 35K, 4% free 7380K/7683K, paused 4ms+5ms
D/dalvikvm(   83): GC_EXPLICIT freed 47K, 4% free 7401K/7683K, paused 4ms+5ms
D/dalvikvm(   83): GC_EXPLICIT freed 34K, 4% free 7416K/7683K, paused 6ms+10ms
D/dalvikvm(   83): GC_EXPLICIT freed 46K, 4% free 7438K/7683K, paused 4ms+4ms
D/dalvikvm(   83): GC_EXPLICIT freed 35K, 3% free 7456K/7683K, paused 4ms+5ms
D/dalvikvm(   83): GC_EXPLICIT freed 37K, 3% free 7471K/7683K, paused 4ms+5ms
D/dalvikvm(   83): GC_EXPLICIT freed 39K, 3% free 7490K/7683K, paused 3ms+5ms
D/dalvikvm(   83): GC_EXPLICIT freed 35K, 3% free 7508K/7683K, paused 3ms+5ms
D/dalvikvm(   83): GC_EXPLICIT freed 44K, 3% free 7529K/7683K, paused 4ms+4ms
D/dalvikvm(   83): GC_EXPLICIT freed 61K, 2% free 7559K/7683K, paused 4ms+5ms
D/dalvikvm(   83): GC_EXPLICIT freed 49K, 2% free 7579K/7683K, paused 4ms+4ms
D/dalvikvm(   83): GC_EXPLICIT freed 49K, 2% free 7603K/7683K, paused 4ms+5ms
D/dalvikvm(   83): GC_EXPLICIT freed 49K, 2% free 7624K/7747K, paused 3ms+5ms
D/dalvikvm(   83): GC_EXPLICIT freed 35K, 2% free 7646K/7747K, paused 4ms+5ms
D/dalvikvm(   83): GC_EXPLICIT freed 46K, 1% free 7673K/7747K, paused 4ms+5ms
I/Zygote  (   83): ...preloaded 379 resources in 8104ms.
D/dalvikvm(   83): GC_EXPLICIT freed 41K, 1% free 7685K/7747K, paused 5ms+6ms
I/Zygote  (   83): ...preloaded 31 resources in 98ms.
D/dalvikvm(   83): GC_EXPLICIT freed 11K, 1% free 7674K/7747K, paused 5ms+7ms
D/dalvikvm(   83): GC_EXPLICIT freed <1K, 1% free 7674K/7747K, paused 4ms+5ms
D/dalvikvm(   83): GC_EXPLICIT freed <1K, 1% free 7674K/7747K, paused 4ms+5ms
I/dalvikvm(   83): System server process 160 has been created
I/Zygote  (   83): Accepting command socket connections
I/sysproc (  160): Entered system_init()
I/sysproc (  160): ServiceManager: 0x221388
D/SensorService(  160): nuSensorService starting...
I/SensorService(  160): BMA150 3-axis Accelerometer
I/SensorService(  160): AK8975 3-axis Magnetic field sensor
I/SensorService(  160): AK8975 Orientation sensor
I/SensorService(  160): CM3602 Proximity sensor
I/SensorService(  160): CM3602 Light sensor
D/AK8975  (   89): Compass Start
I/sysproc (  160): System server: starting Android runtime.
I/sysproc (  160): System server: starting Android services.
I/SystemServer(  160): Entered the Android system server!
I/sysproc (  160): System server: entering thread pool.
D/SensorService(  160): nuSensorService thread starting...
I/SystemServer(  160): Entropy Service
W/EntropyService(  160): unable to load initial entropy (first boot?)
W/EntropyService(  160): java.io.FileNotFoundException: /data/system/entropy.dat: open failed: ENOENT (No such file or directory)
W/EntropyService(  160): 	at libcore.io.IoBridge.open(IoBridge.java:406)
W/EntropyService(  160): 	at java.io.FileInputStream.<init>(FileInputStream.java:78)
W/EntropyService(  160): 	at java.io.FileInputStream.<init>(FileInputStream.java:105)
W/EntropyService(  160): 	at com.android.server.RandomBlock.fromFile(RandomBlock.java:45)
W/EntropyService(  160): 	at com.android.server.EntropyService.loadInitialEntropy(EntropyService.java:99)
W/EntropyService(  160): 	at com.android.server.EntropyService.<init>(EntropyService.java:86)
W/EntropyService(  160): 	at com.android.server.EntropyService.<init>(EntropyService.java:76)
W/EntropyService(  160): 	at com.android.server.ServerThread.run(SystemServer.java:140)
W/EntropyService(  160): Caused by: libcore.io.ErrnoException: open failed: ENOENT (No such file or directory)
W/EntropyService(  160): 	at libcore.io.Posix.open(Native Method)
W/EntropyService(  160): 	at libcore.io.BlockGuardOs.open(BlockGuardOs.java:110)
W/EntropyService(  160): 	at libcore.io.IoBridge.open(IoBridge.java:390)
W/EntropyService(  160): 	... 7 more
I/SystemServer(  160): Power Manager
I/SystemServer(  160): Activity Manager
I/ActivityManager(  160): Memory class: 48
D/AK8975  (   89): Compass CLOSE 
I/SystemServer(  160): Telephony Registry
I/SystemServer(  160): Package Manager
I/PackageManager(  160): No settings file; creating initial state
I/Installer(  160): connecting...
I/installd(   87): new connection
D/dalvikvm(  181): DexOpt: load 11ms, verify+opt 60ms
D/dalvikvm(  182): DexOpt: load 14ms, verify+opt 8ms
W/PackageManager(  160): Library not found: /system/framework/com.google.android.media.effects.jar
D/dalvikvm(  183): DexOpt: load 38ms, verify+opt 176ms
W/PackageManager(  160): Library not found: /system/framework/com.google.widevine.software.drm.jar
W/PackageManager(  160): Library not found: /system/framework/com.android.nfc_extras.jar
D/dalvikvm(  184): DexOpt: load 70ms, verify+opt 410ms
D/dalvikvm(  185): DexOpt: load 15ms, verify+opt 6ms
D/dalvikvm(  186): DexOpt: load 107ms, verify+opt 618ms
D/dalvikvm(  187): DexOpt: load 14ms, verify+opt 11ms
D/dalvikvm(  188): DexOpt: load 10ms, verify+opt 48ms
D/dalvikvm(  189): DexOpt: load 22ms, verify+opt 137ms
D/dalvikvm(  190): DexOpt: load 12ms, verify+opt 10ms
D/dalvikvm(  191): DexOpt: load 9ms, verify+opt 8ms
D/dalvikvm(  192): DexOpt: load 9ms, verify+opt 7ms
D/dalvikvm(  193): DexOpt: load 14ms, verify+opt 13ms
D/dalvikvm(  194): DexOpt: load 14ms, verify+opt 59ms
I/PackageManager(  160): /system/framework/framework-res.apk changed; collecting certs
D/dalvikvm(  160): GC_CONCURRENT freed 3150K, 25% free 9779K/12999K, paused 5ms+10ms
D/dalvikvm(  160): GC_CONCURRENT freed 818K, 17% free 10804K/12999K, paused 4ms+7ms
I/PackageManager(  160): /system/framework/framework-miui-res.apk changed; collecting certs
D/dalvikvm(  160): GC_CONCURRENT freed 1316K, 13% free 11330K/12999K, paused 5ms+47ms
I/PackageManager(  160): /system/app/SetupWizard.apk changed; collecting certs
I/PackageManager(  160): /system/app/Phonesky.apk changed; collecting certs
D/dalvikvm(  160): GC_CONCURRENT freed 3689K, 29% free 9497K/13255K, paused 4ms+18ms
I/PackageManager(  160): /system/app/OneTimeInitializer.apk changed; collecting certs
I/PackageManager(  160): /system/app/WidgetPicker.apk changed; collecting certs
I/PackageManager(  160): /system/app/WeatherWidget.apk changed; collecting certs
D/dalvikvm(  160): GC_CONCURRENT freed 1879K, 29% free 9461K/13255K, paused 4ms+26ms
I/PackageManager(  160): New shared user com.sonyericsson.home: id=10004
I/PackageManager(  160): /system/app/NetworkLocation.apk changed; collecting certs
I/PackageManager(  160): New shared user com.google.uid.shared: id=10005
I/PackageManager(  160): /system/app/WAPPushManager.apk changed; collecting certs
I/PackageManager(  160): /system/app/VpnDialogs.apk changed; collecting certs
I/PackageManager(  160): /system/app/VoiceDialer.apk changed; collecting certs
I/PackageManager(  160): /system/app/VisualizationWallpapers.apk changed; collecting certs
I/PackageManager(  160): /system/app/Vending.apk changed; collecting certs
D/dalvikvm(  160): GC_CONCURRENT freed 2118K, 31% free 9186K/13255K, paused 5ms+21ms
W/PackageManager(  160): Application package com.android.vending already installed.  Skipping duplicate.
I/PackageManager(  160): /system/app/UserDictionaryProvider.apk changed; collecting certs
I/PackageManager(  160): New shared user android.uid.shared: id=10009
I/PackageManager(  160): /system/app/Updater.apk changed; collecting certs
I/PackageManager(  160): /system/app/ThemeManager.apk changed; collecting certs
I/PackageManager(  160): /system/app/TelocationProvider.apk changed; collecting certs
D/dalvikvm(  160): GC_CONCURRENT freed 1629K, 30% free 9400K/13255K, paused 5ms+24ms
I/PackageManager(  160): /system/app/TelephonyProvider.apk changed; collecting certs
I/PackageManager(  160): /system/app/MediaUploader.apk changed; collecting certs
I/PackageManager(  160): /system/app/SoundRecorder.apk changed; collecting certs
I/PackageManager(  160): /system/app/SharedStorageBackup.apk changed; collecting certs
I/PackageManager(  160): /system/app/SettingsProvider.apk changed; collecting certs
I/PackageManager(  160): /system/app/Settings.apk changed; collecting certs
D/dalvikvm(  160): GC_CONCURRENT freed 2231K, 33% free 9012K/13255K, paused 6ms+12ms
I/PackageManager(  160): /system/app/PicoTts.apk changed; collecting certs
I/PackageManager(  160): /system/app/Phone.apk changed; collecting certs
D/dalvikvm(  160): GC_CONCURRENT freed 1416K, 29% free 9438K/13255K, paused 9ms+23ms
I/PackageManager(  160): /system/app/PhaseBeam.apk changed; collecting certs
I/PackageManager(  160): /system/app/PackageInstaller.apk changed; collecting certs
I/PackageManager(  160): /system/app/Notes.apk changed; collecting certs
I/PackageManager(  160): /system/app/MarketUpdater.apk changed; collecting certs
I/PackageManager(  160): /system/app/MusicFX.apk changed; collecting certs
I/PackageManager(  160): /system/app/Music.apk changed; collecting certs
D/dalvikvm(  160): GC_CONCURRENT freed 1958K, 30% free 9311K/13255K, paused 5ms+19ms
I/PackageManager(  160): /system/app/Monitor.apk changed; collecting certs
I/PackageManager(  160): /system/app/Mms.apk changed; collecting certs
D/dalvikvm(  160): GC_CONCURRENT freed 1837K, 30% free 9317K/13255K, paused 5ms+21ms
I/PackageManager(  160): /system/app/MiuiSystemUI.apk changed; collecting certs
D/dalvikvm(  160): GC_CONCURRENT freed 1458K, 27% free 9701K/13255K, paused 5ms+23ms
I/PackageManager(  160): /system/app/MiuiHome.apk changed; collecting certs
I/PackageManager(  160): /system/app/MiuiGallery.apk changed; collecting certs
D/dalvikvm(  160): GC_CONCURRENT freed 1698K, 26% free 9832K/13255K, paused 4ms+26ms
I/PackageManager(  160): /system/app/MiuiCompass.apk changed; collecting certs
I/PackageManager(  160): /system/app/MediaProvider.apk changed; collecting certs
I/PackageManager(  160): New shared user android.media: id=10024
I/PackageManager(  160): /system/app/GoogleServicesFramework.apk changed; collecting certs
I/PackageManager(  160): /system/app/LiveWallpapersPicker.apk changed; collecting certs
I/PackageManager(  160): /system/app/LatinIME.apk changed; collecting certs
D/dalvikvm(  160): GC_CONCURRENT freed 2209K, 29% free 9454K/13255K, paused 5ms+19ms
I/PackageManager(  160): /system/app/LBESEC_MIUI.apk changed; collecting certs
I/PackageManager(  160): /system/app/KeyChain.apk changed; collecting certs
I/PackageManager(  160): /system/app/Home.apk changed; collecting certs
D/dalvikvm(  160): GC_CONCURRENT freed 1806K, 29% free 9491K/13255K, paused 5ms+19ms
I/PackageManager(  160): /system/app/HTMLViewer.apk changed; collecting certs
I/PackageManager(  160): /system/app/GummyBeam.apk changed; collecting certs
I/PackageManager(  160): /system/app/GoogleTTS.apk changed; collecting certs
W/ResourceType(  160): Failure getting entry for 0x7f02004b (t=1 e=75) in package 0 (error -75)
I/PackageManager(  160): /system/app/GoogleQuickSearchBox.apk changed; collecting certs
D/dalvikvm(  160): GC_CONCURRENT freed 1916K, 29% free 9418K/13255K, paused 5ms+22ms
I/PackageManager(  160): /system/app/GooglePartnerSetup.apk changed; collecting certs
I/PackageManager(  160): /system/app/GoogleLoginService.apk changed; collecting certs
I/PackageManager(  160): /system/app/GoogleFeedback.apk changed; collecting certs
I/PackageManager(  160): /system/app/Talk.apk changed; collecting certs
D/dalvikvm(  160): GC_CONCURRENT freed 1759K, 29% free 9502K/13255K, paused 4ms+20ms
I/PackageManager(  160): /system/app/GoogleContactsSyncAdapter.apk changed; collecting certs
I/PackageManager(  160): /system/app/Gmail.apk changed; collecting certs
D/dalvikvm(  160): GC_CONCURRENT freed 1507K, 26% free 9838K/13255K, paused 4ms+21ms
I/PackageManager(  160): /system/app/FileExplorer.apk changed; collecting certs
I/PackageManager(  160): /system/app/Exchange.apk changed; collecting certs
I/PackageManager(  160): /system/app/Email.apk changed; collecting certs
I/PackageManager(  160): /system/app/DrmProvider.apk changed; collecting certs
I/PackageManager(  160): /system/app/DownloadProviderUi.apk changed; collecting certs
D/dalvikvm(  160): GC_CONCURRENT freed 1681K, 25% free 9999K/13255K, paused 5ms+28ms
I/PackageManager(  160): /system/app/DownloadProvider.apk changed; collecting certs
I/PackageManager(  160): /system/app/DeskClock.apk changed; collecting certs
I/PackageManager(  160): /system/app/DefaultContainerService.apk changed; collecting certs
I/PackageManager(  160): /system/app/ContactsProvider.apk changed; collecting certs
W/PackageParser(  160): No actions in intent filter at /system/app/Contacts.apk Binary XML file line #570
I/PackageManager(  160): /system/app/Contacts.apk changed; collecting certs
D/dalvikvm(  160): GC_CONCURRENT freed 2184K, 28% free 9652K/13255K, paused 6ms+12ms
I/PackageManager(  160): /system/app/CloudService.apk changed; collecting certs
I/PackageManager(  160): /system/app/ClockWidgets.apk changed; collecting certs
D/dalvikvm(  160): GC_CONCURRENT freed 1489K, 25% free 9989K/13255K, paused 5ms+17ms
I/PackageManager(  160): /system/app/ChromeBookmarksSyncAdapter.apk changed; collecting certs
I/PackageManager(  160): /system/app/CertInstaller.apk changed; collecting certs
I/PackageManager(  160): /system/app/Camera.apk changed; collecting certs
D/dalvikvm(  160): GC_CONCURRENT freed 1845K, 25% free 9962K/13255K, paused 8ms+17ms
I/PackageManager(  160): /system/app/CalendarProvider.apk changed; collecting certs
I/PackageManager(  160): New shared user android.uid.calendar: id=10043
I/PackageManager(  160): /system/app/Calendar.apk changed; collecting certs
I/PackageManager(  160): /system/app/Calculator.apk changed; collecting certs
I/PackageManager(  160): /system/app/GoogleCalendarSyncAdapter.apk changed; collecting certs
I/PackageManager(  160): New shared user com.google.android.calendar.uid.shared: id=10046
I/PackageManager(  160): /system/app/BugReport.apk changed; collecting certs
I/PackageManager(  160): /system/app/Browser.apk changed; collecting certs
D/dalvikvm(  160): GC_CONCURRENT freed 1814K, 25% free 9986K/13255K, paused 8ms+21ms
I/PackageManager(  160): /system/app/Bluetooth.apk changed; collecting certs
W/PackageParser(  160): No actions in intent filter at /system/app/Bluetooth.apk Binary XML file line #112
I/PackageManager(  160): /system/app/BackupRestoreConfirmation.apk changed; collecting certs
I/PackageManager(  160): /system/app/Backup.apk changed; collecting certs
I/PackageManager(  160): /system/app/ApplicationsProvider.apk changed; collecting certs
I/PackageManager(  160): /system/app/AntiSpam.apk changed; collecting certs
D/dalvikvm(  160): GC_CONCURRENT freed 2020K, 27% free 9806K/13255K, paused 10ms+24ms
I/PackageManager(  160): /system/app/GoogleBackupTransport.apk changed; collecting certs
W/PackageManager(  160): Signature mismatch for shared user : SharedUserSetting{41248360 android.uid.system/1000}
D/PackageManager(  160): No files in app dir /vendor/app
E/PackageManager(  160): Package com.google.android.backup has no signatures that match those in shared user android.uid.system; ignoring!
I/PackageManager(  160): Time to scan packages: 21.389 seconds
I/PackageManager(  160): Platform changed from 0 to 15; regranting permissions for internal storage
W/PackageManager(  160): Unknown permission com.android.vending.permission.UPDATE_MARKET_FAILURE in package com.android.vending.updater
W/PackageManager(  160): Unknown permission android.permission.ADD_SYSTEM_SERVICE in package com.android.phone
W/PackageManager(  160): Unknown permission android.permission.WRITE_INTERNAL_STORAGE in package com.miui.player
W/PackageManager(  160): Unknown permission com.android.vending.billing.IBillingAccountService.BIND2 in package com.google.android.gsf.login
W/PackageManager(  160): Not granting permission android.permission.SEND_DOWNLOAD_COMPLETED_INTENTS to package com.android.browser (protectionLevel=2 flags=0x9be45)
W/PackageManager(  160): Unknown permission android.permission.READ_OWNER_DATA in package com.google.android.setupwizard
W/PackageManager(  160): Unknown permission android.permission.WRITE_OWNER_DATA in package com.google.android.setupwizard
W/PackageManager(  160): Unknown permission android.permission.WRITE_INTERNAL_STORAGE in package com.android.updater
W/PackageManager(  160): Not granting permission com.google.android.gm.permission.READ_GMAIL to package com.google.android.apps.uploader (protectionLevel=2 flags=0x8be45)
W/PackageManager(  160): Unknown permission com.google.android.googleapps.permission.GOOGLE_AUTH.panoramio in package com.google.android.apps.uploader
W/PackageManager(  160): Unknown permission com.google.android.voicesearch.SHORTCUTS_ACCESS in package com.google.android.googlequicksearchbox
W/PackageManager(  160): Unknown permission android.permission.READ_EXTERNAL_STORAGE in package com.android.vending
W/PackageManager(  160): Unknown permission com.google.android.voicesearch.AUDIO_FILE_ACCESS in package com.google.android.gm
W/PackageManager(  160): Not granting permission android.permission.DEVICE_POWER to package com.android.deskclock (protectionLevel=2 flags=0x8be45)
W/PackageManager(  160): Unknown permission com.sonyericsson.permission.FACEBOOK in package com.sonyericsson.home
D/dalvikvm(  160): GC_EXPLICIT freed 1388K, 31% free 9213K/13255K, paused 5ms+10ms
I/SystemServer(  160): Account Manager
D/PackageManager(  160): generateServicesMap(android.accounts.AccountAuthenticator): 4 services:
D/PackageManager(  160):   New service added: ServiceInfo: AuthenticatorDescription {type=com.android.email}, ComponentInfo{com.android.email/com.android.email.service.PopImapAuthenticatorService}, uid 10038
D/PackageManager(  160):   New service added: ServiceInfo: AuthenticatorDescription {type=com.android.exchange}, ComponentInfo{com.android.email/com.android.email.service.EasAuthenticatorService}, uid 10038
D/PackageManager(  160):   New service added: ServiceInfo: AuthenticatorDescription {type=com.miui.auth}, ComponentInfo{com.miui.cloudservice/com.miui.cloudservice.authenticator.AuthenticatorService}, uid 1000
D/PackageManager(  160):   New service added: ServiceInfo: AuthenticatorDescription {type=com.google}, ComponentInfo{com.google.android.gsf.login/com.google.android.gsf.loginservice.GoogleLoginService}, uid 10005
I/SystemServer(  160): Content Manager
I/SyncManager(  160): No initial accounts
I/SyncManager(  160): No initial status
I/SyncManager(  160): No initial pending operations
I/SyncManager(  160): No initial statistics
D/PackageManager(  160): generateServicesMap(android.content.SyncAdapter): 10 services:
D/PackageManager(  160):   New service added: ServiceInfo: SyncAdapterType {name=subscribedfeeds, type=com.google, userVisible=false, supportsUploading=true, isAlwaysSyncable=false, allowParallelSyncs=false, settingsActivity=null}, ComponentInfo{com.google.android.gsf/com.google.android.gsf.subscribedfeeds.SubscribedFeedsSyncAdapterService}, uid 10005
D/PackageManager(  160):   New service added: ServiceInfo: SyncAdapterType {name=com.android.contacts, type=com.google, userVisible=true, supportsUploading=true, isAlwaysSyncable=false, allowParallelSyncs=false, settingsActivity=null}, ComponentInfo{com.google.android.syncadapters.contacts/com.google.android.syncadapters.contacts.ContactsSyncAdapterService}, uid 10005
D/PackageManager(  160):   New service added: ServiceInfo: SyncAdapterType {name=gmail-ls, type=com.google, userVisible=true, supportsUploading=true, isAlwaysSyncable=false, allowParallelSyncs=true, settingsActivity=null}, ComponentInfo{com.google.android.gm/com.google.android.gm.provider.MailSyncAdapterService}, uid 10035
D/PackageManager(  160):   New service added: ServiceInfo: SyncAdapterType {name=com.android.email.provider, type=com.android.exchange, userVisible=true, supportsUploading=false, isAlwaysSyncable=false, allowParallelSyncs=false, settingsActivity=null}, ComponentInfo{com.android.exchange/com.android.exchange.EmailSyncAdapterService}, uid 10037
D/PackageManager(  160):   New service added: ServiceInfo: SyncAdapterType {name=com.android.contacts, type=com.android.exchange, userVisible=true, supportsUploading=true, isAlwaysSyncable=false, allowParallelSyncs=false, settingsActivity=null}, ComponentInfo{com.android.exchange/com.android.exchange.ContactsSyncAdapterService}, uid 10037
D/PackageManager(  160):   New service added: ServiceInfo: SyncAdapterType {name=com.android.calendar, type=com.android.exchange, userVisible=true, supportsUploading=true, isAlwaysSyncable=false, allowParallelSyncs=false, settingsActivity=null}, ComponentInfo{com.android.exchange/com.android.exchange.CalendarSyncAdapterService}, uid 10037
D/PackageManager(  160):   New service added: ServiceInfo: SyncAdapterType {name=com.android.email.provider, type=com.android.email, userVisible=true, supportsUploading=false, isAlwaysSyncable=false, allowParallelSyncs=false, settingsActivity=null}, ComponentInfo{com.android.email/com.android.email.service.PopImapSyncAdapterService}, uid 10038
D/PackageManager(  160):   New service added: ServiceInfo: SyncAdapterType {name=com.android.contacts, type=com.miui.auth, userVisible=false, supportsUploading=false, isAlwaysSyncable=false, allowParallelSyncs=false, settingsActivity=null}, ComponentInfo{com.miui.cloudservice/com.miui.cloudservice.ContactsSyncAdapterService}, uid 1000
D/PackageManager(  160):   New service added: ServiceInfo: SyncAdapterType {name=com.android.browser, type=com.google, userVisible=true, supportsUploading=true, isAlwaysSyncable=false, allowParallelSyncs=false, settingsActivity=null}, ComponentInfo{com.google.android.syncadapters.bookmarks/com.google.android.syncadapters.bookmarks.BookmarksSyncAdapterService}, uid 10005
D/PackageManager(  160):   New service added: ServiceInfo: SyncAdapterType {name=com.android.calendar, type=com.google, userVisible=true, supportsUploading=true, isAlwaysSyncable=false, allowParallelSyncs=false, settingsActivity=null}, ComponentInfo{com.google.android.syncadapters.calendar/com.google.android.syncadapters.calendar.CalendarSyncAdapterService}, uid 10046
I/ActivityThread(  160): Pub yellowpage: com.miui.providers.telocation.YellowPageProvider
I/SystemServer(  160): System Content Providers
D/dalvikvm(  160): DexOpt: --- BEGIN 'TelocationProvider.apk' (bootstrap=0) ---
D/dalvikvm(  198): DexOpt: load 10ms, verify+opt 12ms
D/dalvikvm(  160): DexOpt: --- END 'TelocationProvider.apk' (success) ---
D/dalvikvm(  160): DEX prep '/system/app/TelocationProvider.apk': unzip in 1ms, rewrite 159ms
I/ActivityThread(  160): Pub settings: com.android.providers.settings.SettingsProvider
D/dalvikvm(  160): DexOpt: --- BEGIN 'SettingsProvider.apk' (bootstrap=0) ---
D/dalvikvm(  199): DexOpt: load 13ms, verify+opt 93ms
D/dalvikvm(  160): DexOpt: --- END 'SettingsProvider.apk' (success) ---
D/dalvikvm(  160): DEX prep '/system/app/SettingsProvider.apk': unzip in 14ms, rewrite 248ms
D/SettingsProvider(  160): Generated and saved new ANDROID_ID [276d62813b650e15]
I/ActivityThread(  160): Pub telocation: com.miui.providers.telocation.TelocationProvider
D/SettingsProvider(  160): cache for settings table 'secure' rows=27; fullycached=true
D/SettingsProvider(  160): cache for settings table 'system' rows=47; fullycached=true
I/SystemServer(  160): Lights Service
I/SystemServer(  160): Battery Service
I/SystemServer(  160): Vibrator Service
I/power   (  160): *** set_screen_state 1
I/SystemServer(  160): Alarm Manager
I/SystemServer(  160): Init Watchdog
I/SystemServer(  160): Window Manager
I/InputManager(  160): Initializing input manager
W/StatusBarManager(  160): warning: no STATUS_BAR_SERVICE
W/StatusBarManager(  160): warning: no STATUS_BAR_SERVICE
D/AK8975  (   89): Compass Start
I/InputManager(  160): Starting input manager
I/SystemServer(  160): Bluetooth Service
D/EventHub(  160): No input device configuration file found for device 'proximity'.
D/EventHub(  160): No input device configuration file found for device 'lightsensor-level'.
D/EventHub(  160): No input device configuration file found for device 'compass'.
D/EventHub(  160): No input device configuration file found for device 'marvel-keypad'.
I/EventHub(  160): New device: id=4, fd=122, path='/dev/input/event4', name='marvel-keypad', classes=0x1, configuration='', keyLayout='/system/usr/keylayout/marvel-keypad.kl', keyCharacterMap='/system/usr/keychars/Generic.kcm', builtinKeyboard=true
E/filemap (  160): mmap(0,4096) failed: No such device
I/EventHub(  160): New device: id=5, fd=123, path='/dev/input/event3', name='cy8c-touchscreen', classes=0x15, configuration='/system/usr/idc/cy8c-touchscreen.idc', keyLayout='/system/usr/keylayout/cy8c-touchscreen.kl', keyCharacterMap='/system/usr/keychars/Generic.kcm', builtinKeyboard=false
D/EventHub(  160): No input device configuration file found for device 'projector-Keypad'.
I/EventHub(  160): New device: id=6, fd=124, path='/dev/input/event2', name='projector-Keypad', classes=0x1, configuration='', keyLayout='/system/usr/keylayout/Generic.kl', keyCharacterMap='/system/usr/keychars/Generic.kcm', builtinKeyboard=false
D/EventHub(  160): No input device configuration file found for device 'projector_input'.
I/EventHub(  160): New device: id=7, fd=125, path='/dev/input/event1', name='projector_input', classes=0x145, configuration='', keyLayout='/system/usr/keylayout/Generic.kl', keyCharacterMap='/system/usr/keychars/Generic.kcm', builtinKeyboard=false
D/EventHub(  160): No input device configuration file found for device 'h2w headset'.
I/EventHub(  160): New device: id=8, fd=129, path='/dev/input/event0', name='h2w headset', classes=0x1, configuration='', keyLayout='/system/usr/keylayout/h2w_headset.kl', keyCharacterMap='/system/usr/keychars/Generic.kcm', builtinKeyboard=false
I/BluetoothProfileState(  160): Message:Entering Stable State
I/InputReader(  160): Device added: id=8, name='h2w headset', sources=0x00000101
I/InputReader(  160):   Touch device 'projector_input' could not query the properties of its associated display 0.  The device will be inoperable until the display size becomes available.
I/InputReader(  160): Device added: id=7, name='projector_input', sources=0x01002513
I/InputReader(  160): Device added: id=6, name='projector-Keypad', sources=0x00000101
W/InputReader(  160): Invalid value for touch.size.calibration: 'normalized'
I/InputReader(  160):   Touch device 'cy8c-touchscreen' could not query the properties of its associated display 0.  The device will be inoperable until the display size becomes available.
I/InputReader(  160): Device added: id=5, name='cy8c-touchscreen', sources=0x00001103
I/InputReader(  160): Device added: id=0, name='marvel-keypad', sources=0x00000101
I/BluetoothProfileState(  160): Message:Entering Stable State
I/BluetoothProfileState(  160): Message:Entering Stable State
D/BluetoothAdapterStateMachine(  160): PowerOff process message: 5
I/SystemServer(  160): Input Method Service
E/OMXCodec(   85): Attempting to allocate OMX node 'OMX.google.vorbis.decoder'
E/OMXCodec(   85): Successfully allocated OMX node 'OMX.google.vorbis.decoder'
I/bluedroid(  160): Starting hciattach daemon
D/SettingsProvider(  160): external modification to /data/data/com.android.providers.settings/databases/settings.db; event=2
D/SettingsProvider(  160): updating our caches for /data/data/com.android.providers.settings/databases/settings.db
