D/IconHelper( 1191): Generate customized icon for com.miui.bugreport.BugReportActivity.png
D/IconHelper( 1191): Generate customized icon for com.android.calendar.png
D/IconHelper( 1191): Generate customized icon for com.miui.notes.png
D/IconHelper( 1191): Generate customized icon for com.android.email.png
D/IconHelper( 1191): Generate customized icon for com.android.updater.png
D/IconHelper( 1191): Generate customized icon for com.android.fileexplorer.png
D/dalvikvm( 1191): GC_CONCURRENT freed 1540K, 12% free 12219K/13831K, paused 4ms+11ms
D/EmailProvider(  945): Creating EmailProviderBody database
D/IconHelper( 1191): Generate customized icon for com.google.android.talk.png
D/IconHelper( 1191): Generate customized icon for com.android.contacts.activities.TwelveKeyDialer.png
D/IconHelper( 1191): Generate customized icon for com.android.contacts.png
D/IconHelper( 1191): Generate customized icon for com.android.browser.png
D/IconHelper( 1191): Generate customized icon for com.android.mms.png
D/Launcher.Model( 1191): Setting thread priority to BACKGROUND
D/Launcher.Model( 1191): Going to start binding widgets soon.
D/dalvikvm( 1191): GC_CONCURRENT freed 1256K, 10% free 12798K/14151K, paused 5ms+14ms
I/ScreenElementRoot( 1191): init target density: 160
D/Launcher.Model( 1191): bind workspace in 854ms
D/Launcher.Model( 1191): done with previous binding step
D/Launcher.Model( 1191): waited 853ms for previous step to finish binding
D/Launcher.Model( 1191): step 2: loading missing icons
D/LauncherSettings( 1191): Updating home screen for package com.google.android.googlequicksearchbox
D/ScreenUtils( 1191): Updating home screen for package com.google.android.googlequicksearchbox with []
D/ScreenUtils( 1191): Adding new app Search to screen 3, pos (0, 1)
D/EmailProvider(  945): Creating EmailProvider database
D/AllAppsList( 1191): Loaded application Search at (0, 1) of screen 3 under container -100
D/LauncherSettings( 1191): Updating home screen for package com.lbe.security.miui
D/ScreenUtils( 1191): Updating home screen for package com.lbe.security.miui with []
D/ScreenUtils( 1191): Adding new app Permission Manager to screen 3, pos (1, 1)
D/AllAppsList( 1191): Loaded application Permission Manager at (1, 1) of screen 3 under container -100
D/LauncherSettings( 1191): Updating home screen for package com.android.systemui
D/ScreenUtils( 1191): Updating home screen for package com.android.systemui with []
D/ScreenUtils( 1191): Adding new app Torch to screen 3, pos (0, 2)
D/AllAppsList( 1191): Loaded application Torch at (0, 2) of screen 3 under container -100
D/LauncherSettings( 1191): Updating home screen for package com.android.vending
D/ScreenUtils( 1191): Updating home screen for package com.android.vending with []
D/dalvikvm( 1191): GC_FOR_ALLOC freed 580K, 9% free 13410K/14599K, paused 71ms
D/dalvikvm(  160): GC_EXPLICIT freed 1068K, 42% free 11558K/19719K, paused 8ms+25ms
W/CursorWrapperInner(  160): Cursor finalized without prior close()
D/ScreenUtils( 1191): Adding new app Play Store to screen 3, pos (1, 2)
D/AllAppsList( 1191): Loaded application Play Store at (1, 2) of screen 3 under container -100
D/LauncherSettings( 1191): Updating home screen for package com.google.android.gm
D/ScreenUtils( 1191): Updating home screen for package com.google.android.gm with []
D/dalvikvm(  160): GC_EXPLICIT freed 246K, 43% free 11326K/19719K, paused 23ms+12ms
I/Email   (  945): Onetime initialization: completed.
D/memalloc(   82): /dev/pmem: Allocated buffer base:0x41500000 size:614400 offset:0 fd:27
D/memalloc(  384): /dev/pmem: Mapped buffer base:0x51a5c000 size:614400 offset:0 fd:78
V/PhoneStatusBar(  384): setLightsOn(true)
D/ExchangeService(  928): !!! EAS ExchangeService, onStartCommand, startingUp = true, running = false
I/ActivityManager(  160): No longer want com.google.android.gsf.login (pid 553): hidden #16
I/ActivityManager(  160): No longer want com.android.email (pid 945): hidden #16
I/dalvikvm(  160): Jit: resizing JitTable from 2048 to 4096
D/ScreenUtils( 1191): Adding new app Gmail to screen 3, pos (2, 2)
D/SettingsProvider(  160): external modification to /data/data/com.android.providers.settings/databases/settings.db; event=2
D/SettingsProvider(  160): updating our caches for /data/data/com.android.providers.settings/databases/settings.db
D/SettingsProvider(  160): cache for settings table 'secure' rows=38; fullycached=true
D/SettingsProvider(  160): cache for settings table 'system' rows=50; fullycached=true
D/AllAppsList( 1191): Loaded application Gmail at (2, 2) of screen 3 under container -100
D/Launcher.Model( 1191): Finally removing useless icons
D/Launcher.Model( 1191): Finally adding missing icons
D/IconHelper( 1191): Generate customized icon for com.google.android.googlequicksearchbox.png
D/IconHelper( 1191): Generate customized icon for com.lbe.security.miui.png
D/dalvikvm( 1191): GC_FOR_ALLOC freed 538K, 8% free 14305K/15431K, paused 181ms
D/IconHelper( 1191): Generate customized icon for com.android.systemui.TorchActivity.png
D/IconHelper( 1191): Generate customized icon for com.android.vending.AssetBrowserActivity.png
D/IconHelper( 1191): Generate customized icon for com.google.android.gm.png
V/AudioHardwareMSM72XX(   85): open driver
V/AudioHardwareMSM72XX(   85): get config
V/AudioHardwareMSM72XX(   85): set config
V/AudioHardwareMSM72XX(   85): buffer_size: 4800
V/AudioHardwareMSM72XX(   85): buffer_count: 2
V/AudioHardwareMSM72XX(   85): channel_count: 2
V/AudioHardwareMSM72XX(   85): sample_rate: 44100
W/HapticFeedbackUtil(  160): vibrate: null or empty pattern
D/memalloc(   82): /dev/pmem: Freeing buffer base:0x41500000 size:614400 offset:0 fd:27
W/InputManagerService(  160): Window already focused, ignoring focus gain of: com.android.internal.view.IInputMethodClient$Stub$Proxy@4129b488
D/memalloc(  384): /dev/pmem: Unmapping buffer base:0x51a5c000 size:614400 offset:0
V/PhoneStatusBar(  384): setLightsOn(true)
D/dalvikvm(  508): GC_CONCURRENT freed 4223K, 35% free 8446K/12867K, paused 7ms+13ms
I//system/bin/fsck_msdos(   78): ** Phase 4 - Checking for Lost Files
I//system/bin/fsck_msdos(   78): Free space in FSInfo block (166199) not correct (223286)
I//system/bin/fsck_msdos(   78): FIXED
I//system/bin/fsck_msdos(   78): Next free cluster in FSInfo block (290494) not free
I//system/bin/fsck_msdos(   78): FIXED
I//system/bin/fsck_msdos(   78): 7840 files, 2950848 free (223286 clusters)
I/Vold    (   78): Filesystem check completed OK
I/Vold    (   78): Device /dev/block/vold/179:1, target /mnt/sdcard mounted @ /mnt/secure/staging
