D/SettingsProvider(  160): cache for settings table 'secure' rows=30; fullycached=true
I/InputManagerService(  160): Selected default: com.android.inputmethod.latin/.LatinIME
D/SettingsProvider(  160): cache for settings table 'system' rows=47; fullycached=true
E/OMXCodec(   85): Attempting to allocate OMX node 'OMX.google.vorbis.decoder'
E/OMXCodec(   85): Successfully allocated OMX node 'OMX.google.vorbis.decoder'
D/SettingsProvider(  160): external modification to /data/data/com.android.providers.settings/databases/settings.db; event=2
D/SettingsProvider(  160): updating our caches for /data/data/com.android.providers.settings/databases/settings.db
D/SettingsProvider(  160): cache for settings table 'secure' rows=33; fullycached=true
I/SystemServer(  160): Accessibility Manager
I/InputReader(  160): Reconfiguring input devices.  changes=0x00000004
I/InputReader(  160): Device reconfigured: id=5, name='cy8c-touchscreen', surface size is now 320x480, mode is 1
I/InputReader(  160): Device reconfigured: id=7, name='projector_input', surface size is now 320x480, mode is 3
I/ActivityManager(  160): Config changed: {1.0 0mcc0mnc en_US layoutdir=0 sw320dp w320dp h455dp nrml port ?uimode ?night finger -keyb/v/h -nav/h s.2 themeChanged=0 themeChangedFlags=0}
D/PermissionCache(   82): checking android.permission.ACCESS_SURFACE_FLINGER for uid=1000 => granted (1678 us)
D/SettingsProvider(  160): cache for settings table 'system' rows=47; fullycached=true
I/PackageManager(  160): Running dexopt on: com.google.android.setupwizard
D/dalvikvm(  227): DexOpt: load 69ms, verify+opt 297ms
I/PackageManager(  160): Running dexopt on: com.android.vending
E/brcm_patchram_plus(  221): Done setting line discpline
I/bluedroid(  160): Starting bluetoothd deamon
E/BluetoothEventLoop.cpp(  160): get_adapter_path: D-Bus error: org.freedesktop.DBus.Error.ServiceUnknown (The name org.bluez was not provided by any .service files)
E/BluetoothEventLoop.cpp(  160): get_adapter_path: D-Bus error: org.freedesktop.DBus.Error.ServiceUnknown (The name org.bluez was not provided by any .service files)
E/BluetoothEventLoop.cpp(  160): get_adapter_path: D-Bus error: org.freedesktop.DBus.Error.ServiceUnknown (The name org.bluez was not provided by any .service files)
E/BluetoothEventLoop.cpp(  160): get_adapter_path: D-Bus error: org.freedesktop.DBus.Error.ServiceUnknown (The name org.bluez was not provided by any .service files)
E/BluetoothEventLoop.cpp(  160): get_adapter_path: D-Bus error: org.freedesktop.DBus.Error.ServiceUnknown (The name org.bluez was not provided by any .service files)
E/BluetoothEventLoop.cpp(  160): get_adapter_path: D-Bus error: org.freedesktop.DBus.Error.ServiceUnknown (The name org.bluez was not provided by any .service files)
E/BluetoothEventLoop.cpp(  160): get_adapter_path: D-Bus error: org.freedesktop.DBus.Error.ServiceUnknown (The name org.bluez was not provided by any .service files)
E/BluetoothEventLoop.cpp(  160): get_adapter_path: D-Bus error: org.freedesktop.DBus.Error.ServiceUnknown (The name org.bluez was not provided by any .service files)
E/BluetoothEventLoop.cpp(  160): get_adapter_path: D-Bus error: org.freedesktop.DBus.Error.ServiceUnknown (The name org.bluez was not provided by any .service files)
E/BluetoothEventLoop.cpp(  160): get_adapter_path: D-Bus error: org.freedesktop.DBus.Error.ServiceUnknown (The name org.bluez was not provided by any .service files)
E/BluetoothEventLoop.cpp(  160): get_adapter_path: D-Bus error: org.bluez.Error.NoSuchAdapter (No such adapter)
E/BluetoothEventLoop.cpp(  160): failure setting up Event Loop!
D/dalvikvm(  228): DexOpt: 'Landroid/animation/TimeInterpolator;' has an earlier definition; blocking out
D/dalvikvm(  228): DexOpt: 'Landroid/animation/Animator$AnimatorListener;' has an earlier definition; blocking out
D/dalvikvm(  228): DexOpt: 'Landroid/animation/Animator;' has an earlier definition; blocking out
D/dalvikvm(  228): DexOpt: 'Landroid/animation/TypeEvaluator;' has an earlier definition; blocking out
D/dalvikvm(  228): DexOpt: 'Landroid/animation/FloatEvaluator;' has an earlier definition; blocking out
D/dalvikvm(  228): DexOpt: 'Landroid/animation/IntEvaluator;' has an earlier definition; blocking out
D/dalvikvm(  228): DexOpt: 'Landroid/animation/Keyframe;' has an earlier definition; blocking out
D/dalvikvm(  228): DexOpt: 'Landroid/animation/KeyframeSet;' has an earlier definition; blocking out
D/dalvikvm(  228): DexOpt: 'Landroid/animation/PropertyValuesHolder;' has an earlier definition; blocking out
D/dalvikvm(  228): DexOpt: 'Landroid/animation/ValueAnimator$1;' has an earlier definition; blocking out
D/dalvikvm(  228): DexOpt: 'Landroid/animation/ValueAnimator$AnimationHandler;' has an earlier definition; blocking out
D/dalvikvm(  228): DexOpt: 'Landroid/animation/ValueAnimator$AnimatorUpdateListener;' has an earlier definition; blocking out
D/dalvikvm(  228): DexOpt: 'Landroid/animation/ValueAnimator;' has an earlier definition; blocking out
D/dalvikvm(  228): DexOpt: 'Landroid/view/animation/LinearInterpolator;' has an earlier definition; blocking out
D/dalvikvm(  228): DexOpt: not verifying/optimizing 'Landroid/animation/TimeInterpolator;': multiple definitions
D/dalvikvm(  228): DexOpt: not verifying/optimizing 'Landroid/animation/Animator$AnimatorListener;': multiple definitions
D/dalvikvm(  228): DexOpt: not verifying/optimizing 'Landroid/animation/Animator;': multiple definitions
D/dalvikvm(  228): DexOpt: not verifying/optimizing 'Landroid/animation/TypeEvaluator;': multiple definitions
D/dalvikvm(  228): DexOpt: not verifying/optimizing 'Landroid/animation/FloatEvaluator;': multiple definitions
D/dalvikvm(  228): DexOpt: not verifying/optimizing 'Landroid/animation/IntEvaluator;': multiple definitions
D/dalvikvm(  228): DexOpt: not verifying/optimizing 'Landroid/animation/Keyframe;': multiple definitions
D/dalvikvm(  228): DexOpt: not verifying/optimizing 'Landroid/animation/KeyframeSet;': multiple definitions
D/dalvikvm(  228): DexOpt: not verifying/optimizing 'Landroid/animation/PropertyValuesHolder;': multiple definitions
D/dalvikvm(  228): DexOpt: not verifying/optimizing 'Landroid/animation/ValueAnimator$1;': multiple definitions
D/dalvikvm(  228): DexOpt: not verifying/optimizing 'Landroid/animation/ValueAnimator$AnimationHandler;': multiple definitions
D/dalvikvm(  228): DexOpt: not verifying/optimizing 'Landroid/animation/ValueAnimator$AnimatorUpdateListener;': multiple definitions
D/dalvikvm(  228): DexOpt: not verifying/optimizing 'Landroid/animation/ValueAnimator;': multiple definitions
E/BluetoothService.cpp(  160): setBluetoothTetheringNative true
D/BluetoothEventLoop(  160): Property Changed: Pairable : false
D/BluetoothEventLoop(  160): Property Changed: Powered : false
D/BluetoothEventLoop(  160): Property Changed: UUIDs : 5
D/BluetoothAdapterStateMachine(  160): WarmUp process message: 54
D/BluetoothEventLoop(  160): Property Changed: UUIDs : 6
D/BluetoothEventLoop(  160): Property Changed: UUIDs : 7
D/BluetoothEventLoop(  160): Property Changed: UUIDs : 8
D/BluetoothEventLoop(  160): Property Changed: UUIDs : 9
D/BluetoothAdapterStateMachine(  160): WarmUp process message: 51
D/dalvikvm(  228): DexOpt: not verifying/optimizing 'Landroid/view/animation/LinearInterpolator;': multiple definitions
I/dalvikvm(  228): DexOpt: not resolving ambiguous class 'Landroid/animation/ValueAnimator;'
I/dalvikvm(  228): DexOpt: not resolving ambiguous class 'Landroid/animation/ValueAnimator;'
D/dalvikvm(  228): DexOpt: load 494ms, verify+opt 3599ms
I/PackageManager(  160): Running dexopt on: com.google.android.onetimeinitializer
D/dalvikvm(  232): DexOpt: load 13ms, verify+opt 13ms
I/PackageManager(  160): Running dexopt on: com.sonyericsson.widgetpicker
D/dalvikvm(  233): DexOpt: couldn't find field Landroid/content/res/Configuration;.skinPackage
D/dalvikvm(  233): DexOpt: couldn't find field Landroid/content/pm/PackageInfo;.isSkin
D/dalvikvm(  233): DexOpt: load 30ms, verify+opt 138ms
I/PackageManager(  160): Running dexopt on: com.sonyericsson.advancedwidget.weather
D/dalvikvm(  234): DexOpt: load 105ms, verify+opt 442ms
I/PackageManager(  160): Running dexopt on: com.google.android.location
D/dalvikvm(  235): DexOpt: load 44ms, verify+opt 408ms
I/PackageManager(  160): Running dexopt on: com.android.smspush
D/dalvikvm(  236): DexOpt: load 19ms, verify+opt 13ms
I/PackageManager(  160): Running dexopt on: com.android.vpndialogs
D/dalvikvm(  237): DexOpt: load 21ms, verify+opt 76ms
I/PackageManager(  160): Running dexopt on: com.android.voicedialer
D/dalvikvm(  238): DexOpt: load 24ms, verify+opt 144ms
I/PackageManager(  160): Running dexopt on: com.android.musicvis
D/dalvikvm(  239): DexOpt: load 16ms, verify+opt 37ms
I/PackageManager(  160): Running dexopt on: com.android.providers.userdictionary
D/dalvikvm(  240): DexOpt: load 14ms, verify+opt 20ms
I/PackageManager(  160): Running dexopt on: com.android.updater
D/dalvikvm(  241): DexOpt: load 27ms, verify+opt 266ms
I/PackageManager(  160): Running dexopt on: com.android.thememanager
D/dalvikvm(  242): DexOpt: load 93ms, verify+opt 71ms
I/PackageManager(  160): Running dexopt on: com.android.providers.telephony
D/dalvikvm(  243): DexOpt: load 13ms, verify+opt 179ms
I/PackageManager(  160): Running dexopt on: com.google.android.apps.uploader
D/dalvikvm(  244): DexOpt: load 126ms, verify+opt 964ms
I/PackageManager(  160): Running dexopt on: com.android.soundrecorder
D/dalvikvm(  245): DexOpt: load 70ms, verify+opt 154ms
I/PackageManager(  160): Running dexopt on: com.android.sharedstoragebackup
D/dalvikvm(  246): DexOpt: load 11ms, verify+opt 6ms
I/PackageManager(  160): Running dexopt on: com.android.settings
D/dalvikvm(  247): DexOpt: load 252ms, verify+opt 1473ms
I/PackageManager(  160): Running dexopt on: com.svox.pico
D/dalvikvm(  248): DexOpt: load 26ms, verify+opt 24ms
I/PackageManager(  160): Running dexopt on: com.android.phone
D/dalvikvm(  249): DexOpt: load 190ms, verify+opt 1081ms
I/PackageManager(  160): Running dexopt on: com.android.phasebeam
D/dalvikvm(  250): DexOpt: load 30ms, verify+opt 30ms
I/PackageManager(  160): Running dexopt on: com.android.packageinstaller
D/dalvikvm(  251): DexOpt: load 25ms, verify+opt 111ms
I/PackageManager(  160): Running dexopt on: com.miui.notes
D/dalvikvm(  252): DexOpt: load 98ms, verify+opt 274ms
I/PackageManager(  160): Running dexopt on: com.android.vending.updater
D/dalvikvm(  253): DexOpt: load 10ms, verify+opt 12ms
I/PackageManager(  160): Running dexopt on: com.android.musicfx
D/dalvikvm(  254): DexOpt: load 38ms, verify+opt 252ms
I/PackageManager(  160): Running dexopt on: com.miui.player
D/dalvikvm(  255): DexOpt: load 239ms, verify+opt 1035ms
I/PackageManager(  160): Running dexopt on: com.android.monitor
D/dalvikvm(  256): DexOpt: load 70ms, verify+opt 244ms
I/PackageManager(  160): Running dexopt on: com.android.mms
D/dalvikvm(  257): DexOpt: load 260ms, verify+opt 1057ms
I/PackageManager(  160): Running dexopt on: com.android.systemui
D/dalvikvm(  258): DexOpt: load 196ms, verify+opt 622ms
I/PackageManager(  160): Running dexopt on: com.miui.home
D/dalvikvm(  259): DexOpt: load 252ms, verify+opt 539ms
I/PackageManager(  160): Running dexopt on: com.miui.gallery
D/dalvikvm(  260): DexOpt: load 215ms, verify+opt 1009ms
I/PackageManager(  160): Running dexopt on: com.miui.compass
D/dalvikvm(  261): DexOpt: load 30ms, verify+opt 75ms
I/PackageManager(  160): Running dexopt on: com.android.providers.media
D/dalvikvm(  262): DexOpt: load 15ms, verify+opt 156ms
I/PackageManager(  160): Running dexopt on: com.google.android.gsf
D/dalvikvm(  263): DexOpt: load 110ms, verify+opt 1452ms
I/PackageManager(  160): Running dexopt on: com.android.wallpaper.livepicker
D/dalvikvm(  264): DexOpt: load 25ms, verify+opt 96ms
I/PackageManager(  160): Running dexopt on: com.android.inputmethod.latin
D/dalvikvm(  265): DexOpt: load 102ms, verify+opt 516ms
I/PackageManager(  160): Running dexopt on: com.lbe.security.miui
D/dalvikvm(  266): DexOpt: 'Landroid/content/pm/IPackageDataObserver;' has an earlier definition; blocking out
D/dalvikvm(  266): DexOpt: 'Landroid/content/pm/IPackageDataObserver$Stub$Proxy;' has an earlier definition; blocking out
D/dalvikvm(  266): DexOpt: 'Landroid/content/pm/IPackageDataObserver$Stub;' has an earlier definition; blocking out
D/dalvikvm(  266): DexOpt: 'Landroid/content/pm/IPackageDeleteObserver;' has an earlier definition; blocking out
D/dalvikvm(  266): DexOpt: 'Landroid/content/pm/IPackageDeleteObserver$Stub$Proxy;' has an earlier definition; blocking out
D/dalvikvm(  266): DexOpt: 'Landroid/content/pm/IPackageDeleteObserver$Stub;' has an earlier definition; blocking out
D/dalvikvm(  266): DexOpt: 'Landroid/content/pm/IPackageInstallObserver;' has an earlier definition; blocking out
D/dalvikvm(  266): DexOpt: 'Landroid/content/pm/IPackageInstallObserver$Stub$Proxy;' has an earlier definition; blocking out
D/dalvikvm(  266): DexOpt: 'Landroid/content/pm/IPackageInstallObserver$Stub;' has an earlier definition; blocking out
D/dalvikvm(  266): DexOpt: 'Landroid/content/pm/IPackageMoveObserver;' has an earlier definition; blocking out
D/dalvikvm(  266): DexOpt: 'Landroid/content/pm/IPackageMoveObserver$Stub$Proxy;' has an earlier definition; blocking out
D/dalvikvm(  266): DexOpt: 'Landroid/content/pm/IPackageMoveObserver$Stub;' has an earlier definition; blocking out
D/dalvikvm(  266): DexOpt: 'Landroid/content/pm/IPackageStatsObserver;' has an earlier definition; blocking out
D/dalvikvm(  266): DexOpt: 'Landroid/content/pm/IPackageStatsObserver$Stub$Proxy;' has an earlier definition; blocking out
D/dalvikvm(  266): DexOpt: 'Landroid/content/pm/IPackageStatsObserver$Stub;' has an earlier definition; blocking out
D/dalvikvm(  266): DexOpt: 'Lcom/android/internal/telephony/ITelephony;' has an earlier definition; blocking out
D/dalvikvm(  266): DexOpt: 'Lcom/android/internal/telephony/ITelephony$Stub$Proxy;' has an earlier definition; blocking out
D/dalvikvm(  266): DexOpt: 'Lcom/android/internal/telephony/ITelephony$Stub;' has an earlier definition; blocking out
D/dalvikvm(  266): DexOpt: not verifying/optimizing 'Landroid/content/pm/IPackageDataObserver;': multiple definitions
D/dalvikvm(  266): DexOpt: not verifying/optimizing 'Landroid/content/pm/IPackageDataObserver$Stub$Proxy;': multiple definitions
D/dalvikvm(  266): DexOpt: not verifying/optimizing 'Landroid/content/pm/IPackageDataObserver$Stub;': multiple definitions
D/dalvikvm(  266): DexOpt: not verifying/optimizing 'Landroid/content/pm/IPackageDeleteObserver;': multiple definitions
D/dalvikvm(  266): DexOpt: not verifying/optimizing 'Landroid/content/pm/IPackageDeleteObserver$Stub$Proxy;': multiple definitions
D/dalvikvm(  266): DexOpt: not verifying/optimizing 'Landroid/content/pm/IPackageDeleteObserver$Stub;': multiple definitions
D/dalvikvm(  266): DexOpt: not verifying/optimizing 'Landroid/content/pm/IPackageInstallObserver;': multiple definitions
D/dalvikvm(  266): DexOpt: not verifying/optimizing 'Landroid/content/pm/IPackageInstallObserver$Stub$Proxy;': multiple definitions
D/dalvikvm(  266): DexOpt: not verifying/optimizing 'Landroid/content/pm/IPackageInstallObserver$Stub;': multiple definitions
D/dalvikvm(  266): DexOpt: not verifying/optimizing 'Landroid/content/pm/IPackageMoveObserver;': multiple definitions
D/dalvikvm(  266): DexOpt: not verifying/optimizing 'Landroid/content/pm/IPackageMoveObserver$Stub$Proxy;': multiple definitions
D/dalvikvm(  266): DexOpt: not verifying/optimizing 'Landroid/content/pm/IPackageMoveObserver$Stub;': multiple definitions
D/dalvikvm(  266): DexOpt: not verifying/optimizing 'Landroid/content/pm/IPackageStatsObserver;': multiple definitions
D/dalvikvm(  266): DexOpt: not verifying/optimizing 'Landroid/content/pm/IPackageStatsObserver$Stub$Proxy;': multiple definitions
D/dalvikvm(  266): DexOpt: not verifying/optimizing 'Landroid/content/pm/IPackageStatsObserver$Stub;': multiple definitions
D/dalvikvm(  266): DexOpt: not verifying/optimizing 'Lcom/android/internal/telephony/ITelephony;': multiple definitions
D/dalvikvm(  266): DexOpt: not verifying/optimizing 'Lcom/android/internal/telephony/ITelephony$Stub$Proxy;': multiple definitions
D/dalvikvm(  266): DexOpt: not verifying/optimizing 'Lcom/android/internal/telephony/ITelephony$Stub;': multiple definitions
D/dalvikvm(  266): DexOpt: load 160ms, verify+opt 589ms
I/PackageManager(  160): Running dexopt on: com.android.keychain
D/dalvikvm(  267): DexOpt: load 25ms, verify+opt 134ms
I/PackageManager(  160): Running dexopt on: com.sonyericsson.home
D/dalvikvm(  268): DexOpt: load 165ms, verify+opt 842ms
I/PackageManager(  160): Running dexopt on: com.android.htmlviewer
D/dalvikvm(  269): DexOpt: load 21ms, verify+opt 75ms
I/PackageManager(  160): Running dexopt on: com.android.gummybeam
D/dalvikvm(  270): DexOpt: load 29ms, verify+opt 25ms
I/PackageManager(  160): Running dexopt on: com.google.android.tts
D/dalvikvm(  271): DexOpt: load 192ms, verify+opt 979ms
I/PackageManager(  160): Running dexopt on: com.google.android.googlequicksearchbox
D/dalvikvm(  272): DexOpt: load 215ms, verify+opt 683ms
I/PackageManager(  160): Running dexopt on: com.google.android.partnersetup
D/dalvikvm(  273): DexOpt: load 39ms, verify+opt 283ms
I/PackageManager(  160): Running dexopt on: com.google.android.gsf.login
D/dalvikvm(  274): DexOpt: load 136ms, verify+opt 560ms
I/PackageManager(  160): Running dexopt on: com.google.android.feedback
D/dalvikvm(  275): DexOpt: load 40ms, verify+opt 333ms
I/PackageManager(  160): Running dexopt on: com.google.android.talk
D/dalvikvm(  276): DexOpt: load 233ms, verify+opt 1209ms
I/PackageManager(  160): Running dexopt on: com.google.android.syncadapters.contacts
D/dalvikvm(  277): DexOpt: load 36ms, verify+opt 449ms
I/PackageManager(  160): Running dexopt on: com.google.android.gm
D/dalvikvm(  278): DexOpt: load 372ms, verify+opt 1785ms
I/PackageManager(  160): Running dexopt on: com.android.fileexplorer
D/dalvikvm(  279): DexOpt: load 74ms, verify+opt 336ms
I/PackageManager(  160): Running dexopt on: com.android.exchange
D/dalvikvm(  280): DexOpt: load 190ms, verify+opt 1403ms
I/PackageManager(  160): Running dexopt on: com.android.email
D/dalvikvm(  281): DexOpt: load 376ms, verify+opt 1891ms
I/PackageManager(  160): Running dexopt on: com.android.providers.drm
D/dalvikvm(  282): DexOpt: load 10ms, verify+opt 19ms
I/PackageManager(  160): Running dexopt on: com.android.providers.downloads.ui
D/dalvikvm(  283): DexOpt: load 60ms, verify+opt 157ms
I/PackageManager(  160): Running dexopt on: com.android.providers.downloads
D/dalvikvm(  284): DexOpt: load 33ms, verify+opt 196ms
I/PackageManager(  160): Running dexopt on: com.android.deskclock
D/dalvikvm(  285): DexOpt: load 127ms, verify+opt 279ms
I/PackageManager(  160): Running dexopt on: com.android.defcontainer
D/dalvikvm(  286): DexOpt: load 17ms, verify+opt 18ms
I/PackageManager(  160): Running dexopt on: com.android.providers.contacts
D/dalvikvm(  287): DexOpt: load 168ms, verify+opt 1157ms
I/PackageManager(  160): Running dexopt on: com.android.contacts
D/dalvikvm(  288): DexOpt: load 449ms, verify+opt 2167ms
I/PackageManager(  160): Running dexopt on: com.miui.cloudservice
D/dalvikvm(  289): DexOpt: load 32ms, verify+opt 148ms
I/PackageManager(  160): Running dexopt on: com.sonyericsson.advancedwidget.clock
D/dalvikvm(  290): DexOpt: load 39ms, verify+opt 134ms
I/PackageManager(  160): Running dexopt on: com.google.android.syncadapters.bookmarks
D/dalvikvm(  291): DexOpt: load 43ms, verify+opt 405ms
I/PackageManager(  160): Running dexopt on: com.android.certinstaller
D/dalvikvm(  292): DexOpt: load 27ms, verify+opt 108ms
I/PackageManager(  160): Running dexopt on: com.android.camera
D/dalvikvm(  293): DexOpt: load 162ms, verify+opt 398ms
I/PackageManager(  160): Running dexopt on: com.android.providers.calendar
D/dalvikvm(  294): DexOpt: load 38ms, verify+opt 392ms
I/PackageManager(  160): Running dexopt on: com.android.calendar
D/dalvikvm(  295): DexOpt: 'Lcom/android/i18n/phonenumbers/PhoneNumberUtil$1;' has an earlier definition; blocking out
D/dalvikvm(  295): DexOpt: 'Lcom/android/i18n/phonenumbers/PhoneNumberUtil$Leniency;' has an earlier definition; blocking out
D/dalvikvm(  295): DexOpt: 'Lcom/android/i18n/phonenumbers/PhoneNumberUtil$Leniency$2;' has an earlier definition; blocking out
D/dalvikvm(  295): DexOpt: 'Lcom/android/i18n/phonenumbers/Phonenumber$PhoneNumber;' has an earlier definition; blocking out
D/dalvikvm(  295): DexOpt: 'Lcom/android/i18n/phonenumbers/PhoneNumberMatcher$State;' has an earlier definition; blocking out
D/dalvikvm(  295): DexOpt: 'Lcom/android/i18n/phonenumbers/NumberParseException;' has an earlier definition; blocking out
D/dalvikvm(  295): DexOpt: 'Lcom/android/i18n/phonenumbers/PhoneNumberUtil$PhoneNumberType;' has an earlier definition; blocking out
D/dalvikvm(  295): DexOpt: 'Lcom/android/i18n/phonenumbers/PhoneNumberUtil$2;' has an earlier definition; blocking out
D/dalvikvm(  295): DexOpt: 'Lcom/android/i18n/phonenumbers/PhoneNumberUtil$Leniency$3;' has an earlier definition; blocking out
D/dalvikvm(  295): DexOpt: 'Lcom/android/i18n/phonenumbers/Phonemetadata$PhoneMetadataCollection;' has an earlier definition; blocking out
D/dalvikvm(  295): DexOpt: 'Lcom/android/i18n/phonenumbers/Phonemetadata$NumberFormat;' has an earlier definition; blocking out
D/dalvikvm(  295): DexOpt: 'Lcom/android/i18n/phonenumbers/PhoneNumberMatch;' has an earlier definition; blocking out
D/dalvikvm(  295): DexOpt: 'Lcom/android/i18n/phonenumbers/RegexCache$LRUCache$1;' has an earlier definition; blocking out
D/dalvikvm(  295): DexOpt: 'Lcom/android/i18n/phonenumbers/Phonenumber;' has an earlier definition; blocking out
D/dalvikvm(  295): DexOpt: 'Lcom/android/i18n/phonenumbers/PhoneNumberMatcher;' has an earlier definition; blocking out
D/dalvikvm(  295): DexOpt: 'Lcom/android/i18n/phonenumbers/RegexCache;' has an earlier definition; blocking out
D/dalvikvm(  295): DexOpt: 'Lcom/android/i18n/phonenumbers/PhoneNumberUtil$PhoneNumberFormat;' has an earlier definition; blocking out
D/dalvikvm(  295): DexOpt: 'Lcom/android/i18n/phonenumbers/CountryCodeToRegionCodeMap;' has an earlier definition; blocking out
D/dalvikvm(  295): DexOpt: 'Lcom/android/i18n/phonenumbers/Phonenumber$PhoneNumber$CountryCodeSource;' has an earlier definition; blocking out
D/dalvikvm(  295): DexOpt: 'Lcom/android/i18n/phonenumbers/NumberParseException$ErrorType;' has an earlier definition; blocking out
D/dalvikvm(  295): DexOpt: 'Lcom/android/i18n/phonenumbers/PhoneNumberUtil;' has an earlier definition; blocking out
D/dalvikvm(  295): DexOpt: 'Lcom/android/i18n/phonenumbers/PhoneNumberUtil$Leniency$1;' has an earlier definition; blocking out
D/dalvikvm(  295): DexOpt: 'Lcom/android/i18n/phonenumbers/PhoneNumberUtil$Leniency$4;' has an earlier definition; blocking out
D/dalvikvm(  295): DexOpt: 'Lcom/android/i18n/phonenumbers/Phonemetadata$PhoneNumberDesc;' has an earlier definition; blocking out
D/dalvikvm(  295): DexOpt: 'Lcom/android/i18n/phonenumbers/Phonemetadata$PhoneMetadata;' has an earlier definition; blocking out
D/dalvikvm(  295): DexOpt: 'Lcom/android/i18n/phonenumbers/Phonemetadata;' has an earlier definition; blocking out
D/dalvikvm(  295): DexOpt: 'Lcom/android/i18n/phonenumbers/RegexCache$LRUCache;' has an earlier definition; blocking out
D/dalvikvm(  295): DexOpt: 'Lcom/android/i18n/phonenumbers/PhoneNumberUtil$MatchType;' has an earlier definition; blocking out
D/dalvikvm(  295): DexOpt: 'Lcom/android/i18n/phonenumbers/PhoneNumberUtil$ValidationResult;' has an earlier definition; blocking out
D/dalvikvm(  295): DexOpt: not verifying/optimizing 'Lcom/android/i18n/phonenumbers/PhoneNumberUtil$1;': multiple definitions
D/dalvikvm(  295): DexOpt: not verifying/optimizing 'Lcom/android/i18n/phonenumbers/PhoneNumberUtil$Leniency;': multiple definitions
D/dalvikvm(  295): DexOpt: not verifying/optimizing 'Lcom/android/i18n/phonenumbers/PhoneNumberUtil$Leniency$2;': multiple definitions
D/dalvikvm(  295): DexOpt: not verifying/optimizing 'Lcom/android/i18n/phonenumbers/Phonenumber$PhoneNumber;': multiple definitions
D/dalvikvm(  295): DexOpt: not verifying/optimizing 'Lcom/android/i18n/phonenumbers/PhoneNumberMatcher$State;': multiple definitions
D/dalvikvm(  295): DexOpt: not verifying/optimizing 'Lcom/android/i18n/phonenumbers/NumberParseException;': multiple definitions
D/dalvikvm(  295): DexOpt: not verifying/optimizing 'Lcom/android/i18n/phonenumbers/PhoneNumberUtil$PhoneNumberType;': multiple definitions
D/dalvikvm(  295): DexOpt: not verifying/optimizing 'Lcom/android/i18n/phonenumbers/PhoneNumberUtil$2;': multiple definitions
D/dalvikvm(  295): DexOpt: not verifying/optimizing 'Lcom/android/i18n/phonenumbers/PhoneNumberUtil$Leniency$3;': multiple definitions
D/dalvikvm(  295): DexOpt: not verifying/optimizing 'Lcom/android/i18n/phonenumbers/Phonemetadata$PhoneMetadataCollection;': multiple definitions
D/dalvikvm(  295): DexOpt: not verifying/optimizing 'Lcom/android/i18n/phonenumbers/Phonemetadata$NumberFormat;': multiple definitions
D/dalvikvm(  295): DexOpt: not verifying/optimizing 'Lcom/android/i18n/phonenumbers/PhoneNumberMatch;': multiple definitions
D/dalvikvm(  295): DexOpt: not verifying/optimizing 'Lcom/android/i18n/phonenumbers/RegexCache$LRUCache$1;': multiple definitions
D/dalvikvm(  295): DexOpt: not verifying/optimizing 'Lcom/android/i18n/phonenumbers/Phonenumber;': multiple definitions
D/dalvikvm(  295): DexOpt: not verifying/optimizing 'Lcom/android/i18n/phonenumbers/PhoneNumberMatcher;': multiple definitions
D/dalvikvm(  295): DexOpt: not verifying/optimizing 'Lcom/android/i18n/phonenumbers/RegexCache;': multiple definitions
D/dalvikvm(  295): DexOpt: not verifying/optimizing 'Lcom/android/i18n/phonenumbers/PhoneNumberUtil$PhoneNumberFormat;': multiple definitions
D/dalvikvm(  295): DexOpt: not verifying/optimizing 'Lcom/android/i18n/phonenumbers/CountryCodeToRegionCodeMap;': multiple definitions
D/dalvikvm(  295): DexOpt: not verifying/optimizing 'Lcom/android/i18n/phonenumbers/Phonenumber$PhoneNumber$CountryCodeSource;': multiple definitions
D/dalvikvm(  295): DexOpt: not verifying/optimizing 'Lcom/android/i18n/phonenumbers/NumberParseException$ErrorType;': multiple definitions
D/dalvikvm(  295): DexOpt: not verifying/optimizing 'Lcom/android/i18n/phonenumbers/PhoneNumberUtil;': multiple definitions
D/dalvikvm(  295): DexOpt: not verifying/optimizing 'Lcom/android/i18n/phonenumbers/PhoneNumberUtil$Leniency$1;': multiple definitions
D/dalvikvm(  295): DexOpt: not verifying/optimizing 'Lcom/android/i18n/phonenumbers/PhoneNumberUtil$Leniency$4;': multiple definitions
D/dalvikvm(  295): DexOpt: not verifying/optimizing 'Lcom/android/i18n/phonenumbers/Phonemetadata$PhoneNumberDesc;': multiple definitions
D/dalvikvm(  295): DexOpt: not verifying/optimizing 'Lcom/android/i18n/phonenumbers/Phonemetadata$PhoneMetadata;': multiple definitions
D/dalvikvm(  295): DexOpt: not verifying/optimizing 'Lcom/android/i18n/phonenumbers/Phonemetadata;': multiple definitions
D/dalvikvm(  295): DexOpt: not verifying/optimizing 'Lcom/android/i18n/phonenumbers/RegexCache$LRUCache;': multiple definitions
D/dalvikvm(  295): DexOpt: not verifying/optimizing 'Lcom/android/i18n/phonenumbers/PhoneNumberUtil$MatchType;': multiple definitions
D/dalvikvm(  295): DexOpt: not verifying/optimizing 'Lcom/android/i18n/phonenumbers/PhoneNumberUtil$ValidationResult;': multiple definitions
I/dalvikvm(  295): DexOpt: not resolving ambiguous class 'Lcom/android/i18n/phonenumbers/PhoneNumberUtil;'
D/dalvikvm(  295): DexOpt: load 248ms, verify+opt 825ms
I/PackageManager(  160): Running dexopt on: com.android.calculator2
D/dalvikvm(  296): DexOpt: load 101ms, verify+opt 147ms
I/PackageManager(  160): Running dexopt on: com.google.android.syncadapters.calendar
D/dalvikvm(  297): DexOpt: load 29ms, verify+opt 353ms
I/PackageManager(  160): Running dexopt on: com.miui.bugreport
D/dalvikvm(  298): DexOpt: load 22ms, verify+opt 160ms
I/PackageManager(  160): Running dexopt on: com.android.browser
D/dalvikvm(  299): DexOpt: load 363ms, verify+opt 1027ms
I/PackageManager(  160): Running dexopt on: com.android.bluetooth
D/dalvikvm(  300): DexOpt: load 33ms, verify+opt 340ms
I/PackageManager(  160): Running dexopt on: com.android.backupconfirm
D/dalvikvm(  301): DexOpt: load 24ms, verify+opt 47ms
I/PackageManager(  160): Running dexopt on: com.miui.backup
D/dalvikvm(  302): DexOpt: load 107ms, verify+opt 1031ms
I/PackageManager(  160): Running dexopt on: com.android.providers.applications
D/dalvikvm(  303): DexOpt: load 21ms, verify+opt 131ms
I/PackageManager(  160): Running dexopt on: com.miui.antispam
D/dalvikvm(  304): DexOpt: load 62ms, verify+opt 227ms
I/SystemServer(  160): Device Policy
I/SystemServer(  160): Status Bar
I/SystemServer(  160): Clipboard Service
I/SystemServer(  160): NetworkManagement Service
I/SystemServer(  160): Text Service Manager Service
I/SystemServer(  160): NetworkStats Service
I/SystemServer(  160): NetworkPolicy Service
I/SystemServer(  160): Wi-Fi P2pService
I/SystemServer(  160): Wi-Fi Service
E/CommandListener(   79): Failed to open /proc/sys/net/ipv6/conf/wlan0/disable_ipv6: No such file or directory
E/WifiStateMachine(  160): Failed to disable IPv6: java.lang.IllegalStateException: Unable to communicate to native daemon for disabling ipv6
I/SystemServer(  160): Connectivity Service
D/ConnectivityService(  160): ConnectivityService starting up
W/System.err(  160): java.io.IOException: Error running exec(). Command: [/system/xbin/invoke-as, -u root, sh -c "for chain in `iptables -L | grep \"^Chain miui_\" | awk '{print \$2}'`; do iptables -D OUTPUT `iptables -S OUTPUT | awk -v chain=\${chain} '\$6==chain {print NR-2}'`; iptables -F \$chain; iptables -X \$chain; done;"] Working Directory: null Environment: null
W/System.err(  160): 	at java.lang.ProcessManager.exec(ProcessManager.java:211)
W/System.err(  160): 	at java.lang.Runtime.exec(Runtime.java:168)
W/System.err(  160): 	at java.lang.Runtime.exec(Runtime.java:123)
W/System.err(  160): 	at miui.util.CommandLineUtils.runInner(CommandLineUtils.java:41)
W/System.err(  160): 	at miui.util.CommandLineUtils.run(CommandLineUtils.java:89)
W/System.err(  160): 	at miui.util.CommandLineUtils.run(CommandLineUtils.java:84)
W/System.err(  160): 	at com.miui.server.FirewallService.runCommands(FirewallService.java:394)
W/System.err(  160): 	at com.miui.server.FirewallService.clearChains(FirewallService.java:374)
W/System.err(  160): 	at com.miui.server.FirewallService.setupService(FirewallService.java:119)
W/System.err(  160): 	at com.android.server.ConnectivityService.<init>(ConnectivityService.java:339)
W/System.err(  160): 	at com.android.server.ServerThread.run(SystemServer.java:382)
W/System.err(  160): Caused by: java.io.IOException: No such file or directory
W/System.err(  160): 	at java.lang.ProcessManager.exec(Native Method)
W/System.err(  160): 	at java.lang.ProcessManager.exec(ProcessManager.java:209)
W/System.err(  160): 	... 10 more
E/ConnectivityService(  160): Ignoring protectedNetwork 10
E/ConnectivityService(  160): Ignoring protectedNetwork 11
E/ConnectivityService(  160): Ignoring protectedNetwork 12
E/MobileDataStateTracker(  160): default: Ignoring feature request because could not acquire PhoneService
E/MobileDataStateTracker(  160): default: Could not enable APN type "default"
D/NetworkManagementService(  160): Registering observer
D/NetworkManagementService(  160): Registering observer
I/WifiService(  160): WifiService starting up with Wi-Fi disabled
I/SystemServer(  160): Throttle Service
I/SystemServer(  160): Mount Service
D/MountService(  160): got storage path: /mnt/sdcard description: USB storage primary: true removable: false emulated: false mtpReserve: 0 allowMassStorage: true maxFileSize: 4294967296
I/SystemServer(  160): Notification Manager
I/SystemServer(  160): Device Storage Monitor
I/SystemServer(  160): Location Manager
I/SystemServer(  160): Country Detector
I/SystemServer(  160): Search Service
I/SystemServer(  160): DropBox Service
D/VoldCmdListener(   78): volume list
I/PackageManager(  160): Updating external media status from unmounted to unmounted
D/MountService(  160): volume state changed for /mnt/sdcard (null -> unmounted)
I/SystemServer(  160): Wallpaper Service
W/WallpaperService(  160): failed parsing /data/system/wallpaper_info.xml java.io.FileNotFoundException: /data/system/wallpaper_info.xml: open failed: ENOENT (No such file or directory)
I/SystemServer(  160): Audio Service
D/AudioHardwareMSM72XX(   85): setVoiceVolume(0.800000)
I/AudioHardwareMSM72XX(   85): Setting in-call volume to 4 (available range is 0 to 5)
I/SystemServer(  160): Dock Observer
I/SystemServer(  160): Wired Accessory Observer
I/SystemServer(  160): USB Service
I/SystemServer(  160): UI Mode Manager Service
I/SystemServer(  160): Backup Service
V/BackupManagerService(  160): Initializing package tracking
V/BackupManagerService(  160): No ancestral data
D/dalvikvm(  160): GC_CONCURRENT freed 1266K, 27% free 9789K/13255K, paused 6ms+13ms
V/BackupManagerService(  160): addPackageParticipantsLocked: all
I/BackupManagerService(  160): New app android never backed up; scheduling
I/BackupManagerService(  160): New app com.android.browser never backed up; scheduling
I/BackupManagerService(  160): New app com.android.calendar never backed up; scheduling
I/BackupManagerService(  160): New app com.android.inputmethod.latin never backed up; scheduling
I/BackupManagerService(  160): New app com.android.providers.settings never backed up; scheduling
I/BackupManagerService(  160): New app com.android.providers.userdictionary never backed up; scheduling
I/BackupManagerService(  160): New app com.android.sharedstoragebackup never backed up; scheduling
I/BackupManagerService(  160): New app com.android.vending never backed up; scheduling
I/BackupManagerService(  160): New app com.google.android.gm never backed up; scheduling
I/BackupManagerService(  160): New app miui never backed up; scheduling
V/BackupManagerService(  160): Registering transport android/com.android.internal.backup.LocalTransport = com.android.internal.backup.LocalTransport@41230df0
V/BackupManagerService(  160): Starting with transport android/com.android.internal.backup.LocalTransport
V/BackupManagerService(  160): Google transport not present
I/BackupManagerService(  160): Backup enabled => false
I/BackupManagerService(  160): Opting out of backup
I/SystemServer(  160): AppWidget Service
I/SystemServer(  160): Recognition Service
I/SystemServer(  160): DiskStats Service
I/SystemServer(  160): SamplingProfiler Service
I/SystemServer(  160): NetworkTimeUpdateService
I/WindowManager(  160): SAFE MODE not enabled
D/dalvikvm(  160): JIT started for system_server
D/PowerManagerService(  160): system ready!
I/ActivityManager(  160): Sending system update to: ComponentInfo{com.android.providers.media/com.android.providers.media.MediaUpgradeReceiver}
I/ActivityManager(  160): Sending system update to: ComponentInfo{com.google.android.gsf/com.google.android.gsf.loginservice.MigrateToAccountManagerBroadcastReceiver}
I/ActivityManager(  160): Sending system update to: ComponentInfo{com.android.providers.contacts/com.android.providers.contacts.ContactsUpgradeReceiver}
I/ActivityManager(  160): Sending system update to: ComponentInfo{com.android.providers.calendar/com.android.providers.calendar.CalendarUpgradeReceiver}
I/Zygote  (  160): Process: zygote socket opened
I/ActivityManager(  160): Start proc android.process.media for broadcast com.android.providers.media/.MediaUpgradeReceiver: pid=326 uid=10024 gids={1015, 1023, 1024, 2001, 3003, 3007}
I/ActivityManager(  160): Launching preboot mode app: ProcessRecord{412699b8 326:android.process.media/10024}
I/ActivityManager(  160): Start proc com.google.process.gapps for broadcast com.google.android.gsf/.loginservice.MigrateToAccountManagerBroadcastReceiver: pid=340 uid=10005 gids={3003, 1015, 1007, 2001, 3006}
I/LockScreenResourceLoader(  160): root:Lockscreen
W/LockScreen_ElementGroup(  160): unrecognized element: VariableBinders
I/ActivityManager(  160): Launching preboot mode app: ProcessRecord{4129f2a8 340:com.google.process.gapps/10005}
D/GoogleLoginService(  340): no legacy android id exists to migrate
D/GoogleLoginService(  340): skipping migration because /data/data/com.google.android.gsf/databases/accounts.db doesn't exist
D/GoogleLoginService(  340): disabling the migration script since the migration is complete
W/LockScreen_ElementGroup(  160): unrecognized element: Group
W/LockScreen_ElementGroup(  160): unrecognized element: Group
W/LockScreen_ElementGroup(  160): unrecognized element: Group
W/LockScreen_ElementGroup(  160): unrecognized element: Group
W/LockScreen_ElementGroup(  160): unrecognized element: Group
W/LockScreen_ElementGroup(  160): unrecognized element: FramerateController
W/LockScreen_ElementGroup(  160): unrecognized element: Group
W/LockScreen_ElementGroup(  160): unrecognized element: Group
W/LockScreen_ElementGroup(  160): unrecognized element: Group
W/LockScreen_ElementGroup(  160): unrecognized element: Group
W/LockScreen_ElementGroup(  160): unrecognized element: Group
W/LockScreen_ElementGroup(  160): unrecognized element: Group
I/dalvikvm(  160): Jit: resizing JitTable from 512 to 1024
W/LockScreen_ElementGroup(  160): unrecognized element: Group
W/LockScreen_ElementGroup(  160): unrecognized element: FramerateController
W/LockScreen_ElementGroup(  160): unrecognized element: Group
W/LockScreen_ElementGroup(  160): unrecognized element: FramerateController
I/ScreenElementRoot(  160): init target density: 160
D/dalvikvm(  160): GC_FOR_ALLOC freed 1450K, 25% free 9969K/13255K, paused 175ms
I/dalvikvm-heap(  160): Grow heap (frag case) to 18.474MB for 1536016-byte allocation
I/ActivityManager(  160): Start proc android.process.acore for broadcast com.android.providers.contacts/.ContactsUpgradeReceiver: pid=355 uid=10009 gids={3003, 1015}
I/ActivityManager(  160): Launching preboot mode app: ProcessRecord{4163a5c0 355:android.process.acore/10009}
I/ContactsDatabaseHelper(  355): Bootstrapping database version: 632
I/MiAdvancedView(  160): RenderThread started
D/memalloc(   82): /dev/pmem: Allocated buffer base:0x41500000 size:614400 offset:1843200 fd:35
D/memalloc(  160): /dev/pmem: Mapped buffer base:0x537c4000 size:2457600 offset:1843200 fd:190
D/dalvikvm(  160): GC_CONCURRENT freed 1524K, 30% free 11597K/16455K, paused 12ms+42ms
I/NotifierManager(  160): acquireNotifier:Battery  miui.app.screenelement.data.BatteryVariableUpdater@41490b50
I/NotifierManager(  160): onNotify: miui.app.screenelement.NotifierManager$BatteryNotifier@4160cc80
I/NotifierManager(  160): onRegister: miui.app.screenelement.NotifierManager$BatteryNotifier@4160cc80
D/memalloc(   82): /dev/pmem: Allocated buffer base:0x41500000 size:614400 offset:2457600 fd:38
D/memalloc(  160): /dev/pmem: Mapped buffer base:0x53a1c000 size:3072000 offset:2457600 fd:193
I/ContactsProviderV1(  355): Bootstrapping database legacy support
D/dalvikvm(  160): GC_CONCURRENT freed 306K, 21% free 13133K/16455K, paused 16ms+18ms
D/dalvikvm(  160): GC_FOR_ALLOC freed 36K, 21% free 13129K/16455K, paused 133ms
I/dalvikvm-heap(  160): Grow heap (frag case) to 20.795MB for 733456-byte allocation
I/ActivityManager(  160): Start proc com.android.providers.calendar for broadcast com.android.providers.calendar/.CalendarUpgradeReceiver: pid=370 uid=10043 gids={3003, 1015}
I/ActivityManager(  160): Launching preboot mode app: ProcessRecord{41294d98 370:com.android.providers.calendar/10043}
I/ActivityManager(  160): Writing new set of last done pre-boot receivers...
I/ActivityManager(  160): Removing system update proc: ProcessRecord{412699b8 326:android.process.media/10024}
I/ActivityManager(  160): Killing proc 326:android.process.media/10024: system update done
I/ActivityManager(  160): Removing system update proc: ProcessRecord{4129f2a8 340:com.google.process.gapps/10005}
I/ActivityManager(  160): Killing proc 340:com.google.process.gapps/10005: system update done
I/ActivityManager(  160): Removing system update proc: ProcessRecord{4163a5c0 355:android.process.acore/10009}
I/ActivityManager(  160): Killing proc 355:android.process.acore/10009: system update done
I/ActivityManager(  160): Removing system update proc: ProcessRecord{41294d98 370:com.android.providers.calendar/10043}
I/ActivityManager(  160): Killing proc 370:com.android.providers.calendar/10043: system update done
I/ActivityManager(  160): System now ready
I/SystemServer(  160): Making services ready
D/SystemServer(  160): Starting service: Intent { cmp=com.android.systemui/.SystemUIService }
I/ActivityManager(  160): Start proc com.android.systemui for service com.android.systemui/.SystemUIService: pid=384 uid=1000 gids={3003, 1015, 3002, 3001}
D/NetworkManagementService(  160): enabling bandwidth control
E/BandwidthController(   79): runIptablesCmd(): failed /system/bin/iptables -D INPUT -m owner --socket-exists res=256
E/BandwidthController(   79): runIptablesCmd(): failed /system/bin/ip6tables -D INPUT -m owner --socket-exists res=256
D/dalvikvm(  160): GC_CONCURRENT freed 87K, 17% free 16385K/19719K, paused 7ms+9ms
D/NetworkManagementService(  160): Registering observer
D/NetworkManagementService(  160): Registering observer
I/ActivityManager(  160): Config changed: {1.0 0mcc0mnc en_US layoutdir=0 sw320dp w320dp h455dp nrml port finger -keyb/v/h -nav/h s.3 themeChanged=0 themeChangedFlags=0}
W/RecognitionManagerService(  160): no available voice recognition services found
D/SystemUIService(  384): loading: class com.android.systemui.statusbar.phone.PhoneStatusBar
D/SystemUIService(  384): running: com.android.systemui.statusbar.phone.PhoneStatusBar@41231248
D/StorageNotification(  384): Startup with UMS connection false (media state unmounted)
I/StorageNotification(  384): UMS connection changed to false (media state unmounted)
W/AppWidgetService(  160): Failed to read state: java.io.FileNotFoundException: /data/system/appwidgets.xml: open failed: ENOENT (No such file or directory)
W/WallpaperService(  160): Unknown component ComponentInfo{com.android.wallpaper/com.android.wallpaper.nexus.NexusWallpaper}
W/WallpaperService(  160): Failure starting previous wallpaper
W/WallpaperService(  160): Unknown component ComponentInfo{com.android.wallpaper/com.android.wallpaper.nexus.NexusWallpaper}
E/WallpaperService(  160): Default wallpaper component not found!
W/InputManagerService(  160): Ignoring setImeWindowStatus of uid 1000 token: null
I/ActivityManager(  160): Start proc com.android.inputmethod.latin for service com.android.inputmethod.latin/.LatinIME: pid=426 uid=10026 gids={}
D/NetworkManagementService(  160): Registering observer
E/ThrottleService(  160): Error reading data file
I/ActivityManager(  160): Start proc com.android.phone for added application com.android.phone: pid=438 uid=1001 gids={3002, 3001, 3003, 1015, 2001, 1007}
I/ActivityManager(  160): Start proc com.lbe.security.miui for added application com.lbe.security.miui: pid=454 uid=10027 gids={3003}
I/ActivityManager(  160): START {act=android.intent.action.MAIN cat=[android.intent.category.HOME] flg=0x10000000 cmp=com.android.settings/.CryptKeeper} from pid 0
I/ActivityManager(  160): Start proc com.android.settings for activity com.android.settings/.CryptKeeper: pid=467 uid=1000 gids={3003, 1015, 3002, 3001}
W/ThrottleService(  160): unable to find stats for iface rmnet0
D/dalvikvm(   83): GC_EXPLICIT freed 34K, 41% free 7686K/12867K, paused 4ms+68ms
I/ActivityThread(  454): Pub com.lbe.security.miui.privacy.content: com.lbe.security.service.privacy.DummyContentProvider
I/ActivityThread(  454): Pub com.lbe.security.miui.su: com.lbe.security.service.su.SuContentProvider
I/ActivityThread(  438): Pub telephony: com.android.providers.telephony.TelephonyProvider
W/TelephonyProvider(  438): onCreate: confFile=/system/etc/apns-conf.xml oldCheckSum=-1
I/ActivityThread(  438): Pub firewall: com.android.providers.telephony.FirewallProvider
I/ActivityThread(  438): Pub mms: com.android.providers.telephony.MmsProvider
D/dalvikvm(   83): GC_EXPLICIT freed <1K, 41% free 7686K/12867K, paused 4ms+89ms
W/ThrottleService(  160): unable to find stats for iface rmnet0
I/ActivityThread(  467): Pub miui_settings: com.android.settings.provider.MiuiSettingsProvider
D/dalvikvm(   83): GC_EXPLICIT freed <1K, 41% free 7686K/12867K, paused 11ms+51ms
D/MmsSmsDatabaseHelper(  438): [MmsSmsDb] tableName: threads hasAutoIncrement: CREATE TABLE threads (_id INTEGER PRIMARY KEY AUTOINCREMENT,date INTEGER DEFAULT 0,message_count INTEGER DEFAULT 0,unread_count INTEGER DEFAULT 0,recipient_ids TEXT,snippet TEXT,snippet_cs INTEGER DEFAULT 0,read INTEGER DEFAULT 1,type INTEGER DEFAULT 0,error INTEGER DEFAULT 0,has_attachment INTEGER DEFAULT 0) result: true
D/MmsSmsDatabaseHelper(  438): [MmsSmsDb] tableName: canonical_addresses hasAutoIncrement: CREATE TABLE canonical_addresses (_id INTEGER PRIMARY KEY AUTOINCREMENT,address TEXT) result: true
D/MmsSmsDatabaseHelper(  438): [getWritableDatabase] hasAutoIncrementThreads: true hasAutoIncrementAddresses: true
E/ActivityThread(  426): Failed to find provider info for com.android.inputmethod.latin.dictionarypack
E/BinaryDictionaryGetter(  426): Could not find a dictionary pack
E/MmsSmsDatabaseHelper(  438): findXiaomiAccout 0
D/MmsSmsDatabaseHelper(  438): Xiaomi account logged off. 0 sms deleted, 0 mms deleted, 0 sms updated and 0 mms updated
I/ActivityManager(  160): Start proc android.process.acore for content provider com.android.providers.userdictionary/.UserDictionaryProvider: pid=508 uid=10009 gids={3003, 1015}
I/ActivityManager(  160): START {act=android.intent.action.MAIN cat=[android.intent.category.HOME] flg=0x10000000 cmp=com.google.android.setupwizard/.SetupWizardActivity} from pid 0
I/ActivityThread(  438): Pub sms: com.android.providers.telephony.SmsProvider
I/ActivityThread(  438): Pub icc: com.android.phone.MiuiIccProvider
I/ActivityThread(  438): Pub mms-sms: com.android.providers.telephony.MmsSmsProvider
I/ActivityManager(  160): Start proc com.google.android.setupwizard for activity com.google.android.setupwizard/.SetupWizardActivity: pid=518 uid=10000 gids={3003}
I/ActivityThread(  508): Pub com.android.voicemail: com.android.providers.contacts.VoicemailContentProvider
I/ActivityThread(  508): Pub user_dictionary: com.android.providers.userdictionary.UserDictionaryProvider
I/ActivityThread(  508): Pub com.android.social: com.android.providers.contacts.SocialProvider
I/ActivityThread(  508): Pub applications: com.android.providers.applications.ApplicationsProvider
I/ActivityManager(  160): Start proc com.google.process.gapps for service com.google.android.location/.NetworkLocationService: pid=536 uid=10005 gids={3003, 1015, 1007, 2001, 3006}
I/StatusBarManagerService(  160): registerStatusBar bar=com.android.internal.statusbar.IStatusBar$Stub$Proxy@41632f08
D/PhoneStatusBar(  384): disable: < EXPAND* icons alerts TICKER* system_info BACK* HOME* RECENT* clock >
I/dalvikvm(  536): Turning on JNI app bug workarounds for target SDK version 12...
D/SystemUIService(  384): loading: class com.android.systemui.a.e
D/SystemUIService(  384): running: com.android.systemui.a.e@413a0ba0
I/SetupWizard(  518): SetupWizardActivity.onCreate(null) LTE == false
V/NetworkMonitor(  518): Starting NetworkMonitor
D/GpsLocationProvider(  160): set_capabilities_callback: 7
D/WifiService(  160): New client listening to asynchronous messages
I/ActivityThread(  536): Pub com.google.settings: com.google.android.gsf.settings.GoogleSettingsProvider
I/ActivityManager(  160): Start proc com.google.android.gsf.login for service com.google.android.gsf.login/com.google.android.gsf.loginservice.GoogleLoginService: pid=553 uid=10005 gids={3003, 1015, 1007, 2001, 3006}
I/SetupWizard(  518): disabling notifications and status bar
I/ActivityThread(  508): Pub contacts;com.android.contacts: com.android.providers.contacts.ContactsProvider2
D/libloc  (  160): loc_read_gps_conf: using /etc/gps.conf
I/ActivityManager(  160): Start proc com.android.smspush for service com.android.smspush/.WapPushManager: pid=563 uid=10006 gids={}
D/LocalBluetoothProfileManager(  467): LocalBluetoothProfileManager construction complete
D/        (  438): [ApnContext] set reason as dataEnabled, for type default,current state IDLE
W/SetupWizard(  518): supressing spurious Setup Wizard relaunch
I/SetupWizard(  518): enabling notifications
D/        (  438): [ApnContext] set reason as dataEnabled, for type mms,current state IDLE
D/        (  438): [ApnContext] set reason as dataEnabled, for type supl,current state IDLE
D/        (  438): [ApnContext] set reason as dataEnabled, for type dun,current state IDLE
D/        (  438): [ApnContext] set reason as dataEnabled, for type hipri,current state IDLE
V/SetupWizard(  518): System thinks we're the home activity. Removing SetupWizard...
I/ActivityThread(  536): Pub subscribedfeeds: com.google.android.gsf.subscribedfeeds.SubscribedFeedsProvider
D/RPC     (  160): 3000008c:00020002 sending call (XID 1).
D/RPC     (  160): 3000008c:00020002 received REPLY (XID 1), grabbing mutex to wake up client.
D/SettingsProvider(  160): external modification to /data/data/com.android.providers.settings/databases/settings.db; event=2
D/SettingsProvider(  160): updating our caches for /data/data/com.android.providers.settings/databases/settings.db
D/SettingsProvider(  160): cache for settings table 'secure' rows=37; fullycached=true
D/RPC     (  160): 3000008c:00020002 call success.
D/SettingsProvider(  160): cache for settings table 'system' rows=48; fullycached=true
D/libloc  (  160): loc_eng_init created client, id = 0
D/libloc  (  160): loc_eng_deferred_action_thread started
