D/libloc  (  160): loc_eng_set_gps_lock mode, client = 0, lock_type = 1
D/libloc  (  160): loc_eng_ni_init: entered.
D/libloc  (  160): loc_eng_ioctl called: client = 0, ioctl_type = RPC_LOC_IOCTL_SET_ENGINE_LOCK
D/RPC     (  160): 3000008c:00020002 sending call (XID 2).
D/RPC     (  160): 3000008c:00020002 received REPLY (XID 2), grabbing mutex to wake up client.
D/RPC     (  160): 3000008c:00020002 call success.
D/RPC     (  160): 3000008c:00020002 received CALL.
D/libloc  (  160): loc_eng_set_server, type = 1, hostname = supl.google.com, port = 7276
D/libloc  (  160): loc_eng_set_server, addr = supl.google.com:7276
D/libloc  (  160): loc_eng_ioctl called: client = 0, ioctl_type = RPC_LOC_IOCTL_SET_UMTS_SLP_SERVER_ADDR
D/RPC     (  160): 3000008c:00020002 dispatching RPC call (XID 10, xdr 0x413908) for callback client 3100008c:00020001.
D/libloc  (  160): loc_eng_ioctl result: client = 0, ioctl_type = RPC_LOC_IOCTL_SET_ENGINE_LOCK, RPC_LOC_API_SUCCESS
D/libloc  (  160): loc_eng_deferred_action_thread. waiting for events
D/RPC     (  160): 3100008c:131073 sending RPC reply (XID 10)
D/RPC     (  160): 3000008c:00020002 sending call (XID 3).
D/RPC     (  160): 3000008c:00020002 received REPLY (XID 3), grabbing mutex to wake up client.
D/RPC     (  160): 3000008c:00020002 call success.
D/RPC     (  160): 3000008c:00020002 received CALL.
D/RPC     (  160): 3000008c:00020002 dispatching RPC call (XID 11, xdr 0x413908) for callback client 3100008c:00020001.
D/libloc  (  160): loc_eng_ioctl result: client = 0, ioctl_type = RPC_LOC_IOCTL_SET_UMTS_SLP_SERVER_ADDR, RPC_LOC_API_SUCCESS
D/RPC     (  160): 3100008c:131073 sending RPC reply (XID 11)
D/CAT     (  438): CatService: Running CAT service. STK app installed:false
D/CAT     (  438): CatService: NEW sInstance
I/ActivityManager(  160): START {act=android.intent.action.MAIN cat=[android.intent.category.HOME] flg=0x10200000 cmp=android/com.android.internal.app.ResolverActivity} from pid 518
I/ActivityThread(  508): Pub call_log: com.android.providers.contacts.CallLogProvider
D/CallManager(  438): registerPhone(GSM Handler (com.android.internal.telephony.PhoneProxy) {41257f80})
I/ActivityThread(  536): Pub com.google.contacts.gal.provider: com.google.android.syncadapters.contacts.GalProvider
V/SetupWizard(  518): *** SetupWizard completed ***
I/Process (  518): Sending signal. PID: 518 SIG: 9
I/ActivityManager(  160): Process com.google.android.setupwizard (pid 518) has died.
W/ActivityManager(  160): Force removing ActivityRecord{412b64e0 com.google.android.setupwizard/.SetupWizardActivity}: app died, no saved state
I/ActivityThread(  536): Pub com.google.android.gsf.gservices: com.google.android.gsf.gservices.GservicesProvider
I/GservicesProvider(  536): Gservices pushing to system: true; secure: true
I/ActivityThread(  536): Pub com.google.android.providers.talk: com.google.android.gsf.talk.TalkProvider
I/ContactsDatabaseHelper(  508): Bootstrapping database version: 632
D/IconHelper(  160): Generate customized icon for com.miui.home.png
D/NetworkLocationService(  536): onCreate com.google.android.location.NetworkLocationService@412395d8
I/ActivityManager(  160): Start proc com.android.vending for broadcast com.android.vending/com.google.android.finsky.receivers.PackageMonitorReceiver$RegisteredReceiver: pid=601 uid=10001 gids={3003, 1015}
D/NetworkLocationClient(  536): ANDROID minProtocolVersion 1 maxProtocolVersion 1 releaseVersion -1
D/NetworkLocationClient(  536): binding to Intent { act=com.google.android.location.internal.ANDROID_NLP }
W/ActivityManager(  160): Unable to start service Intent { act=com.android.ussd.IExtendedNetworkService }: not found
D/IconHelper(  160): Generate customized icon for com.sonyericsson.home.png
D/dalvikvm(  160): GC_EXPLICIT freed 1516K, 14% free 17097K/19719K, paused 8ms+129ms
D/PackageManager(  160): generateServicesMap(android.accounts.AccountAuthenticator): 4 services unchanged
D/PackageManager(  160): generateServicesMap(android.content.SyncAdapter): 10 services unchanged
D/PackageManager(  160): generateServicesMap(android.accounts.AccountAuthenticator): 4 services unchanged
D/PackageManager(  160): generateServicesMap(android.content.SyncAdapter): 10 services unchanged
D/PackageManager(  160): generateServicesMap(android.accounts.AccountAuthenticator): 4 services unchanged
D/PhoneStatusBar(  384): disable: < EXPAND icons alerts TICKER system_info BACK HOME RECENT clock >
D/PackageManager(  160): generateServicesMap(android.content.SyncAdapter): 10 services unchanged
I/dalvikvm(  160): Jit: resizing JitTable from 1024 to 2048
D/NetworkLocationService(  536): onBind com.google.android.location.NetworkLocationProvidercom.google.android.location.NetworkLocationService@412395d8
D/NetworkLocationService(  536): onBind com.google.android.location.GeocodeProvidercom.google.android.location.NetworkLocationService@412395d8
D/memalloc(   82): /dev/pmem: Allocated buffer base:0x41500000 size:368640 offset:3072000 fd:41
D/memalloc(  160): /dev/pmem: Mapped buffer base:0x55798000 size:3440640 offset:3072000 fd:243
I/ContactsProviderV1(  508): Bootstrapping database legacy support
D/memalloc(   82): /dev/pmem: Allocated buffer base:0x41500000 size:40960 offset:3440640 fd:44
D/memalloc(  384): /dev/pmem: Mapped buffer base:0x503a4000 size:3481600 offset:3440640 fd:52
I/ActivityThread(  601): Pub com.google.android.finsky.QSBSuggestionsProvider: com.google.android.finsky.providers.QSBSuggestionsProvider
D/memalloc(   82): /dev/pmem: Allocated buffer base:0x41500000 size:368640 offset:3481600 fd:47
D/memalloc(  160): /dev/pmem: Mapped buffer base:0x55ae0000 size:3850240 offset:3481600 fd:252
I/ActivityThread(  601): Pub com.google.android.finsky.AppIconProvider: com.google.android.finsky.providers.AppIconProvider
I/ActivityThread(  601): Pub com.google.android.finsky.RecentSuggestionsProvider: com.google.android.finsky.providers.RecentSuggestionsProvider
D/androidInternalNlpService(  536): onCreate com.google.android.location.internal.server.NetworkLocationService@4125bb08
D/Bluetooth HSHFP(  438): Starting BluetoothHeadsetService
D/PowerManagerService(  160): bootCompleted
V/DevicePolicyManagerService(  160): Sending password expiration notifications for action android.intent.action.BOOT_COMPLETED
D/VoldCmdListener(   78): volume mount /mnt/sdcard
I/Vold    (   78): /dev/block/vold/179:1 being considered for volume sdcard
D/Vold    (   78): Volume sdcard state changing 1 (Idle-Unmounted) -> 3 (Checking)
D/MountService(  160): volume state changed for /mnt/sdcard (unmounted -> checking)
D/MountService(  160): sendStorageIntent Intent { act=android.intent.action.MEDIA_CHECKING dat=file:///mnt/sdcard (has extras) }
E/OMXCodec(   85): Attempting to allocate OMX node 'OMX.google.vorbis.decoder'
E/OMXCodec(   85): Successfully allocated OMX node 'OMX.google.vorbis.decoder'
E/OMXCodec(   85): Attempting to allocate OMX node 'OMX.google.vorbis.decoder'
E/OMXCodec(   85): Successfully allocated OMX node 'OMX.google.vorbis.decoder'
V/WiredAccessoryObserver(  160): init()
W/WiredAccessoryObserver(  160): This kernel does not have wired headset support
W/WiredAccessoryObserver(  160): This kernel does not have wired headset support
I/StorageNotification(  384): Media {/mnt/sdcard} state changed from {unmounted} -> {checking}
I/SearchManagerService(  160): Building list of searchable activities
D/memalloc(   82): /dev/pmem: Allocated buffer base:0x41500000 size:491520 offset:3850240 fd:50
D/memalloc(  384): /dev/pmem: Mapped buffer base:0x506f8000 size:4341760 offset:3850240 fd:67
I//system/bin/fsck_msdos(   78): ** /dev/block/vold/179:1
D/Finsky  (  601): [1] DailyHygiene.goMakeHygieneIfDirty: Dirty, need more hygiene.
E/OMXCodec(   85): Attempting to allocate OMX node 'OMX.google.vorbis.decoder'
E/OMXCodec(   85): Successfully allocated OMX node 'OMX.google.vorbis.decoder'
I/ContentProviderBinder(  160): query result count: 0 content://call_log/calls
E/OMXCodec(   85): Attempting to allocate OMX node 'OMX.google.vorbis.decoder'
E/OMXCodec(   85): Successfully allocated OMX node 'OMX.google.vorbis.decoder'
E/OMXCodec(   85): Attempting to allocate OMX node 'OMX.google.vorbis.decoder'
E/OMXCodec(   85): Successfully allocated OMX node 'OMX.google.vorbis.decoder'
V/SmsProvider(  438): query content://sms/inbox with selection seen=0 AND read=0
D/NetworkLocationRealOs(  536): ------------------------ reading cache.cell
D/NetworkLocationRealOs(  536): no cache.cell found; not migrating
D/NetworkLocationRealOs(  536): ------------------------ reading cache.wifi
D/NetworkLocationRealOs(  536): no cache.wifi found; not migrating
I/ContentProviderBinder(  160): query result count: 0 content://sms/inbox
D/androidNlpServiceThread(  536): ANDROID minProtocolVersion 1 maxProtocolVersion 1 releaseVersion -1
I/ContentProviderBinder(  160): query result count: 0 content://call_log/calls
D/NetworkLocationClient(  536): onServiceConnected to ComponentInfo{com.google.android.location/com.google.android.location.internal.server.NetworkLocationService}
I/ContentProviderBinder(  160): query result count: 0 content://mms-sms/complete-conversations
I//system/bin/fsck_msdos(   78): ** Phase 1 - Read and Compare FATs
I//system/bin/fsck_msdos(   78): Attempting to allocate 1784 KB for FAT
D/memalloc(   82): /dev/pmem: Allocated buffer base:0x41500000 size:40960 offset:4341760 fd:53
D/memalloc(  384): /dev/pmem: Mapped buffer base:0x50b30000 size:4382720 offset:4341760 fd:71
D/memalloc(   82): /dev/pmem: Allocated buffer base:0x41500000 size:491520 offset:4382720 fd:56
D/memalloc(  384): /dev/pmem: Mapped buffer base:0x50f60000 size:4874240 offset:4382720 fd:74
D/androidNetworkLocationListeners(  536): Still have listener com.google.android.location.internal.client.NetworkLocationClient$1@4123fb70
D/CAT     (  438): CatService: SIM ready. Reporting STK service running now...
D/CAT     (  438): CatService: ril message arrived
D/CAT     (  438): CommandParamsFactory: process SelectItem
D/CAT     (  438): CatService: SET_UP_MENU
D/CAT     (  438): CatService: encodeOptionalTags() Unsupported Cmd:37
W/Settings(  454): Setting android_id has moved from android.provider.Settings.System to android.provider.Settings.Secure, returning read-only value.
I/ActivityManager(  160): Start proc com.android.voicedialer for broadcast com.android.voicedialer/.VoiceDialerReceiver: pid=671 uid=10007 gids={3002}
V/Localytics_Session(  454): Session opened
E/su      (  684): stat failed with 2: No such file or directory
I/ActivityManager(  160): Start proc com.miui.gallery for broadcast com.miui.gallery/.app.PackagesMonitor: pid=688 uid=10022 gids={3003, 1015}
I/ActivityThread(  688): Pub com.miui.gallery.provider: com.miui.gallery.provider.GalleryProvider
D/        (  688): file: /data/sdcard
D/AndroidRuntime(  687): 
D/AndroidRuntime(  687): >>>>>> AndroidRuntime START com.android.internal.os.RuntimeInit <<<<<<
D/AndroidRuntime(  687): CheckJNI is OFF
D/AndroidRuntime(  687): Calling main entry com.android.commands.am.Am
W/HapticFeedbackUtil(  160): vibrate: null or empty pattern
W/HapticFeedbackUtil(  160): vibrate: null or empty pattern
I/LockScreen_AdvancedSlider(  160): unlock touch up
I/ActivityManager(  160): START {flg=0x10000000 cmp=com.google.android.location/.ConfirmAlertActivity} from pid 536
D/PermissionCache(   82): checking android.permission.READ_FRAME_BUFFER for uid=1000 => granted (1129 us)
D/PhoneStatusBar(  384): disable: < expand* icons alerts ticker* system_info BACK HOME recent* clock >
I/ActivityManager(  160): Displayed android/com.android.internal.app.ResolverActivity: +7s900ms (total +13s578ms)
V/AudioHardwareMSM72XX(   85): open driver
V/AudioHardwareMSM72XX(   85): get config
V/AudioHardwareMSM72XX(   85): set config
V/AudioHardwareMSM72XX(   85): buffer_size: 4800
V/AudioHardwareMSM72XX(   85): buffer_count: 2
V/AudioHardwareMSM72XX(   85): channel_count: 2
V/AudioHardwareMSM72XX(   85): sample_rate: 44100
D/memalloc(   82): /dev/pmem: Freeing buffer base:0x416c2000 size:614400 offset:1843200 fd:35
D/memalloc(  160): /dev/pmem: Unmapping buffer base:0x537c4000 size:2457600 offset:1843200
D/memalloc(   82): /dev/pmem: Freeing buffer base:0x41758000 size:614400 offset:2457600 fd:38
D/memalloc(  160): /dev/pmem: Unmapping buffer base:0x53a1c000 size:3072000 offset:2457600
V/PhoneStatusBar(  384): setLightsOn(true)
D/PhoneStatusBar(  384): disable: < expand icons alerts ticker system_info back* home* recent clock >
D/memalloc(   82): /dev/pmem: Allocated buffer base:0x41500000 size:614400 offset:1843200 fd:35
D/androidNetworkLocationListeners(  536): Still have listener com.google.android.location.internal.client.NetworkLocationClient$1@4123fb70
D/memalloc(  384): /dev/pmem: Mapped buffer base:0x51a54000 size:2457600 offset:1843200 fd:90
D/memalloc(   82): /dev/pmem: Allocated buffer base:0x41500000 size:409600 offset:2457600 fd:38
D/memalloc(  536): /dev/pmem: Mapped buffer base:0x511a0000 size:2867200 offset:2457600 fd:72
I/ActivityManager(  160): Displayed com.google.android.location/.ConfirmAlertActivity: +723ms
I/NotifierManager(  160): onUnregister: miui.app.screenelement.NotifierManager$BatteryNotifier@4160cc80
I/MiAdvancedView(  160): RenderThread stopped
I/ActivityManager(  160): Start proc android.process.media for content provider com.android.providers.downloads/.DownloadProvider: pid=715 uid=10024 gids={1015, 1023, 1024, 2001, 3003, 3007}
I/ActivityThread(  715): Pub media: com.android.providers.media.MediaProvider
I/ActivityThread(  715): Pub downloads: com.android.providers.downloads.DownloadProvider
I/ActivityThread(  715): Pub drm: com.android.providers.drm.DrmProvider
I/DownloadManager(  715): in removeSpuriousFiles
D/LocalAlbumSet(  688): cannot open local database: content://media/external/file
I/DownloadManager(  715): Upgrading downloads database from version 0 to version 108, which will destroy all old data
I/MediaProvider(  715): Upgrading media database from version 0 to 409, which will destroy all old data
I/SqliteDatabaseCpp(  715): sqlite returned: error code = 17, msg = statement aborts at 9: [DELETE from albums] database schema has changed, db=/data/data/com.android.providers.downloads/databases/downloads.db
I/SqliteDatabaseCpp(  715): sqlite returned: error code = 17, msg = statement aborts at 71: [UPDATE files SET date_modified=0;] database schema has changed, db=/data/data/com.android.providers.downloads/databases/downloads.db
D/memalloc(   82): /dev/pmem: Allocated buffer base:0x41500000 size:409600 offset:4874240 fd:59
D/memalloc(  536): /dev/pmem: Mapped buffer base:0x5145c000 size:5283840 offset:4874240 fd:81
I/DownloadManager(  715): deleting spurious file /cache/dalvik-cache
D/MccTable(  438): updateMccMncConfiguration: mcc=234, mnc=15
D/AlarmManagerService(  160): Kernel timezone updated to -60 minutes west of GMT
D/MccTable(  438): timezone set to Europe/Belfast
D/MccTable(  438): locale set to en_gb
I/ActivityManager(  160): Config changed: {1.0 0mcc0mnc en_US layoutdir=0 sw320dp w320dp h455dp nrml port finger -keyb/v/h -nav/h s.4 themeChanged=0 themeChangedFlags=0}
D/MccTable(  438): WIFI_COUNTRY_CODE set to gb
I/WifiService(  160): WifiService trying to set country code to gb with persist set to true
D/DefaultImages(  688): Start: copy default images to /data/sdcard/DCIM/Camera
I/ActivityManager(  160): Config changed: {1.0 234mcc15mnc en_US layoutdir=0 sw320dp w320dp h455dp nrml port finger -keyb/v/h -nav/h s.5 themeChanged=0 themeChangedFlags=0}
W/PhoneApp(  438): updateProximitySensorMode: lock already released.
D/CAT     (  438): CatService: ril message arrived
D/CAT     (  438): CatService: SESSION END
E/WindowManager(  536): Activity com.google.android.location.ConfirmAlertActivity has leaked window com.android.internal.policy.impl.PhoneWindow$DecorView@41277518 that was originally added here
E/WindowManager(  536): android.view.WindowLeaked: Activity com.google.android.location.ConfirmAlertActivity has leaked window com.android.internal.policy.impl.PhoneWindow$DecorView@41277518 that was originally added here
E/WindowManager(  536): 	at android.view.ViewRootImpl.<init>(ViewRootImpl.java:349)
E/WindowManager(  536): 	at android.view.WindowManagerImpl.addView(WindowManagerImpl.java:267)
E/WindowManager(  536): 	at android.view.WindowManagerImpl.addView(WindowManagerImpl.java:215)
E/WindowManager(  536): 	at android.view.WindowManagerImpl$CompatModeWrapper.addView(WindowManagerImpl.java:140)
E/WindowManager(  536): 	at android.view.Window$LocalWindowManager.addView(Window.java:537)
E/WindowManager(  536): 	at android.app.Dialog.show(Dialog.java:278)
E/WindowManager(  536): 	at com.google.android.location.ConfirmAlertActivity.onCreate(ConfirmAlertActivity.java:55)
E/WindowManager(  536): 	at android.app.Activity.performCreate(Activity.java:4471)
E/WindowManager(  536): 	at android.app.Instrumentation.callActivityOnCreate(Instrumentation.java:1049)
E/WindowManager(  536): 	at android.app.ActivityThread.performLaunchActivity(ActivityThread.java:1923)
E/WindowManager(  536): 	at android.app.ActivityThread.handleLaunchActivity(ActivityThread.java:1984)
E/WindowManager(  536): 	at android.app.ActivityThread.access$600(ActivityThread.java:125)
E/WindowManager(  536): 	at android.app.ActivityThread$H.handleMessage(ActivityThread.java:1149)
E/WindowManager(  536): 	at android.os.Handler.dispatchMessage(Handler.java:99)
E/WindowManager(  536): 	at android.os.Looper.loop(Looper.java:137)
E/WindowManager(  536): 	at android.app.ActivityThread.main(ActivityThread.java:4429)
E/WindowManager(  536): 	at java.lang.reflect.Method.invokeNative(Native Method)
E/WindowManager(  536): 	at java.lang.reflect.Method.invoke(Method.java:511)
E/WindowManager(  536): 	at com.android.internal.os.ZygoteInit$MethodAndArgsCaller.run(ZygoteInit.java:784)
E/WindowManager(  536): 	at com.android.internal.os.ZygoteInit.main(ZygoteInit.java:551)
E/WindowManager(  536): 	at dalvik.system.NativeStart.main(Native Method)
D/memalloc(   82): /dev/pmem: Freeing buffer base:0x41852000 size:368640 offset:3481600 fd:47
D/memalloc(  160): /dev/pmem: Unmapping buffer base:0x55ae0000 size:3850240 offset:3481600
D/memalloc(  160): /dev/pmem: Unmapping buffer base:0x55798000 size:3440640 offset:3072000
D/memalloc(   82): /dev/pmem: Freeing buffer base:0x417ee000 size:368640 offset:3072000 fd:41
D/memalloc(  536): /dev/pmem: Unmapping buffer base:0x5145c000 size:5283840 offset:4874240
D/memalloc(   82): /dev/pmem: Freeing buffer base:0x419a6000 size:409600 offset:4874240 fd:59
D/memalloc(  536): /dev/pmem: Unmapping buffer base:0x511a0000 size:2867200 offset:2457600
D/memalloc(   82): /dev/pmem: Freeing buffer base:0x41758000 size:409600 offset:2457600 fd:38
D/memalloc(   82): /dev/pmem: Allocated buffer base:0x41500000 size:409600 offset:2457600 fd:38
D/memalloc(  536): /dev/pmem: Mapped buffer base:0x511a0000 size:2867200 offset:2457600 fd:72
D/memalloc(   82): /dev/pmem: Allocated buffer base:0x41500000 size:368640 offset:3481600 fd:41
D/memalloc(  160): /dev/pmem: Mapped buffer base:0x536c4000 size:3850240 offset:3481600 fd:273
D/memalloc(   82): /dev/pmem: Allocated buffer base:0x41500000 size:409600 offset:2867200 fd:47
D/memalloc(  536): /dev/pmem: Mapped buffer base:0x5145c000 size:3276800 offset:2867200 fd:75
D/memalloc(   82): /dev/pmem: Allocated buffer base:0x41500000 size:368640 offset:4874240 fd:59
D/memalloc(  160): /dev/pmem: Mapped buffer base:0x55798000 size:5242880 offset:4874240 fd:281
D/memalloc(   82): /dev/pmem: Allocated buffer base:0x41500000 size:614400 offset:5242880 fd:62
D/memalloc(  384): /dev/pmem: Mapped buffer base:0x51cac000 size:5857280 offset:5242880 fd:61
D/androidNetworkLocationListeners(  536): Still have listener com.google.android.location.internal.client.NetworkLocationClient$1@4123fb70
D/memalloc(  384): /dev/pmem: Unmapping buffer base:0x51a54000 size:2457600 offset:1843200
D/memalloc(   82): /dev/pmem: Freeing buffer base:0x416c2000 size:614400 offset:1843200 fd:35
D/memalloc(  384): /dev/pmem: Unmapping buffer base:0x51cac000 size:5857280 offset:5242880
D/memalloc(   82): /dev/pmem: Freeing buffer base:0x41a00000 size:614400 offset:5242880 fd:62
V/PhoneStatusBar(  384): setLightsOn(true)
D/dalvikvm(  160): GC_EXPLICIT freed 7674K, 43% free 11244K/19719K, paused 8ms+47ms
D/DefaultImages(  688): End: copy default images to /data/sdcard/DCIM/Camera
D/DefaultImages(  688): Start: copy default images to /data/sdcard/Pictures/Screenshots
D/PackageManager(  160): generateServicesMap(android.accounts.AccountAuthenticator): 4 services unchanged
D/DefaultImages(  688): End: copy default images to /data/sdcard/Pictures/Screenshots
D/PackageManager(  160): generateServicesMap(android.content.SyncAdapter): 10 services unchanged
I/ActivityManager(  160): Start proc com.android.contacts for broadcast com.android.contacts/.quickcontact.PackageIntentReceiver: pid=735 uid=10009 gids={3003, 1015}
I/dalvikvm(  438): Jit: resizing JitTable from 512 to 1024
D/dalvikvm(  438): GC_CONCURRENT freed 4442K, 35% free 8387K/12867K, paused 6ms+7ms
D/AccountTypeManager(  735): Registering external account type=com.miui.auth, packageName=com.miui.cloudservice
D/AccountTypeManager(  735): Registering 1 extension packages
I/AccountTypeManager(  735): Loaded meta-data for 5 account types, 2 accounts in 1271ms(wall) 34ms(cpu)
I/ActivityManager(  160): Start proc com.google.android.partnersetup for broadcast com.google.android.partnersetup/.PhoneStateReceiver: pid=751 uid=10032 gids={3003}
D/dalvikvm(   83): GC_EXPLICIT freed 37K, 41% free 7686K/12867K, paused 4ms+15ms
D/dalvikvm(   83): GC_EXPLICIT freed <1K, 41% free 7686K/12867K, paused 4ms+60ms
I/ActivityThread(  751): Pub com.google.android.partnersetup.rlzprovider: com.google.android.partnersetup.RlzProvider
D/dalvikvm(   83): GC_EXPLICIT freed <1K, 41% free 7686K/12867K, paused 4ms+40ms
I/ActivityThread(  751): Pub com.google.android.partnersetup.rlzappprovider: com.google.android.partnersetup.RlzAppProvider
I/ActivityManager(  160): Force stopping package com.google.android.partnersetup uid=10032
I/ActivityManager(  160): Killing proc 751:com.google.android.partnersetup/10032: force stop
D/SettingsProvider(  160): external modification to /data/data/com.android.providers.settings/databases/settings.db; event=2
D/SettingsProvider(  160): updating our caches for /data/data/com.android.providers.settings/databases/settings.db
D/SettingsProvider(  160): cache for settings table 'secure' rows=38; fullycached=true
D/SettingsProvider(  160): cache for settings table 'system' rows=48; fullycached=true
D/AccountTypeManager(  735): Registering external account type=com.miui.auth, packageName=com.miui.cloudservice
D/AccountTypeManager(  735): Registering 1 extension packages
V/SipBroadcastReceiver(  438): start auto registration
I/AccountTypeManager(  735): Loaded meta-data for 5 account types, 2 accounts in 70ms(wall) 11ms(cpu)
V/OtaStartupReceiver(  438): onReceive: intent action=android.intent.action.BOOT_COMPLETED  mOtaspMode=-1
D/OtaStartupReceiver(  438): OTASP not supported, nothing to do.
I/ActivityManager(  160): Start proc com.android.updater for broadcast com.android.updater/.receiver.DumpLogReceiver: pid=769 uid=1001 gids={3002, 3001, 3003, 1015, 2001, 1007}
E/DefaultVoicemailNotifier(  735): No voicemails to notify about: clear the notification.
I//system/bin/fsck_msdos(   78): Attempting to allocate 1784 KB for FAT
D/PackageManager(  160): generateServicesMap(android.accounts.AccountAuthenticator): 4 services unchanged
D/PackageManager(  160): generateServicesMap(android.content.SyncAdapter): 10 services unchanged
I/RecoverySystem(  160): Deleted: /cache/recovery/log
I/ActivityManager(  160): Start proc com.google.android.onetimeinitializer for broadcast com.google.android.onetimeinitializer/.OneTimeInitializerReceiver: pid=785 uid=10002 gids={}
I/BootReceiver(  160): Copying /proc/last_kmsg to DropBox (SYSTEM_LAST_KMSG)
V/OneTimeInitializerReceiver(  785): OneTimeInitializerReceiver.onReceive
I/StartupReceiver(  769): set daily check for normal user
I/StartupReceiver(  769): set weekly check for normal user
V/OneTimeService(  785): OneTimeService.onHandleIntent
I/ActivityManager(  160): Start proc com.miui.notes for broadcast com.miui.notes/.ui.AlarmInitReceiver: pid=802 uid=10016 gids={1015, 3003}
V/OneTimeService(  785): Updating shortcuts
D/dalvikvm(  160): GC_EXPLICIT freed 1560K, 44% free 11233K/19719K, paused 8ms+20ms
V/PhoneStatusBar(  384): setLightsOn(true)
I/ActivityThread(  802): Pub notes: com.miui.notes.data.NotesProvider
D/memalloc(   82): /dev/pmem: Allocated buffer base:0x41500000 size:614400 offset:1843200 fd:35
D/memalloc(  384): /dev/pmem: Mapped buffer base:0x51a64000 size:2457600 offset:1843200 fd:78
E/ActivityThread(  785): Failed to find provider info for com.android.launcher2.settings
D/NotesDatabaseHelper(  802): note table has been created
D/NotesDatabaseHelper(  802): data table has been created
W/ActivityManager(  160): Permission Denial: receiving Intent { act=android.intent.action.BOOT_COMPLETED flg=0x10 } to com.android.musicfx requires android.permission.RECEIVE_BOOT_COMPLETED due to sender null (uid 1000)
I/ActivityManager(  160): Start proc com.android.monitor for broadcast com.android.monitor/.BootCompletedReceiver: pid=815 uid=1000 gids={3003, 1015, 3002, 3001}
I/ActivityManager(  160): Start proc com.android.mms for broadcast com.android.mms/.transaction.SmsReceiver: pid=828 uid=10020 gids={3003, 1015}
I/ActivityThread(  828): Pub com.android.mms.festival: com.android.mms.data.FestivalSmsProvider
I/ActivityThread(  828): Pub mms_temp_file: com.android.mms.TempFileProvider
I/ActivityThread(  828): Pub com.android.mms.SuggestionsProvider: com.android.mms.SuggestionsProvider
V/MmsConfig(  828): mnc/mcc: 23415
V/MmsConfig(  828): tag: bool value: enabledMMS - true
V/MmsConfig(  828): tag: int value: maxMessageSize - 307200
V/MmsConfig(  828): tag: int value: maxImageHeight - 480
V/MmsConfig(  828): tag: int value: maxImageWidth - 640
V/MmsConfig(  828): tag: int value: defaultSMSMessagesPerThread - 500
V/MmsConfig(  828): tag: int value: defaultMMSMessagesPerThread - 50
V/MmsConfig(  828): tag: int value: minMessageCountPerThread - 10
V/MmsConfig(  828): tag: int value: maxMessageCountPerThread - 5000
V/MmsConfig(  828): tag: string value: uaProfUrl - http://www.google.com/oha/rdf/ua-profile-kila.xml
V/MmsConfig(  828): tag: int value: recipientLimit - -1
V/MmsConfig(  828): tag: int value: smsToMmsTextThreshold - 9
V/MmsConfig(  828): tag: bool value: enableMultipartSMS - false
V/MmsConfig(  828): tag: bool value: enableSlideDuration - true
V/MmsConfig(  828): tag: int value: maxMessageTextSize - -1
D/Mms     (  828): [94] RecipientIdCache.java(69): [RecipientIdCache] fill: begin
V/MmsProvider(  438): Delete uri=content://mms/drm, match=17
D/CountryDetector(  160): The first listener is added
D/Mms     (  828): [1] SmsMessageSender.java(169): SmsReceiverService.ACTION_SEND_MESSAGE
V/SmsProvider(  438): query content://sms/sent with selection timed > 0
V/MmsProvider(  438): Query uri=content://mms/sent, match=4
V/Mms     (  828): [1] MmsSystemEventReceiver.java(130): Intent received: Intent { act=android.intent.action.SERVICE_STATE flg=0x10 (has extras) }
V/Mms     (  828): [1] MmsSystemEventReceiver.java(139): ACTION_SERVICE_STATE_CHANGED: 1
D/Mms     (  828): [1] TransactionService.java(270): Creating TransactionService...
V/MmsProvider(  438): Query uri=content://mms/inbox, match=2
D/Mms     (  828): [1] TransactionService.java(341): onStartService: startId=1
V/Mms     (  828): [1] TransactionService.java(363): Posting enqueueAllMessages
V/Mms     (  828): [97] TransactionService.java(586): enqueueAllMessages: Pending transaction count=0
V/Mms     (  828): [97] TransactionService.java(591): enqueueAllMessages: No pending transaction. Stopping service.
V/Mms     (  828): [97] TransactionService.java(459): endMmsConnectivity
D/Mms     (  828): [1] TransactionService.java(317): Destroying TransactionService
D/Mms     (  828): [97] TransactionService.java(598): TrasctionService stopped.
V/Mms     (  828): [1] TransactionService.java(326): Requested killing handler thread.
I/EventLogService(  536): Aggregate from 0 (log), 0 (data)
I/ActivityManager(  160): Start proc com.google.android.partnersetup for broadcast com.google.android.partnersetup/.GooglePartnerSetup: pid=864 uid=10032 gids={3003}
V/SmsProvider(  438): update content://sms/outbox with selection type = 4
I/ActivityThread(  864): Pub com.google.android.partnersetup.rlzprovider: com.google.android.partnersetup.RlzProvider
I/ActivityThread(  864): Pub com.google.android.partnersetup.rlzappprovider: com.google.android.partnersetup.RlzAppProvider
I/SystemUpdateService(  536): checking for post-install intent
I/SystemUpdateService(  536): cancelUpdate (empty URL)
I/RlzPingService(  864): Setting next ping for 1340273835493
I/ActivityManager(  160): Start proc com.google.android.talk for broadcast com.google.android.talk/.videochat.BootCompleteReceiver: pid=886 uid=10034 gids={3003, 1015, 1006, 3002}
I/ActivityManager(  160): Force stopping package com.android.vending uid=10001
I/ActivityManager(  160): Killing proc 601:com.android.vending/10001: force stop
D/PackageManager(  160): generateServicesMap(android.accounts.AccountAuthenticator): 4 services unchanged
D/PackageManager(  160): generateServicesMap(android.content.SyncAdapter): 10 services unchanged
V/SmsProvider(  438): query content://sms/queued with selection null
D/AccountTypeManager(  735): Registering external account type=com.miui.auth, packageName=com.miui.cloudservice
I/ActivityThread(  886): Pub com.google.android.talk.SuggestionProvider: com.google.android.talk.SuggestionsProvider
D/ConnectivityService(  160): handleInetConditionChange: no active default network - ignore
E/GTalkService(  536): getAccountForAndroidId: get ANDROID_ID returned 0!
D/AccountTypeManager(  735): Registering 1 extension packages
I/AccountTypeManager(  735): Loaded meta-data for 5 account types, 2 accounts in 709ms(wall) 13ms(cpu)
D/vclib:CallStateClient(  886): startListening
I/talk    (  886): Refresh the supported camera state
I/ActivityManager(  160): Start proc com.google.android.gm for broadcast com.google.android.gm/.GoogleMailDeviceStartupReceiver: pid=908 uid=10035 gids={3003, 1015}
I/talk    (  886): Not arm7 armeabi-v6l
I/talk    (  886): Not arm7 armeabi-v6l
E/MmsSmsUtils(  438): Operation query content://sms/queued with selection null takes over 1096 ms.
I/ActivityThread(  908): Pub gmail-ls: com.google.android.gm.provider.MailProvider
I/ActivityThread(  908): Pub com.google.android.gmail.SuggestionProvider: com.google.android.gm.SuggestionsProvider
I/ActivityThread(  908): Pub com.google.android.gm: com.google.android.gm.provider.PublicContentProvider
I/ActivityManager(  160): Start proc com.android.exchange for broadcast com.android.exchange/.service.ExchangeBroadcastReceiver: pid=928 uid=10037 gids={3003, 1015}
I//system/bin/fsck_msdos(   78): ** Phase 2 - Check Cluster Chains
D/memalloc(   82): /dev/pmem: Allocated buffer base:0x41500000 size:614400 offset:5242880 fd:62
D/memalloc(  384): /dev/pmem: Mapped buffer base:0x51cbc000 size:5857280 offset:5242880 fd:94
I/ActivityManager(  160): START {flg=0x10040000 cmp=com.google.android.gsf/.update.SystemUpdateInstallDialog} from pid 536
W/System.err(  454): java.lang.InterruptedException
W/System.err(  454): 	at java.lang.Object.wait(Native Method)
W/System.err(  454): 	at java.lang.Object.wait(Object.java:364)
W/System.err(  454): 	at java.lang.ProcessManager$ProcessImpl.waitFor(ProcessManager.java:292)
W/System.err(  454): 	at com.lbe.security.service.privacy.g.run(Unknown Source)
W/System.err(  454): 	at java.lang.Thread.run(Thread.java:856)
V/MmsProvider(  438): Query uri=content://mms, match=0
I/ActivityThread(  928): Pub com.android.exchange.directory.provider: com.android.exchange.provider.ExchangeDirectoryProvider
I/ActivityManager(  160): START {flg=0x10040000 cmp=com.google.android.gsf/.update.SystemUpdateDownloadDialog} from pid 536
D/memalloc(  384): /dev/pmem: Unmapping buffer base:0x51a64000 size:2457600 offset:1843200
D/memalloc(   82): /dev/pmem: Freeing buffer base:0x416c2000 size:614400 offset:1843200 fd:35
D/memalloc(  384): /dev/pmem: Unmapping buffer base:0x51cbc000 size:5857280 offset:5242880
D/memalloc(   82): /dev/pmem: Freeing buffer base:0x41a00000 size:614400 offset:5242880 fd:62
V/PhoneStatusBar(  384): setLightsOn(true)
I/ActivityManager(  160): Start proc com.android.email for broadcast com.android.email/.service.EmailBroadcastReceiver: pid=945 uid=10038 gids={3003, 1015}
V/SystemUpdateService(  536): onPostExecute: false
D/ExchangeService(  928): !!! EAS ExchangeService, onStartCommand, startingUp = false, running = false
I/ActivityThread(  945): Pub com.android.email.provider;com.android.email.notifier: com.android.email.provider.EmailProvider
I/ActivityThread(  945): Pub com.android.email.attachmentprovider: com.android.email.provider.AttachmentProvider
I/ActivityManager(  160): Start proc com.android.deskclock for broadcast com.android.deskclock/.AlarmInitReceiver: pid=969 uid=10039 gids={}
D/dalvikvm(   83): GC_EXPLICIT freed 36K, 41% free 7686K/12867K, paused 6ms+8ms
D/dalvikvm(   83): GC_EXPLICIT freed <1K, 41% free 7686K/12867K, paused 4ms+5ms
D/dalvikvm(   83): GC_EXPLICIT freed <1K, 41% free 7686K/12867K, paused 3ms+36ms
D/ExchangeService(  928): Received deviceId from Email app: androidc1009728710
D/ExchangeService(  928): Reconciling accounts...
I//system/bin/fsck_msdos(   78): ** Phase 3 - Checking Directories
I/Email   (  945): Onetime initialization: 1
D/ExchangeService(  928): !!! EAS ExchangeService, onStartCommand, startingUp = true, running = false
I/Email   (  945): Onetime initialization: 2
D/Eas Debug(  928): Logging: 
V/SmsProvider(  438): query content://sms with selection (type = 1 AND seen = 0)
I/ActivityThread(  969): Pub com.android.deskclock: com.android.deskclock.AlarmProvider
D/Eas Debug(  928): Logging: 
W/BackupManagerService(  160): dataChanged but no participant pkg='com.android.providers.settings' uid=10039
V/AlarmClock(  969): AlarmInitReceiver finished
I/ActivityManager(  160): Start proc com.android.providers.calendar for broadcast com.android.providers.calendar/.CalendarReceiver: pid=996 uid=10043 gids={3003, 1015}
I/ActivityThread(  996): Pub com.android.calendar: com.android.providers.calendar.CalendarProvider2
W/YellowPageProvider(  160): Opened DB /system/etc/yellowpage.db in read-only mode
I/CalendarDatabaseHelper(  996): Bootstrapping database
I/ActivityManager(  160): Start proc com.miui.backup for broadcast com.miui.backup/com.miui.milk.ui.AutoBackupReceiver: pid=1011 uid=1001 gids={3002, 3001, 3003, 1015, 2001, 1007}
D/dalvikvm(  160): GC_EXPLICIT freed 1450K, 43% free 11346K/19719K, paused 18ms+33ms
I/AutoBackup( 1011): cancle auto backup alarm 
I/ActivityManager(  160): Start proc com.miui.antispam for broadcast com.miui.antispam/.firewall.FirewallReceiver: pid=1025 uid=1000 gids={3003, 1015, 3002, 3001}
I/ActivityManager(  160): No longer want com.android.settings (pid 467): hidden #16
D/AndroidRuntime(  687): Shutting down VM
D/dalvikvm(  687): GC_CONCURRENT freed 99K, 81% free 488K/2560K, paused 1ms+3ms
I/AndroidRuntime(  687): NOTE: attach of thread 'Binder Thread #3' failed
V/AlarmClock(  969): AlarmInitReceiver finished
I/ActivityManager(  160): Start proc com.android.calendar for broadcast com.android.calendar/.widget.CalendarAppWidgetService$CalendarFactory: pid=1041 uid=10044 gids={3003}
I/ActivityThread( 1041): Pub com.android.calendar.CalendarRecentSuggestionsProvider: com.android.calendar.CalendarRecentSuggestionsProvider
W/su      (  684): request rejected (10027->0 /system/bin/sh)
I/AutoBackup( 1011): cancle auto backup alarm 
I/ActivityManager(  160): Start proc com.android.vending for broadcast com.android.vending/com.google.android.finsky.receivers.ClearCacheReceiver: pid=1059 uid=10001 gids={3003, 1015}
I/ActivityManager(  160): No longer want com.miui.gallery (pid 688): hidden #16
I/ActivityThread( 1059): Pub com.google.android.finsky.QSBSuggestionsProvider: com.google.android.finsky.providers.QSBSuggestionsProvider
I/ActivityThread( 1059): Pub com.google.android.finsky.AppIconProvider: com.google.android.finsky.providers.AppIconProvider
I/ActivityThread( 1059): Pub com.google.android.finsky.RecentSuggestionsProvider: com.google.android.finsky.providers.RecentSuggestionsProvider
I/CalendarProvider2(  996): Sending notification intent: Intent { act=android.intent.action.PROVIDER_CHANGED dat=content://com.android.calendar }
D/Finsky  ( 1059): [1] DailyHygiene.goMakeHygieneIfDirty: Dirty, need more hygiene.
I/SurfaceFlinger(   82): Boot is finished (199165 ms)
W/WindowManager(  160): ***** BOOT TIMEOUT: forcing display enabled
D/memalloc(   82): /dev/pmem: Freeing buffer base:0x41596000 size:614400 offset:614400 fd:29
D/memalloc(   82): /dev/pmem: Freeing buffer base:0x4162c000 size:614400 offset:1228800 fd:32
D/memalloc(   82): /dev/pmem: Freeing buffer base:0x41500000 size:614400 offset:0 fd:26
W/ContentResolver(  996): Failed to get type for: content://com.android.calendar (Unknown URL content://com.android.calendar)
D/Finsky  ( 1059): [1] ClearCacheReceiver.onReceive: Received android.intent.action.LOCALE_CHANGED. Clearing cache and exiting.
D/Volley  ( 1059): [126] DiskBasedCache.clear: Cache cleared.
I/ActivityManager(  160): No longer want com.google.android.onetimeinitializer (pid 785): hidden #16
I/ActivityManager(  160): No longer want com.android.voicedialer (pid 671): hidden #16
D/Volley  ( 1059): [130] DiskBasedCache.clear: Cache cleared.
V/ContactsProvider(  508): Importing legacy contacts
V/AlarmClock(  969): AlarmInitReceiver finished
D/EmailProvider(  945): Creating EmailProvider database
I/ContactsDatabaseHelper(  508): Switching to locale en_US
I/ActivityManager(  160): Process com.android.vending (pid 1059) has died.
I/ActivityManager(  160): Start proc com.android.voicedialer for broadcast com.android.voicedialer/.VoiceDialerReceiver: pid=1095 uid=10007 gids={3002}
I/ActivityManager(  160): Start proc com.miui.gallery for broadcast com.miui.gallery/.app.PackagesMonitor: pid=1108 uid=10022 gids={3003, 1015}
I/ActivityThread( 1108): Pub com.miui.gallery.provider: com.miui.gallery.provider.GalleryProvider
D/        ( 1108): file: /data/sdcard
D/LocalAlbumSet( 1108): cannot open local database: content://media/external/file
I/ActivityManager(  160): No longer want com.android.updater (pid 769): hidden #16
I/ActivityManager(  160): Start proc com.android.settings for broadcast com.android.settings/.widget.SettingsAppWidgetProvider: pid=1122 uid=1000 gids={3003, 1015, 3002, 3001}
I/ActivityManager(  160): Start proc com.android.vending for service com.android.vending/com.google.android.finsky.services.DailyHygiene: pid=1134 uid=10001 gids={3003, 1015}
I/ActivityThread( 1134): Pub com.google.android.finsky.QSBSuggestionsProvider: com.google.android.finsky.providers.QSBSuggestionsProvider
I/ActivityThread( 1134): Pub com.google.android.finsky.AppIconProvider: com.google.android.finsky.providers.AppIconProvider
I/ActivityThread( 1134): Pub com.google.android.finsky.RecentSuggestionsProvider: com.google.android.finsky.providers.RecentSuggestionsProvider
I/ActivityThread( 1122): Pub miui_settings: com.android.settings.provider.MiuiSettingsProvider
D/Finsky  ( 1134): [1] DailyHygiene.goMakeHygieneIfDirty: Dirty, need more hygiene.
D/LocalBluetoothProfileManager( 1122): LocalBluetoothProfileManager construction complete
I/ActivityManager(  160): No longer want com.miui.notes (pid 802): hidden #16
I/ActivityManager(  160): Start proc com.google.android.googlequicksearchbox for broadcast com.google.android.googlequicksearchbox/.SourceUpdateReceiver: pid=1165 uid=10031 gids={3003}
V/AudioHardwareMSM72XX(   85): open driver
V/AudioHardwareMSM72XX(   85): get config
V/AudioHardwareMSM72XX(   85): set config
V/AudioHardwareMSM72XX(   85): buffer_size: 4800
V/AudioHardwareMSM72XX(   85): buffer_count: 2
V/AudioHardwareMSM72XX(   85): channel_count: 2
V/AudioHardwareMSM72XX(   85): sample_rate: 44100
I/ActivityThread( 1165): Pub com.google.android.googlequicksearchbox.shortcuts: com.google.android.googlequicksearchbox.WebHistoryProvider
I/ActivityThread( 1165): Pub com.google.android.googlequicksearchbox.google: com.google.android.googlequicksearchbox.google.GoogleSuggestionProvider
I/NetworkLocationRealOs(  536): No existing nlp persistent state.
D/memalloc(  536): /dev/pmem: Unmapping buffer base:0x5145c000 size:3276800 offset:2867200
D/memalloc(   82): /dev/pmem: Freeing buffer base:0x417bc000 size:409600 offset:2867200 fd:47
D/memalloc(  536): /dev/pmem: Unmapping buffer base:0x511a0000 size:2867200 offset:2457600
V/SmsReceiverService(  828): onStart: #1 mResultCode: -1 = Activity.RESULT_OK
D/memalloc(   82): /dev/pmem: Freeing buffer base:0x41758000 size:409600 offset:2457600 fd:38
D/AccountTypeManager(  735): Registering external account type=com.miui.auth, packageName=com.miui.cloudservice
D/AccountTypeManager(  735): Registering 1 extension packages
D/NetworkLocator(  536): null cell state delivered
D/NetworkLocator(  536): null cell state delivered
E/dalvikvm(  536): No free temp registers
E/dalvikvm(  536): Jit: aborting trace compilation, reverting to interpreter
D/NetworkLocator(  536): null cell state delivered
D/NetworkLocator(  536): null cell state delivered
V/PhoneStatusBar(  384): setLightsOn(true)
D/PackageManager(  160): generateServicesMap(android.accounts.AccountAuthenticator): 4 services unchanged
D/PackageManager(  160): generateServicesMap(android.content.SyncAdapter): 10 services unchanged
I/AccountTypeManager(  735): Loaded meta-data for 5 account types, 2 accounts in 1358ms(wall) 11ms(cpu)
I/talk    (  886): onMcsConnectionStarted
I/ActivityManager(  160): START {act=android.intent.action.MAIN cat=[android.intent.category.HOME] flg=0x13200000 cmp=com.miui.home/.launcher.Launcher} from pid 160
V/SmsProvider(  438): query content://sms/queued with selection null
D/memalloc(   82): /dev/pmem: Allocated buffer base:0x41500000 size:614400 offset:0 fd:27
D/androidNetworkLocationListeners(  536): Still have listener com.google.android.location.internal.client.NetworkLocationClient$1@4123fb70
D/memalloc(  160): /dev/pmem: Mapped buffer base:0x50c5c000 size:614400 offset:0 fd:276
D/NetworkLocator(  536): null cell state delivered
I/ActivityManager(  160): Start proc com.miui.home for activity com.miui.home/.launcher.Launcher: pid=1191 uid=10021 gids={1015, 3003}
D/dalvikvm(   83): GC_EXPLICIT freed 37K, 41% free 7686K/12867K, paused 4ms+44ms
D/dalvikvm(   83): GC_EXPLICIT freed <1K, 41% free 7686K/12867K, paused 46ms+42ms
D/memalloc(  160): /dev/pmem: Unmapping buffer base:0x536c4000 size:3850240 offset:3481600
D/memalloc(   82): /dev/pmem: Freeing buffer base:0x41852000 size:368640 offset:3481600 fd:41
D/memalloc(  160): /dev/pmem: Unmapping buffer base:0x55798000 size:5242880 offset:4874240
D/memalloc(   82): /dev/pmem: Freeing buffer base:0x419a6000 size:368640 offset:4874240 fd:59
D/dalvikvm(   83): GC_EXPLICIT freed <1K, 41% free 7686K/12867K, paused 4ms+7ms
I/ActivityManager(  160): No longer want com.android.monitor (pid 815): hidden #16
I/ActivityThread( 1191): Pub com.miui.home.launcher.settings: com.miui.home.launcher.LauncherProvider
D/androidNetworkLocationListeners(  536): Still have listener com.google.android.location.internal.client.NetworkLocationClient$1@4123fb70
D/NetworkLocator(  536): null cell state delivered
W/Resources( 1191): Converting to boolean: TypedValue{t=0x3/d=0x13 "true" a=-1}
W/Launcher.LauncherProvider( 1191): Unable to add favorite: com.miui.userbook/com.miui.userbook.GuideListActivity
W/Launcher.LauncherProvider( 1191): Unable to add favorite: com.xiaomi.market/com.vbulletin.build_588.MainTabActivity
W/Launcher.LauncherProvider( 1191): Unable to add favorite: net.cactii.flash2/net.cactii.flash2.MainActivity
W/Launcher.LauncherProvider( 1191): Unable to add favorite: com.miui.fmradio/com.miui.fmradio.FMRadioMain
W/Launcher.LauncherProvider( 1191): Unable to add favorite: com.miui.uac/com.miui.uac.Su
W/Launcher.LauncherProvider( 1191): Unable to add favorite: com.android.stk/com.android.stk.StkLauncherActivity
W/Launcher.LauncherProvider( 1191): Unable to add favorite: com.android.quicksearchbox/com.android.quicksearchbox.SearchActivity
W/Launcher.LauncherProvider( 1191): Unable to add favorite: com.xiaomi.channel/com.xiaomi.channel.ui.ChannelLauncherActivity
W/Launcher.LauncherProvider( 1191): Unable to add favorite: com.google.android.apps.maps/com.google.android.maps.MapsActivity
W/Launcher.LauncherProvider( 1191): Unable to add favorite: com.baidu.BaiduMap/com.baidu.BaiduMap.BaiduMap
W/Launcher.LauncherProvider( 1191): Unable to add favorite: com.miui.weather2/com.miui.weather2.ActivityWeatherCycle
W/Launcher.LauncherProvider( 1191): Unable to add favorite: com.UCMobile/com.UCMobile.main.UCMobile
W/Launcher.LauncherProvider( 1191): Unable to add favorite: com.letao.activity/com.letao.activity.SplashActivity
W/Launcher.LauncherProvider( 1191): Unable to add favorite: com.geili.vancl/com.geili.vancl.activity.SplashActivity
W/Launcher.LauncherProvider( 1191): Unable to add favorite: com.duokan.reader/com.duokan.reader.MainActivity
W/Launcher.LauncherProvider( 1191): Unable to add favorite: com.youku.phone/com.youku.phone.ActivityWelcome
W/Launcher.LauncherProvider( 1191): Unable to add favorite: cn.wps.moffice/cn.wps.moffice.documentmanager.PreStartActivity
W/Launcher.LauncherProvider( 1191): Unable to add favorite: cn.wps.livespace/cn.wps.livespace.TabController
W/Launcher.LauncherProvider( 1191): Unable to add favorite: com.geili.koudai/com.geili.koudai.activity.SplashActivity
W/Launcher.LauncherProvider( 1191): Unable to add favorite: com.duowan.mobile/com.duowan.mobile.activity.SplashActivity
W/Launcher.LauncherProvider( 1191): Unable to add favorite: com.cootek.smartinputv5/com.cootek.smartinputv5.Guide
W/Launcher.LauncherProvider( 1191): Unable to add favorite: com.baidu.input/com.baidu.input.ConfigActivity
W/Launcher.LauncherProvider( 1191): Unable to add favorite: com.sohu.inputmethod.sogou/com.sohu.inputmethod.sogou.SogouIMESettings
W/Launcher.LauncherProvider( 1191): Unable to add favorite: com.sina.weibo/com.sina.weibo.SplashActivity
W/Launcher.LauncherProvider( 1191): Unable to add favorite: com.tencent.mobileqq/com.tencent.mobileqq.activity.SplashActivity
D/Launcher( 1191): onCreate
D/Launcher.Workspace( 1191): Screens loaded [1, 2, 3]
D/dalvikvm( 1191): GC_CONCURRENT freed 3462K, 28% free 9283K/12867K, paused 5ms+13ms
D/dalvikvm( 1191): GC_CONCURRENT freed 1047K, 23% free 10017K/12867K, paused 4ms+7ms
D/Launcher.Model( 1191): startLoader isLaunching=true
D/PhoneStatusBar(  384): disable: < expand icons alerts ticker system_info back home recent clock >
D/Launcher.Model( 1191): step 1: loading workspace
D/Launcher.Model( 1191): loadAndBindWorkspace loaded=false
D/IconHelper( 1191): Generate customized icon for com.android.camera.png
D/dalvikvm( 1191): GC_CONCURRENT freed 1196K, 18% free 10663K/12867K, paused 6ms+8ms
I/ActivityManager(  160): No longer want com.google.android.partnersetup (pid 864): hidden #16
V/PhoneStatusBar(  384): setLightsOn(true)
D/libEGL  ( 1191): loaded /system/lib/egl/libGLES_android.so
D/libEGL  ( 1191): loaded /system/lib/egl/libEGL_adreno200.so
D/libEGL  ( 1191): loaded /system/lib/egl/libGLESv1_CM_adreno200.so
D/libEGL  ( 1191): loaded /system/lib/egl/libGLESv2_adreno200.so
D/memalloc(   82): /dev/pmem: Allocated buffer base:0x41500000 size:614400 offset:614400 fd:26
D/memalloc( 1191): /dev/pmem: Mapped buffer base:0x50f28000 size:1228800 offset:614400 fd:70
D/OpenGLRenderer( 1191): Enabling debug mode 0
D/IconHelper( 1191): Generate customized icon for com.miui.gallery.png
D/dalvikvm( 1191): GC_CONCURRENT freed 919K, 11% free 11569K/12867K, paused 7ms+17ms
D/memalloc(   82): /dev/pmem: Allocated buffer base:0x41500000 size:614400 offset:1228800 fd:32
D/memalloc( 1191): /dev/pmem: Mapped buffer base:0x507a8000 size:1843200 offset:1228800 fd:58
I/ActivityManager(  160): Displayed com.miui.home/.launcher.Launcher: +4s465ms (total +16s516ms)
D/memalloc(   82): /dev/pmem: Allocated buffer base:0x41500000 size:614400 offset:1843200 fd:35
D/memalloc( 1191): /dev/pmem: Mapped buffer base:0x510dc000 size:2457600 offset:1843200 fd:60
D/memalloc(   82): /dev/pmem: Allocated buffer base:0x41500000 size:614400 offset:2457600 fd:38
D/memalloc( 1191): /dev/pmem: Mapped buffer base:0x51334000 size:3072000 offset:2457600 fd:63
D/memalloc(  160): /dev/pmem: Unmapping buffer base:0x50c5c000 size:614400 offset:0
D/memalloc(   82): /dev/pmem: Freeing buffer base:0x41500000 size:614400 offset:0 fd:27
D/IconHelper( 1191): Generate customized icon for com.miui.player.png
D/IconHelper( 1191): Generate customized icon for com.android.thememanager.png
D/IconHelper( 1191): Generate customized icon for com.android.settings.png
D/IconHelper( 1191): Generate customized icon for com.android.deskclock.png
D/IconHelper( 1191): Generate customized icon for com.android.calculator2.png
D/IconHelper( 1191): Generate customized icon for com.android.soundrecorder.png
D/IconHelper( 1191): Generate customized icon for com.miui.compass.png
D/IconHelper( 1191): Generate customized icon for com.android.monitor.png
D/IconHelper( 1191): Generate customized icon for com.miui.backup.png
D/dalvikvm( 1191): GC_CONCURRENT freed 1469K, 12% free 11888K/13447K, paused 5ms+10ms
D/IconHelper( 1191): Generate customized icon for com.miui.antispam.png
D/IconHelper( 1191): Generate customized icon for com.android.providers.downloads.ui.png
D/IconHelper( 1191): Generate customized icon for com.android.voicedialer.png
